Godot Engine v4.7.1.stable.official.a13da4feb - https://godotengine.org

ERROR: BOSS_SITE7_AERATOR_01 exact mapping before generic BOSS
   at: push_error (core/variant/variant_utility.cpp:1023)
   GDScript backtrace (most recent call first):
       [0] check (res://.cache/diag/expansion_item3_20261006/intel_controls/generic_boss_first/test.gd:66)
       [1] run (res://.cache/diag/expansion_item3_20261006/intel_controls/generic_boss_first/test.gd:25)
ERROR: BOSS_SITE7_AERATOR_01 one defeat adds one sample
   at: push_error (core/variant/variant_utility.cpp:1023)
   GDScript backtrace (most recent call first):
       [0] check (res://.cache/diag/expansion_item3_20261006/intel_controls/generic_boss_first/test.gd:66)
       [1] run (res://.cache/diag/expansion_item3_20261006/intel_controls/generic_boss_first/test.gd:29)
ERROR: BOSS_SITE7_CRYO_01 exact mapping before generic BOSS
   at: push_error (core/variant/variant_utility.cpp:1023)
   GDScript backtrace (most recent call first):
       [0] check (res://.cache/diag/expansion_item3_20261006/intel_controls/generic_boss_first/test.gd:66)
       [1] run (res://.cache/diag/expansion_item3_20261006/intel_controls/generic_boss_first/test.gd:25)
ERROR: BOSS_SITE7_CRYO_01 one defeat adds one sample
   at: push_error (core/variant/variant_utility.cpp:1023)
   GDScript backtrace (most recent call first):
       [0] check (res://.cache/diag/expansion_item3_20261006/intel_controls/generic_boss_first/test.gd:66)
       [1] run (res://.cache/diag/expansion_item3_20261006/intel_controls/generic_boss_first/test.gd:29)
ERROR: BOSS_SITE7_GANTRY_01 exact mapping before generic BOSS
   at: push_error (core/variant/variant_utility.cpp:1023)
   GDScript backtrace (most recent call first):
       [0] check (res://.cache/diag/expansion_item3_20261006/intel_controls/generic_boss_first/test.gd:66)
       [1] run (res://.cache/diag/expansion_item3_20261006/intel_controls/generic_boss_first/test.gd:25)
ERROR: BOSS_SITE7_GANTRY_01 one defeat adds one sample
   at: push_error (core/variant/variant_utility.cpp:1023)
   GDScript backtrace (most recent call first):
       [0] check (res://.cache/diag/expansion_item3_20261006/intel_controls/generic_boss_first/test.gd:66)
       [1] run (res://.cache/diag/expansion_item3_20261006/intel_controls/generic_boss_first/test.gd:29)
ERROR: BOSS_SITE7_ARCHIVE_01 exact mapping before generic BOSS
   at: push_error (core/variant/variant_utility.cpp:1023)
   GDScript backtrace (most recent call first):
       [0] check (res://.cache/diag/expansion_item3_20261006/intel_controls/generic_boss_first/test.gd:66)
       [1] run (res://.cache/diag/expansion_item3_20261006/intel_controls/generic_boss_first/test.gd:25)
ERROR: BOSS_SITE7_ARCHIVE_01 one defeat adds one sample
   at: push_error (core/variant/variant_utility.cpp:1023)
   GDScript backtrace (most recent call first):
       [0] check (res://.cache/diag/expansion_item3_20261006/intel_controls/generic_boss_first/test.gd:66)
       [1] run (res://.cache/diag/expansion_item3_20261006/intel_controls/generic_boss_first/test.gd:29)
ERROR: BOSS_SITE7_ORIGIN_01 exact mapping before generic BOSS
   at: push_error (core/variant/variant_utility.cpp:1023)
   GDScript backtrace (most recent call first):
       [0] check (res://.cache/diag/expansion_item3_20261006/intel_controls/generic_boss_first/test.gd:66)
       [1] run (res://.cache/diag/expansion_item3_20261006/intel_controls/generic_boss_first/test.gd:25)
ERROR: BOSS_SITE7_ORIGIN_01 one defeat adds one sample
   at: push_error (core/variant/variant_utility.cpp:1023)
   GDScript backtrace (most recent call first):
       [0] check (res://.cache/diag/expansion_item3_20261006/intel_controls/generic_boss_first/test.gd:66)
       [1] run (res://.cache/diag/expansion_item3_20261006/intel_controls/generic_boss_first/test.gd:29)
ERROR: ANL_AERATOR_SPORE_PROFILE affordable from ten boss defeats and legacy robots
   at: push_error (core/variant/variant_utility.cpp:1023)
   GDScript backtrace (most recent call first):
       [0] check (res://.cache/diag/expansion_item3_20261006/intel_controls/generic_boss_first/test.gd:66)
       [1] run (res://.cache/diag/expansion_item3_20261006/intel_controls/generic_boss_first/test.gd:41)
ERROR: ANL_CRYO_COMPRESSOR_MODEL affordable from ten boss defeats and legacy robots
   at: push_error (core/variant/variant_utility.cpp:1023)
   GDScript backtrace (most recent call first):
       [0] check (res://.cache/diag/expansion_item3_20261006/intel_controls/generic_boss_first/test.gd:66)
       [1] run (res://.cache/diag/expansion_item3_20261006/intel_controls/generic_boss_first/test.gd:41)
ERROR: ANL_GANTRY_RAIL_MODEL affordable from ten boss defeats and legacy robots
   at: push_error (core/variant/variant_utility.cpp:1023)
   GDScript backtrace (most recent call first):
       [0] check (res://.cache/diag/expansion_item3_20261006/intel_controls/generic_boss_first/test.gd:66)
       [1] run (res://.cache/diag/expansion_item3_20261006/intel_controls/generic_boss_first/test.gd:41)
ERROR: ANL_ARCHIVE_ECHO_MODEL affordable from ten boss defeats and legacy robots
   at: push_error (core/variant/variant_utility.cpp:1023)
   GDScript backtrace (most recent call first):
       [0] check (res://.cache/diag/expansion_item3_20261006/intel_controls/generic_boss_first/test.gd:66)
       [1] run (res://.cache/diag/expansion_item3_20261006/intel_controls/generic_boss_first/test.gd:41)
ERROR: ANL_ORIGIN_NULL_MODEL affordable from ten boss defeats and legacy robots
   at: push_error (core/variant/variant_utility.cpp:1023)
   GDScript backtrace (most recent call first):
       [0] check (res://.cache/diag/expansion_item3_20261006/intel_controls/generic_boss_first/test.gd:66)
       [1] run (res://.cache/diag/expansion_item3_20261006/intel_controls/generic_boss_first/test.gd:41)
ERROR: ANL_AERATOR_SPORE_PROFILE all analyses reachable
   at: push_error (core/variant/variant_utility.cpp:1023)
   GDScript backtrace (most recent call first):
       [0] check (res://.cache/diag/expansion_item3_20261006/intel_controls/generic_boss_first/test.gd:66)
       [1] run (res://.cache/diag/expansion_item3_20261006/intel_controls/generic_boss_first/test.gd:52)
ERROR: ANL_CRYO_COMPRESSOR_MODEL all analyses reachable
   at: push_error (core/variant/variant_utility.cpp:1023)
   GDScript backtrace (most recent call first):
       [0] check (res://.cache/diag/expansion_item3_20261006/intel_controls/generic_boss_first/test.gd:66)
       [1] run (res://.cache/diag/expansion_item3_20261006/intel_controls/generic_boss_first/test.gd:52)
ERROR: ANL_GANTRY_RAIL_MODEL all analyses reachable
   at: push_error (core/variant/variant_utility.cpp:1023)
   GDScript backtrace (most recent call first):
       [0] check (res://.cache/diag/expansion_item3_20261006/intel_controls/generic_boss_first/test.gd:66)
       [1] run (res://.cache/diag/expansion_item3_20261006/intel_controls/generic_boss_first/test.gd:52)
ERROR: ANL_ARCHIVE_ECHO_MODEL all analyses reachable
   at: push_error (core/variant/variant_utility.cpp:1023)
   GDScript backtrace (most recent call first):
       [0] check (res://.cache/diag/expansion_item3_20261006/intel_controls/generic_boss_first/test.gd:66)
       [1] run (res://.cache/diag/expansion_item3_20261006/intel_controls/generic_boss_first/test.gd:52)
ERROR: ANL_ORIGIN_NULL_MODEL all analyses reachable
   at: push_error (core/variant/variant_utility.cpp:1023)
   GDScript backtrace (most recent call first):
       [0] check (res://.cache/diag/expansion_item3_20261006/intel_controls/generic_boss_first/test.gd:66)
       [1] run (res://.cache/diag/expansion_item3_20261006/intel_controls/generic_boss_first/test.gd:52)
ERROR: all eight analyses completed
   at: push_error (core/variant/variant_utility.cpp:1023)
   GDScript backtrace (most recent call first):
       [0] check (res://.cache/diag/expansion_item3_20261006/intel_controls/generic_boss_first/test.gd:66)
       [1] run (res://.cache/diag/expansion_item3_20261006/intel_controls/generic_boss_first/test.gd:53)
INTEL_SUPPLY_SMOKE: FAIL (83 checks)
