00:01.906  render           | Saved: 'D:\AI 종합 폴더\Games\Sable-circuit\art_src\characters\rook\fast_pipeline\motion\candidate_rook_c02_v18_two_bone_chroma_walk\blender_frames\E\idle\00.png'
00:02.031  render           | Saved: 'D:\AI 종합 폴더\Games\Sable-circuit\art_src\characters\rook\fast_pipeline\motion\candidate_rook_c02_v18_two_bone_chroma_walk\blender_frames\E\idle\01.png'
00:02.188  render           | Saved: 'D:\AI 종합 폴더\Games\Sable-circuit\art_src\characters\rook\fast_pipeline\motion\candidate_rook_c02_v18_two_bone_chroma_walk\blender_frames\E\idle\02.png'
00:02.328  render           | Saved: 'D:\AI 종합 폴더\Games\Sable-circuit\art_src\characters\rook\fast_pipeline\motion\candidate_rook_c02_v18_two_bone_chroma_walk\blender_frames\E\idle\03.png'
00:02.500  render           | Saved: 'D:\AI 종합 폴더\Games\Sable-circuit\art_src\characters\rook\fast_pipeline\motion\candidate_rook_c02_v18_two_bone_chroma_walk\blender_frames\E\move\00.png'
00:02.641  render           | Saved: 'D:\AI 종합 폴더\Games\Sable-circuit\art_src\characters\rook\fast_pipeline\motion\candidate_rook_c02_v18_two_bone_chroma_walk\blender_frames\E\move\01.png'
00:02.766  render           | Saved: 'D:\AI 종합 폴더\Games\Sable-circuit\art_src\characters\rook\fast_pipeline\motion\candidate_rook_c02_v18_two_bone_chroma_walk\blender_frames\E\move\02.png'
00:02.922  render           | Saved: 'D:\AI 종합 폴더\Games\Sable-circuit\art_src\characters\rook\fast_pipeline\motion\candidate_rook_c02_v18_two_bone_chroma_walk\blender_frames\E\move\03.png'
00:03.047  render           | Saved: 'D:\AI 종합 폴더\Games\Sable-circuit\art_src\characters\rook\fast_pipeline\motion\candidate_rook_c02_v18_two_bone_chroma_walk\blender_frames\E\move\04.png'
00:03.188  render           | Saved: 'D:\AI 종합 폴더\Games\Sable-circuit\art_src\characters\rook\fast_pipeline\motion\candidate_rook_c02_v18_two_bone_chroma_walk\blender_frames\E\move\05.png'
00:03.313  render           | Saved: 'D:\AI 종합 폴더\Games\Sable-circuit\art_src\characters\rook\fast_pipeline\motion\candidate_rook_c02_v18_two_bone_chroma_walk\blender_frames\E\move\06.png'
00:03.453  render           | Saved: 'D:\AI 종합 폴더\Games\Sable-circuit\art_src\characters\rook\fast_pipeline\motion\candidate_rook_c02_v18_two_bone_chroma_walk\blender_frames\E\move\07.png'
00:03.594  render           | Saved: 'D:\AI 종합 폴더\Games\Sable-circuit\art_src\characters\rook\fast_pipeline\motion\candidate_rook_c02_v18_two_bone_chroma_walk\blender_frames\E\move\08.png'
00:03.703  render           | Saved: 'D:\AI 종합 폴더\Games\Sable-circuit\art_src\characters\rook\fast_pipeline\motion\candidate_rook_c02_v18_two_bone_chroma_walk\blender_frames\E\move\09.png'
00:03.859  render           | Saved: 'D:\AI 종합 폴더\Games\Sable-circuit\art_src\characters\rook\fast_pipeline\motion\candidate_rook_c02_v18_two_bone_chroma_walk\blender_frames\E\move\10.png'
00:04.031  render           | Saved: 'D:\AI 종합 폴더\Games\Sable-circuit\art_src\characters\rook\fast_pipeline\motion\candidate_rook_c02_v18_two_bone_chroma_walk\blender_frames\E\move\11.png'
00:04.156  render           | Saved: 'D:\AI 종합 폴더\Games\Sable-circuit\art_src\characters\rook\fast_pipeline\motion\candidate_rook_c02_v18_two_bone_chroma_walk\blender_frames\E\move\12.png'
00:04.281  render           | Saved: 'D:\AI 종합 폴더\Games\Sable-circuit\art_src\characters\rook\fast_pipeline\motion\candidate_rook_c02_v18_two_bone_chroma_walk\blender_frames\E\move\13.png'
00:04.406  render           | Saved: 'D:\AI 종합 폴더\Games\Sable-circuit\art_src\characters\rook\fast_pipeline\motion\candidate_rook_c02_v18_two_bone_chroma_walk\blender_frames\E\move\14.png'
00:04.547  render           | Saved: 'D:\AI 종합 폴더\Games\Sable-circuit\art_src\characters\rook\fast_pipeline\motion\candidate_rook_c02_v18_two_bone_chroma_walk\blender_frames\E\move\15.png'
00:04.672  render           | Saved: 'D:\AI 종합 폴더\Games\Sable-circuit\art_src\characters\rook\fast_pipeline\motion\candidate_rook_c02_v18_two_bone_chroma_walk\blender_frames\E\move\16.png'
00:04.813  render           | Saved: 'D:\AI 종합 폴더\Games\Sable-circuit\art_src\characters\rook\fast_pipeline\motion\candidate_rook_c02_v18_two_bone_chroma_walk\blender_frames\E\move\17.png'
00:04.938  render           | Saved: 'D:\AI 종합 폴더\Games\Sable-circuit\art_src\characters\rook\fast_pipeline\motion\candidate_rook_c02_v18_two_bone_chroma_walk\blender_frames\E\move\18.png'
00:05.078  render           | Saved: 'D:\AI 종합 폴더\Games\Sable-circuit\art_src\characters\rook\fast_pipeline\motion\candidate_rook_c02_v18_two_bone_chroma_walk\blender_frames\E\move\19.png'
00:05.219  render           | Saved: 'D:\AI 종합 폴더\Games\Sable-circuit\art_src\characters\rook\fast_pipeline\motion\candidate_rook_c02_v18_two_bone_chroma_walk\blender_frames\E\move\20.png'
00:05.344  render           | Saved: 'D:\AI 종합 폴더\Games\Sable-circuit\art_src\characters\rook\fast_pipeline\motion\candidate_rook_c02_v18_two_bone_chroma_walk\blender_frames\E\move\21.png'
00:05.500  render           | Saved: 'D:\AI 종합 폴더\Games\Sable-circuit\art_src\characters\rook\fast_pipeline\motion\candidate_rook_c02_v18_two_bone_chroma_walk\blender_frames\E\move\22.png'
00:05.625  render           | Saved: 'D:\AI 종합 폴더\Games\Sable-circuit\art_src\characters\rook\fast_pipeline\motion\candidate_rook_c02_v18_two_bone_chroma_walk\blender_frames\E\move\23.png'
00:05.750  render           | Saved: 'D:\AI 종합 폴더\Games\Sable-circuit\art_src\characters\rook\fast_pipeline\motion\candidate_rook_c02_v18_two_bone_chroma_walk\blender_frames\E\fire\00.png'
00:05.875  render           | Saved: 'D:\AI 종합 폴더\Games\Sable-circuit\art_src\characters\rook\fast_pipeline\motion\candidate_rook_c02_v18_two_bone_chroma_walk\blender_frames\E\fire\01.png'
00:06.000  render           | Saved: 'D:\AI 종합 폴더\Games\Sable-circuit\art_src\characters\rook\fast_pipeline\motion\candidate_rook_c02_v18_two_bone_chroma_walk\blender_frames\E\fire\02.png'
00:06.125  render           | Saved: 'D:\AI 종합 폴더\Games\Sable-circuit\art_src\characters\rook\fast_pipeline\motion\candidate_rook_c02_v18_two_bone_chroma_walk\blender_frames\E\fire\03.png'
00:06.250  render           | Saved: 'D:\AI 종합 폴더\Games\Sable-circuit\art_src\characters\rook\fast_pipeline\motion\candidate_rook_c02_v18_two_bone_chroma_walk\blender_frames\E\fire\04.png'
00:06.359  render           | Saved: 'D:\AI 종합 폴더\Games\Sable-circuit\art_src\characters\rook\fast_pipeline\motion\candidate_rook_c02_v18_two_bone_chroma_walk\blender_frames\E\fire\05.png'
00:06.734  render           | Saved: 'D:\AI 종합 폴더\Games\Sable-circuit\art_src\characters\rook\fast_pipeline\motion\candidate_rook_c02_v18_two_bone_chroma_walk\blender_frames\SE\idle\00.png'
00:06.859  render           | Saved: 'D:\AI 종합 폴더\Games\Sable-circuit\art_src\characters\rook\fast_pipeline\motion\candidate_rook_c02_v18_two_bone_chroma_walk\blender_frames\SE\idle\01.png'
00:06.969  render           | Saved: 'D:\AI 종합 폴더\Games\Sable-circuit\art_src\characters\rook\fast_pipeline\motion\candidate_rook_c02_v18_two_bone_chroma_walk\blender_frames\SE\idle\02.png'
00:07.125  render           | Saved: 'D:\AI 종합 폴더\Games\Sable-circuit\art_src\characters\rook\fast_pipeline\motion\candidate_rook_c02_v18_two_bone_chroma_walk\blender_frames\SE\idle\03.png'
00:07.281  render           | Saved: 'D:\AI 종합 폴더\Games\Sable-circuit\art_src\characters\rook\fast_pipeline\motion\candidate_rook_c02_v18_two_bone_chroma_walk\blender_frames\SE\move\00.png'
00:07.406  render           | Saved: 'D:\AI 종합 폴더\Games\Sable-circuit\art_src\characters\rook\fast_pipeline\motion\candidate_rook_c02_v18_two_bone_chroma_walk\blender_frames\SE\move\01.png'
00:07.531  render           | Saved: 'D:\AI 종합 폴더\Games\Sable-circuit\art_src\characters\rook\fast_pipeline\motion\candidate_rook_c02_v18_two_bone_chroma_walk\blender_frames\SE\move\02.png'
00:07.656  render           | Saved: 'D:\AI 종합 폴더\Games\Sable-circuit\art_src\characters\rook\fast_pipeline\motion\candidate_rook_c02_v18_two_bone_chroma_walk\blender_frames\SE\move\03.png'
00:07.813  render           | Saved: 'D:\AI 종합 폴더\Games\Sable-circuit\art_src\characters\rook\fast_pipeline\motion\candidate_rook_c02_v18_two_bone_chroma_walk\blender_frames\SE\move\04.png'
00:07.984  render           | Saved: 'D:\AI 종합 폴더\Games\Sable-circuit\art_src\characters\rook\fast_pipeline\motion\candidate_rook_c02_v18_two_bone_chroma_walk\blender_frames\SE\move\05.png'
00:08.125  render           | Saved: 'D:\AI 종합 폴더\Games\Sable-circuit\art_src\characters\rook\fast_pipeline\motion\candidate_rook_c02_v18_two_bone_chroma_walk\blender_frames\SE\move\06.png'
00:08.266  render           | Saved: 'D:\AI 종합 폴더\Games\Sable-circuit\art_src\characters\rook\fast_pipeline\motion\candidate_rook_c02_v18_two_bone_chroma_walk\blender_frames\SE\move\07.png'
00:08.391  render           | Saved: 'D:\AI 종합 폴더\Games\Sable-circuit\art_src\characters\rook\fast_pipeline\motion\candidate_rook_c02_v18_two_bone_chroma_walk\blender_frames\SE\move\08.png'
00:08.516  render           | Saved: 'D:\AI 종합 폴더\Games\Sable-circuit\art_src\characters\rook\fast_pipeline\motion\candidate_rook_c02_v18_two_bone_chroma_walk\blender_frames\SE\move\09.png'
00:08.656  render           | Saved: 'D:\AI 종합 폴더\Games\Sable-circuit\art_src\characters\rook\fast_pipeline\motion\candidate_rook_c02_v18_two_bone_chroma_walk\blender_frames\SE\move\10.png'
00:08.797  render           | Saved: 'D:\AI 종합 폴더\Games\Sable-circuit\art_src\characters\rook\fast_pipeline\motion\candidate_rook_c02_v18_two_bone_chroma_walk\blender_frames\SE\move\11.png'
00:08.922  render           | Saved: 'D:\AI 종합 폴더\Games\Sable-circuit\art_src\characters\rook\fast_pipeline\motion\candidate_rook_c02_v18_two_bone_chroma_walk\blender_frames\SE\move\12.png'
00:09.078  render           | Saved: 'D:\AI 종합 폴더\Games\Sable-circuit\art_src\characters\rook\fast_pipeline\motion\candidate_rook_c02_v18_two_bone_chroma_walk\blender_frames\SE\move\13.png'
00:09.219  render           | Saved: 'D:\AI 종합 폴더\Games\Sable-circuit\art_src\characters\rook\fast_pipeline\motion\candidate_rook_c02_v18_two_bone_chroma_walk\blender_frames\SE\move\14.png'
00:09.344  render           | Saved: 'D:\AI 종합 폴더\Games\Sable-circuit\art_src\characters\rook\fast_pipeline\motion\candidate_rook_c02_v18_two_bone_chroma_walk\blender_frames\SE\move\15.png'
00:09.469  render           | Saved: 'D:\AI 종합 폴더\Games\Sable-circuit\art_src\characters\rook\fast_pipeline\motion\candidate_rook_c02_v18_two_bone_chroma_walk\blender_frames\SE\move\16.png'
00:09.625  render           | Saved: 'D:\AI 종합 폴더\Games\Sable-circuit\art_src\characters\rook\fast_pipeline\motion\candidate_rook_c02_v18_two_bone_chroma_walk\blender_frames\SE\move\17.png'
00:09.766  render           | Saved: 'D:\AI 종합 폴더\Games\Sable-circuit\art_src\characters\rook\fast_pipeline\motion\candidate_rook_c02_v18_two_bone_chroma_walk\blender_frames\SE\move\18.png'
00:09.906  render           | Saved: 'D:\AI 종합 폴더\Games\Sable-circuit\art_src\characters\rook\fast_pipeline\motion\candidate_rook_c02_v18_two_bone_chroma_walk\blender_frames\SE\move\19.png'
00:10.047  render           | Saved: 'D:\AI 종합 폴더\Games\Sable-circuit\art_src\characters\rook\fast_pipeline\motion\candidate_rook_c02_v18_two_bone_chroma_walk\blender_frames\SE\move\20.png'
00:10.188  render           | Saved: 'D:\AI 종합 폴더\Games\Sable-circuit\art_src\characters\rook\fast_pipeline\motion\candidate_rook_c02_v18_two_bone_chroma_walk\blender_frames\SE\move\21.png'
00:10.328  render           | Saved: 'D:\AI 종합 폴더\Games\Sable-circuit\art_src\characters\rook\fast_pipeline\motion\candidate_rook_c02_v18_two_bone_chroma_walk\blender_frames\SE\move\22.png'
00:10.484  render           | Saved: 'D:\AI 종합 폴더\Games\Sable-circuit\art_src\characters\rook\fast_pipeline\motion\candidate_rook_c02_v18_two_bone_chroma_walk\blender_frames\SE\move\23.png'
00:10.609  render           | Saved: 'D:\AI 종합 폴더\Games\Sable-circuit\art_src\characters\rook\fast_pipeline\motion\candidate_rook_c02_v18_two_bone_chroma_walk\blender_frames\SE\fire\00.png'
00:10.734  render           | Saved: 'D:\AI 종합 폴더\Games\Sable-circuit\art_src\characters\rook\fast_pipeline\motion\candidate_rook_c02_v18_two_bone_chroma_walk\blender_frames\SE\fire\01.png'
00:10.844  render           | Saved: 'D:\AI 종합 폴더\Games\Sable-circuit\art_src\characters\rook\fast_pipeline\motion\candidate_rook_c02_v18_two_bone_chroma_walk\blender_frames\SE\fire\02.png'
00:10.969  render           | Saved: 'D:\AI 종합 폴더\Games\Sable-circuit\art_src\characters\rook\fast_pipeline\motion\candidate_rook_c02_v18_two_bone_chroma_walk\blender_frames\SE\fire\03.png'
00:11.078  render           | Saved: 'D:\AI 종합 폴더\Games\Sable-circuit\art_src\characters\rook\fast_pipeline\motion\candidate_rook_c02_v18_two_bone_chroma_walk\blender_frames\SE\fire\04.png'
00:11.203  render           | Saved: 'D:\AI 종합 폴더\Games\Sable-circuit\art_src\characters\rook\fast_pipeline\motion\candidate_rook_c02_v18_two_bone_chroma_walk\blender_frames\SE\fire\05.png'
00:11.531  render           | Saved: 'D:\AI 종합 폴더\Games\Sable-circuit\art_src\characters\rook\fast_pipeline\motion\candidate_rook_c02_v18_two_bone_chroma_walk\blender_frames\S\idle\00.png'
00:11.656  render           | Saved: 'D:\AI 종합 폴더\Games\Sable-circuit\art_src\characters\rook\fast_pipeline\motion\candidate_rook_c02_v18_two_bone_chroma_walk\blender_frames\S\idle\01.png'
00:11.766  render           | Saved: 'D:\AI 종합 폴더\Games\Sable-circuit\art_src\characters\rook\fast_pipeline\motion\candidate_rook_c02_v18_two_bone_chroma_walk\blender_frames\S\idle\02.png'
00:11.875  render           | Saved: 'D:\AI 종합 폴더\Games\Sable-circuit\art_src\characters\rook\fast_pipeline\motion\candidate_rook_c02_v18_two_bone_chroma_walk\blender_frames\S\idle\03.png'
00:12.031  render           | Saved: 'D:\AI 종합 폴더\Games\Sable-circuit\art_src\characters\rook\fast_pipeline\motion\candidate_rook_c02_v18_two_bone_chroma_walk\blender_frames\S\move\00.png'
00:12.188  render           | Saved: 'D:\AI 종합 폴더\Games\Sable-circuit\art_src\characters\rook\fast_pipeline\motion\candidate_rook_c02_v18_two_bone_chroma_walk\blender_frames\S\move\01.png'
00:12.328  render           | Saved: 'D:\AI 종합 폴더\Games\Sable-circuit\art_src\characters\rook\fast_pipeline\motion\candidate_rook_c02_v18_two_bone_chroma_walk\blender_frames\S\move\02.png'
00:12.453  render           | Saved: 'D:\AI 종합 폴더\Games\Sable-circuit\art_src\characters\rook\fast_pipeline\motion\candidate_rook_c02_v18_two_bone_chroma_walk\blender_frames\S\move\03.png'
00:12.594  render           | Saved: 'D:\AI 종합 폴더\Games\Sable-circuit\art_src\characters\rook\fast_pipeline\motion\candidate_rook_c02_v18_two_bone_chroma_walk\blender_frames\S\move\04.png'
00:12.750  render           | Saved: 'D:\AI 종합 폴더\Games\Sable-circuit\art_src\characters\rook\fast_pipeline\motion\candidate_rook_c02_v18_two_bone_chroma_walk\blender_frames\S\move\05.png'
00:12.906  render           | Saved: 'D:\AI 종합 폴더\Games\Sable-circuit\art_src\characters\rook\fast_pipeline\motion\candidate_rook_c02_v18_two_bone_chroma_walk\blender_frames\S\move\06.png'
00:13.078  render           | Saved: 'D:\AI 종합 폴더\Games\Sable-circuit\art_src\characters\rook\fast_pipeline\motion\candidate_rook_c02_v18_two_bone_chroma_walk\blender_frames\S\move\07.png'
00:13.234  render           | Saved: 'D:\AI 종합 폴더\Games\Sable-circuit\art_src\characters\rook\fast_pipeline\motion\candidate_rook_c02_v18_two_bone_chroma_walk\blender_frames\S\move\08.png'
00:13.391  render           | Saved: 'D:\AI 종합 폴더\Games\Sable-circuit\art_src\characters\rook\fast_pipeline\motion\candidate_rook_c02_v18_two_bone_chroma_walk\blender_frames\S\move\09.png'
00:13.547  render           | Saved: 'D:\AI 종합 폴더\Games\Sable-circuit\art_src\characters\rook\fast_pipeline\motion\candidate_rook_c02_v18_two_bone_chroma_walk\blender_frames\S\move\10.png'
00:13.719  render           | Saved: 'D:\AI 종합 폴더\Games\Sable-circuit\art_src\characters\rook\fast_pipeline\motion\candidate_rook_c02_v18_two_bone_chroma_walk\blender_frames\S\move\11.png'
00:13.875  render           | Saved: 'D:\AI 종합 폴더\Games\Sable-circuit\art_src\characters\rook\fast_pipeline\motion\candidate_rook_c02_v18_two_bone_chroma_walk\blender_frames\S\move\12.png'
00:14.031  render           | Saved: 'D:\AI 종합 폴더\Games\Sable-circuit\art_src\characters\rook\fast_pipeline\motion\candidate_rook_c02_v18_two_bone_chroma_walk\blender_frames\S\move\13.png'
00:14.172  render           | Saved: 'D:\AI 종합 폴더\Games\Sable-circuit\art_src\characters\rook\fast_pipeline\motion\candidate_rook_c02_v18_two_bone_chroma_walk\blender_frames\S\move\14.png'
00:14.313  render           | Saved: 'D:\AI 종합 폴더\Games\Sable-circuit\art_src\characters\rook\fast_pipeline\motion\candidate_rook_c02_v18_two_bone_chroma_walk\blender_frames\S\move\15.png'
00:14.453  render           | Saved: 'D:\AI 종합 폴더\Games\Sable-circuit\art_src\characters\rook\fast_pipeline\motion\candidate_rook_c02_v18_two_bone_chroma_walk\blender_frames\S\move\16.png'
00:14.609  render           | Saved: 'D:\AI 종합 폴더\Games\Sable-circuit\art_src\characters\rook\fast_pipeline\motion\candidate_rook_c02_v18_two_bone_chroma_walk\blender_frames\S\move\17.png'
00:14.766  render           | Saved: 'D:\AI 종합 폴더\Games\Sable-circuit\art_src\characters\rook\fast_pipeline\motion\candidate_rook_c02_v18_two_bone_chroma_walk\blender_frames\S\move\18.png'
00:14.891  render           | Saved: 'D:\AI 종합 폴더\Games\Sable-circuit\art_src\characters\rook\fast_pipeline\motion\candidate_rook_c02_v18_two_bone_chroma_walk\blender_frames\S\move\19.png'
00:15.047  render           | Saved: 'D:\AI 종합 폴더\Games\Sable-circuit\art_src\characters\rook\fast_pipeline\motion\candidate_rook_c02_v18_two_bone_chroma_walk\blender_frames\S\move\20.png'
00:15.234  render           | Saved: 'D:\AI 종합 폴더\Games\Sable-circuit\art_src\characters\rook\fast_pipeline\motion\candidate_rook_c02_v18_two_bone_chroma_walk\blender_frames\S\move\21.png'
00:15.438  render           | Saved: 'D:\AI 종합 폴더\Games\Sable-circuit\art_src\characters\rook\fast_pipeline\motion\candidate_rook_c02_v18_two_bone_chroma_walk\blender_frames\S\move\22.png'
00:15.609  render           | Saved: 'D:\AI 종합 폴더\Games\Sable-circuit\art_src\characters\rook\fast_pipeline\motion\candidate_rook_c02_v18_two_bone_chroma_walk\blender_frames\S\move\23.png'
00:15.734  render           | Saved: 'D:\AI 종합 폴더\Games\Sable-circuit\art_src\characters\rook\fast_pipeline\motion\candidate_rook_c02_v18_two_bone_chroma_walk\blender_frames\S\fire\00.png'
00:15.859  render           | Saved: 'D:\AI 종합 폴더\Games\Sable-circuit\art_src\characters\rook\fast_pipeline\motion\candidate_rook_c02_v18_two_bone_chroma_walk\blender_frames\S\fire\01.png'
00:15.984  render           | Saved: 'D:\AI 종합 폴더\Games\Sable-circuit\art_src\characters\rook\fast_pipeline\motion\candidate_rook_c02_v18_two_bone_chroma_walk\blender_frames\S\fire\02.png'
00:16.109  render           | Saved: 'D:\AI 종합 폴더\Games\Sable-circuit\art_src\characters\rook\fast_pipeline\motion\candidate_rook_c02_v18_two_bone_chroma_walk\blender_frames\S\fire\03.png'
00:16.234  render           | Saved: 'D:\AI 종합 폴더\Games\Sable-circuit\art_src\characters\rook\fast_pipeline\motion\candidate_rook_c02_v18_two_bone_chroma_walk\blender_frames\S\fire\04.png'
00:16.375  render           | Saved: 'D:\AI 종합 폴더\Games\Sable-circuit\art_src\characters\rook\fast_pipeline\motion\candidate_rook_c02_v18_two_bone_chroma_walk\blender_frames\S\fire\05.png'
00:16.688  render           | Saved: 'D:\AI 종합 폴더\Games\Sable-circuit\art_src\characters\rook\fast_pipeline\motion\candidate_rook_c02_v18_two_bone_chroma_walk\blender_frames\SW\idle\00.png'
00:16.813  render           | Saved: 'D:\AI 종합 폴더\Games\Sable-circuit\art_src\characters\rook\fast_pipeline\motion\candidate_rook_c02_v18_two_bone_chroma_walk\blender_frames\SW\idle\01.png'
00:16.938  render           | Saved: 'D:\AI 종합 폴더\Games\Sable-circuit\art_src\characters\rook\fast_pipeline\motion\candidate_rook_c02_v18_two_bone_chroma_walk\blender_frames\SW\idle\02.png'
00:17.078  render           | Saved: 'D:\AI 종합 폴더\Games\Sable-circuit\art_src\characters\rook\fast_pipeline\motion\candidate_rook_c02_v18_two_bone_chroma_walk\blender_frames\SW\idle\03.png'
00:17.266  render           | Saved: 'D:\AI 종합 폴더\Games\Sable-circuit\art_src\characters\rook\fast_pipeline\motion\candidate_rook_c02_v18_two_bone_chroma_walk\blender_frames\SW\move\00.png'
00:17.406  render           | Saved: 'D:\AI 종합 폴더\Games\Sable-circuit\art_src\characters\rook\fast_pipeline\motion\candidate_rook_c02_v18_two_bone_chroma_walk\blender_frames\SW\move\01.png'
00:17.578  render           | Saved: 'D:\AI 종합 폴더\Games\Sable-circuit\art_src\characters\rook\fast_pipeline\motion\candidate_rook_c02_v18_two_bone_chroma_walk\blender_frames\SW\move\02.png'
00:17.734  render           | Saved: 'D:\AI 종합 폴더\Games\Sable-circuit\art_src\characters\rook\fast_pipeline\motion\candidate_rook_c02_v18_two_bone_chroma_walk\blender_frames\SW\move\03.png'
00:17.859  render           | Saved: 'D:\AI 종합 폴더\Games\Sable-circuit\art_src\characters\rook\fast_pipeline\motion\candidate_rook_c02_v18_two_bone_chroma_walk\blender_frames\SW\move\04.png'
00:17.984  render           | Saved: 'D:\AI 종합 폴더\Games\Sable-circuit\art_src\characters\rook\fast_pipeline\motion\candidate_rook_c02_v18_two_bone_chroma_walk\blender_frames\SW\move\05.png'
00:18.109  render           | Saved: 'D:\AI 종합 폴더\Games\Sable-circuit\art_src\characters\rook\fast_pipeline\motion\candidate_rook_c02_v18_two_bone_chroma_walk\blender_frames\SW\move\06.png'
00:18.234  render           | Saved: 'D:\AI 종합 폴더\Games\Sable-circuit\art_src\characters\rook\fast_pipeline\motion\candidate_rook_c02_v18_two_bone_chroma_walk\blender_frames\SW\move\07.png'
00:18.375  render           | Saved: 'D:\AI 종합 폴더\Games\Sable-circuit\art_src\characters\rook\fast_pipeline\motion\candidate_rook_c02_v18_two_bone_chroma_walk\blender_frames\SW\move\08.png'
00:18.516  render           | Saved: 'D:\AI 종합 폴더\Games\Sable-circuit\art_src\characters\rook\fast_pipeline\motion\candidate_rook_c02_v18_two_bone_chroma_walk\blender_frames\SW\move\09.png'
00:18.656  render           | Saved: 'D:\AI 종합 폴더\Games\Sable-circuit\art_src\characters\rook\fast_pipeline\motion\candidate_rook_c02_v18_two_bone_chroma_walk\blender_frames\SW\move\10.png'
00:18.813  render           | Saved: 'D:\AI 종합 폴더\Games\Sable-circuit\art_src\characters\rook\fast_pipeline\motion\candidate_rook_c02_v18_two_bone_chroma_walk\blender_frames\SW\move\11.png'
00:18.969  render           | Saved: 'D:\AI 종합 폴더\Games\Sable-circuit\art_src\characters\rook\fast_pipeline\motion\candidate_rook_c02_v18_two_bone_chroma_walk\blender_frames\SW\move\12.png'
00:19.094  render           | Saved: 'D:\AI 종합 폴더\Games\Sable-circuit\art_src\characters\rook\fast_pipeline\motion\candidate_rook_c02_v18_two_bone_chroma_walk\blender_frames\SW\move\13.png'
00:19.234  render           | Saved: 'D:\AI 종합 폴더\Games\Sable-circuit\art_src\characters\rook\fast_pipeline\motion\candidate_rook_c02_v18_two_bone_chroma_walk\blender_frames\SW\move\14.png'
00:19.359  render           | Saved: 'D:\AI 종합 폴더\Games\Sable-circuit\art_src\characters\rook\fast_pipeline\motion\candidate_rook_c02_v18_two_bone_chroma_walk\blender_frames\SW\move\15.png'
00:19.484  render           | Saved: 'D:\AI 종합 폴더\Games\Sable-circuit\art_src\characters\rook\fast_pipeline\motion\candidate_rook_c02_v18_two_bone_chroma_walk\blender_frames\SW\move\16.png'
00:19.625  render           | Saved: 'D:\AI 종합 폴더\Games\Sable-circuit\art_src\characters\rook\fast_pipeline\motion\candidate_rook_c02_v18_two_bone_chroma_walk\blender_frames\SW\move\17.png'
00:19.750  render           | Saved: 'D:\AI 종합 폴더\Games\Sable-circuit\art_src\characters\rook\fast_pipeline\motion\candidate_rook_c02_v18_two_bone_chroma_walk\blender_frames\SW\move\18.png'
00:19.891  render           | Saved: 'D:\AI 종합 폴더\Games\Sable-circuit\art_src\characters\rook\fast_pipeline\motion\candidate_rook_c02_v18_two_bone_chroma_walk\blender_frames\SW\move\19.png'
00:20.031  render           | Saved: 'D:\AI 종합 폴더\Games\Sable-circuit\art_src\characters\rook\fast_pipeline\motion\candidate_rook_c02_v18_two_bone_chroma_walk\blender_frames\SW\move\20.png'
00:20.172  render           | Saved: 'D:\AI 종합 폴더\Games\Sable-circuit\art_src\characters\rook\fast_pipeline\motion\candidate_rook_c02_v18_two_bone_chroma_walk\blender_frames\SW\move\21.png'
00:20.313  render           | Saved: 'D:\AI 종합 폴더\Games\Sable-circuit\art_src\characters\rook\fast_pipeline\motion\candidate_rook_c02_v18_two_bone_chroma_walk\blender_frames\SW\move\22.png'
00:20.453  render           | Saved: 'D:\AI 종합 폴더\Games\Sable-circuit\art_src\characters\rook\fast_pipeline\motion\candidate_rook_c02_v18_two_bone_chroma_walk\blender_frames\SW\move\23.png'
00:20.609  render           | Saved: 'D:\AI 종합 폴더\Games\Sable-circuit\art_src\characters\rook\fast_pipeline\motion\candidate_rook_c02_v18_two_bone_chroma_walk\blender_frames\SW\fire\00.png'
00:20.734  render           | Saved: 'D:\AI 종합 폴더\Games\Sable-circuit\art_src\characters\rook\fast_pipeline\motion\candidate_rook_c02_v18_two_bone_chroma_walk\blender_frames\SW\fire\01.png'
00:20.875  render           | Saved: 'D:\AI 종합 폴더\Games\Sable-circuit\art_src\characters\rook\fast_pipeline\motion\candidate_rook_c02_v18_two_bone_chroma_walk\blender_frames\SW\fire\02.png'
00:20.984  render           | Saved: 'D:\AI 종합 폴더\Games\Sable-circuit\art_src\characters\rook\fast_pipeline\motion\candidate_rook_c02_v18_two_bone_chroma_walk\blender_frames\SW\fire\03.png'
00:21.109  render           | Saved: 'D:\AI 종합 폴더\Games\Sable-circuit\art_src\characters\rook\fast_pipeline\motion\candidate_rook_c02_v18_two_bone_chroma_walk\blender_frames\SW\fire\04.png'
00:21.266  render           | Saved: 'D:\AI 종합 폴더\Games\Sable-circuit\art_src\characters\rook\fast_pipeline\motion\candidate_rook_c02_v18_two_bone_chroma_walk\blender_frames\SW\fire\05.png'
00:21.625  render           | Saved: 'D:\AI 종합 폴더\Games\Sable-circuit\art_src\characters\rook\fast_pipeline\motion\candidate_rook_c02_v18_two_bone_chroma_walk\blender_frames\W\idle\00.png'
00:21.781  render           | Saved: 'D:\AI 종합 폴더\Games\Sable-circuit\art_src\characters\rook\fast_pipeline\motion\candidate_rook_c02_v18_two_bone_chroma_walk\blender_frames\W\idle\01.png'
00:21.922  render           | Saved: 'D:\AI 종합 폴더\Games\Sable-circuit\art_src\characters\rook\fast_pipeline\motion\candidate_rook_c02_v18_two_bone_chroma_walk\blender_frames\W\idle\02.png'
00:22.063  render           | Saved: 'D:\AI 종합 폴더\Games\Sable-circuit\art_src\characters\rook\fast_pipeline\motion\candidate_rook_c02_v18_two_bone_chroma_walk\blender_frames\W\idle\03.png'
00:22.234  render           | Saved: 'D:\AI 종합 폴더\Games\Sable-circuit\art_src\characters\rook\fast_pipeline\motion\candidate_rook_c02_v18_two_bone_chroma_walk\blender_frames\W\move\00.png'
00:22.375  render           | Saved: 'D:\AI 종합 폴더\Games\Sable-circuit\art_src\characters\rook\fast_pipeline\motion\candidate_rook_c02_v18_two_bone_chroma_walk\blender_frames\W\move\01.png'
00:22.516  render           | Saved: 'D:\AI 종합 폴더\Games\Sable-circuit\art_src\characters\rook\fast_pipeline\motion\candidate_rook_c02_v18_two_bone_chroma_walk\blender_frames\W\move\02.png'
00:22.656  render           | Saved: 'D:\AI 종합 폴더\Games\Sable-circuit\art_src\characters\rook\fast_pipeline\motion\candidate_rook_c02_v18_two_bone_chroma_walk\blender_frames\W\move\03.png'
00:22.797  render           | Saved: 'D:\AI 종합 폴더\Games\Sable-circuit\art_src\characters\rook\fast_pipeline\motion\candidate_rook_c02_v18_two_bone_chroma_walk\blender_frames\W\move\04.png'
00:22.953  render           | Saved: 'D:\AI 종합 폴더\Games\Sable-circuit\art_src\characters\rook\fast_pipeline\motion\candidate_rook_c02_v18_two_bone_chroma_walk\blender_frames\W\move\05.png'
00:23.109  render           | Saved: 'D:\AI 종합 폴더\Games\Sable-circuit\art_src\characters\rook\fast_pipeline\motion\candidate_rook_c02_v18_two_bone_chroma_walk\blender_frames\W\move\06.png'
00:23.266  render           | Saved: 'D:\AI 종합 폴더\Games\Sable-circuit\art_src\characters\rook\fast_pipeline\motion\candidate_rook_c02_v18_two_bone_chroma_walk\blender_frames\W\move\07.png'
00:23.422  render           | Saved: 'D:\AI 종합 폴더\Games\Sable-circuit\art_src\characters\rook\fast_pipeline\motion\candidate_rook_c02_v18_two_bone_chroma_walk\blender_frames\W\move\08.png'
00:23.578  render           | Saved: 'D:\AI 종합 폴더\Games\Sable-circuit\art_src\characters\rook\fast_pipeline\motion\candidate_rook_c02_v18_two_bone_chroma_walk\blender_frames\W\move\09.png'
00:23.719  render           | Saved: 'D:\AI 종합 폴더\Games\Sable-circuit\art_src\characters\rook\fast_pipeline\motion\candidate_rook_c02_v18_two_bone_chroma_walk\blender_frames\W\move\10.png'
00:23.875  render           | Saved: 'D:\AI 종합 폴더\Games\Sable-circuit\art_src\characters\rook\fast_pipeline\motion\candidate_rook_c02_v18_two_bone_chroma_walk\blender_frames\W\move\11.png'
00:24.016  render           | Saved: 'D:\AI 종합 폴더\Games\Sable-circuit\art_src\characters\rook\fast_pipeline\motion\candidate_rook_c02_v18_two_bone_chroma_walk\blender_frames\W\move\12.png'
00:24.156  render           | Saved: 'D:\AI 종합 폴더\Games\Sable-circuit\art_src\characters\rook\fast_pipeline\motion\candidate_rook_c02_v18_two_bone_chroma_walk\blender_frames\W\move\13.png'
00:24.328  render           | Saved: 'D:\AI 종합 폴더\Games\Sable-circuit\art_src\characters\rook\fast_pipeline\motion\candidate_rook_c02_v18_two_bone_chroma_walk\blender_frames\W\move\14.png'
00:24.516  render           | Saved: 'D:\AI 종합 폴더\Games\Sable-circuit\art_src\characters\rook\fast_pipeline\motion\candidate_rook_c02_v18_two_bone_chroma_walk\blender_frames\W\move\15.png'
00:24.656  render           | Saved: 'D:\AI 종합 폴더\Games\Sable-circuit\art_src\characters\rook\fast_pipeline\motion\candidate_rook_c02_v18_two_bone_chroma_walk\blender_frames\W\move\16.png'
00:24.813  render           | Saved: 'D:\AI 종합 폴더\Games\Sable-circuit\art_src\characters\rook\fast_pipeline\motion\candidate_rook_c02_v18_two_bone_chroma_walk\blender_frames\W\move\17.png'
00:24.938  render           | Saved: 'D:\AI 종합 폴더\Games\Sable-circuit\art_src\characters\rook\fast_pipeline\motion\candidate_rook_c02_v18_two_bone_chroma_walk\blender_frames\W\move\18.png'
00:25.078  render           | Saved: 'D:\AI 종합 폴더\Games\Sable-circuit\art_src\characters\rook\fast_pipeline\motion\candidate_rook_c02_v18_two_bone_chroma_walk\blender_frames\W\move\19.png'
00:25.188  render           | Saved: 'D:\AI 종합 폴더\Games\Sable-circuit\art_src\characters\rook\fast_pipeline\motion\candidate_rook_c02_v18_two_bone_chroma_walk\blender_frames\W\move\20.png'
00:25.313  render           | Saved: 'D:\AI 종합 폴더\Games\Sable-circuit\art_src\characters\rook\fast_pipeline\motion\candidate_rook_c02_v18_two_bone_chroma_walk\blender_frames\W\move\21.png'
00:25.438  render           | Saved: 'D:\AI 종합 폴더\Games\Sable-circuit\art_src\characters\rook\fast_pipeline\motion\candidate_rook_c02_v18_two_bone_chroma_walk\blender_frames\W\move\22.png'
00:25.563  render           | Saved: 'D:\AI 종합 폴더\Games\Sable-circuit\art_src\characters\rook\fast_pipeline\motion\candidate_rook_c02_v18_two_bone_chroma_walk\blender_frames\W\move\23.png'
00:25.672  render           | Saved: 'D:\AI 종합 폴더\Games\Sable-circuit\art_src\characters\rook\fast_pipeline\motion\candidate_rook_c02_v18_two_bone_chroma_walk\blender_frames\W\fire\00.png'
00:25.781  render           | Saved: 'D:\AI 종합 폴더\Games\Sable-circuit\art_src\characters\rook\fast_pipeline\motion\candidate_rook_c02_v18_two_bone_chroma_walk\blender_frames\W\fire\01.png'
00:25.906  render           | Saved: 'D:\AI 종합 폴더\Games\Sable-circuit\art_src\characters\rook\fast_pipeline\motion\candidate_rook_c02_v18_two_bone_chroma_walk\blender_frames\W\fire\02.png'
00:26.031  render           | Saved: 'D:\AI 종합 폴더\Games\Sable-circuit\art_src\characters\rook\fast_pipeline\motion\candidate_rook_c02_v18_two_bone_chroma_walk\blender_frames\W\fire\03.png'
00:26.141  render           | Saved: 'D:\AI 종합 폴더\Games\Sable-circuit\art_src\characters\rook\fast_pipeline\motion\candidate_rook_c02_v18_two_bone_chroma_walk\blender_frames\W\fire\04.png'
00:26.266  render           | Saved: 'D:\AI 종합 폴더\Games\Sable-circuit\art_src\characters\rook\fast_pipeline\motion\candidate_rook_c02_v18_two_bone_chroma_walk\blender_frames\W\fire\05.png'
00:26.563  render           | Saved: 'D:\AI 종합 폴더\Games\Sable-circuit\art_src\characters\rook\fast_pipeline\motion\candidate_rook_c02_v18_two_bone_chroma_walk\blender_frames\NW\idle\00.png'
00:26.672  render           | Saved: 'D:\AI 종합 폴더\Games\Sable-circuit\art_src\characters\rook\fast_pipeline\motion\candidate_rook_c02_v18_two_bone_chroma_walk\blender_frames\NW\idle\01.png'
00:26.797  render           | Saved: 'D:\AI 종합 폴더\Games\Sable-circuit\art_src\characters\rook\fast_pipeline\motion\candidate_rook_c02_v18_two_bone_chroma_walk\blender_frames\NW\idle\02.png'
00:26.922  render           | Saved: 'D:\AI 종합 폴더\Games\Sable-circuit\art_src\characters\rook\fast_pipeline\motion\candidate_rook_c02_v18_two_bone_chroma_walk\blender_frames\NW\idle\03.png'
00:27.063  render           | Saved: 'D:\AI 종합 폴더\Games\Sable-circuit\art_src\characters\rook\fast_pipeline\motion\candidate_rook_c02_v18_two_bone_chroma_walk\blender_frames\NW\move\00.png'
00:27.172  render           | Saved: 'D:\AI 종합 폴더\Games\Sable-circuit\art_src\characters\rook\fast_pipeline\motion\candidate_rook_c02_v18_two_bone_chroma_walk\blender_frames\NW\move\01.png'
00:27.313  render           | Saved: 'D:\AI 종합 폴더\Games\Sable-circuit\art_src\characters\rook\fast_pipeline\motion\candidate_rook_c02_v18_two_bone_chroma_walk\blender_frames\NW\move\02.png'
00:27.453  render           | Saved: 'D:\AI 종합 폴더\Games\Sable-circuit\art_src\characters\rook\fast_pipeline\motion\candidate_rook_c02_v18_two_bone_chroma_walk\blender_frames\NW\move\03.png'
00:27.594  render           | Saved: 'D:\AI 종합 폴더\Games\Sable-circuit\art_src\characters\rook\fast_pipeline\motion\candidate_rook_c02_v18_two_bone_chroma_walk\blender_frames\NW\move\04.png'
00:27.719  render           | Saved: 'D:\AI 종합 폴더\Games\Sable-circuit\art_src\characters\rook\fast_pipeline\motion\candidate_rook_c02_v18_two_bone_chroma_walk\blender_frames\NW\move\05.png'
00:27.828  render           | Saved: 'D:\AI 종합 폴더\Games\Sable-circuit\art_src\characters\rook\fast_pipeline\motion\candidate_rook_c02_v18_two_bone_chroma_walk\blender_frames\NW\move\06.png'
00:27.984  render           | Saved: 'D:\AI 종합 폴더\Games\Sable-circuit\art_src\characters\rook\fast_pipeline\motion\candidate_rook_c02_v18_two_bone_chroma_walk\blender_frames\NW\move\07.png'
00:28.109  render           | Saved: 'D:\AI 종합 폴더\Games\Sable-circuit\art_src\characters\rook\fast_pipeline\motion\candidate_rook_c02_v18_two_bone_chroma_walk\blender_frames\NW\move\08.png'
00:28.250  render           | Saved: 'D:\AI 종합 폴더\Games\Sable-circuit\art_src\characters\rook\fast_pipeline\motion\candidate_rook_c02_v18_two_bone_chroma_walk\blender_frames\NW\move\09.png'
00:28.391  render           | Saved: 'D:\AI 종합 폴더\Games\Sable-circuit\art_src\characters\rook\fast_pipeline\motion\candidate_rook_c02_v18_two_bone_chroma_walk\blender_frames\NW\move\10.png'
00:28.531  render           | Saved: 'D:\AI 종합 폴더\Games\Sable-circuit\art_src\characters\rook\fast_pipeline\motion\candidate_rook_c02_v18_two_bone_chroma_walk\blender_frames\NW\move\11.png'
00:28.688  render           | Saved: 'D:\AI 종합 폴더\Games\Sable-circuit\art_src\characters\rook\fast_pipeline\motion\candidate_rook_c02_v18_two_bone_chroma_walk\blender_frames\NW\move\12.png'
00:28.828  render           | Saved: 'D:\AI 종합 폴더\Games\Sable-circuit\art_src\characters\rook\fast_pipeline\motion\candidate_rook_c02_v18_two_bone_chroma_walk\blender_frames\NW\move\13.png'
00:28.969  render           | Saved: 'D:\AI 종합 폴더\Games\Sable-circuit\art_src\characters\rook\fast_pipeline\motion\candidate_rook_c02_v18_two_bone_chroma_walk\blender_frames\NW\move\14.png'
00:29.125  render           | Saved: 'D:\AI 종합 폴더\Games\Sable-circuit\art_src\characters\rook\fast_pipeline\motion\candidate_rook_c02_v18_two_bone_chroma_walk\blender_frames\NW\move\15.png'
00:29.281  render           | Saved: 'D:\AI 종합 폴더\Games\Sable-circuit\art_src\characters\rook\fast_pipeline\motion\candidate_rook_c02_v18_two_bone_chroma_walk\blender_frames\NW\move\16.png'
00:29.438  render           | Saved: 'D:\AI 종합 폴더\Games\Sable-circuit\art_src\characters\rook\fast_pipeline\motion\candidate_rook_c02_v18_two_bone_chroma_walk\blender_frames\NW\move\17.png'
00:29.578  render           | Saved: 'D:\AI 종합 폴더\Games\Sable-circuit\art_src\characters\rook\fast_pipeline\motion\candidate_rook_c02_v18_two_bone_chroma_walk\blender_frames\NW\move\18.png'
00:29.750  render           | Saved: 'D:\AI 종합 폴더\Games\Sable-circuit\art_src\characters\rook\fast_pipeline\motion\candidate_rook_c02_v18_two_bone_chroma_walk\blender_frames\NW\move\19.png'
00:29.906  render           | Saved: 'D:\AI 종합 폴더\Games\Sable-circuit\art_src\characters\rook\fast_pipeline\motion\candidate_rook_c02_v18_two_bone_chroma_walk\blender_frames\NW\move\20.png'
00:30.063  render           | Saved: 'D:\AI 종합 폴더\Games\Sable-circuit\art_src\characters\rook\fast_pipeline\motion\candidate_rook_c02_v18_two_bone_chroma_walk\blender_frames\NW\move\21.png'
00:30.219  render           | Saved: 'D:\AI 종합 폴더\Games\Sable-circuit\art_src\characters\rook\fast_pipeline\motion\candidate_rook_c02_v18_two_bone_chroma_walk\blender_frames\NW\move\22.png'
00:30.359  render           | Saved: 'D:\AI 종합 폴더\Games\Sable-circuit\art_src\characters\rook\fast_pipeline\motion\candidate_rook_c02_v18_two_bone_chroma_walk\blender_frames\NW\move\23.png'
00:30.531  render           | Saved: 'D:\AI 종합 폴더\Games\Sable-circuit\art_src\characters\rook\fast_pipeline\motion\candidate_rook_c02_v18_two_bone_chroma_walk\blender_frames\NW\fire\00.png'
00:30.688  render           | Saved: 'D:\AI 종합 폴더\Games\Sable-circuit\art_src\characters\rook\fast_pipeline\motion\candidate_rook_c02_v18_two_bone_chroma_walk\blender_frames\NW\fire\01.png'
00:30.828  render           | Saved: 'D:\AI 종합 폴더\Games\Sable-circuit\art_src\characters\rook\fast_pipeline\motion\candidate_rook_c02_v18_two_bone_chroma_walk\blender_frames\NW\fire\02.png'
00:30.953  render           | Saved: 'D:\AI 종합 폴더\Games\Sable-circuit\art_src\characters\rook\fast_pipeline\motion\candidate_rook_c02_v18_two_bone_chroma_walk\blender_frames\NW\fire\03.png'
00:31.094  render           | Saved: 'D:\AI 종합 폴더\Games\Sable-circuit\art_src\characters\rook\fast_pipeline\motion\candidate_rook_c02_v18_two_bone_chroma_walk\blender_frames\NW\fire\04.png'
00:31.234  render           | Saved: 'D:\AI 종합 폴더\Games\Sable-circuit\art_src\characters\rook\fast_pipeline\motion\candidate_rook_c02_v18_two_bone_chroma_walk\blender_frames\NW\fire\05.png'
00:31.594  render           | Saved: 'D:\AI 종합 폴더\Games\Sable-circuit\art_src\characters\rook\fast_pipeline\motion\candidate_rook_c02_v18_two_bone_chroma_walk\blender_frames\N\idle\00.png'
00:31.734  render           | Saved: 'D:\AI 종합 폴더\Games\Sable-circuit\art_src\characters\rook\fast_pipeline\motion\candidate_rook_c02_v18_two_bone_chroma_walk\blender_frames\N\idle\01.png'
00:31.875  render           | Saved: 'D:\AI 종합 폴더\Games\Sable-circuit\art_src\characters\rook\fast_pipeline\motion\candidate_rook_c02_v18_two_bone_chroma_walk\blender_frames\N\idle\02.png'
00:32.000  render           | Saved: 'D:\AI 종합 폴더\Games\Sable-circuit\art_src\characters\rook\fast_pipeline\motion\candidate_rook_c02_v18_two_bone_chroma_walk\blender_frames\N\idle\03.png'
00:32.188  render           | Saved: 'D:\AI 종합 폴더\Games\Sable-circuit\art_src\characters\rook\fast_pipeline\motion\candidate_rook_c02_v18_two_bone_chroma_walk\blender_frames\N\move\00.png'
00:32.328  render           | Saved: 'D:\AI 종합 폴더\Games\Sable-circuit\art_src\characters\rook\fast_pipeline\motion\candidate_rook_c02_v18_two_bone_chroma_walk\blender_frames\N\move\01.png'
00:32.469  render           | Saved: 'D:\AI 종합 폴더\Games\Sable-circuit\art_src\characters\rook\fast_pipeline\motion\candidate_rook_c02_v18_two_bone_chroma_walk\blender_frames\N\move\02.png'
00:32.625  render           | Saved: 'D:\AI 종합 폴더\Games\Sable-circuit\art_src\characters\rook\fast_pipeline\motion\candidate_rook_c02_v18_two_bone_chroma_walk\blender_frames\N\move\03.png'
00:32.797  render           | Saved: 'D:\AI 종합 폴더\Games\Sable-circuit\art_src\characters\rook\fast_pipeline\motion\candidate_rook_c02_v18_two_bone_chroma_walk\blender_frames\N\move\04.png'
00:32.938  render           | Saved: 'D:\AI 종합 폴더\Games\Sable-circuit\art_src\characters\rook\fast_pipeline\motion\candidate_rook_c02_v18_two_bone_chroma_walk\blender_frames\N\move\05.png'
00:33.109  render           | Saved: 'D:\AI 종합 폴더\Games\Sable-circuit\art_src\characters\rook\fast_pipeline\motion\candidate_rook_c02_v18_two_bone_chroma_walk\blender_frames\N\move\06.png'
00:33.250  render           | Saved: 'D:\AI 종합 폴더\Games\Sable-circuit\art_src\characters\rook\fast_pipeline\motion\candidate_rook_c02_v18_two_bone_chroma_walk\blender_frames\N\move\07.png'
00:33.391  render           | Saved: 'D:\AI 종합 폴더\Games\Sable-circuit\art_src\characters\rook\fast_pipeline\motion\candidate_rook_c02_v18_two_bone_chroma_walk\blender_frames\N\move\08.png'
00:33.531  render           | Saved: 'D:\AI 종합 폴더\Games\Sable-circuit\art_src\characters\rook\fast_pipeline\motion\candidate_rook_c02_v18_two_bone_chroma_walk\blender_frames\N\move\09.png'
00:33.703  render           | Saved: 'D:\AI 종합 폴더\Games\Sable-circuit\art_src\characters\rook\fast_pipeline\motion\candidate_rook_c02_v18_two_bone_chroma_walk\blender_frames\N\move\10.png'
00:33.828  render           | Saved: 'D:\AI 종합 폴더\Games\Sable-circuit\art_src\characters\rook\fast_pipeline\motion\candidate_rook_c02_v18_two_bone_chroma_walk\blender_frames\N\move\11.png'
00:33.984  render           | Saved: 'D:\AI 종합 폴더\Games\Sable-circuit\art_src\characters\rook\fast_pipeline\motion\candidate_rook_c02_v18_two_bone_chroma_walk\blender_frames\N\move\12.png'
00:34.125  render           | Saved: 'D:\AI 종합 폴더\Games\Sable-circuit\art_src\characters\rook\fast_pipeline\motion\candidate_rook_c02_v18_two_bone_chroma_walk\blender_frames\N\move\13.png'
00:34.266  render           | Saved: 'D:\AI 종합 폴더\Games\Sable-circuit\art_src\characters\rook\fast_pipeline\motion\candidate_rook_c02_v18_two_bone_chroma_walk\blender_frames\N\move\14.png'
00:34.422  render           | Saved: 'D:\AI 종합 폴더\Games\Sable-circuit\art_src\characters\rook\fast_pipeline\motion\candidate_rook_c02_v18_two_bone_chroma_walk\blender_frames\N\move\15.png'
00:34.594  render           | Saved: 'D:\AI 종합 폴더\Games\Sable-circuit\art_src\characters\rook\fast_pipeline\motion\candidate_rook_c02_v18_two_bone_chroma_walk\blender_frames\N\move\16.png'
00:34.734  render           | Saved: 'D:\AI 종합 폴더\Games\Sable-circuit\art_src\characters\rook\fast_pipeline\motion\candidate_rook_c02_v18_two_bone_chroma_walk\blender_frames\N\move\17.png'
00:34.875  render           | Saved: 'D:\AI 종합 폴더\Games\Sable-circuit\art_src\characters\rook\fast_pipeline\motion\candidate_rook_c02_v18_two_bone_chroma_walk\blender_frames\N\move\18.png'
00:35.016  render           | Saved: 'D:\AI 종합 폴더\Games\Sable-circuit\art_src\characters\rook\fast_pipeline\motion\candidate_rook_c02_v18_two_bone_chroma_walk\blender_frames\N\move\19.png'
00:35.188  render           | Saved: 'D:\AI 종합 폴더\Games\Sable-circuit\art_src\characters\rook\fast_pipeline\motion\candidate_rook_c02_v18_two_bone_chroma_walk\blender_frames\N\move\20.png'
00:35.344  render           | Saved: 'D:\AI 종합 폴더\Games\Sable-circuit\art_src\characters\rook\fast_pipeline\motion\candidate_rook_c02_v18_two_bone_chroma_walk\blender_frames\N\move\21.png'
00:35.484  render           | Saved: 'D:\AI 종합 폴더\Games\Sable-circuit\art_src\characters\rook\fast_pipeline\motion\candidate_rook_c02_v18_two_bone_chroma_walk\blender_frames\N\move\22.png'
00:35.625  render           | Saved: 'D:\AI 종합 폴더\Games\Sable-circuit\art_src\characters\rook\fast_pipeline\motion\candidate_rook_c02_v18_two_bone_chroma_walk\blender_frames\N\move\23.png'
00:35.766  render           | Saved: 'D:\AI 종합 폴더\Games\Sable-circuit\art_src\characters\rook\fast_pipeline\motion\candidate_rook_c02_v18_two_bone_chroma_walk\blender_frames\N\fire\00.png'
00:35.906  render           | Saved: 'D:\AI 종합 폴더\Games\Sable-circuit\art_src\characters\rook\fast_pipeline\motion\candidate_rook_c02_v18_two_bone_chroma_walk\blender_frames\N\fire\01.png'
00:36.047  render           | Saved: 'D:\AI 종합 폴더\Games\Sable-circuit\art_src\characters\rook\fast_pipeline\motion\candidate_rook_c02_v18_two_bone_chroma_walk\blender_frames\N\fire\02.png'
00:36.203  render           | Saved: 'D:\AI 종합 폴더\Games\Sable-circuit\art_src\characters\rook\fast_pipeline\motion\candidate_rook_c02_v18_two_bone_chroma_walk\blender_frames\N\fire\03.png'
00:36.375  render           | Saved: 'D:\AI 종합 폴더\Games\Sable-circuit\art_src\characters\rook\fast_pipeline\motion\candidate_rook_c02_v18_two_bone_chroma_walk\blender_frames\N\fire\04.png'
00:36.500  render           | Saved: 'D:\AI 종합 폴더\Games\Sable-circuit\art_src\characters\rook\fast_pipeline\motion\candidate_rook_c02_v18_two_bone_chroma_walk\blender_frames\N\fire\05.png'
00:36.875  render           | Saved: 'D:\AI 종합 폴더\Games\Sable-circuit\art_src\characters\rook\fast_pipeline\motion\candidate_rook_c02_v18_two_bone_chroma_walk\blender_frames\NE\idle\00.png'
00:37.047  render           | Saved: 'D:\AI 종합 폴더\Games\Sable-circuit\art_src\characters\rook\fast_pipeline\motion\candidate_rook_c02_v18_two_bone_chroma_walk\blender_frames\NE\idle\01.png'
00:37.203  render           | Saved: 'D:\AI 종합 폴더\Games\Sable-circuit\art_src\characters\rook\fast_pipeline\motion\candidate_rook_c02_v18_two_bone_chroma_walk\blender_frames\NE\idle\02.png'
00:37.344  render           | Saved: 'D:\AI 종합 폴더\Games\Sable-circuit\art_src\characters\rook\fast_pipeline\motion\candidate_rook_c02_v18_two_bone_chroma_walk\blender_frames\NE\idle\03.png'
00:37.531  render           | Saved: 'D:\AI 종합 폴더\Games\Sable-circuit\art_src\characters\rook\fast_pipeline\motion\candidate_rook_c02_v18_two_bone_chroma_walk\blender_frames\NE\move\00.png'
00:37.672  render           | Saved: 'D:\AI 종합 폴더\Games\Sable-circuit\art_src\characters\rook\fast_pipeline\motion\candidate_rook_c02_v18_two_bone_chroma_walk\blender_frames\NE\move\01.png'
00:37.844  render           | Saved: 'D:\AI 종합 폴더\Games\Sable-circuit\art_src\characters\rook\fast_pipeline\motion\candidate_rook_c02_v18_two_bone_chroma_walk\blender_frames\NE\move\02.png'
00:38.000  render           | Saved: 'D:\AI 종합 폴더\Games\Sable-circuit\art_src\characters\rook\fast_pipeline\motion\candidate_rook_c02_v18_two_bone_chroma_walk\blender_frames\NE\move\03.png'
00:38.141  render           | Saved: 'D:\AI 종합 폴더\Games\Sable-circuit\art_src\characters\rook\fast_pipeline\motion\candidate_rook_c02_v18_two_bone_chroma_walk\blender_frames\NE\move\04.png'
00:38.281  render           | Saved: 'D:\AI 종합 폴더\Games\Sable-circuit\art_src\characters\rook\fast_pipeline\motion\candidate_rook_c02_v18_two_bone_chroma_walk\blender_frames\NE\move\05.png'
00:38.438  render           | Saved: 'D:\AI 종합 폴더\Games\Sable-circuit\art_src\characters\rook\fast_pipeline\motion\candidate_rook_c02_v18_two_bone_chroma_walk\blender_frames\NE\move\06.png'
00:38.578  render           | Saved: 'D:\AI 종합 폴더\Games\Sable-circuit\art_src\characters\rook\fast_pipeline\motion\candidate_rook_c02_v18_two_bone_chroma_walk\blender_frames\NE\move\07.png'
00:38.719  render           | Saved: 'D:\AI 종합 폴더\Games\Sable-circuit\art_src\characters\rook\fast_pipeline\motion\candidate_rook_c02_v18_two_bone_chroma_walk\blender_frames\NE\move\08.png'
00:38.859  render           | Saved: 'D:\AI 종합 폴더\Games\Sable-circuit\art_src\characters\rook\fast_pipeline\motion\candidate_rook_c02_v18_two_bone_chroma_walk\blender_frames\NE\move\09.png'
00:39.000  render           | Saved: 'D:\AI 종합 폴더\Games\Sable-circuit\art_src\characters\rook\fast_pipeline\motion\candidate_rook_c02_v18_two_bone_chroma_walk\blender_frames\NE\move\10.png'
00:39.156  render           | Saved: 'D:\AI 종합 폴더\Games\Sable-circuit\art_src\characters\rook\fast_pipeline\motion\candidate_rook_c02_v18_two_bone_chroma_walk\blender_frames\NE\move\11.png'
00:39.313  render           | Saved: 'D:\AI 종합 폴더\Games\Sable-circuit\art_src\characters\rook\fast_pipeline\motion\candidate_rook_c02_v18_two_bone_chroma_walk\blender_frames\NE\move\12.png'
00:39.484  render           | Saved: 'D:\AI 종합 폴더\Games\Sable-circuit\art_src\characters\rook\fast_pipeline\motion\candidate_rook_c02_v18_two_bone_chroma_walk\blender_frames\NE\move\13.png'
00:39.625  render           | Saved: 'D:\AI 종합 폴더\Games\Sable-circuit\art_src\characters\rook\fast_pipeline\motion\candidate_rook_c02_v18_two_bone_chroma_walk\blender_frames\NE\move\14.png'
00:39.766  render           | Saved: 'D:\AI 종합 폴더\Games\Sable-circuit\art_src\characters\rook\fast_pipeline\motion\candidate_rook_c02_v18_two_bone_chroma_walk\blender_frames\NE\move\15.png'
00:39.906  render           | Saved: 'D:\AI 종합 폴더\Games\Sable-circuit\art_src\characters\rook\fast_pipeline\motion\candidate_rook_c02_v18_two_bone_chroma_walk\blender_frames\NE\move\16.png'
00:40.047  render           | Saved: 'D:\AI 종합 폴더\Games\Sable-circuit\art_src\characters\rook\fast_pipeline\motion\candidate_rook_c02_v18_two_bone_chroma_walk\blender_frames\NE\move\17.png'
00:40.219  render           | Saved: 'D:\AI 종합 폴더\Games\Sable-circuit\art_src\characters\rook\fast_pipeline\motion\candidate_rook_c02_v18_two_bone_chroma_walk\blender_frames\NE\move\18.png'
00:40.359  render           | Saved: 'D:\AI 종합 폴더\Games\Sable-circuit\art_src\characters\rook\fast_pipeline\motion\candidate_rook_c02_v18_two_bone_chroma_walk\blender_frames\NE\move\19.png'
00:40.500  render           | Saved: 'D:\AI 종합 폴더\Games\Sable-circuit\art_src\characters\rook\fast_pipeline\motion\candidate_rook_c02_v18_two_bone_chroma_walk\blender_frames\NE\move\20.png'
00:40.656  render           | Saved: 'D:\AI 종합 폴더\Games\Sable-circuit\art_src\characters\rook\fast_pipeline\motion\candidate_rook_c02_v18_two_bone_chroma_walk\blender_frames\NE\move\21.png'
00:40.797  render           | Saved: 'D:\AI 종합 폴더\Games\Sable-circuit\art_src\characters\rook\fast_pipeline\motion\candidate_rook_c02_v18_two_bone_chroma_walk\blender_frames\NE\move\22.png'
00:40.953  render           | Saved: 'D:\AI 종합 폴더\Games\Sable-circuit\art_src\characters\rook\fast_pipeline\motion\candidate_rook_c02_v18_two_bone_chroma_walk\blender_frames\NE\move\23.png'
00:41.109  render           | Saved: 'D:\AI 종합 폴더\Games\Sable-circuit\art_src\characters\rook\fast_pipeline\motion\candidate_rook_c02_v18_two_bone_chroma_walk\blender_frames\NE\fire\00.png'
00:41.250  render           | Saved: 'D:\AI 종합 폴더\Games\Sable-circuit\art_src\characters\rook\fast_pipeline\motion\candidate_rook_c02_v18_two_bone_chroma_walk\blender_frames\NE\fire\01.png'
00:41.391  render           | Saved: 'D:\AI 종합 폴더\Games\Sable-circuit\art_src\characters\rook\fast_pipeline\motion\candidate_rook_c02_v18_two_bone_chroma_walk\blender_frames\NE\fire\02.png'
00:41.531  render           | Saved: 'D:\AI 종합 폴더\Games\Sable-circuit\art_src\characters\rook\fast_pipeline\motion\candidate_rook_c02_v18_two_bone_chroma_walk\blender_frames\NE\fire\03.png'
00:41.672  render           | Saved: 'D:\AI 종합 폴더\Games\Sable-circuit\art_src\characters\rook\fast_pipeline\motion\candidate_rook_c02_v18_two_bone_chroma_walk\blender_frames\NE\fire\04.png'
00:41.813  render           | Saved: 'D:\AI 종합 폴더\Games\Sable-circuit\art_src\characters\rook\fast_pipeline\motion\candidate_rook_c02_v18_two_bone_chroma_walk\blender_frames\NE\fire\05.png'
Blender 5.2.1 LTS (hash 9e2066aef7ef built 2026-08-25 02:38:20)
Info: Saved as "ROOK_C02_FAST_UAL_V1.blend"
ROOK_FAST_BLENDER_UAL_RENDER_PASS={"candidate": "art_src/characters/rook/fast_pipeline/motion/candidate_rook_c02_v18_two_bone_chroma_walk", "frames": 272, "manifest": "art_src/characters/rook/fast_pipeline/motion/candidate_rook_c02_v18_two_bone_chroma_walk/ROOK_C02_BLENDER_UAL_RENDER_MANIFEST.json"}
