✔ An authored profile ignores leftover character-specific fire and leg-warp bundles (2.2112ms)
✔ Shared authored route keeps identical leg phases with and without fire (0.8637ms)
✔ Authored contact timing holds planted steps while preserving phase order (0.4473ms)
✔ Shared recoil transform cannot move support feet (0.6999ms)
✔ Full-body walk AND run select all six phases, never recoil recovery frame 5 (2.236ms)
✔ Locomotion is distance phase driven, not wall-clock or firing cadence (0.2952ms)
✔ Live Actor → full-body renderer traverses walk/run cycles at 30/60/120 Hz (22.2427ms)
✔ A cursor between the character and illustrated muzzle cannot make a bullet fly behind the facing (6.8476ms)
✔ Turning throughout held moving fire keeps every projectile and rendered facing on one aim at 30/60/120 Hz (58.1292ms)
✔ A fresh movement chord can take aim during held mouse fire and the next mouse move can take it back (0.7166ms)
✔ An exactly centred cursor retains the previous aim instead of forcing east (0.1764ms)
✔ One muzzle-aware solution preserves actual cursor hits and body/shot alignment throughout a turn (8.08ms)
✔ A target inside weapon reach cannot turn only the bullet backwards (0.3901ms)
✔ Rapid aim commits without advancing gait, recoil, ammo or cooldown; old projectiles do not home (0.619ms)
✔ 30/60/120 Hz rapid reversals use the latest sample at the first eligible shot without changing cadence (12.7521ms)
✔ All four WASD diagonals work in either press order, with Korean/English/Shift/IME event values (10.4423ms)
✔ Arrow key pairs drive all four diagonals through the same actor (0.3075ms)
✔ Releasing one key returns to the remaining direction; opposite-key and alias chords do not stick (0.7336ms)
✔ A new movement chord takes facing from an idle pointer, but key repeat does not cancel active mouse aim (0.2631ms)
✔ Shift and Space continue to work with diagonal motion and independent mouse firing (0.387ms)
✔ Settings controls allow WASD without swallowing text editing or native slider/checkbox keys (1.5395ms)
✔ Keyboard movement, reload, and fire all clear on focus loss (0.3545ms)
✔ A click shorter than one render frame fires once without a held button (6.3044ms)
✔ All eight movement directions and all eight independent firing facings, at three display rates (38.4102ms)
✔ Diagonal keys do not create a speed advantage (0.8722ms)
✔ Stop, resume and speed switch retain a valid continuous locomotion phase (2.2162ms)
✔ Held fire consumes ammunition, automatically reloads, and remains rate independent (4.7741ms)
✔ Reload prevents shots and restores the magazine only when complete (0.4807ms)
✔ Obstacles and world bounds constrain actual position (3.2928ms)
✔ Swept projectile collision catches thin targets between ticks (5.5897ms)
ℹ tests 30
ℹ suites 0
ℹ pass 30
ℹ fail 0
ℹ cancelled 0
ℹ skipped 0
ℹ todo 0
ℹ duration_ms 324.7838

