Godot Engine v4.7.1.stable.official.a13da4feb - https://godotengine.org

WARNING: Loaded resource as image file, this will not work on export: 'res://assets/enemies/recon_drone/authored_yaw8_v1/E.png'. Instead, import the image file as an Image resource and load it normally as a resource.
   at: load_from_file (core/io/image.cpp:2780)
   GDScript backtrace (most recent call first):
       [0] _decode_view (res://scripts/animation/site7_machine_sprite.gd:127)
       [1] _read_view (res://scripts/animation/site7_machine_sprite.gd:155)
       [2] configure (res://scripts/animation/site7_machine_sprite.gd:198)
       [3] preview_machine_source (res://scripts/actors/enemy_actor.gd:423)
       [4] _load_reviewed_machine_source (res://scripts/actors/enemy_actor.gd:440)
       [5] _ready (res://scripts/actors/enemy_actor.gd:94)
       [6] _actor (res://tests/smoke/elite_expansion_smoke.gd:52)
       [7] _sprite_contract (res://tests/smoke/elite_expansion_smoke.gd:60)
       [8] _run (res://tests/smoke/elite_expansion_smoke.gd:16)
WARNING: Loaded resource as image file, this will not work on export: 'res://assets/enemies/recon_drone/authored_yaw8_v1/SE.png'. Instead, import the image file as an Image resource and load it normally as a resource.
   at: load_from_file (core/io/image.cpp:2780)
   GDScript backtrace (most recent call first):
       [0] _decode_view (res://scripts/animation/site7_machine_sprite.gd:127)
       [1] _read_view (res://scripts/animation/site7_machine_sprite.gd:155)
       [2] configure (res://scripts/animation/site7_machine_sprite.gd:198)
       [3] preview_machine_source (res://scripts/actors/enemy_actor.gd:423)
       [4] _load_reviewed_machine_source (res://scripts/actors/enemy_actor.gd:440)
       [5] _ready (res://scripts/actors/enemy_actor.gd:94)
       [6] _actor (res://tests/smoke/elite_expansion_smoke.gd:52)
       [7] _sprite_contract (res://tests/smoke/elite_expansion_smoke.gd:60)
       [8] _run (res://tests/smoke/elite_expansion_smoke.gd:16)
WARNING: Loaded resource as image file, this will not work on export: 'res://assets/enemies/recon_drone/authored_yaw8_v1/S.png'. Instead, import the image file as an Image resource and load it normally as a resource.
   at: load_from_file (core/io/image.cpp:2780)
   GDScript backtrace (most recent call first):
       [0] _decode_view (res://scripts/animation/site7_machine_sprite.gd:127)
       [1] _read_view (res://scripts/animation/site7_machine_sprite.gd:155)
       [2] configure (res://scripts/animation/site7_machine_sprite.gd:198)
       [3] preview_machine_source (res://scripts/actors/enemy_actor.gd:423)
       [4] _load_reviewed_machine_source (res://scripts/actors/enemy_actor.gd:440)
       [5] _ready (res://scripts/actors/enemy_actor.gd:94)
       [6] _actor (res://tests/smoke/elite_expansion_smoke.gd:52)
       [7] _sprite_contract (res://tests/smoke/elite_expansion_smoke.gd:60)
       [8] _run (res://tests/smoke/elite_expansion_smoke.gd:16)
WARNING: Loaded resource as image file, this will not work on export: 'res://assets/enemies/recon_drone/authored_yaw8_v1/SW.png'. Instead, import the image file as an Image resource and load it normally as a resource.
   at: load_from_file (core/io/image.cpp:2780)
   GDScript backtrace (most recent call first):
       [0] _decode_view (res://scripts/animation/site7_machine_sprite.gd:127)
       [1] _read_view (res://scripts/animation/site7_machine_sprite.gd:155)
       [2] configure (res://scripts/animation/site7_machine_sprite.gd:198)
       [3] preview_machine_source (res://scripts/actors/enemy_actor.gd:423)
       [4] _load_reviewed_machine_source (res://scripts/actors/enemy_actor.gd:440)
       [5] _ready (res://scripts/actors/enemy_actor.gd:94)
       [6] _actor (res://tests/smoke/elite_expansion_smoke.gd:52)
       [7] _sprite_contract (res://tests/smoke/elite_expansion_smoke.gd:60)
       [8] _run (res://tests/smoke/elite_expansion_smoke.gd:16)
WARNING: Loaded resource as image file, this will not work on export: 'res://assets/enemies/recon_drone/authored_yaw8_v1/W.png'. Instead, import the image file as an Image resource and load it normally as a resource.
   at: load_from_file (core/io/image.cpp:2780)
   GDScript backtrace (most recent call first):
       [0] _decode_view (res://scripts/animation/site7_machine_sprite.gd:127)
       [1] _read_view (res://scripts/animation/site7_machine_sprite.gd:155)
       [2] configure (res://scripts/animation/site7_machine_sprite.gd:198)
       [3] preview_machine_source (res://scripts/actors/enemy_actor.gd:423)
       [4] _load_reviewed_machine_source (res://scripts/actors/enemy_actor.gd:440)
       [5] _ready (res://scripts/actors/enemy_actor.gd:94)
       [6] _actor (res://tests/smoke/elite_expansion_smoke.gd:52)
       [7] _sprite_contract (res://tests/smoke/elite_expansion_smoke.gd:60)
       [8] _run (res://tests/smoke/elite_expansion_smoke.gd:16)
WARNING: Loaded resource as image file, this will not work on export: 'res://assets/enemies/recon_drone/authored_yaw8_v1/NW.png'. Instead, import the image file as an Image resource and load it normally as a resource.
   at: load_from_file (core/io/image.cpp:2780)
   GDScript backtrace (most recent call first):
       [0] _decode_view (res://scripts/animation/site7_machine_sprite.gd:127)
       [1] _read_view (res://scripts/animation/site7_machine_sprite.gd:155)
       [2] configure (res://scripts/animation/site7_machine_sprite.gd:198)
       [3] preview_machine_source (res://scripts/actors/enemy_actor.gd:423)
       [4] _load_reviewed_machine_source (res://scripts/actors/enemy_actor.gd:440)
       [5] _ready (res://scripts/actors/enemy_actor.gd:94)
       [6] _actor (res://tests/smoke/elite_expansion_smoke.gd:52)
       [7] _sprite_contract (res://tests/smoke/elite_expansion_smoke.gd:60)
       [8] _run (res://tests/smoke/elite_expansion_smoke.gd:16)
WARNING: Loaded resource as image file, this will not work on export: 'res://assets/enemies/recon_drone/authored_yaw8_v1/N.png'. Instead, import the image file as an Image resource and load it normally as a resource.
   at: load_from_file (core/io/image.cpp:2780)
   GDScript backtrace (most recent call first):
       [0] _decode_view (res://scripts/animation/site7_machine_sprite.gd:127)
       [1] _read_view (res://scripts/animation/site7_machine_sprite.gd:155)
       [2] configure (res://scripts/animation/site7_machine_sprite.gd:198)
       [3] preview_machine_source (res://scripts/actors/enemy_actor.gd:423)
       [4] _load_reviewed_machine_source (res://scripts/actors/enemy_actor.gd:440)
       [5] _ready (res://scripts/actors/enemy_actor.gd:94)
       [6] _actor (res://tests/smoke/elite_expansion_smoke.gd:52)
       [7] _sprite_contract (res://tests/smoke/elite_expansion_smoke.gd:60)
       [8] _run (res://tests/smoke/elite_expansion_smoke.gd:16)
WARNING: Loaded resource as image file, this will not work on export: 'res://assets/enemies/recon_drone/authored_yaw8_v1/NE.png'. Instead, import the image file as an Image resource and load it normally as a resource.
   at: load_from_file (core/io/image.cpp:2780)
   GDScript backtrace (most recent call first):
       [0] _decode_view (res://scripts/animation/site7_machine_sprite.gd:127)
       [1] _read_view (res://scripts/animation/site7_machine_sprite.gd:155)
       [2] configure (res://scripts/animation/site7_machine_sprite.gd:198)
       [3] preview_machine_source (res://scripts/actors/enemy_actor.gd:423)
       [4] _load_reviewed_machine_source (res://scripts/actors/enemy_actor.gd:440)
       [5] _ready (res://scripts/actors/enemy_actor.gd:94)
       [6] _actor (res://tests/smoke/elite_expansion_smoke.gd:52)
       [7] _sprite_contract (res://tests/smoke/elite_expansion_smoke.gd:60)
       [8] _run (res://tests/smoke/elite_expansion_smoke.gd:16)
WARNING: Loaded resource as image file, this will not work on export: 'res://assets/enemies/null_pylon/authored_core_v1/NULL_PYLON.png'. Instead, import the image file as an Image resource and load it normally as a resource.
   at: load_from_file (core/io/image.cpp:2780)
   GDScript backtrace (most recent call first):
       [0] _decode_view (res://scripts/animation/site7_machine_sprite.gd:127)
       [1] _read_view (res://scripts/animation/site7_machine_sprite.gd:155)
       [2] configure (res://scripts/animation/site7_machine_sprite.gd:204)
       [3] preview_machine_source (res://scripts/actors/enemy_actor.gd:423)
       [4] _load_reviewed_machine_source (res://scripts/actors/enemy_actor.gd:440)
       [5] _ready (res://scripts/actors/enemy_actor.gd:94)
       [6] _actor (res://tests/smoke/elite_expansion_smoke.gd:52)
       [7] _beacon_contract (res://tests/smoke/elite_expansion_smoke.gd:105)
       [8] _run (res://tests/smoke/elite_expansion_smoke.gd:17)
       [9] _sprite_contract (res://tests/smoke/elite_expansion_smoke.gd:80)
       [10] _frames (res://tests/smoke/elite_expansion_smoke.gd:277)
WARNING: Loaded resource as image file, this will not work on export: 'res://assets/enemies/vesper_mortar/authored_core_v1/ANCHORED.png'. Instead, import the image file as an Image resource and load it normally as a resource.
   at: load_from_file (core/io/image.cpp:2780)
   GDScript backtrace (most recent call first):
       [0] _decode_view (res://scripts/animation/site7_machine_sprite.gd:127)
       [1] _read_view (res://scripts/animation/site7_machine_sprite.gd:155)
       [2] warm (res://scripts/animation/site7_machine_sprite.gd:71)
       [3] warm_art (res://scripts/actors/enemy_actor.gd:469)
       [4] _warm_enemy_art (res://scripts/missions/story_stage_01.gd:262)
       [5] _load_mission (res://scripts/missions/story_stage_01.gd:218)
       [6] _ready (res://scripts/missions/story_stage_01.gd:94)
       [7] _brood_contract (res://tests/smoke/elite_expansion_smoke.gd:168)
       [8] _run (res://tests/smoke/elite_expansion_smoke.gd:18)
       [9] _beacon_contract (res://tests/smoke/elite_expansion_smoke.gd:163)
       [10] _frames (res://tests/smoke/elite_expansion_smoke.gd:277)
WARNING: Loaded resource as image file, this will not work on export: 'res://assets/enemies/prism_skimmer/authored_yaw8_v1/E.png'. Instead, import the image file as an Image resource and load it normally as a resource.
   at: load_from_file (core/io/image.cpp:2780)
   GDScript backtrace (most recent call first):
       [0] _decode_view (res://scripts/animation/site7_machine_sprite.gd:127)
       [1] _read_view (res://scripts/animation/site7_machine_sprite.gd:155)
       [2] warm (res://scripts/animation/site7_machine_sprite.gd:71)
       [3] warm_art (res://scripts/actors/enemy_actor.gd:469)
       [4] _warm_enemy_art (res://scripts/missions/story_stage_01.gd:262)
       [5] _load_mission (res://scripts/missions/story_stage_01.gd:218)
       [6] _ready (res://scripts/missions/story_stage_01.gd:94)
       [7] _brood_contract (res://tests/smoke/elite_expansion_smoke.gd:168)
       [8] _run (res://tests/smoke/elite_expansion_smoke.gd:18)
       [9] _beacon_contract (res://tests/smoke/elite_expansion_smoke.gd:163)
       [10] _frames (res://tests/smoke/elite_expansion_smoke.gd:277)
WARNING: Loaded resource as image file, this will not work on export: 'res://assets/enemies/prism_skimmer/authored_yaw8_v1/SE.png'. Instead, import the image file as an Image resource and load it normally as a resource.
   at: load_from_file (core/io/image.cpp:2780)
   GDScript backtrace (most recent call first):
       [0] _decode_view (res://scripts/animation/site7_machine_sprite.gd:127)
       [1] _read_view (res://scripts/animation/site7_machine_sprite.gd:155)
       [2] warm (res://scripts/animation/site7_machine_sprite.gd:71)
       [3] warm_art (res://scripts/actors/enemy_actor.gd:469)
       [4] _warm_enemy_art (res://scripts/missions/story_stage_01.gd:262)
       [5] _load_mission (res://scripts/missions/story_stage_01.gd:218)
       [6] _ready (res://scripts/missions/story_stage_01.gd:94)
       [7] _brood_contract (res://tests/smoke/elite_expansion_smoke.gd:168)
       [8] _run (res://tests/smoke/elite_expansion_smoke.gd:18)
       [9] _beacon_contract (res://tests/smoke/elite_expansion_smoke.gd:163)
       [10] _frames (res://tests/smoke/elite_expansion_smoke.gd:277)
WARNING: Loaded resource as image file, this will not work on export: 'res://assets/enemies/prism_skimmer/authored_yaw8_v1/S.png'. Instead, import the image file as an Image resource and load it normally as a resource.
   at: load_from_file (core/io/image.cpp:2780)
   GDScript backtrace (most recent call first):
       [0] _decode_view (res://scripts/animation/site7_machine_sprite.gd:127)
       [1] _read_view (res://scripts/animation/site7_machine_sprite.gd:155)
       [2] warm (res://scripts/animation/site7_machine_sprite.gd:71)
       [3] warm_art (res://scripts/actors/enemy_actor.gd:469)
       [4] _warm_enemy_art (res://scripts/missions/story_stage_01.gd:262)
       [5] _load_mission (res://scripts/missions/story_stage_01.gd:218)
       [6] _ready (res://scripts/missions/story_stage_01.gd:94)
       [7] _brood_contract (res://tests/smoke/elite_expansion_smoke.gd:168)
       [8] _run (res://tests/smoke/elite_expansion_smoke.gd:18)
       [9] _beacon_contract (res://tests/smoke/elite_expansion_smoke.gd:163)
       [10] _frames (res://tests/smoke/elite_expansion_smoke.gd:277)
WARNING: Loaded resource as image file, this will not work on export: 'res://assets/enemies/prism_skimmer/authored_yaw8_v1/SW.png'. Instead, import the image file as an Image resource and load it normally as a resource.
   at: load_from_file (core/io/image.cpp:2780)
   GDScript backtrace (most recent call first):
       [0] _decode_view (res://scripts/animation/site7_machine_sprite.gd:127)
       [1] _read_view (res://scripts/animation/site7_machine_sprite.gd:155)
       [2] warm (res://scripts/animation/site7_machine_sprite.gd:71)
       [3] warm_art (res://scripts/actors/enemy_actor.gd:469)
       [4] _warm_enemy_art (res://scripts/missions/story_stage_01.gd:262)
       [5] _load_mission (res://scripts/missions/story_stage_01.gd:218)
       [6] _ready (res://scripts/missions/story_stage_01.gd:94)
       [7] _brood_contract (res://tests/smoke/elite_expansion_smoke.gd:168)
       [8] _run (res://tests/smoke/elite_expansion_smoke.gd:18)
       [9] _beacon_contract (res://tests/smoke/elite_expansion_smoke.gd:163)
       [10] _frames (res://tests/smoke/elite_expansion_smoke.gd:277)
WARNING: Loaded resource as image file, this will not work on export: 'res://assets/enemies/prism_skimmer/authored_yaw8_v1/W.png'. Instead, import the image file as an Image resource and load it normally as a resource.
   at: load_from_file (core/io/image.cpp:2780)
   GDScript backtrace (most recent call first):
       [0] _decode_view (res://scripts/animation/site7_machine_sprite.gd:127)
       [1] _read_view (res://scripts/animation/site7_machine_sprite.gd:155)
       [2] warm (res://scripts/animation/site7_machine_sprite.gd:71)
       [3] warm_art (res://scripts/actors/enemy_actor.gd:469)
       [4] _warm_enemy_art (res://scripts/missions/story_stage_01.gd:262)
       [5] _load_mission (res://scripts/missions/story_stage_01.gd:218)
       [6] _ready (res://scripts/missions/story_stage_01.gd:94)
       [7] _brood_contract (res://tests/smoke/elite_expansion_smoke.gd:168)
       [8] _run (res://tests/smoke/elite_expansion_smoke.gd:18)
       [9] _beacon_contract (res://tests/smoke/elite_expansion_smoke.gd:163)
       [10] _frames (res://tests/smoke/elite_expansion_smoke.gd:277)
WARNING: Loaded resource as image file, this will not work on export: 'res://assets/enemies/prism_skimmer/authored_yaw8_v1/NW.png'. Instead, import the image file as an Image resource and load it normally as a resource.
   at: load_from_file (core/io/image.cpp:2780)
   GDScript backtrace (most recent call first):
       [0] _decode_view (res://scripts/animation/site7_machine_sprite.gd:127)
       [1] _read_view (res://scripts/animation/site7_machine_sprite.gd:155)
       [2] warm (res://scripts/animation/site7_machine_sprite.gd:71)
       [3] warm_art (res://scripts/actors/enemy_actor.gd:469)
       [4] _warm_enemy_art (res://scripts/missions/story_stage_01.gd:262)
       [5] _load_mission (res://scripts/missions/story_stage_01.gd:218)
       [6] _ready (res://scripts/missions/story_stage_01.gd:94)
       [7] _brood_contract (res://tests/smoke/elite_expansion_smoke.gd:168)
       [8] _run (res://tests/smoke/elite_expansion_smoke.gd:18)
       [9] _beacon_contract (res://tests/smoke/elite_expansion_smoke.gd:163)
       [10] _frames (res://tests/smoke/elite_expansion_smoke.gd:277)
WARNING: Loaded resource as image file, this will not work on export: 'res://assets/enemies/prism_skimmer/authored_yaw8_v1/N.png'. Instead, import the image file as an Image resource and load it normally as a resource.
   at: load_from_file (core/io/image.cpp:2780)
   GDScript backtrace (most recent call first):
       [0] _decode_view (res://scripts/animation/site7_machine_sprite.gd:127)
       [1] _read_view (res://scripts/animation/site7_machine_sprite.gd:155)
       [2] warm (res://scripts/animation/site7_machine_sprite.gd:71)
       [3] warm_art (res://scripts/actors/enemy_actor.gd:469)
       [4] _warm_enemy_art (res://scripts/missions/story_stage_01.gd:262)
       [5] _load_mission (res://scripts/missions/story_stage_01.gd:218)
       [6] _ready (res://scripts/missions/story_stage_01.gd:94)
       [7] _brood_contract (res://tests/smoke/elite_expansion_smoke.gd:168)
       [8] _run (res://tests/smoke/elite_expansion_smoke.gd:18)
       [9] _beacon_contract (res://tests/smoke/elite_expansion_smoke.gd:163)
       [10] _frames (res://tests/smoke/elite_expansion_smoke.gd:277)
WARNING: Loaded resource as image file, this will not work on export: 'res://assets/enemies/prism_skimmer/authored_yaw8_v1/NE.png'. Instead, import the image file as an Image resource and load it normally as a resource.
   at: load_from_file (core/io/image.cpp:2780)
   GDScript backtrace (most recent call first):
       [0] _decode_view (res://scripts/animation/site7_machine_sprite.gd:127)
       [1] _read_view (res://scripts/animation/site7_machine_sprite.gd:155)
       [2] warm (res://scripts/animation/site7_machine_sprite.gd:71)
       [3] warm_art (res://scripts/actors/enemy_actor.gd:469)
       [4] _warm_enemy_art (res://scripts/missions/story_stage_01.gd:262)
       [5] _load_mission (res://scripts/missions/story_stage_01.gd:218)
       [6] _ready (res://scripts/missions/story_stage_01.gd:94)
       [7] _brood_contract (res://tests/smoke/elite_expansion_smoke.gd:168)
       [8] _run (res://tests/smoke/elite_expansion_smoke.gd:18)
       [9] _beacon_contract (res://tests/smoke/elite_expansion_smoke.gd:163)
       [10] _frames (res://tests/smoke/elite_expansion_smoke.gd:277)
WARNING: Loaded resource as image file, this will not work on export: 'res://assets/enemies/cinder_ram/authored_yaw8_v1/E.png'. Instead, import the image file as an Image resource and load it normally as a resource.
   at: load_from_file (core/io/image.cpp:2780)
   GDScript backtrace (most recent call first):
       [0] _decode_view (res://scripts/animation/site7_machine_sprite.gd:127)
       [1] _read_view (res://scripts/animation/site7_machine_sprite.gd:155)
       [2] warm (res://scripts/animation/site7_machine_sprite.gd:71)
       [3] warm_art (res://scripts/actors/enemy_actor.gd:469)
       [4] _warm_enemy_art (res://scripts/missions/story_stage_01.gd:262)
       [5] _load_mission (res://scripts/missions/story_stage_01.gd:218)
       [6] _ready (res://scripts/missions/story_stage_01.gd:94)
       [7] _brood_contract (res://tests/smoke/elite_expansion_smoke.gd:168)
       [8] _run (res://tests/smoke/elite_expansion_smoke.gd:18)
       [9] _beacon_contract (res://tests/smoke/elite_expansion_smoke.gd:163)
       [10] _frames (res://tests/smoke/elite_expansion_smoke.gd:277)
WARNING: Loaded resource as image file, this will not work on export: 'res://assets/enemies/cinder_ram/authored_yaw8_v1/SE.png'. Instead, import the image file as an Image resource and load it normally as a resource.
   at: load_from_file (core/io/image.cpp:2780)
   GDScript backtrace (most recent call first):
       [0] _decode_view (res://scripts/animation/site7_machine_sprite.gd:127)
       [1] _read_view (res://scripts/animation/site7_machine_sprite.gd:155)
       [2] warm (res://scripts/animation/site7_machine_sprite.gd:71)
       [3] warm_art (res://scripts/actors/enemy_actor.gd:469)
       [4] _warm_enemy_art (res://scripts/missions/story_stage_01.gd:262)
       [5] _load_mission (res://scripts/missions/story_stage_01.gd:218)
       [6] _ready (res://scripts/missions/story_stage_01.gd:94)
       [7] _brood_contract (res://tests/smoke/elite_expansion_smoke.gd:168)
       [8] _run (res://tests/smoke/elite_expansion_smoke.gd:18)
       [9] _beacon_contract (res://tests/smoke/elite_expansion_smoke.gd:163)
       [10] _frames (res://tests/smoke/elite_expansion_smoke.gd:277)
WARNING: Loaded resource as image file, this will not work on export: 'res://assets/enemies/cinder_ram/authored_yaw8_v1/S.png'. Instead, import the image file as an Image resource and load it normally as a resource.
   at: load_from_file (core/io/image.cpp:2780)
   GDScript backtrace (most recent call first):
       [0] _decode_view (res://scripts/animation/site7_machine_sprite.gd:127)
       [1] _read_view (res://scripts/animation/site7_machine_sprite.gd:155)
       [2] warm (res://scripts/animation/site7_machine_sprite.gd:71)
       [3] warm_art (res://scripts/actors/enemy_actor.gd:469)
       [4] _warm_enemy_art (res://scripts/missions/story_stage_01.gd:262)
       [5] _load_mission (res://scripts/missions/story_stage_01.gd:218)
       [6] _ready (res://scripts/missions/story_stage_01.gd:94)
       [7] _brood_contract (res://tests/smoke/elite_expansion_smoke.gd:168)
       [8] _run (res://tests/smoke/elite_expansion_smoke.gd:18)
       [9] _beacon_contract (res://tests/smoke/elite_expansion_smoke.gd:163)
       [10] _frames (res://tests/smoke/elite_expansion_smoke.gd:277)
WARNING: Loaded resource as image file, this will not work on export: 'res://assets/enemies/cinder_ram/authored_yaw8_v1/SW.png'. Instead, import the image file as an Image resource and load it normally as a resource.
   at: load_from_file (core/io/image.cpp:2780)
   GDScript backtrace (most recent call first):
       [0] _decode_view (res://scripts/animation/site7_machine_sprite.gd:127)
       [1] _read_view (res://scripts/animation/site7_machine_sprite.gd:155)
       [2] warm (res://scripts/animation/site7_machine_sprite.gd:71)
       [3] warm_art (res://scripts/actors/enemy_actor.gd:469)
       [4] _warm_enemy_art (res://scripts/missions/story_stage_01.gd:262)
       [5] _load_mission (res://scripts/missions/story_stage_01.gd:218)
       [6] _ready (res://scripts/missions/story_stage_01.gd:94)
       [7] _brood_contract (res://tests/smoke/elite_expansion_smoke.gd:168)
       [8] _run (res://tests/smoke/elite_expansion_smoke.gd:18)
       [9] _beacon_contract (res://tests/smoke/elite_expansion_smoke.gd:163)
       [10] _frames (res://tests/smoke/elite_expansion_smoke.gd:277)
WARNING: Loaded resource as image file, this will not work on export: 'res://assets/enemies/cinder_ram/authored_yaw8_v1/W.png'. Instead, import the image file as an Image resource and load it normally as a resource.
   at: load_from_file (core/io/image.cpp:2780)
   GDScript backtrace (most recent call first):
       [0] _decode_view (res://scripts/animation/site7_machine_sprite.gd:127)
       [1] _read_view (res://scripts/animation/site7_machine_sprite.gd:155)
       [2] warm (res://scripts/animation/site7_machine_sprite.gd:71)
       [3] warm_art (res://scripts/actors/enemy_actor.gd:469)
       [4] _warm_enemy_art (res://scripts/missions/story_stage_01.gd:262)
       [5] _load_mission (res://scripts/missions/story_stage_01.gd:218)
       [6] _ready (res://scripts/missions/story_stage_01.gd:94)
       [7] _brood_contract (res://tests/smoke/elite_expansion_smoke.gd:168)
       [8] _run (res://tests/smoke/elite_expansion_smoke.gd:18)
       [9] _beacon_contract (res://tests/smoke/elite_expansion_smoke.gd:163)
       [10] _frames (res://tests/smoke/elite_expansion_smoke.gd:277)
WARNING: Loaded resource as image file, this will not work on export: 'res://assets/enemies/cinder_ram/authored_yaw8_v1/NW.png'. Instead, import the image file as an Image resource and load it normally as a resource.
   at: load_from_file (core/io/image.cpp:2780)
   GDScript backtrace (most recent call first):
       [0] _decode_view (res://scripts/animation/site7_machine_sprite.gd:127)
       [1] _read_view (res://scripts/animation/site7_machine_sprite.gd:155)
       [2] warm (res://scripts/animation/site7_machine_sprite.gd:71)
       [3] warm_art (res://scripts/actors/enemy_actor.gd:469)
       [4] _warm_enemy_art (res://scripts/missions/story_stage_01.gd:262)
       [5] _load_mission (res://scripts/missions/story_stage_01.gd:218)
       [6] _ready (res://scripts/missions/story_stage_01.gd:94)
       [7] _brood_contract (res://tests/smoke/elite_expansion_smoke.gd:168)
       [8] _run (res://tests/smoke/elite_expansion_smoke.gd:18)
       [9] _beacon_contract (res://tests/smoke/elite_expansion_smoke.gd:163)
       [10] _frames (res://tests/smoke/elite_expansion_smoke.gd:277)
WARNING: Loaded resource as image file, this will not work on export: 'res://assets/enemies/cinder_ram/authored_yaw8_v1/N.png'. Instead, import the image file as an Image resource and load it normally as a resource.
   at: load_from_file (core/io/image.cpp:2780)
   GDScript backtrace (most recent call first):
       [0] _decode_view (res://scripts/animation/site7_machine_sprite.gd:127)
       [1] _read_view (res://scripts/animation/site7_machine_sprite.gd:155)
       [2] warm (res://scripts/animation/site7_machine_sprite.gd:71)
       [3] warm_art (res://scripts/actors/enemy_actor.gd:469)
       [4] _warm_enemy_art (res://scripts/missions/story_stage_01.gd:262)
       [5] _load_mission (res://scripts/missions/story_stage_01.gd:218)
       [6] _ready (res://scripts/missions/story_stage_01.gd:94)
       [7] _brood_contract (res://tests/smoke/elite_expansion_smoke.gd:168)
       [8] _run (res://tests/smoke/elite_expansion_smoke.gd:18)
       [9] _beacon_contract (res://tests/smoke/elite_expansion_smoke.gd:163)
       [10] _frames (res://tests/smoke/elite_expansion_smoke.gd:277)
WARNING: Loaded resource as image file, this will not work on export: 'res://assets/enemies/cinder_ram/authored_yaw8_v1/NE.png'. Instead, import the image file as an Image resource and load it normally as a resource.
   at: load_from_file (core/io/image.cpp:2780)
   GDScript backtrace (most recent call first):
       [0] _decode_view (res://scripts/animation/site7_machine_sprite.gd:127)
       [1] _read_view (res://scripts/animation/site7_machine_sprite.gd:155)
       [2] warm (res://scripts/animation/site7_machine_sprite.gd:71)
       [3] warm_art (res://scripts/actors/enemy_actor.gd:469)
       [4] _warm_enemy_art (res://scripts/missions/story_stage_01.gd:262)
       [5] _load_mission (res://scripts/missions/story_stage_01.gd:218)
       [6] _ready (res://scripts/missions/story_stage_01.gd:94)
       [7] _brood_contract (res://tests/smoke/elite_expansion_smoke.gd:168)
       [8] _run (res://tests/smoke/elite_expansion_smoke.gd:18)
       [9] _beacon_contract (res://tests/smoke/elite_expansion_smoke.gd:163)
       [10] _frames (res://tests/smoke/elite_expansion_smoke.gd:277)
WARNING: Loaded resource as image file, this will not work on export: 'res://assets/enemies/bulwark/authored_yaw8_v1/E.png'. Instead, import the image file as an Image resource and load it normally as a resource.
   at: load_from_file (core/io/image.cpp:2780)
   GDScript backtrace (most recent call first):
       [0] _decode_view (res://scripts/animation/site7_machine_sprite.gd:127)
       [1] _read_view (res://scripts/animation/site7_machine_sprite.gd:155)
       [2] warm (res://scripts/animation/site7_machine_sprite.gd:71)
       [3] warm_art (res://scripts/actors/enemy_actor.gd:469)
       [4] _warm_enemy_art (res://scripts/missions/story_stage_01.gd:262)
       [5] _load_mission (res://scripts/missions/story_stage_01.gd:218)
       [6] _ready (res://scripts/missions/story_stage_01.gd:94)
       [7] _brood_contract (res://tests/smoke/elite_expansion_smoke.gd:168)
       [8] _run (res://tests/smoke/elite_expansion_smoke.gd:18)
       [9] _beacon_contract (res://tests/smoke/elite_expansion_smoke.gd:163)
       [10] _frames (res://tests/smoke/elite_expansion_smoke.gd:277)
WARNING: Loaded resource as image file, this will not work on export: 'res://assets/enemies/bulwark/authored_yaw8_v1/SE.png'. Instead, import the image file as an Image resource and load it normally as a resource.
   at: load_from_file (core/io/image.cpp:2780)
   GDScript backtrace (most recent call first):
       [0] _decode_view (res://scripts/animation/site7_machine_sprite.gd:127)
       [1] _read_view (res://scripts/animation/site7_machine_sprite.gd:155)
       [2] warm (res://scripts/animation/site7_machine_sprite.gd:71)
       [3] warm_art (res://scripts/actors/enemy_actor.gd:469)
       [4] _warm_enemy_art (res://scripts/missions/story_stage_01.gd:262)
       [5] _load_mission (res://scripts/missions/story_stage_01.gd:218)
       [6] _ready (res://scripts/missions/story_stage_01.gd:94)
       [7] _brood_contract (res://tests/smoke/elite_expansion_smoke.gd:168)
       [8] _run (res://tests/smoke/elite_expansion_smoke.gd:18)
       [9] _beacon_contract (res://tests/smoke/elite_expansion_smoke.gd:163)
       [10] _frames (res://tests/smoke/elite_expansion_smoke.gd:277)
WARNING: Loaded resource as image file, this will not work on export: 'res://assets/enemies/bulwark/authored_yaw8_v1/S.png'. Instead, import the image file as an Image resource and load it normally as a resource.
   at: load_from_file (core/io/image.cpp:2780)
   GDScript backtrace (most recent call first):
       [0] _decode_view (res://scripts/animation/site7_machine_sprite.gd:127)
       [1] _read_view (res://scripts/animation/site7_machine_sprite.gd:155)
       [2] warm (res://scripts/animation/site7_machine_sprite.gd:71)
       [3] warm_art (res://scripts/actors/enemy_actor.gd:469)
       [4] _warm_enemy_art (res://scripts/missions/story_stage_01.gd:262)
       [5] _load_mission (res://scripts/missions/story_stage_01.gd:218)
       [6] _ready (res://scripts/missions/story_stage_01.gd:94)
       [7] _brood_contract (res://tests/smoke/elite_expansion_smoke.gd:168)
       [8] _run (res://tests/smoke/elite_expansion_smoke.gd:18)
       [9] _beacon_contract (res://tests/smoke/elite_expansion_smoke.gd:163)
       [10] _frames (res://tests/smoke/elite_expansion_smoke.gd:277)
WARNING: Loaded resource as image file, this will not work on export: 'res://assets/enemies/bulwark/authored_yaw8_v1/SW.png'. Instead, import the image file as an Image resource and load it normally as a resource.
   at: load_from_file (core/io/image.cpp:2780)
   GDScript backtrace (most recent call first):
       [0] _decode_view (res://scripts/animation/site7_machine_sprite.gd:127)
       [1] _read_view (res://scripts/animation/site7_machine_sprite.gd:155)
       [2] warm (res://scripts/animation/site7_machine_sprite.gd:71)
       [3] warm_art (res://scripts/actors/enemy_actor.gd:469)
       [4] _warm_enemy_art (res://scripts/missions/story_stage_01.gd:262)
       [5] _load_mission (res://scripts/missions/story_stage_01.gd:218)
       [6] _ready (res://scripts/missions/story_stage_01.gd:94)
       [7] _brood_contract (res://tests/smoke/elite_expansion_smoke.gd:168)
       [8] _run (res://tests/smoke/elite_expansion_smoke.gd:18)
       [9] _beacon_contract (res://tests/smoke/elite_expansion_smoke.gd:163)
       [10] _frames (res://tests/smoke/elite_expansion_smoke.gd:277)
WARNING: Loaded resource as image file, this will not work on export: 'res://assets/enemies/bulwark/authored_yaw8_v1/W.png'. Instead, import the image file as an Image resource and load it normally as a resource.
   at: load_from_file (core/io/image.cpp:2780)
   GDScript backtrace (most recent call first):
       [0] _decode_view (res://scripts/animation/site7_machine_sprite.gd:127)
       [1] _read_view (res://scripts/animation/site7_machine_sprite.gd:155)
       [2] warm (res://scripts/animation/site7_machine_sprite.gd:71)
       [3] warm_art (res://scripts/actors/enemy_actor.gd:469)
       [4] _warm_enemy_art (res://scripts/missions/story_stage_01.gd:262)
       [5] _load_mission (res://scripts/missions/story_stage_01.gd:218)
       [6] _ready (res://scripts/missions/story_stage_01.gd:94)
       [7] _brood_contract (res://tests/smoke/elite_expansion_smoke.gd:168)
       [8] _run (res://tests/smoke/elite_expansion_smoke.gd:18)
       [9] _beacon_contract (res://tests/smoke/elite_expansion_smoke.gd:163)
       [10] _frames (res://tests/smoke/elite_expansion_smoke.gd:277)
WARNING: Loaded resource as image file, this will not work on export: 'res://assets/enemies/bulwark/authored_yaw8_v1/NW.png'. Instead, import the image file as an Image resource and load it normally as a resource.
   at: load_from_file (core/io/image.cpp:2780)
   GDScript backtrace (most recent call first):
       [0] _decode_view (res://scripts/animation/site7_machine_sprite.gd:127)
       [1] _read_view (res://scripts/animation/site7_machine_sprite.gd:155)
       [2] warm (res://scripts/animation/site7_machine_sprite.gd:71)
       [3] warm_art (res://scripts/actors/enemy_actor.gd:469)
       [4] _warm_enemy_art (res://scripts/missions/story_stage_01.gd:262)
       [5] _load_mission (res://scripts/missions/story_stage_01.gd:218)
       [6] _ready (res://scripts/missions/story_stage_01.gd:94)
       [7] _brood_contract (res://tests/smoke/elite_expansion_smoke.gd:168)
       [8] _run (res://tests/smoke/elite_expansion_smoke.gd:18)
       [9] _beacon_contract (res://tests/smoke/elite_expansion_smoke.gd:163)
       [10] _frames (res://tests/smoke/elite_expansion_smoke.gd:277)
WARNING: Loaded resource as image file, this will not work on export: 'res://assets/enemies/bulwark/authored_yaw8_v1/N.png'. Instead, import the image file as an Image resource and load it normally as a resource.
   at: load_from_file (core/io/image.cpp:2780)
   GDScript backtrace (most recent call first):
       [0] _decode_view (res://scripts/animation/site7_machine_sprite.gd:127)
       [1] _read_view (res://scripts/animation/site7_machine_sprite.gd:155)
       [2] warm (res://scripts/animation/site7_machine_sprite.gd:71)
       [3] warm_art (res://scripts/actors/enemy_actor.gd:469)
       [4] _warm_enemy_art (res://scripts/missions/story_stage_01.gd:262)
       [5] _load_mission (res://scripts/missions/story_stage_01.gd:218)
       [6] _ready (res://scripts/missions/story_stage_01.gd:94)
       [7] _brood_contract (res://tests/smoke/elite_expansion_smoke.gd:168)
       [8] _run (res://tests/smoke/elite_expansion_smoke.gd:18)
       [9] _beacon_contract (res://tests/smoke/elite_expansion_smoke.gd:163)
       [10] _frames (res://tests/smoke/elite_expansion_smoke.gd:277)
WARNING: Loaded resource as image file, this will not work on export: 'res://assets/enemies/bulwark/authored_yaw8_v1/NE.png'. Instead, import the image file as an Image resource and load it normally as a resource.
   at: load_from_file (core/io/image.cpp:2780)
   GDScript backtrace (most recent call first):
       [0] _decode_view (res://scripts/animation/site7_machine_sprite.gd:127)
       [1] _read_view (res://scripts/animation/site7_machine_sprite.gd:155)
       [2] warm (res://scripts/animation/site7_machine_sprite.gd:71)
       [3] warm_art (res://scripts/actors/enemy_actor.gd:469)
       [4] _warm_enemy_art (res://scripts/missions/story_stage_01.gd:262)
       [5] _load_mission (res://scripts/missions/story_stage_01.gd:218)
       [6] _ready (res://scripts/missions/story_stage_01.gd:94)
       [7] _brood_contract (res://tests/smoke/elite_expansion_smoke.gd:168)
       [8] _run (res://tests/smoke/elite_expansion_smoke.gd:18)
       [9] _beacon_contract (res://tests/smoke/elite_expansion_smoke.gd:163)
       [10] _frames (res://tests/smoke/elite_expansion_smoke.gd:277)
WARNING: Loaded resource as image file, this will not work on export: 'res://assets/enemies/stage6_aerator_tower/authored_core_v1/AERATOR_TOWER.png'. Instead, import the image file as an Image resource and load it normally as a resource.
   at: load_from_file (core/io/image.cpp:2780)
   GDScript backtrace (most recent call first):
       [0] _decode_view (res://scripts/animation/site7_machine_sprite.gd:127)
       [1] _read_view (res://scripts/animation/site7_machine_sprite.gd:155)
       [2] warm (res://scripts/animation/site7_machine_sprite.gd:71)
       [3] warm_art (res://scripts/actors/enemy_actor.gd:469)
       [4] _warm_enemy_art (res://scripts/missions/story_stage_01.gd:262)
       [5] _load_mission (res://scripts/missions/story_stage_01.gd:218)
       [6] _ready (res://scripts/missions/story_stage_01.gd:94)
       [7] _brood_contract (res://tests/smoke/elite_expansion_smoke.gd:168)
       [8] _run (res://tests/smoke/elite_expansion_smoke.gd:18)
       [9] _beacon_contract (res://tests/smoke/elite_expansion_smoke.gd:163)
       [10] _frames (res://tests/smoke/elite_expansion_smoke.gd:277)
M7_RASTER_QUARANTINED identity=aster status=partial chunks=2 encoded=20000 present=15000 declared=94718
M7_RASTER_QUARANTINED identity=aster status=partial chunks=2 encoded=20000 present=15000 declared=94718
ELITE_EXPANSION_SMOKE: PASS (248 checks)
