Godot Engine v4.7.1.stable.official.a13da4feb - https://godotengine.org

WARNING: Loaded resource as image file, this will not work on export: 'res://assets/enemies/recon_drone/authored_yaw8_v1/E.png'. Instead, import the image file as an Image resource and load it normally as a resource.
WARNING: Loaded resource as image file, this will not work on export: 'res://assets/enemies/recon_drone/authored_yaw8_v1/SE.png'. Instead, import the image file as an Image resource and load it normally as a resource.
   at: load_from_file (core/io/image.cpp:2780)
   at: load_from_file (core/io/image.cpp:2780)
   GDScript backtrace (most recent call first):
       [0] _decode_view (res://scripts/animation/site7_machine_sprite.gd:127)
       [1] prepare_view (res://scripts/animation/site7_machine_sprite.gd:103)
       [2] <anonymous lambda> (res://scripts/core/deploy_warmer.gd:62)
       [3] <anonymous lambda> (res://scripts/core/deploy_warmer.gd:145)
   GDScript backtrace (most recent call first):
       [0] _decode_view (res://scripts/animation/site7_machine_sprite.gd:127)
       [1] prepare_view (res://scripts/animation/site7_machine_sprite.gd:103)
       [2] <anonymous lambda> (res://scripts/core/deploy_warmer.gd:62)
       [3] <anonymous lambda> (res://scripts/core/deploy_warmer.gd:145)
WARNING: Loaded resource as image file, this will not work on export: 'res://assets/enemies/recon_drone/authored_yaw8_v1/SW.png'. Instead, import the image file as an Image resource and load it normally as a resource.
WARNING: Loaded resource as image file, this will not work on export: 'res://assets/enemies/recon_drone/authored_yaw8_v1/S.png'. Instead, import the image file as an Image resource and load it normally as a resource.
   at: load_from_file (core/io/image.cpp:2780)
   at: load_from_file (core/io/image.cpp:2780)
   GDScript backtrace (most recent call first):
       [0] _decode_view (res://scripts/animation/site7_machine_sprite.gd:127)
       [1] prepare_view (res://scripts/animation/site7_machine_sprite.gd:103)
       [2] <anonymous lambda> (res://scripts/core/deploy_warmer.gd:62)
       [3] <anonymous lambda> (res://scripts/core/deploy_warmer.gd:145)
   GDScript backtrace (most recent call first):
       [0] _decode_view (res://scripts/animation/site7_machine_sprite.gd:127)
       [1] prepare_view (res://scripts/animation/site7_machine_sprite.gd:103)
       [2] <anonymous lambda> (res://scripts/core/deploy_warmer.gd:62)
       [3] <anonymous lambda> (res://scripts/core/deploy_warmer.gd:145)
WARNING: Loaded resource as image file, this will not work on export: 'res://assets/enemies/recon_drone/authored_yaw8_v1/W.png'. Instead, import the image file as an Image resource and load it normally as a resource.
WARNING: Loaded resource as image file, this will not work on export: 'res://assets/enemies/recon_drone/authored_yaw8_v1/NW.png'. Instead, import the image file as an Image resource and load it normally as a resource.
   at: load_from_file (core/io/image.cpp:2780)
   at: load_from_file (core/io/image.cpp:2780)
   GDScript backtrace (most recent call first):
       [0] _decode_view (res://scripts/animation/site7_machine_sprite.gd:127)
       [1] prepare_view (res://scripts/animation/site7_machine_sprite.gd:103)
       [2] <anonymous lambda> (res://scripts/core/deploy_warmer.gd:62)
       [3] <anonymous lambda> (res://scripts/core/deploy_warmer.gd:145)
   GDScript backtrace (most recent call first):
       [0] _decode_view (res://scripts/animation/site7_machine_sprite.gd:127)
       [1] prepare_view (res://scripts/animation/site7_machine_sprite.gd:103)
       [2] <anonymous lambda> (res://scripts/core/deploy_warmer.gd:62)
       [3] <anonymous lambda> (res://scripts/core/deploy_warmer.gd:145)
WARNING: Loaded resource as image file, this will not work on export: 'res://assets/enemies/recon_drone/authored_yaw8_v1/N.png'. Instead, import the image file as an Image resource and load it normally as a resource.
   at: load_from_file (core/io/image.cpp:2780)
   GDScript backtrace (most recent call first):
       [0] _decode_view (res://scripts/animation/site7_machine_sprite.gd:127)
       [1] _read_view (res://scripts/animation/site7_machine_sprite.gd:155)
       [2] warm (res://scripts/animation/site7_machine_sprite.gd:71)
       [3] warm_art (res://scripts/actors/enemy_actor.gd:469)
       [4] _warm_enemy_art (res://scripts/missions/story_stage_01.gd:262)
       [5] _load_mission (res://scripts/missions/story_stage_01.gd:218)
       [6] _ready (res://scripts/missions/story_stage_01.gd:94)
       [7] _replace_view (res://scripts/core/game_flow.gd:160)
       [8] deploy_mission (res://scripts/core/game_flow.gd:114)
       [9] <anonymous lambda> (res://scripts/core/game_flow.gd:103)
       [10] debug_deploy (res://scripts/ui/briefing_screen.gd:380)
       [11] run (res://.cache/flow_audit.gd:164)
       [12] frames (res://.cache/flow_audit.gd:21)
WARNING: Loaded resource as image file, this will not work on export: 'res://assets/enemies/recon_drone/authored_yaw8_v1/NE.png'. Instead, import the image file as an Image resource and load it normally as a resource.
   at: load_from_file (core/io/image.cpp:2780)
   GDScript backtrace (most recent call first):
       [0] _decode_view (res://scripts/animation/site7_machine_sprite.gd:127)
       [1] _read_view (res://scripts/animation/site7_machine_sprite.gd:155)
       [2] warm (res://scripts/animation/site7_machine_sprite.gd:71)
       [3] warm_art (res://scripts/actors/enemy_actor.gd:469)
       [4] _warm_enemy_art (res://scripts/missions/story_stage_01.gd:262)
       [5] _load_mission (res://scripts/missions/story_stage_01.gd:218)
       [6] _ready (res://scripts/missions/story_stage_01.gd:94)
       [7] _replace_view (res://scripts/core/game_flow.gd:160)
       [8] deploy_mission (res://scripts/core/game_flow.gd:114)
       [9] <anonymous lambda> (res://scripts/core/game_flow.gd:103)
       [10] debug_deploy (res://scripts/ui/briefing_screen.gd:380)
       [11] run (res://.cache/flow_audit.gd:164)
       [12] frames (res://.cache/flow_audit.gd:21)
WARNING: Loaded resource as image file, this will not work on export: 'res://assets/enemies/bulwark/authored_yaw8_v1/E.png'. Instead, import the image file as an Image resource and load it normally as a resource.
   at: load_from_file (core/io/image.cpp:2780)
   GDScript backtrace (most recent call first):
       [0] _decode_view (res://scripts/animation/site7_machine_sprite.gd:127)
       [1] _read_view (res://scripts/animation/site7_machine_sprite.gd:155)
       [2] warm (res://scripts/animation/site7_machine_sprite.gd:71)
       [3] warm_art (res://scripts/actors/enemy_actor.gd:469)
       [4] _warm_enemy_art (res://scripts/missions/story_stage_01.gd:262)
       [5] _load_mission (res://scripts/missions/story_stage_01.gd:218)
       [6] _ready (res://scripts/missions/story_stage_01.gd:94)
       [7] _replace_view (res://scripts/core/game_flow.gd:160)
       [8] deploy_mission (res://scripts/core/game_flow.gd:114)
       [9] <anonymous lambda> (res://scripts/core/game_flow.gd:103)
       [10] debug_deploy (res://scripts/ui/briefing_screen.gd:380)
       [11] run (res://.cache/flow_audit.gd:164)
       [12] frames (res://.cache/flow_audit.gd:21)
WARNING: Loaded resource as image file, this will not work on export: 'res://assets/enemies/bulwark/authored_yaw8_v1/SE.png'. Instead, import the image file as an Image resource and load it normally as a resource.
   at: load_from_file (core/io/image.cpp:2780)
   GDScript backtrace (most recent call first):
       [0] _decode_view (res://scripts/animation/site7_machine_sprite.gd:127)
       [1] _read_view (res://scripts/animation/site7_machine_sprite.gd:155)
       [2] warm (res://scripts/animation/site7_machine_sprite.gd:71)
       [3] warm_art (res://scripts/actors/enemy_actor.gd:469)
       [4] _warm_enemy_art (res://scripts/missions/story_stage_01.gd:262)
       [5] _load_mission (res://scripts/missions/story_stage_01.gd:218)
       [6] _ready (res://scripts/missions/story_stage_01.gd:94)
       [7] _replace_view (res://scripts/core/game_flow.gd:160)
       [8] deploy_mission (res://scripts/core/game_flow.gd:114)
       [9] <anonymous lambda> (res://scripts/core/game_flow.gd:103)
       [10] debug_deploy (res://scripts/ui/briefing_screen.gd:380)
       [11] run (res://.cache/flow_audit.gd:164)
       [12] frames (res://.cache/flow_audit.gd:21)
WARNING: Loaded resource as image file, this will not work on export: 'res://assets/enemies/bulwark/authored_yaw8_v1/S.png'. Instead, import the image file as an Image resource and load it normally as a resource.
   at: load_from_file (core/io/image.cpp:2780)
   GDScript backtrace (most recent call first):
       [0] _decode_view (res://scripts/animation/site7_machine_sprite.gd:127)
       [1] _read_view (res://scripts/animation/site7_machine_sprite.gd:155)
       [2] warm (res://scripts/animation/site7_machine_sprite.gd:71)
       [3] warm_art (res://scripts/actors/enemy_actor.gd:469)
       [4] _warm_enemy_art (res://scripts/missions/story_stage_01.gd:262)
       [5] _load_mission (res://scripts/missions/story_stage_01.gd:218)
       [6] _ready (res://scripts/missions/story_stage_01.gd:94)
       [7] _replace_view (res://scripts/core/game_flow.gd:160)
       [8] deploy_mission (res://scripts/core/game_flow.gd:114)
       [9] <anonymous lambda> (res://scripts/core/game_flow.gd:103)
       [10] debug_deploy (res://scripts/ui/briefing_screen.gd:380)
       [11] run (res://.cache/flow_audit.gd:164)
       [12] frames (res://.cache/flow_audit.gd:21)
WARNING: Loaded resource as image file, this will not work on export: 'res://assets/enemies/bulwark/authored_yaw8_v1/SW.png'. Instead, import the image file as an Image resource and load it normally as a resource.
   at: load_from_file (core/io/image.cpp:2780)
   GDScript backtrace (most recent call first):
       [0] _decode_view (res://scripts/animation/site7_machine_sprite.gd:127)
       [1] _read_view (res://scripts/animation/site7_machine_sprite.gd:155)
       [2] warm (res://scripts/animation/site7_machine_sprite.gd:71)
       [3] warm_art (res://scripts/actors/enemy_actor.gd:469)
       [4] _warm_enemy_art (res://scripts/missions/story_stage_01.gd:262)
       [5] _load_mission (res://scripts/missions/story_stage_01.gd:218)
       [6] _ready (res://scripts/missions/story_stage_01.gd:94)
       [7] _replace_view (res://scripts/core/game_flow.gd:160)
       [8] deploy_mission (res://scripts/core/game_flow.gd:114)
       [9] <anonymous lambda> (res://scripts/core/game_flow.gd:103)
       [10] debug_deploy (res://scripts/ui/briefing_screen.gd:380)
       [11] run (res://.cache/flow_audit.gd:164)
       [12] frames (res://.cache/flow_audit.gd:21)
WARNING: Loaded resource as image file, this will not work on export: 'res://assets/enemies/bulwark/authored_yaw8_v1/W.png'. Instead, import the image file as an Image resource and load it normally as a resource.
   at: load_from_file (core/io/image.cpp:2780)
   GDScript backtrace (most recent call first):
       [0] _decode_view (res://scripts/animation/site7_machine_sprite.gd:127)
       [1] _read_view (res://scripts/animation/site7_machine_sprite.gd:155)
       [2] warm (res://scripts/animation/site7_machine_sprite.gd:71)
       [3] warm_art (res://scripts/actors/enemy_actor.gd:469)
       [4] _warm_enemy_art (res://scripts/missions/story_stage_01.gd:262)
       [5] _load_mission (res://scripts/missions/story_stage_01.gd:218)
       [6] _ready (res://scripts/missions/story_stage_01.gd:94)
       [7] _replace_view (res://scripts/core/game_flow.gd:160)
       [8] deploy_mission (res://scripts/core/game_flow.gd:114)
       [9] <anonymous lambda> (res://scripts/core/game_flow.gd:103)
       [10] debug_deploy (res://scripts/ui/briefing_screen.gd:380)
       [11] run (res://.cache/flow_audit.gd:164)
       [12] frames (res://.cache/flow_audit.gd:21)
WARNING: Loaded resource as image file, this will not work on export: 'res://assets/enemies/bulwark/authored_yaw8_v1/NW.png'. Instead, import the image file as an Image resource and load it normally as a resource.
   at: load_from_file (core/io/image.cpp:2780)
   GDScript backtrace (most recent call first):
       [0] _decode_view (res://scripts/animation/site7_machine_sprite.gd:127)
       [1] _read_view (res://scripts/animation/site7_machine_sprite.gd:155)
       [2] warm (res://scripts/animation/site7_machine_sprite.gd:71)
       [3] warm_art (res://scripts/actors/enemy_actor.gd:469)
       [4] _warm_enemy_art (res://scripts/missions/story_stage_01.gd:262)
       [5] _load_mission (res://scripts/missions/story_stage_01.gd:218)
       [6] _ready (res://scripts/missions/story_stage_01.gd:94)
       [7] _replace_view (res://scripts/core/game_flow.gd:160)
       [8] deploy_mission (res://scripts/core/game_flow.gd:114)
       [9] <anonymous lambda> (res://scripts/core/game_flow.gd:103)
       [10] debug_deploy (res://scripts/ui/briefing_screen.gd:380)
       [11] run (res://.cache/flow_audit.gd:164)
       [12] frames (res://.cache/flow_audit.gd:21)
WARNING: Loaded resource as image file, this will not work on export: 'res://assets/enemies/bulwark/authored_yaw8_v1/N.png'. Instead, import the image file as an Image resource and load it normally as a resource.
   at: load_from_file (core/io/image.cpp:2780)
   GDScript backtrace (most recent call first):
       [0] _decode_view (res://scripts/animation/site7_machine_sprite.gd:127)
       [1] _read_view (res://scripts/animation/site7_machine_sprite.gd:155)
       [2] warm (res://scripts/animation/site7_machine_sprite.gd:71)
       [3] warm_art (res://scripts/actors/enemy_actor.gd:469)
       [4] _warm_enemy_art (res://scripts/missions/story_stage_01.gd:262)
       [5] _load_mission (res://scripts/missions/story_stage_01.gd:218)
       [6] _ready (res://scripts/missions/story_stage_01.gd:94)
       [7] _replace_view (res://scripts/core/game_flow.gd:160)
       [8] deploy_mission (res://scripts/core/game_flow.gd:114)
       [9] <anonymous lambda> (res://scripts/core/game_flow.gd:103)
       [10] debug_deploy (res://scripts/ui/briefing_screen.gd:380)
       [11] run (res://.cache/flow_audit.gd:164)
       [12] frames (res://.cache/flow_audit.gd:21)
WARNING: Loaded resource as image file, this will not work on export: 'res://assets/enemies/bulwark/authored_yaw8_v1/NE.png'. Instead, import the image file as an Image resource and load it normally as a resource.
   at: load_from_file (core/io/image.cpp:2780)
   GDScript backtrace (most recent call first):
       [0] _decode_view (res://scripts/animation/site7_machine_sprite.gd:127)
       [1] _read_view (res://scripts/animation/site7_machine_sprite.gd:155)
       [2] warm (res://scripts/animation/site7_machine_sprite.gd:71)
       [3] warm_art (res://scripts/actors/enemy_actor.gd:469)
       [4] _warm_enemy_art (res://scripts/missions/story_stage_01.gd:262)
       [5] _load_mission (res://scripts/missions/story_stage_01.gd:218)
       [6] _ready (res://scripts/missions/story_stage_01.gd:94)
       [7] _replace_view (res://scripts/core/game_flow.gd:160)
       [8] deploy_mission (res://scripts/core/game_flow.gd:114)
       [9] <anonymous lambda> (res://scripts/core/game_flow.gd:103)
       [10] debug_deploy (res://scripts/ui/briefing_screen.gd:380)
       [11] run (res://.cache/flow_audit.gd:164)
       [12] frames (res://.cache/flow_audit.gd:21)
WARNING: Loaded resource as image file, this will not work on export: 'res://assets/enemies/signal_anchor_guardian/authored_core_v1/anchor.png'. Instead, import the image file as an Image resource and load it normally as a resource.
   at: load_from_file (core/io/image.cpp:2780)
   GDScript backtrace (most recent call first):
       [0] _decode_view (res://scripts/animation/site7_machine_sprite.gd:127)
       [1] _read_view (res://scripts/animation/site7_machine_sprite.gd:155)
       [2] warm (res://scripts/animation/site7_machine_sprite.gd:71)
       [3] warm_art (res://scripts/actors/enemy_actor.gd:469)
       [4] _warm_enemy_art (res://scripts/missions/story_stage_01.gd:262)
       [5] _load_mission (res://scripts/missions/story_stage_01.gd:218)
       [6] _ready (res://scripts/missions/story_stage_01.gd:94)
       [7] _replace_view (res://scripts/core/game_flow.gd:160)
       [8] deploy_mission (res://scripts/core/game_flow.gd:114)
       [9] <anonymous lambda> (res://scripts/core/game_flow.gd:103)
       [10] debug_deploy (res://scripts/ui/briefing_screen.gd:380)
       [11] run (res://.cache/flow_audit.gd:164)
       [12] frames (res://.cache/flow_audit.gd:21)
M7_RASTER_QUARANTINED identity=aster status=partial chunks=2 encoded=20000 present=15000 declared=94718
M7_RASTER_QUARANTINED identity=aster status=partial chunks=2 encoded=20000 present=15000 declared=94718
M7_RASTER_QUARANTINED identity=aster status=partial chunks=2 encoded=20000 present=15000 declared=94718
WARNING: Loaded resource as image file, this will not work on export: 'res://assets/enemies/cinder_ram/authored_yaw8_v1/E.png'. Instead, import the image file as an Image resource and load it normally as a resource.
WARNING: Loaded resource as image file, this will not work on export: 'res://assets/enemies/cinder_ram/authored_yaw8_v1/SE.png'. Instead, import the image file as an Image resource and load it normally as a resource.
   at: load_from_file (core/io/image.cpp:2780)
   at: load_from_file (core/io/image.cpp:2780)
   GDScript backtrace (most recent call first):
       [0] _decode_view (res://scripts/animation/site7_machine_sprite.gd:127)
       [1] prepare_view (res://scripts/animation/site7_machine_sprite.gd:103)
       [2] <anonymous lambda> (res://scripts/core/deploy_warmer.gd:62)
       [3] <anonymous lambda> (res://scripts/core/deploy_warmer.gd:145)
   GDScript backtrace (most recent call first):
       [0] _decode_view (res://scripts/animation/site7_machine_sprite.gd:127)
       [1] prepare_view (res://scripts/animation/site7_machine_sprite.gd:103)
       [2] <anonymous lambda> (res://scripts/core/deploy_warmer.gd:62)
       [3] <anonymous lambda> (res://scripts/core/deploy_warmer.gd:145)
WARNING: Loaded resource as image file, this will not work on export: 'res://assets/enemies/cinder_ram/authored_yaw8_v1/S.png'. Instead, import the image file as an Image resource and load it normally as a resource.
WARNING: Loaded resource as image file, this will not work on export: 'res://assets/enemies/cinder_ram/authored_yaw8_v1/SW.png'. Instead, import the image file as an Image resource and load it normally as a resource.
   at: load_from_file (core/io/image.cpp:2780)
   at: load_from_file (core/io/image.cpp:2780)
   GDScript backtrace (most recent call first):
       [0] _decode_view (res://scripts/animation/site7_machine_sprite.gd:127)
       [1] prepare_view (res://scripts/animation/site7_machine_sprite.gd:103)
       [2] <anonymous lambda> (res://scripts/core/deploy_warmer.gd:62)
       [3] <anonymous lambda> (res://scripts/core/deploy_warmer.gd:145)
   GDScript backtrace (most recent call first):
       [0] _decode_view (res://scripts/animation/site7_machine_sprite.gd:127)
       [1] prepare_view (res://scripts/animation/site7_machine_sprite.gd:103)
       [2] <anonymous lambda> (res://scripts/core/deploy_warmer.gd:62)
       [3] <anonymous lambda> (res://scripts/core/deploy_warmer.gd:145)
M7_RASTER_QUARANTINED identity=aster status=partial chunks=2 encoded=20000 present=15000 declared=94718
WARNING: Loaded resource as image file, this will not work on export: 'res://assets/enemies/cinder_ram/authored_yaw8_v1/W.png'. Instead, import the image file as an Image resource and load it normally as a resource.
WARNING: Loaded resource as image file, this will not work on export: 'res://assets/enemies/cinder_ram/authored_yaw8_v1/NW.png'. Instead, import the image file as an Image resource and load it normally as a resource.
   at: load_from_file (core/io/image.cpp:2780)
   at: load_from_file (core/io/image.cpp:2780)
   GDScript backtrace (most recent call first):
       [0] _decode_view (res://scripts/animation/site7_machine_sprite.gd:127)
       [1] prepare_view (res://scripts/animation/site7_machine_sprite.gd:103)
       [2] <anonymous lambda> (res://scripts/core/deploy_warmer.gd:62)
       [3] <anonymous lambda> (res://scripts/core/deploy_warmer.gd:145)
   GDScript backtrace (most recent call first):
       [0] _decode_view (res://scripts/animation/site7_machine_sprite.gd:127)
       [1] prepare_view (res://scripts/animation/site7_machine_sprite.gd:103)
       [2] <anonymous lambda> (res://scripts/core/deploy_warmer.gd:62)
       [3] <anonymous lambda> (res://scripts/core/deploy_warmer.gd:145)
WARNING: Loaded resource as image file, this will not work on export: 'res://assets/enemies/cinder_ram/authored_yaw8_v1/NE.png'. Instead, import the image file as an Image resource and load it normally as a resource.
WARNING: Loaded resource as image file, this will not work on export: 'res://assets/enemies/cinder_ram/authored_yaw8_v1/N.png'. Instead, import the image file as an Image resource and load it normally as a resource.
   at: load_from_file (core/io/image.cpp:2780)
   at: load_from_file (core/io/image.cpp:2780)
   GDScript backtrace (most recent call first):
       [0] _decode_view (res://scripts/animation/site7_machine_sprite.gd:127)
       [1] prepare_view (res://scripts/animation/site7_machine_sprite.gd:103)
       [2] <anonymous lambda> (res://scripts/core/deploy_warmer.gd:62)
       [3] <anonymous lambda> (res://scripts/core/deploy_warmer.gd:145)
   GDScript backtrace (most recent call first):
       [0] _decode_view (res://scripts/animation/site7_machine_sprite.gd:127)
       [1] prepare_view (res://scripts/animation/site7_machine_sprite.gd:103)
       [2] <anonymous lambda> (res://scripts/core/deploy_warmer.gd:62)
       [3] <anonymous lambda> (res://scripts/core/deploy_warmer.gd:145)
WARNING: Loaded resource as image file, this will not work on export: 'res://assets/enemies/stage2_relay_sentinel/authored_core_v1/RELAY_SENTINEL.png'. Instead, import the image file as an Image resource and load it normally as a resource.
   at: load_from_file (core/io/image.cpp:2780)
   GDScript backtrace (most recent call first):
       [0] _decode_view (res://scripts/animation/site7_machine_sprite.gd:127)
       [1] prepare_view (res://scripts/animation/site7_machine_sprite.gd:103)
       [2] <anonymous lambda> (res://scripts/core/deploy_warmer.gd:62)
       [3] <anonymous lambda> (res://scripts/core/deploy_warmer.gd:145)
M7_RASTER_QUARANTINED identity=aster status=partial chunks=2 encoded=20000 present=15000 declared=94718
M7_RASTER_QUARANTINED identity=aster status=partial chunks=2 encoded=20000 present=15000 declared=94718
M7_RASTER_QUARANTINED identity=aster status=partial chunks=2 encoded=20000 present=15000 declared=94718
WARNING: Loaded resource as image file, this will not work on export: 'res://assets/enemies/stage3_resonance_remnant/authored_core_v1/RESONANCE_REMNANT.png'. Instead, import the image file as an Image resource and load it normally as a resource.
WARNING: Loaded resource as image file, this will not work on export: 'res://assets/enemies/vesper_mortar/authored_core_v1/ANCHORED.png'. Instead, import the image file as an Image resource and load it normally as a resource.
   at: load_from_file (core/io/image.cpp:2780)
   at: load_from_file (core/io/image.cpp:2780)
   GDScript backtrace (most recent call first):
       [0] _decode_view (res://scripts/animation/site7_machine_sprite.gd:127)
       [1] prepare_view (res://scripts/animation/site7_machine_sprite.gd:103)
       [2] <anonymous lambda> (res://scripts/core/deploy_warmer.gd:62)
       [3] <anonymous lambda> (res://scripts/core/deploy_warmer.gd:145)
   GDScript backtrace (most recent call first):
       [0] _decode_view (res://scripts/animation/site7_machine_sprite.gd:127)
       [1] prepare_view (res://scripts/animation/site7_machine_sprite.gd:103)
       [2] <anonymous lambda> (res://scripts/core/deploy_warmer.gd:62)
       [3] <anonymous lambda> (res://scripts/core/deploy_warmer.gd:145)
M7_RASTER_QUARANTINED identity=aster status=partial chunks=2 encoded=20000 present=15000 declared=94718
M7_RASTER_QUARANTINED identity=aster status=partial chunks=2 encoded=20000 present=15000 declared=94718
M7_RASTER_QUARANTINED identity=aster status=partial chunks=2 encoded=20000 present=15000 declared=94718
M7_RASTER_QUARANTINED identity=aster status=partial chunks=2 encoded=20000 present=15000 declared=94718
WARNING: Loaded resource as image file, this will not work on export: 'res://assets/enemies/prism_skimmer/authored_yaw8_v1/E.png'. Instead, import the image file as an Image resource and load it normally as a resource.
   at: load_from_file (core/io/image.cpp:2780)
   GDScript backtrace (most recent call first):
       [0] _decode_view (res://scripts/animation/site7_machine_sprite.gd:127)
       [1] prepare_view (res://scripts/animation/site7_machine_sprite.gd:103)
       [2] <anonymous lambda> (res://scripts/core/deploy_warmer.gd:62)
       [3] <anonymous lambda> (res://scripts/core/deploy_warmer.gd:145)
WARNING: Loaded resource as image file, this will not work on export: 'res://assets/enemies/prism_skimmer/authored_yaw8_v1/SE.png'. Instead, import the image file as an Image resource and load it normally as a resource.
   at: load_from_file (core/io/image.cpp:2780)
   GDScript backtrace (most recent call first):
       [0] _decode_view (res://scripts/animation/site7_machine_sprite.gd:127)
       [1] prepare_view (res://scripts/animation/site7_machine_sprite.gd:103)
       [2] <anonymous lambda> (res://scripts/core/deploy_warmer.gd:62)
       [3] <anonymous lambda> (res://scripts/core/deploy_warmer.gd:145)
WARNING: Loaded resource as image file, this will not work on export: 'res://assets/enemies/prism_skimmer/authored_yaw8_v1/S.png'. Instead, import the image file as an Image resource and load it normally as a resource.
   at: load_from_file (core/io/image.cpp:2780)
   GDScript backtrace (most recent call first):
       [0] _decode_view (res://scripts/animation/site7_machine_sprite.gd:127)
       [1] prepare_view (res://scripts/animation/site7_machine_sprite.gd:103)
       [2] <anonymous lambda> (res://scripts/core/deploy_warmer.gd:62)
       [3] <anonymous lambda> (res://scripts/core/deploy_warmer.gd:145)
WARNING: Loaded resource as image file, this will not work on export: 'res://assets/enemies/prism_skimmer/authored_yaw8_v1/SW.png'. Instead, import the image file as an Image resource and load it normally as a resource.
   at: load_from_file (core/io/image.cpp:2780)
   GDScript backtrace (most recent call first):
       [0] _decode_view (res://scripts/animation/site7_machine_sprite.gd:127)
       [1] prepare_view (res://scripts/animation/site7_machine_sprite.gd:103)
       [2] <anonymous lambda> (res://scripts/core/deploy_warmer.gd:62)
       [3] <anonymous lambda> (res://scripts/core/deploy_warmer.gd:145)
M7_RASTER_QUARANTINED identity=aster status=partial chunks=2 encoded=20000 present=15000 declared=94718
WARNING: Loaded resource as image file, this will not work on export: 'res://assets/enemies/prism_skimmer/authored_yaw8_v1/NW.png'. Instead, import the image file as an Image resource and load it normally as a resource.
WARNING: Loaded resource as image file, this will not work on export: 'res://assets/enemies/prism_skimmer/authored_yaw8_v1/W.png'. Instead, import the image file as an Image resource and load it normally as a resource.
   at: load_from_file (core/io/image.cpp:2780)
   at: load_from_file (core/io/image.cpp:2780)
   GDScript backtrace (most recent call first):
       [0] _decode_view (res://scripts/animation/site7_machine_sprite.gd:127)
       [1] prepare_view (res://scripts/animation/site7_machine_sprite.gd:103)
       [2] <anonymous lambda> (res://scripts/core/deploy_warmer.gd:62)
       [3] <anonymous lambda> (res://scripts/core/deploy_warmer.gd:145)
   GDScript backtrace (most recent call first):
       [0] _decode_view (res://scripts/animation/site7_machine_sprite.gd:127)
       [1] prepare_view (res://scripts/animation/site7_machine_sprite.gd:103)
       [2] <anonymous lambda> (res://scripts/core/deploy_warmer.gd:62)
       [3] <anonymous lambda> (res://scripts/core/deploy_warmer.gd:145)
WARNING: Loaded resource as image file, this will not work on export: 'res://assets/enemies/prism_skimmer/authored_yaw8_v1/NE.png'. Instead, import the image file as an Image resource and load it normally as a resource.
WARNING: Loaded resource as image file, this will not work on export: 'res://assets/enemies/prism_skimmer/authored_yaw8_v1/N.png'. Instead, import the image file as an Image resource and load it normally as a resource.
   at: load_from_file (core/io/image.cpp:2780)
   at: load_from_file (core/io/image.cpp:2780)
   GDScript backtrace (most recent call first):
       [0] _decode_view (res://scripts/animation/site7_machine_sprite.gd:127)
       [1] prepare_view (res://scripts/animation/site7_machine_sprite.gd:103)
       [2] <anonymous lambda> (res://scripts/core/deploy_warmer.gd:62)
       [3] <anonymous lambda> (res://scripts/core/deploy_warmer.gd:145)
   GDScript backtrace (most recent call first):
       [0] _decode_view (res://scripts/animation/site7_machine_sprite.gd:127)
       [1] prepare_view (res://scripts/animation/site7_machine_sprite.gd:103)
       [2] <anonymous lambda> (res://scripts/core/deploy_warmer.gd:62)
       [3] <anonymous lambda> (res://scripts/core/deploy_warmer.gd:145)
WARNING: Loaded resource as image file, this will not work on export: 'res://assets/enemies/stage4_forge_warden/authored_core_v1/FORGE_WARDEN.png'. Instead, import the image file as an Image resource and load it normally as a resource.
   at: load_from_file (core/io/image.cpp:2780)
   GDScript backtrace (most recent call first):
       [0] _decode_view (res://scripts/animation/site7_machine_sprite.gd:127)
       [1] prepare_view (res://scripts/animation/site7_machine_sprite.gd:103)
       [2] <anonymous lambda> (res://scripts/core/deploy_warmer.gd:62)
       [3] <anonymous lambda> (res://scripts/core/deploy_warmer.gd:145)
M7_RASTER_QUARANTINED identity=aster status=partial chunks=2 encoded=20000 present=15000 declared=94718
M7_RASTER_QUARANTINED identity=aster status=partial chunks=2 encoded=20000 present=15000 declared=94718
M7_RASTER_QUARANTINED identity=aster status=partial chunks=2 encoded=20000 present=15000 declared=94718
WARNING: Loaded resource as image file, this will not work on export: 'res://assets/enemies/null_pylon/authored_core_v1/NULL_PYLON.png'. Instead, import the image file as an Image resource and load it normally as a resource.
   at: load_from_file (core/io/image.cpp:2780)
   GDScript backtrace (most recent call first):
       [0] _decode_view (res://scripts/animation/site7_machine_sprite.gd:127)
       [1] prepare_view (res://scripts/animation/site7_machine_sprite.gd:103)
       [2] <anonymous lambda> (res://scripts/core/deploy_warmer.gd:62)
       [3] <anonymous lambda> (res://scripts/core/deploy_warmer.gd:145)
WARNING: Loaded resource as image file, this will not work on export: 'res://assets/enemies/stage5_carrier_null/authored_core_v1/CARRIER_NULL.png'. Instead, import the image file as an Image resource and load it normally as a resource.
   at: load_from_file (core/io/image.cpp:2780)
   GDScript backtrace (most recent call first):
       [0] _decode_view (res://scripts/animation/site7_machine_sprite.gd:127)
       [1] prepare_view (res://scripts/animation/site7_machine_sprite.gd:103)
       [2] <anonymous lambda> (res://scripts/core/deploy_warmer.gd:62)
       [3] <anonymous lambda> (res://scripts/core/deploy_warmer.gd:145)
M7_RASTER_QUARANTINED identity=aster status=partial chunks=2 encoded=20000 present=15000 declared=94718
M7_RASTER_QUARANTINED identity=aster status=partial chunks=2 encoded=20000 present=15000 declared=94718
M7_RASTER_QUARANTINED identity=aster status=partial chunks=2 encoded=20000 present=15000 declared=94718
M7_RASTER_QUARANTINED identity=aster status=partial chunks=2 encoded=20000 present=15000 declared=94718
WARNING: Loaded resource as image file, this will not work on export: 'res://assets/enemies/stage6_aerator_tower/authored_core_v1/AERATOR_TOWER.png'. Instead, import the image file as an Image resource and load it normally as a resource.
   at: load_from_file (core/io/image.cpp:2780)
   GDScript backtrace (most recent call first):
       [0] _decode_view (res://scripts/animation/site7_machine_sprite.gd:127)
       [1] prepare_view (res://scripts/animation/site7_machine_sprite.gd:103)
       [2] <anonymous lambda> (res://scripts/core/deploy_warmer.gd:62)
       [3] <anonymous lambda> (res://scripts/core/deploy_warmer.gd:145)
M7_RASTER_QUARANTINED identity=aster status=partial chunks=2 encoded=20000 present=15000 declared=94718
M7_RASTER_QUARANTINED identity=aster status=partial chunks=2 encoded=20000 present=15000 declared=94718
M7_RASTER_QUARANTINED identity=aster status=partial chunks=2 encoded=20000 present=15000 declared=94718
M7_RASTER_QUARANTINED identity=aster status=partial chunks=2 encoded=20000 present=15000 declared=94718
WARNING: Loaded resource as image file, this will not work on export: 'res://assets/enemies/stage7_cryo_compressor/authored_core_v1/CRYO_COMPRESSOR.png'. Instead, import the image file as an Image resource and load it normally as a resource.
   at: load_from_file (core/io/image.cpp:2780)
   GDScript backtrace (most recent call first):
       [0] _decode_view (res://scripts/animation/site7_machine_sprite.gd:127)
       [1] prepare_view (res://scripts/animation/site7_machine_sprite.gd:103)
       [2] <anonymous lambda> (res://scripts/core/deploy_warmer.gd:62)
       [3] <anonymous lambda> (res://scripts/core/deploy_warmer.gd:145)
M7_RASTER_QUARANTINED identity=aster status=partial chunks=2 encoded=20000 present=15000 declared=94718
M7_RASTER_QUARANTINED identity=aster status=partial chunks=2 encoded=20000 present=15000 declared=94718
M7_RASTER_QUARANTINED identity=aster status=partial chunks=2 encoded=20000 present=15000 declared=94718
M7_RASTER_QUARANTINED identity=aster status=partial chunks=2 encoded=20000 present=15000 declared=94718
WARNING: Loaded resource as image file, this will not work on export: 'res://assets/enemies/stage8_signal_gantry/authored_core_v1/SIGNAL_GANTRY.png'. Instead, import the image file as an Image resource and load it normally as a resource.
   at: load_from_file (core/io/image.cpp:2780)
   GDScript backtrace (most recent call first):
       [0] _decode_view (res://scripts/animation/site7_machine_sprite.gd:127)
       [1] prepare_view (res://scripts/animation/site7_machine_sprite.gd:103)
       [2] <anonymous lambda> (res://scripts/core/deploy_warmer.gd:62)
       [3] <anonymous lambda> (res://scripts/core/deploy_warmer.gd:145)
M7_RASTER_QUARANTINED identity=aster status=partial chunks=2 encoded=20000 present=15000 declared=94718
M7_RASTER_QUARANTINED identity=aster status=partial chunks=2 encoded=20000 present=15000 declared=94718
M7_RASTER_QUARANTINED identity=aster status=partial chunks=2 encoded=20000 present=15000 declared=94718
M7_RASTER_QUARANTINED identity=aster status=partial chunks=2 encoded=20000 present=15000 declared=94718
WARNING: Loaded resource as image file, this will not work on export: 'res://assets/enemies/stage9_index_spire/authored_core_v1/INDEX_SPIRE.png'. Instead, import the image file as an Image resource and load it normally as a resource.
   at: load_from_file (core/io/image.cpp:2780)
   GDScript backtrace (most recent call first):
       [0] _decode_view (res://scripts/animation/site7_machine_sprite.gd:127)
       [1] prepare_view (res://scripts/animation/site7_machine_sprite.gd:103)
       [2] <anonymous lambda> (res://scripts/core/deploy_warmer.gd:62)
       [3] <anonymous lambda> (res://scripts/core/deploy_warmer.gd:145)
M7_RASTER_QUARANTINED identity=aster status=partial chunks=2 encoded=20000 present=15000 declared=94718
M7_RASTER_QUARANTINED identity=aster status=partial chunks=2 encoded=20000 present=15000 declared=94718
M7_RASTER_QUARANTINED identity=aster status=partial chunks=2 encoded=20000 present=15000 declared=94718
M7_RASTER_QUARANTINED identity=aster status=partial chunks=2 encoded=20000 present=15000 declared=94718
WARNING: Loaded resource as image file, this will not work on export: 'res://assets/enemies/stage10_origin_core/authored_core_v1/ORIGIN_CORE.png'. Instead, import the image file as an Image resource and load it normally as a resource.
   at: load_from_file (core/io/image.cpp:2780)
   GDScript backtrace (most recent call first):
       [0] _decode_view (res://scripts/animation/site7_machine_sprite.gd:127)
       [1] prepare_view (res://scripts/animation/site7_machine_sprite.gd:103)
       [2] <anonymous lambda> (res://scripts/core/deploy_warmer.gd:62)
       [3] <anonymous lambda> (res://scripts/core/deploy_warmer.gd:145)
M7_RASTER_QUARANTINED identity=aster status=partial chunks=2 encoded=20000 present=15000 declared=94718
M7_RASTER_QUARANTINED identity=aster status=partial chunks=2 encoded=20000 present=15000 declared=94718
M7_RASTER_QUARANTINED identity=aster status=partial chunks=2 encoded=20000 present=15000 declared=94718
M7_RASTER_QUARANTINED identity=aster status=partial chunks=2 encoded=20000 present=15000 declared=94718
M7_RASTER_QUARANTINED identity=aster status=partial chunks=2 encoded=20000 present=15000 declared=94718
M7_RASTER_QUARANTINED identity=aster status=partial chunks=2 encoded=20000 present=15000 declared=94718
M7_RASTER_QUARANTINED identity=aster status=partial chunks=2 encoded=20000 present=15000 declared=94718
M7_RASTER_QUARANTINED identity=aster status=partial chunks=2 encoded=20000 present=15000 declared=94718
M7_RASTER_QUARANTINED identity=aster status=partial chunks=2 encoded=20000 present=15000 declared=94718
M7_RASTER_QUARANTINED identity=aster status=partial chunks=2 encoded=20000 present=15000 declared=94718
FLOW_AUDIT: PASS (1473 checks, 0 failing)
