PLATE PASS S1_R01_GAME.png: luma 0.210 p10 0.163 p90 0.245 sat 0.02 hue 145 axis 25.9
PLATE PASS S1_R02_GAME.png: luma 0.212 p10 0.175 p90 0.246 sat 0.01 hue 147 axis 26.1
PLATE PASS S1_R03_GAME.png: luma 0.210 p10 0.152 p90 0.251 sat 0.03 hue 144 axis 26.2
PLATE PASS S1_R04_GAME.png: luma 0.210 p10 0.168 p90 0.243 sat 0.02 hue 135 axis 23.1
PLATE PASS S1_R05_GAME.png: luma 0.210 p10 0.151 p90 0.242 sat 0.05 hue 135 axis 24.2
PLATE PASS S1_R06_GAME.png: luma 0.210 p10 0.105 p90 0.266 sat 0.02 hue 165 axis 26.3
PLATE PASS S1_O01_GAME.png: luma 0.210 p10 0.162 p90 0.245 sat 0.03 hue 137 axis 24.7
PLATE PASS S1_O02_GAME.png: luma 0.210 p10 0.162 p90 0.245 sat 0.03 hue 141 axis 24.7
PLATE PASS S1_C01_GAME.png: luma 0.210 p10 0.163 p90 0.245 sat 0.01 hue 144 axis 27.2
PLATE PASS S1_C02_GAME.png: luma 0.210 p10 0.165 p90 0.243 sat 0.01 hue 160 axis 26.2
PLATE PASS S1_C03_GAME.png: luma 0.210 p10 0.157 p90 0.253 sat 0.01 hue -24 axis 26.2
PLATE PASS S1_C04_GAME.png: luma 0.210 p10 0.158 p90 0.247 sat 0.03 hue 130 axis 26.2
PLATE PASS S1_C05_GAME.png: luma 0.209 p10 0.163 p90 0.245 sat 0.01 hue 131 axis 26.2
PLATE PASS S1_C06_GAME.png: luma 0.209 p10 0.162 p90 0.245 sat 0.00 hue 11 axis 28.8
PLATE PASS S1_C07_GAME.png: luma 0.210 p10 0.173 p90 0.242 sat 0.01 hue 130 axis 28.1
SEAM PASS MIS_CH01_01 C0 -> R01_ENTRY
SEAM PASS MIS_CH01_01 C0 -> R02_CORRIDOR
SEAM PASS MIS_CH01_01 C1 -> R02_CORRIDOR
SEAM PASS MIS_CH01_01 C1 -> R03_ARCHIVE
SEAM PASS MIS_CH01_01 C2 -> R03_ARCHIVE
SEAM PASS MIS_CH01_01 C2 -> R04_CONTAINMENT
SEAM PASS MIS_CH01_01 C3 -> R04_CONTAINMENT
SEAM PASS MIS_CH01_01 C3 -> R05_CORE
SEAM PASS MIS_CH01_01 C4 -> R05_CORE
SEAM PASS MIS_CH01_01 C4 -> R06_EXTRACTION
SEAM PASS MIS_CH01_01 C5 -> R03_ARCHIVE
SEAM PASS MIS_CH01_01 C5 -> O01_SUPPLY
SEAM PASS MIS_CH01_01 C6 -> R04_CONTAINMENT
SEAM PASS MIS_CH01_01 C6 -> O02_RESEARCH
PLATE PASS S2_R01_GAME.png: luma 0.210 p10 0.156 p90 0.249 sat 0.03 hue 146 axis 25.9
PLATE PASS S2_R02_GAME.png: luma 0.210 p10 0.143 p90 0.248 sat 0.03 hue 150 axis 24.0
PLATE PASS S2_R03_GAME.png: luma 0.210 p10 0.145 p90 0.250 sat 0.03 hue 144 axis 26.2
PLATE PASS S2_R04_GAME.png: luma 0.210 p10 0.140 p90 0.251 sat 0.07 hue 137 axis 26.2
PLATE PASS S2_R05_GAME.png: luma 0.206 p10 0.150 p90 0.235 sat 0.08 hue 140 axis 24.0
PLATE PASS S2_R06_GAME.png: luma 0.210 p10 0.171 p90 0.252 sat 0.04 hue 141 axis 27.4
PLATE PASS S2_O01_GAME.png: luma 0.210 p10 0.145 p90 0.252 sat 0.05 hue 137 axis 23.8
PLATE PASS S2_O02_GAME.png: luma 0.210 p10 0.176 p90 0.239 sat 0.03 hue 140 axis 23.8
PLATE PASS S2_C01_GAME.png: luma 0.210 p10 0.160 p90 0.245 sat 0.02 hue 150 axis 27.2
PLATE PASS S2_C02_GAME.png: luma 0.210 p10 0.153 p90 0.250 sat 0.01 hue 160 axis 26.2
PLATE PASS S2_C03_GAME.png: luma 0.210 p10 0.151 p90 0.256 sat 0.01 hue 145 axis 26.2
PLATE PASS S2_C04_GAME.png: luma 0.210 p10 0.149 p90 0.249 sat 0.02 hue 131 axis 26.2
PLATE PASS S2_C05_GAME.png: luma 0.210 p10 0.137 p90 0.249 sat 0.01 hue 136 axis 26.2
PLATE PASS S2_C06_GAME.png: luma 0.210 p10 0.160 p90 0.243 sat 0.01 hue 133 axis 28.8
PLATE PASS S2_C07_GAME.png: luma 0.210 p10 0.176 p90 0.238 sat 0.02 hue 139 axis 28.1
SEAM PASS MIS_CH01_02 C0 -> R01_REENTRY
SEAM PASS MIS_CH01_02 C0 -> R02_MAINTENANCE
SEAM PASS MIS_CH01_02 C1 -> R02_MAINTENANCE
SEAM PASS MIS_CH01_02 C1 -> R03_RELAY_ARCHIVE
SEAM PASS MIS_CH01_02 C2 -> R03_RELAY_ARCHIVE
SEAM PASS MIS_CH01_02 C2 -> R04_QUARANTINE
SEAM PASS MIS_CH01_02 C3 -> R04_QUARANTINE
SEAM PASS MIS_CH01_02 C3 -> R05_RELAY
SEAM PASS MIS_CH01_02 C4 -> R05_RELAY
SEAM PASS MIS_CH01_02 C4 -> R06_EVAC
SEAM PASS MIS_CH01_02 C5 -> R03_RELAY_ARCHIVE
SEAM PASS MIS_CH01_02 C5 -> O01_SUPPLY
SEAM PASS MIS_CH01_02 C6 -> R04_QUARANTINE
SEAM PASS MIS_CH01_02 C6 -> O02_RESEARCH
PLATE PASS S3_R01_GAME.png: luma 0.210 p10 0.162 p90 0.245 sat 0.04 hue 140 axis 25.8
PLATE PASS S3_R02_GAME.png: luma 0.210 p10 0.149 p90 0.252 sat 0.02 hue 142 axis 25.9
PLATE PASS S3_R03_GAME.png: luma 0.210 p10 0.153 p90 0.248 sat 0.06 hue 139 axis 25.8
PLATE PASS S3_R04_GAME.png: luma 0.210 p10 0.149 p90 0.248 sat 0.04 hue 144 axis 22.7
PLATE PASS S3_R05_GAME.png: luma 0.206 p10 0.134 p90 0.240 sat 0.07 hue 144 axis 25.7
PLATE PASS S3_R06_GAME.png: luma 0.210 p10 0.168 p90 0.252 sat 0.04 hue 148 axis 27.4
PLATE PASS S3_O01_GAME.png: luma 0.210 p10 0.145 p90 0.245 sat 0.05 hue 138 axis 24.8
PLATE PASS S3_O02_GAME.png: luma 0.210 p10 0.131 p90 0.245 sat 0.04 hue 140 axis 24.8
PLATE PASS S3_C01_GAME.png: luma 0.209 p10 0.185 p90 0.238 sat 0.00 hue 110 axis 23.7
PLATE PASS S3_C02_GAME.png: luma 0.209 p10 0.186 p90 0.236 sat 0.01 hue 23 axis 23.7
PLATE PASS S3_C03_GAME.png: luma 0.209 p10 0.188 p90 0.235 sat 0.02 hue 142 axis 23.7
PLATE PASS S3_C04_GAME.png: luma 0.210 p10 0.181 p90 0.240 sat 0.01 hue 111 axis 23.7
PLATE PASS S3_C05_GAME.png: luma 0.210 p10 0.184 p90 0.240 sat 0.01 hue 21 axis 23.7
PLATE PASS S3_C06_GAME.png: luma 0.210 p10 0.169 p90 0.251 sat 0.01 hue 141 axis 28.6
PLATE PASS S3_C07_GAME.png: luma 0.210 p10 0.134 p90 0.243 sat 0.00 hue 98 axis 28.2
SEAM PASS MIS_CH01_03 C0 -> R01_BREACH
SEAM PASS MIS_CH01_03 C0 -> R02_DEFENSE
SEAM PASS MIS_CH01_03 C1 -> R02_DEFENSE
SEAM PASS MIS_CH01_03 C1 -> R03_TRACE
SEAM PASS MIS_CH01_03 C2 -> R03_TRACE
SEAM PASS MIS_CH01_03 C2 -> R04_BULKHEAD
SEAM PASS MIS_CH01_03 C3 -> R04_BULKHEAD
SEAM PASS MIS_CH01_03 C3 -> R05_ANCHOR
SEAM PASS MIS_CH01_03 C4 -> R05_ANCHOR
SEAM PASS MIS_CH01_03 C4 -> R06_ESCAPE
SEAM PASS MIS_CH01_03 C5 -> R03_TRACE
SEAM PASS MIS_CH01_03 C5 -> O01_SUPPLY
SEAM PASS MIS_CH01_03 C6 -> R05_ANCHOR
SEAM PASS MIS_CH01_03 C6 -> O02_RESEARCH
PLATE PASS S4_R01_GAME.png: luma 0.197 p10 0.145 p90 0.240 sat 0.05 hue 145 axis 27.4
PLATE PASS S4_R02_GAME.png: luma 0.199 p10 0.148 p90 0.231 sat 0.07 hue 143 axis 22.8
PLATE PASS S4_R03_GAME.png: luma 0.191 p10 0.131 p90 0.224 sat 0.06 hue 141 axis 25.8
PLATE PASS S4_R04_GAME.png: luma 0.197 p10 0.145 p90 0.248 sat 0.01 hue 154 axis 25.9
PLATE PASS S4_R05_GAME.png: luma 0.215 p10 0.175 p90 0.249 sat 0.08 hue 137 axis 25.2
PLATE PASS S4_R06_GAME.png: luma 0.190 p10 0.155 p90 0.216 sat 0.07 hue 142 axis 24.5
PLATE PASS S4_O01_GAME.png: luma 0.185 p10 0.107 p90 0.220 sat 0.03 hue 148 axis 24.8
PLATE PASS S4_O02_GAME.png: luma 0.189 p10 0.147 p90 0.217 sat 0.08 hue 144 axis 24.8
PLATE PASS S4_C01_GAME.png: luma 0.195 p10 0.173 p90 0.227 sat 0.04 hue 140 axis 23.7
PLATE PASS S4_C02_GAME.png: luma 0.204 p10 0.176 p90 0.239 sat 0.06 hue 132 axis 23.7
PLATE PASS S4_C03_GAME.png: luma 0.205 p10 0.183 p90 0.230 sat 0.01 hue 126 axis 23.7
PLATE PASS S4_C04_GAME.png: luma 0.205 p10 0.178 p90 0.236 sat 0.03 hue 133 axis 23.7
PLATE PASS S4_C05_GAME.png: luma 0.205 p10 0.183 p90 0.233 sat 0.04 hue 136 axis 23.7
PLATE PASS S4_C06_GAME.png: luma 0.205 p10 0.124 p90 0.246 sat 0.02 hue 151 axis 28.6
PLATE PASS S4_C07_GAME.png: luma 0.205 p10 0.115 p90 0.242 sat 0.05 hue 137 axis 28.2
SEAM PASS MIS_CH01_04 C0 -> R01_ENTRY
SEAM PASS MIS_CH01_04 C0 -> R02_GATE
SEAM PASS MIS_CH01_04 C1 -> R02_GATE
SEAM PASS MIS_CH01_04 C1 -> R03_TRACE
SEAM PASS MIS_CH01_04 C2 -> R03_TRACE
SEAM PASS MIS_CH01_04 C2 -> R04_LINE
SEAM PASS MIS_CH01_04 C3 -> R04_LINE
SEAM PASS MIS_CH01_04 C3 -> R05_WARDEN
SEAM PASS MIS_CH01_04 C4 -> R05_WARDEN
SEAM PASS MIS_CH01_04 C4 -> R06_ESCAPE
SEAM PASS MIS_CH01_04 C5 -> R03_TRACE
SEAM PASS MIS_CH01_04 C5 -> O01_SUPPLY
SEAM PASS MIS_CH01_04 C6 -> R04_LINE
SEAM PASS MIS_CH01_04 C6 -> O02_RESEARCH
PLATE PASS S5_R01_GAME.png: luma 0.191 p10 0.161 p90 0.226 sat 0.05 hue 140 axis 24.5
PLATE PASS S5_R02_GAME.png: luma 0.197 p10 0.123 p90 0.243 sat 0.06 hue 144 axis 25.8
PLATE PASS S5_R03_GAME.png: luma 0.220 p10 0.163 p90 0.262 sat 0.07 hue 136 axis 25.2
PLATE PASS S5_R04_GAME.png: luma 0.192 p10 0.131 p90 0.235 sat 0.04 hue 143 axis 25.2
PLATE PASS S5_R05_GAME.png: luma 0.199 p10 0.078 p90 0.282 sat 0.04 hue 138 axis 28.3
PLATE PASS S5_R06_GAME.png: luma 0.199 p10 0.128 p90 0.251 sat 0.05 hue 145 axis 27.4
PLATE PASS S5_O01_GAME.png: luma 0.190 p10 0.136 p90 0.219 sat 0.07 hue 139 axis 24.8
PLATE PASS S5_O02_GAME.png: luma 0.186 p10 0.126 p90 0.215 sat 0.05 hue 144 axis 24.8
PLATE PASS S5_C01_GAME.png: luma 0.204 p10 0.176 p90 0.241 sat 0.01 hue 124 axis 23.7
PLATE PASS S5_C02_GAME.png: luma 0.204 p10 0.187 p90 0.225 sat 0.01 hue 113 axis 23.7
PLATE PASS S5_C03_GAME.png: luma 0.205 p10 0.180 p90 0.236 sat 0.02 hue 136 axis 23.7
PLATE PASS S5_C04_GAME.png: luma 0.204 p10 0.172 p90 0.243 sat 0.02 hue 124 axis 23.7
PLATE PASS S5_C05_GAME.png: luma 0.187 p10 0.156 p90 0.233 sat 0.02 hue 137 axis 23.7
PLATE PASS S5_C06_GAME.png: luma 0.205 p10 0.107 p90 0.259 sat 0.05 hue 140 axis 28.6
PLATE PASS S5_C07_GAME.png: luma 0.205 p10 0.094 p90 0.253 sat 0.04 hue 147 axis 28.2
SEAM PASS MIS_CH01_05 C0 -> R01_ENTRY
SEAM PASS MIS_CH01_05 C0 -> R02_DEFENSE
SEAM PASS MIS_CH01_05 C1 -> R02_DEFENSE
SEAM PASS MIS_CH01_05 C1 -> R03_TRACE
SEAM PASS MIS_CH01_05 C2 -> R03_TRACE
SEAM PASS MIS_CH01_05 C2 -> R04_ARRAY
SEAM PASS MIS_CH01_05 C3 -> R04_ARRAY
SEAM PASS MIS_CH01_05 C3 -> R05_CARRIER
SEAM PASS MIS_CH01_05 C4 -> R05_CARRIER
SEAM PASS MIS_CH01_05 C4 -> R06_ESCAPE
SEAM PASS MIS_CH01_05 C5 -> R02_DEFENSE
SEAM PASS MIS_CH01_05 C5 -> O01_SUPPLY
SEAM PASS MIS_CH01_05 C6 -> R04_ARRAY
SEAM PASS MIS_CH01_05 C6 -> O02_RESEARCH
PLATE PASS S6_R01_GAME.png: luma 0.196 p10 0.143 p90 0.238 sat 0.05 hue 146 axis 25.3
PLATE PASS S6_R02_GAME.png: luma 0.204 p10 0.171 p90 0.244 sat 0.02 hue 152 axis 25.2
PLATE PASS S6_R03_GAME.png: luma 0.198 p10 0.151 p90 0.237 sat 0.06 hue 142 axis 25.8
PLATE PASS S6_R04_GAME.png: luma 0.203 p10 0.165 p90 0.249 sat 0.04 hue 143 axis 25.2
PLATE PASS S6_R05_GAME.png: luma 0.202 p10 0.161 p90 0.246 sat 0.13 hue 144 axis 25.2
PLATE PASS S6_R06_GAME.png: luma 0.198 p10 0.098 p90 0.265 sat 0.06 hue 150 axis 27.4
PLATE PASS S6_O01_GAME.png: luma 0.201 p10 0.154 p90 0.243 sat 0.03 hue 147 axis 24.8
PLATE PASS S6_O02_GAME.png: luma 0.200 p10 0.147 p90 0.233 sat 0.04 hue 146 axis 24.8
PLATE PASS S6_C01_GAME.png: luma 0.198 p10 0.169 p90 0.242 sat 0.02 hue 151 axis 23.7
PLATE PASS S6_C02_GAME.png: luma 0.210 p10 0.184 p90 0.243 sat 0.00 hue -169 axis 23.7
PLATE PASS S6_C03_GAME.png: luma 0.204 p10 0.182 p90 0.233 sat 0.01 hue 105 axis 23.7
PLATE PASS S6_C04_GAME.png: luma 0.205 p10 0.181 p90 0.231 sat 0.04 hue 150 axis 23.7
PLATE PASS S6_C05_GAME.png: luma 0.212 p10 0.185 p90 0.262 sat 0.02 hue 140 axis 23.7
PLATE PASS S6_C06_GAME.png: luma 0.193 p10 0.151 p90 0.242 sat 0.03 hue 140 axis 28.6
PLATE PASS S6_C07_GAME.png: luma 0.206 p10 0.133 p90 0.270 sat 0.00 hue -119 axis 28.2
SEAM PASS MIS_CH01_06 C0 -> R01_AIRLOCK
SEAM PASS MIS_CH01_06 C0 -> R02_GALLERY
SEAM PASS MIS_CH01_06 C1 -> R02_GALLERY
SEAM PASS MIS_CH01_06 C1 -> R03_LAB
SEAM PASS MIS_CH01_06 C2 -> R03_LAB
SEAM PASS MIS_CH01_06 C2 -> R04_PUMPS
SEAM PASS MIS_CH01_06 C3 -> R04_PUMPS
SEAM PASS MIS_CH01_06 C3 -> R05_ATRIUM
SEAM PASS MIS_CH01_06 C4 -> R05_ATRIUM
SEAM PASS MIS_CH01_06 C4 -> R06_LIFT
SEAM PASS MIS_CH01_06 C5 -> R01_AIRLOCK
SEAM PASS MIS_CH01_06 C5 -> O01_STORES
SEAM PASS MIS_CH01_06 C6 -> R03_LAB
SEAM PASS MIS_CH01_06 C6 -> O02_NURSERY
PLATE PASS S7_R01_GAME.png: luma 0.189 p10 0.102 p90 0.228 sat 0.04 hue 140 axis 27.4
PLATE PASS S7_R02_GAME.png: luma 0.198 p10 0.138 p90 0.243 sat 0.01 hue 147 axis 25.8
PLATE PASS S7_R03_GAME.png: luma 0.198 p10 0.158 p90 0.238 sat 0.03 hue 143 axis 25.2
PLATE PASS S7_R04_GAME.png: luma 0.192 p10 0.118 p90 0.236 sat 0.01 hue 130 axis 22.7
PLATE PASS S7_R05_GAME.png: luma 0.197 p10 0.143 p90 0.241 sat 0.05 hue 143 axis 25.8
PLATE PASS S7_R06_GAME.png: luma 0.202 p10 0.126 p90 0.254 sat 0.01 hue 130 axis 24.5
PLATE PASS S7_O01_GAME.png: luma 0.198 p10 0.160 p90 0.240 sat 0.02 hue 148 axis 24.8
PLATE PASS S7_O02_GAME.png: luma 0.190 p10 0.117 p90 0.222 sat 0.06 hue 147 axis 24.8
PLATE PASS S7_C01_GAME.png: luma 0.206 p10 0.176 p90 0.255 sat 0.01 hue -1 axis 23.7
PLATE PASS S7_C02_GAME.png: luma 0.202 p10 0.175 p90 0.240 sat 0.02 hue 57 axis 23.7
PLATE PASS S7_C03_GAME.png: luma 0.207 p10 0.184 p90 0.236 sat 0.01 hue -25 axis 23.7
PLATE PASS S7_C04_GAME.png: luma 0.222 p10 0.189 p90 0.271 sat 0.02 hue 139 axis 23.7
PLATE PASS S7_C05_GAME.png: luma 0.212 p10 0.177 p90 0.258 sat 0.02 hue 129 axis 23.7
PLATE PASS S7_C06_GAME.png: luma 0.199 p10 0.147 p90 0.243 sat 0.04 hue 142 axis 28.6
PLATE PASS S7_C07_GAME.png: luma 0.200 p10 0.134 p90 0.239 sat 0.01 hue 103 axis 28.2
SEAM PASS MIS_CH01_07 C0 -> R01_INTAKE
SEAM PASS MIS_CH01_07 C0 -> R02_FREEZE
SEAM PASS MIS_CH01_07 C1 -> R02_FREEZE
SEAM PASS MIS_CH01_07 C1 -> R03_LEDGER
SEAM PASS MIS_CH01_07 C2 -> R03_LEDGER
SEAM PASS MIS_CH01_07 C2 -> R04_COMPRESSORS
SEAM PASS MIS_CH01_07 C3 -> R04_COMPRESSORS
SEAM PASS MIS_CH01_07 C3 -> R05_VAULT
SEAM PASS MIS_CH01_07 C4 -> R05_VAULT
SEAM PASS MIS_CH01_07 C4 -> R06_LOCK
SEAM PASS MIS_CH01_07 C5 -> R02_FREEZE
SEAM PASS MIS_CH01_07 C5 -> O01_REAGENTS
SEAM PASS MIS_CH01_07 C6 -> R05_VAULT
SEAM PASS MIS_CH01_07 C6 -> O02_RECORDER
PLATE PASS S8_R01_GAME.png: luma 0.199 p10 0.155 p90 0.239 sat 0.08 hue 145 axis 24.1
PLATE PASS S8_R02_GAME.png: luma 0.203 p10 0.151 p90 0.252 sat 0.01 hue 133 axis 22.8
PLATE PASS S8_R03_GAME.png: luma 0.195 p10 0.145 p90 0.239 sat 0.10 hue 141 axis 23.6
PLATE PASS S8_R04_GAME.png: luma 0.204 p10 0.161 p90 0.254 sat 0.09 hue 135 axis 23.3
PLATE PASS S8_R05_GAME.png: luma 0.212 p10 0.170 p90 0.269 sat 0.07 hue 147 axis 24.2
PLATE PASS S8_R06_GAME.png: luma 0.200 p10 0.145 p90 0.257 sat 0.07 hue 147 axis 25.6
PLATE PASS S8_O01_GAME.png: luma 0.209 p10 0.172 p90 0.255 sat 0.12 hue 140 axis 25.2
PLATE PASS S8_O02_GAME.png: luma 0.180 p10 0.111 p90 0.241 sat 0.07 hue 142 axis 25.6
PLATE PASS S8_C01_GAME.png: luma 0.204 p10 0.170 p90 0.243 sat 0.08 hue 148 axis 24.2
PLATE PASS S8_C02_GAME.png: luma 0.195 p10 0.158 p90 0.246 sat 0.08 hue 144 axis 22.7
PLATE PASS S8_C03_GAME.png: luma 0.206 p10 0.173 p90 0.243 sat 0.12 hue 146 axis 24.5
PLATE PASS S8_C04_GAME.png: luma 0.220 p10 0.163 p90 0.289 sat 0.13 hue 138 axis 23.1
PLATE PASS S8_C05_GAME.png: luma 0.197 p10 0.161 p90 0.243 sat 0.09 hue 151 axis 23.0
PLATE PASS S8_C06_GAME.png: luma 0.196 p10 0.123 p90 0.245 sat 0.12 hue 146 axis 30.9
PLATE PASS S8_C07_GAME.png: luma 0.199 p10 0.139 p90 0.238 sat 0.07 hue 146 axis 31.4
SEAM WAIVED MIS_CH01_08 C0 -> R01_GATE | waived: saturation 0.07 vs 0.15 | with the seam light: step +0.04, saturation ratio 1.41
SEAM PASS MIS_CH01_08 C0 -> R02_MARSHALLING
SEAM PASS MIS_CH01_08 C1 -> R02_MARSHALLING
SEAM PASS MIS_CH01_08 C1 -> R03_TOWER
SEAM PASS MIS_CH01_08 C2 -> R03_TOWER
SEAM WAIVED MIS_CH01_08 C2 -> R04_JUNCTION | waived: saturation 0.17 vs 0.07 | with the seam light: step -0.00, saturation ratio 1.28
SEAM PASS MIS_CH01_08 C3 -> R04_JUNCTION
SEAM PASS MIS_CH01_08 C3 -> R05_TERMINAL
SEAM WAIVED MIS_CH01_08 C4 -> R05_TERMINAL | waived: brightness step -0.36 stops; saturation 0.21 vs 0.10 | with the seam light: step -0.01, saturation ratio 1.27
SEAM PASS MIS_CH01_08 C4 -> R06_PLATFORM
SEAM PASS MIS_CH01_08 C5 -> R04_JUNCTION
SEAM PASS MIS_CH01_08 C5 -> O01_DEPOT
SEAM PASS MIS_CH01_08 C6 -> R05_TERMINAL
SEAM PASS MIS_CH01_08 C6 -> O02_DISPATCH
SITE7_PLATE_LIGHTING PASS (0 plates/seams off target, 3 seams waived)
