Godot Engine v4.7.1.stable.official.a13da4feb - https://godotengine.org

WARNING: Loaded resource as image file, this will not work on export: 'res://assets/enemies/null_pylon/authored_core_v1/NULL_PYLON.png'. Instead, import the image file as an Image resource and load it normally as a resource.
   at: load_from_file (core/io/image.cpp:2780)
   GDScript backtrace (most recent call first):
       [0] _decode_view (res://scripts/animation/site7_machine_sprite.gd:127)
       [1] _read_view (res://scripts/animation/site7_machine_sprite.gd:155)
       [2] warm (res://scripts/animation/site7_machine_sprite.gd:71)
       [3] warm_art (res://scripts/actors/enemy_actor.gd:469)
       [4] _warm_enemy_art (res://scripts/missions/story_stage_01.gd:262)
       [5] _load_mission (res://scripts/missions/story_stage_01.gd:218)
       [6] _ready (res://scripts/missions/story_stage_01.gd:94)
       [7] run (res://tests/smoke/site7_full_operation_smoke.gd:137)
WARNING: Loaded resource as image file, this will not work on export: 'res://assets/enemies/vesper_mortar/authored_core_v1/ANCHORED.png'. Instead, import the image file as an Image resource and load it normally as a resource.
   at: load_from_file (core/io/image.cpp:2780)
   GDScript backtrace (most recent call first):
       [0] _decode_view (res://scripts/animation/site7_machine_sprite.gd:127)
       [1] _read_view (res://scripts/animation/site7_machine_sprite.gd:155)
       [2] warm (res://scripts/animation/site7_machine_sprite.gd:71)
       [3] warm_art (res://scripts/actors/enemy_actor.gd:469)
       [4] _warm_enemy_art (res://scripts/missions/story_stage_01.gd:262)
       [5] _load_mission (res://scripts/missions/story_stage_01.gd:218)
       [6] _ready (res://scripts/missions/story_stage_01.gd:94)
       [7] run (res://tests/smoke/site7_full_operation_smoke.gd:137)
WARNING: Loaded resource as image file, this will not work on export: 'res://assets/enemies/prism_skimmer/authored_yaw8_v1/E.png'. Instead, import the image file as an Image resource and load it normally as a resource.
   at: load_from_file (core/io/image.cpp:2780)
   GDScript backtrace (most recent call first):
       [0] _decode_view (res://scripts/animation/site7_machine_sprite.gd:127)
       [1] _read_view (res://scripts/animation/site7_machine_sprite.gd:155)
       [2] warm (res://scripts/animation/site7_machine_sprite.gd:71)
       [3] warm_art (res://scripts/actors/enemy_actor.gd:469)
       [4] _warm_enemy_art (res://scripts/missions/story_stage_01.gd:262)
       [5] _load_mission (res://scripts/missions/story_stage_01.gd:218)
       [6] _ready (res://scripts/missions/story_stage_01.gd:94)
       [7] run (res://tests/smoke/site7_full_operation_smoke.gd:137)
WARNING: Loaded resource as image file, this will not work on export: 'res://assets/enemies/prism_skimmer/authored_yaw8_v1/SE.png'. Instead, import the image file as an Image resource and load it normally as a resource.
   at: load_from_file (core/io/image.cpp:2780)
   GDScript backtrace (most recent call first):
       [0] _decode_view (res://scripts/animation/site7_machine_sprite.gd:127)
       [1] _read_view (res://scripts/animation/site7_machine_sprite.gd:155)
       [2] warm (res://scripts/animation/site7_machine_sprite.gd:71)
       [3] warm_art (res://scripts/actors/enemy_actor.gd:469)
       [4] _warm_enemy_art (res://scripts/missions/story_stage_01.gd:262)
       [5] _load_mission (res://scripts/missions/story_stage_01.gd:218)
       [6] _ready (res://scripts/missions/story_stage_01.gd:94)
       [7] run (res://tests/smoke/site7_full_operation_smoke.gd:137)
WARNING: Loaded resource as image file, this will not work on export: 'res://assets/enemies/prism_skimmer/authored_yaw8_v1/S.png'. Instead, import the image file as an Image resource and load it normally as a resource.
   at: load_from_file (core/io/image.cpp:2780)
   GDScript backtrace (most recent call first):
       [0] _decode_view (res://scripts/animation/site7_machine_sprite.gd:127)
       [1] _read_view (res://scripts/animation/site7_machine_sprite.gd:155)
       [2] warm (res://scripts/animation/site7_machine_sprite.gd:71)
       [3] warm_art (res://scripts/actors/enemy_actor.gd:469)
       [4] _warm_enemy_art (res://scripts/missions/story_stage_01.gd:262)
       [5] _load_mission (res://scripts/missions/story_stage_01.gd:218)
       [6] _ready (res://scripts/missions/story_stage_01.gd:94)
       [7] run (res://tests/smoke/site7_full_operation_smoke.gd:137)
WARNING: Loaded resource as image file, this will not work on export: 'res://assets/enemies/prism_skimmer/authored_yaw8_v1/SW.png'. Instead, import the image file as an Image resource and load it normally as a resource.
   at: load_from_file (core/io/image.cpp:2780)
   GDScript backtrace (most recent call first):
       [0] _decode_view (res://scripts/animation/site7_machine_sprite.gd:127)
       [1] _read_view (res://scripts/animation/site7_machine_sprite.gd:155)
       [2] warm (res://scripts/animation/site7_machine_sprite.gd:71)
       [3] warm_art (res://scripts/actors/enemy_actor.gd:469)
       [4] _warm_enemy_art (res://scripts/missions/story_stage_01.gd:262)
       [5] _load_mission (res://scripts/missions/story_stage_01.gd:218)
       [6] _ready (res://scripts/missions/story_stage_01.gd:94)
       [7] run (res://tests/smoke/site7_full_operation_smoke.gd:137)
WARNING: Loaded resource as image file, this will not work on export: 'res://assets/enemies/prism_skimmer/authored_yaw8_v1/W.png'. Instead, import the image file as an Image resource and load it normally as a resource.
   at: load_from_file (core/io/image.cpp:2780)
   GDScript backtrace (most recent call first):
       [0] _decode_view (res://scripts/animation/site7_machine_sprite.gd:127)
       [1] _read_view (res://scripts/animation/site7_machine_sprite.gd:155)
       [2] warm (res://scripts/animation/site7_machine_sprite.gd:71)
       [3] warm_art (res://scripts/actors/enemy_actor.gd:469)
       [4] _warm_enemy_art (res://scripts/missions/story_stage_01.gd:262)
       [5] _load_mission (res://scripts/missions/story_stage_01.gd:218)
       [6] _ready (res://scripts/missions/story_stage_01.gd:94)
       [7] run (res://tests/smoke/site7_full_operation_smoke.gd:137)
WARNING: Loaded resource as image file, this will not work on export: 'res://assets/enemies/prism_skimmer/authored_yaw8_v1/NW.png'. Instead, import the image file as an Image resource and load it normally as a resource.
   at: load_from_file (core/io/image.cpp:2780)
   GDScript backtrace (most recent call first):
       [0] _decode_view (res://scripts/animation/site7_machine_sprite.gd:127)
       [1] _read_view (res://scripts/animation/site7_machine_sprite.gd:155)
       [2] warm (res://scripts/animation/site7_machine_sprite.gd:71)
       [3] warm_art (res://scripts/actors/enemy_actor.gd:469)
       [4] _warm_enemy_art (res://scripts/missions/story_stage_01.gd:262)
       [5] _load_mission (res://scripts/missions/story_stage_01.gd:218)
       [6] _ready (res://scripts/missions/story_stage_01.gd:94)
       [7] run (res://tests/smoke/site7_full_operation_smoke.gd:137)
WARNING: Loaded resource as image file, this will not work on export: 'res://assets/enemies/prism_skimmer/authored_yaw8_v1/N.png'. Instead, import the image file as an Image resource and load it normally as a resource.
   at: load_from_file (core/io/image.cpp:2780)
   GDScript backtrace (most recent call first):
       [0] _decode_view (res://scripts/animation/site7_machine_sprite.gd:127)
       [1] _read_view (res://scripts/animation/site7_machine_sprite.gd:155)
       [2] warm (res://scripts/animation/site7_machine_sprite.gd:71)
       [3] warm_art (res://scripts/actors/enemy_actor.gd:469)
       [4] _warm_enemy_art (res://scripts/missions/story_stage_01.gd:262)
       [5] _load_mission (res://scripts/missions/story_stage_01.gd:218)
       [6] _ready (res://scripts/missions/story_stage_01.gd:94)
       [7] run (res://tests/smoke/site7_full_operation_smoke.gd:137)
WARNING: Loaded resource as image file, this will not work on export: 'res://assets/enemies/prism_skimmer/authored_yaw8_v1/NE.png'. Instead, import the image file as an Image resource and load it normally as a resource.
   at: load_from_file (core/io/image.cpp:2780)
   GDScript backtrace (most recent call first):
       [0] _decode_view (res://scripts/animation/site7_machine_sprite.gd:127)
       [1] _read_view (res://scripts/animation/site7_machine_sprite.gd:155)
       [2] warm (res://scripts/animation/site7_machine_sprite.gd:71)
       [3] warm_art (res://scripts/actors/enemy_actor.gd:469)
       [4] _warm_enemy_art (res://scripts/missions/story_stage_01.gd:262)
       [5] _load_mission (res://scripts/missions/story_stage_01.gd:218)
       [6] _ready (res://scripts/missions/story_stage_01.gd:94)
       [7] run (res://tests/smoke/site7_full_operation_smoke.gd:137)
WARNING: Loaded resource as image file, this will not work on export: 'res://assets/enemies/recon_drone/authored_yaw8_v1/E.png'. Instead, import the image file as an Image resource and load it normally as a resource.
   at: load_from_file (core/io/image.cpp:2780)
   GDScript backtrace (most recent call first):
       [0] _decode_view (res://scripts/animation/site7_machine_sprite.gd:127)
       [1] _read_view (res://scripts/animation/site7_machine_sprite.gd:155)
       [2] warm (res://scripts/animation/site7_machine_sprite.gd:71)
       [3] warm_art (res://scripts/actors/enemy_actor.gd:469)
       [4] _warm_enemy_art (res://scripts/missions/story_stage_01.gd:262)
       [5] _load_mission (res://scripts/missions/story_stage_01.gd:218)
       [6] _ready (res://scripts/missions/story_stage_01.gd:94)
       [7] run (res://tests/smoke/site7_full_operation_smoke.gd:137)
WARNING: Loaded resource as image file, this will not work on export: 'res://assets/enemies/recon_drone/authored_yaw8_v1/SE.png'. Instead, import the image file as an Image resource and load it normally as a resource.
   at: load_from_file (core/io/image.cpp:2780)
   GDScript backtrace (most recent call first):
       [0] _decode_view (res://scripts/animation/site7_machine_sprite.gd:127)
       [1] _read_view (res://scripts/animation/site7_machine_sprite.gd:155)
       [2] warm (res://scripts/animation/site7_machine_sprite.gd:71)
       [3] warm_art (res://scripts/actors/enemy_actor.gd:469)
       [4] _warm_enemy_art (res://scripts/missions/story_stage_01.gd:262)
       [5] _load_mission (res://scripts/missions/story_stage_01.gd:218)
       [6] _ready (res://scripts/missions/story_stage_01.gd:94)
       [7] run (res://tests/smoke/site7_full_operation_smoke.gd:137)
WARNING: Loaded resource as image file, this will not work on export: 'res://assets/enemies/recon_drone/authored_yaw8_v1/S.png'. Instead, import the image file as an Image resource and load it normally as a resource.
   at: load_from_file (core/io/image.cpp:2780)
   GDScript backtrace (most recent call first):
       [0] _decode_view (res://scripts/animation/site7_machine_sprite.gd:127)
       [1] _read_view (res://scripts/animation/site7_machine_sprite.gd:155)
       [2] warm (res://scripts/animation/site7_machine_sprite.gd:71)
       [3] warm_art (res://scripts/actors/enemy_actor.gd:469)
       [4] _warm_enemy_art (res://scripts/missions/story_stage_01.gd:262)
       [5] _load_mission (res://scripts/missions/story_stage_01.gd:218)
       [6] _ready (res://scripts/missions/story_stage_01.gd:94)
       [7] run (res://tests/smoke/site7_full_operation_smoke.gd:137)
WARNING: Loaded resource as image file, this will not work on export: 'res://assets/enemies/recon_drone/authored_yaw8_v1/SW.png'. Instead, import the image file as an Image resource and load it normally as a resource.
   at: load_from_file (core/io/image.cpp:2780)
   GDScript backtrace (most recent call first):
       [0] _decode_view (res://scripts/animation/site7_machine_sprite.gd:127)
       [1] _read_view (res://scripts/animation/site7_machine_sprite.gd:155)
       [2] warm (res://scripts/animation/site7_machine_sprite.gd:71)
       [3] warm_art (res://scripts/actors/enemy_actor.gd:469)
       [4] _warm_enemy_art (res://scripts/missions/story_stage_01.gd:262)
       [5] _load_mission (res://scripts/missions/story_stage_01.gd:218)
       [6] _ready (res://scripts/missions/story_stage_01.gd:94)
       [7] run (res://tests/smoke/site7_full_operation_smoke.gd:137)
WARNING: Loaded resource as image file, this will not work on export: 'res://assets/enemies/recon_drone/authored_yaw8_v1/W.png'. Instead, import the image file as an Image resource and load it normally as a resource.
   at: load_from_file (core/io/image.cpp:2780)
   GDScript backtrace (most recent call first):
       [0] _decode_view (res://scripts/animation/site7_machine_sprite.gd:127)
       [1] _read_view (res://scripts/animation/site7_machine_sprite.gd:155)
       [2] warm (res://scripts/animation/site7_machine_sprite.gd:71)
       [3] warm_art (res://scripts/actors/enemy_actor.gd:469)
       [4] _warm_enemy_art (res://scripts/missions/story_stage_01.gd:262)
       [5] _load_mission (res://scripts/missions/story_stage_01.gd:218)
       [6] _ready (res://scripts/missions/story_stage_01.gd:94)
       [7] run (res://tests/smoke/site7_full_operation_smoke.gd:137)
WARNING: Loaded resource as image file, this will not work on export: 'res://assets/enemies/recon_drone/authored_yaw8_v1/NW.png'. Instead, import the image file as an Image resource and load it normally as a resource.
   at: load_from_file (core/io/image.cpp:2780)
   GDScript backtrace (most recent call first):
       [0] _decode_view (res://scripts/animation/site7_machine_sprite.gd:127)
       [1] _read_view (res://scripts/animation/site7_machine_sprite.gd:155)
       [2] warm (res://scripts/animation/site7_machine_sprite.gd:71)
       [3] warm_art (res://scripts/actors/enemy_actor.gd:469)
       [4] _warm_enemy_art (res://scripts/missions/story_stage_01.gd:262)
       [5] _load_mission (res://scripts/missions/story_stage_01.gd:218)
       [6] _ready (res://scripts/missions/story_stage_01.gd:94)
       [7] run (res://tests/smoke/site7_full_operation_smoke.gd:137)
WARNING: Loaded resource as image file, this will not work on export: 'res://assets/enemies/recon_drone/authored_yaw8_v1/N.png'. Instead, import the image file as an Image resource and load it normally as a resource.
   at: load_from_file (core/io/image.cpp:2780)
   GDScript backtrace (most recent call first):
       [0] _decode_view (res://scripts/animation/site7_machine_sprite.gd:127)
       [1] _read_view (res://scripts/animation/site7_machine_sprite.gd:155)
       [2] warm (res://scripts/animation/site7_machine_sprite.gd:71)
       [3] warm_art (res://scripts/actors/enemy_actor.gd:469)
       [4] _warm_enemy_art (res://scripts/missions/story_stage_01.gd:262)
       [5] _load_mission (res://scripts/missions/story_stage_01.gd:218)
       [6] _ready (res://scripts/missions/story_stage_01.gd:94)
       [7] run (res://tests/smoke/site7_full_operation_smoke.gd:137)
WARNING: Loaded resource as image file, this will not work on export: 'res://assets/enemies/recon_drone/authored_yaw8_v1/NE.png'. Instead, import the image file as an Image resource and load it normally as a resource.
   at: load_from_file (core/io/image.cpp:2780)
   GDScript backtrace (most recent call first):
       [0] _decode_view (res://scripts/animation/site7_machine_sprite.gd:127)
       [1] _read_view (res://scripts/animation/site7_machine_sprite.gd:155)
       [2] warm (res://scripts/animation/site7_machine_sprite.gd:71)
       [3] warm_art (res://scripts/actors/enemy_actor.gd:469)
       [4] _warm_enemy_art (res://scripts/missions/story_stage_01.gd:262)
       [5] _load_mission (res://scripts/missions/story_stage_01.gd:218)
       [6] _ready (res://scripts/missions/story_stage_01.gd:94)
       [7] run (res://tests/smoke/site7_full_operation_smoke.gd:137)
WARNING: Loaded resource as image file, this will not work on export: 'res://assets/enemies/cinder_ram/authored_yaw8_v1/E.png'. Instead, import the image file as an Image resource and load it normally as a resource.
   at: load_from_file (core/io/image.cpp:2780)
   GDScript backtrace (most recent call first):
       [0] _decode_view (res://scripts/animation/site7_machine_sprite.gd:127)
       [1] _read_view (res://scripts/animation/site7_machine_sprite.gd:155)
       [2] warm (res://scripts/animation/site7_machine_sprite.gd:71)
       [3] warm_art (res://scripts/actors/enemy_actor.gd:469)
       [4] _warm_enemy_art (res://scripts/missions/story_stage_01.gd:262)
       [5] _load_mission (res://scripts/missions/story_stage_01.gd:218)
       [6] _ready (res://scripts/missions/story_stage_01.gd:94)
       [7] run (res://tests/smoke/site7_full_operation_smoke.gd:137)
WARNING: Loaded resource as image file, this will not work on export: 'res://assets/enemies/cinder_ram/authored_yaw8_v1/SE.png'. Instead, import the image file as an Image resource and load it normally as a resource.
   at: load_from_file (core/io/image.cpp:2780)
   GDScript backtrace (most recent call first):
       [0] _decode_view (res://scripts/animation/site7_machine_sprite.gd:127)
       [1] _read_view (res://scripts/animation/site7_machine_sprite.gd:155)
       [2] warm (res://scripts/animation/site7_machine_sprite.gd:71)
       [3] warm_art (res://scripts/actors/enemy_actor.gd:469)
       [4] _warm_enemy_art (res://scripts/missions/story_stage_01.gd:262)
       [5] _load_mission (res://scripts/missions/story_stage_01.gd:218)
       [6] _ready (res://scripts/missions/story_stage_01.gd:94)
       [7] run (res://tests/smoke/site7_full_operation_smoke.gd:137)
WARNING: Loaded resource as image file, this will not work on export: 'res://assets/enemies/cinder_ram/authored_yaw8_v1/S.png'. Instead, import the image file as an Image resource and load it normally as a resource.
   at: load_from_file (core/io/image.cpp:2780)
   GDScript backtrace (most recent call first):
       [0] _decode_view (res://scripts/animation/site7_machine_sprite.gd:127)
       [1] _read_view (res://scripts/animation/site7_machine_sprite.gd:155)
       [2] warm (res://scripts/animation/site7_machine_sprite.gd:71)
       [3] warm_art (res://scripts/actors/enemy_actor.gd:469)
       [4] _warm_enemy_art (res://scripts/missions/story_stage_01.gd:262)
       [5] _load_mission (res://scripts/missions/story_stage_01.gd:218)
       [6] _ready (res://scripts/missions/story_stage_01.gd:94)
       [7] run (res://tests/smoke/site7_full_operation_smoke.gd:137)
WARNING: Loaded resource as image file, this will not work on export: 'res://assets/enemies/cinder_ram/authored_yaw8_v1/SW.png'. Instead, import the image file as an Image resource and load it normally as a resource.
   at: load_from_file (core/io/image.cpp:2780)
   GDScript backtrace (most recent call first):
       [0] _decode_view (res://scripts/animation/site7_machine_sprite.gd:127)
       [1] _read_view (res://scripts/animation/site7_machine_sprite.gd:155)
       [2] warm (res://scripts/animation/site7_machine_sprite.gd:71)
       [3] warm_art (res://scripts/actors/enemy_actor.gd:469)
       [4] _warm_enemy_art (res://scripts/missions/story_stage_01.gd:262)
       [5] _load_mission (res://scripts/missions/story_stage_01.gd:218)
       [6] _ready (res://scripts/missions/story_stage_01.gd:94)
       [7] run (res://tests/smoke/site7_full_operation_smoke.gd:137)
WARNING: Loaded resource as image file, this will not work on export: 'res://assets/enemies/cinder_ram/authored_yaw8_v1/W.png'. Instead, import the image file as an Image resource and load it normally as a resource.
   at: load_from_file (core/io/image.cpp:2780)
   GDScript backtrace (most recent call first):
       [0] _decode_view (res://scripts/animation/site7_machine_sprite.gd:127)
       [1] _read_view (res://scripts/animation/site7_machine_sprite.gd:155)
       [2] warm (res://scripts/animation/site7_machine_sprite.gd:71)
       [3] warm_art (res://scripts/actors/enemy_actor.gd:469)
       [4] _warm_enemy_art (res://scripts/missions/story_stage_01.gd:262)
       [5] _load_mission (res://scripts/missions/story_stage_01.gd:218)
       [6] _ready (res://scripts/missions/story_stage_01.gd:94)
       [7] run (res://tests/smoke/site7_full_operation_smoke.gd:137)
WARNING: Loaded resource as image file, this will not work on export: 'res://assets/enemies/cinder_ram/authored_yaw8_v1/NW.png'. Instead, import the image file as an Image resource and load it normally as a resource.
   at: load_from_file (core/io/image.cpp:2780)
   GDScript backtrace (most recent call first):
       [0] _decode_view (res://scripts/animation/site7_machine_sprite.gd:127)
       [1] _read_view (res://scripts/animation/site7_machine_sprite.gd:155)
       [2] warm (res://scripts/animation/site7_machine_sprite.gd:71)
       [3] warm_art (res://scripts/actors/enemy_actor.gd:469)
       [4] _warm_enemy_art (res://scripts/missions/story_stage_01.gd:262)
       [5] _load_mission (res://scripts/missions/story_stage_01.gd:218)
       [6] _ready (res://scripts/missions/story_stage_01.gd:94)
       [7] run (res://tests/smoke/site7_full_operation_smoke.gd:137)
WARNING: Loaded resource as image file, this will not work on export: 'res://assets/enemies/cinder_ram/authored_yaw8_v1/N.png'. Instead, import the image file as an Image resource and load it normally as a resource.
   at: load_from_file (core/io/image.cpp:2780)
   GDScript backtrace (most recent call first):
       [0] _decode_view (res://scripts/animation/site7_machine_sprite.gd:127)
       [1] _read_view (res://scripts/animation/site7_machine_sprite.gd:155)
       [2] warm (res://scripts/animation/site7_machine_sprite.gd:71)
       [3] warm_art (res://scripts/actors/enemy_actor.gd:469)
       [4] _warm_enemy_art (res://scripts/missions/story_stage_01.gd:262)
       [5] _load_mission (res://scripts/missions/story_stage_01.gd:218)
       [6] _ready (res://scripts/missions/story_stage_01.gd:94)
       [7] run (res://tests/smoke/site7_full_operation_smoke.gd:137)
WARNING: Loaded resource as image file, this will not work on export: 'res://assets/enemies/cinder_ram/authored_yaw8_v1/NE.png'. Instead, import the image file as an Image resource and load it normally as a resource.
   at: load_from_file (core/io/image.cpp:2780)
   GDScript backtrace (most recent call first):
       [0] _decode_view (res://scripts/animation/site7_machine_sprite.gd:127)
       [1] _read_view (res://scripts/animation/site7_machine_sprite.gd:155)
       [2] warm (res://scripts/animation/site7_machine_sprite.gd:71)
       [3] warm_art (res://scripts/actors/enemy_actor.gd:469)
       [4] _warm_enemy_art (res://scripts/missions/story_stage_01.gd:262)
       [5] _load_mission (res://scripts/missions/story_stage_01.gd:218)
       [6] _ready (res://scripts/missions/story_stage_01.gd:94)
       [7] run (res://tests/smoke/site7_full_operation_smoke.gd:137)
WARNING: Loaded resource as image file, this will not work on export: 'res://assets/enemies/bulwark/authored_yaw8_v1/E.png'. Instead, import the image file as an Image resource and load it normally as a resource.
   at: load_from_file (core/io/image.cpp:2780)
   GDScript backtrace (most recent call first):
       [0] _decode_view (res://scripts/animation/site7_machine_sprite.gd:127)
       [1] _read_view (res://scripts/animation/site7_machine_sprite.gd:155)
       [2] warm (res://scripts/animation/site7_machine_sprite.gd:71)
       [3] warm_art (res://scripts/actors/enemy_actor.gd:469)
       [4] _warm_enemy_art (res://scripts/missions/story_stage_01.gd:262)
       [5] _load_mission (res://scripts/missions/story_stage_01.gd:218)
       [6] _ready (res://scripts/missions/story_stage_01.gd:94)
       [7] run (res://tests/smoke/site7_full_operation_smoke.gd:137)
WARNING: Loaded resource as image file, this will not work on export: 'res://assets/enemies/bulwark/authored_yaw8_v1/SE.png'. Instead, import the image file as an Image resource and load it normally as a resource.
   at: load_from_file (core/io/image.cpp:2780)
   GDScript backtrace (most recent call first):
       [0] _decode_view (res://scripts/animation/site7_machine_sprite.gd:127)
       [1] _read_view (res://scripts/animation/site7_machine_sprite.gd:155)
       [2] warm (res://scripts/animation/site7_machine_sprite.gd:71)
       [3] warm_art (res://scripts/actors/enemy_actor.gd:469)
       [4] _warm_enemy_art (res://scripts/missions/story_stage_01.gd:262)
       [5] _load_mission (res://scripts/missions/story_stage_01.gd:218)
       [6] _ready (res://scripts/missions/story_stage_01.gd:94)
       [7] run (res://tests/smoke/site7_full_operation_smoke.gd:137)
WARNING: Loaded resource as image file, this will not work on export: 'res://assets/enemies/bulwark/authored_yaw8_v1/S.png'. Instead, import the image file as an Image resource and load it normally as a resource.
   at: load_from_file (core/io/image.cpp:2780)
   GDScript backtrace (most recent call first):
       [0] _decode_view (res://scripts/animation/site7_machine_sprite.gd:127)
       [1] _read_view (res://scripts/animation/site7_machine_sprite.gd:155)
       [2] warm (res://scripts/animation/site7_machine_sprite.gd:71)
       [3] warm_art (res://scripts/actors/enemy_actor.gd:469)
       [4] _warm_enemy_art (res://scripts/missions/story_stage_01.gd:262)
       [5] _load_mission (res://scripts/missions/story_stage_01.gd:218)
       [6] _ready (res://scripts/missions/story_stage_01.gd:94)
       [7] run (res://tests/smoke/site7_full_operation_smoke.gd:137)
WARNING: Loaded resource as image file, this will not work on export: 'res://assets/enemies/bulwark/authored_yaw8_v1/SW.png'. Instead, import the image file as an Image resource and load it normally as a resource.
   at: load_from_file (core/io/image.cpp:2780)
   GDScript backtrace (most recent call first):
       [0] _decode_view (res://scripts/animation/site7_machine_sprite.gd:127)
       [1] _read_view (res://scripts/animation/site7_machine_sprite.gd:155)
       [2] warm (res://scripts/animation/site7_machine_sprite.gd:71)
       [3] warm_art (res://scripts/actors/enemy_actor.gd:469)
       [4] _warm_enemy_art (res://scripts/missions/story_stage_01.gd:262)
       [5] _load_mission (res://scripts/missions/story_stage_01.gd:218)
       [6] _ready (res://scripts/missions/story_stage_01.gd:94)
       [7] run (res://tests/smoke/site7_full_operation_smoke.gd:137)
WARNING: Loaded resource as image file, this will not work on export: 'res://assets/enemies/bulwark/authored_yaw8_v1/W.png'. Instead, import the image file as an Image resource and load it normally as a resource.
   at: load_from_file (core/io/image.cpp:2780)
   GDScript backtrace (most recent call first):
       [0] _decode_view (res://scripts/animation/site7_machine_sprite.gd:127)
       [1] _read_view (res://scripts/animation/site7_machine_sprite.gd:155)
       [2] warm (res://scripts/animation/site7_machine_sprite.gd:71)
       [3] warm_art (res://scripts/actors/enemy_actor.gd:469)
       [4] _warm_enemy_art (res://scripts/missions/story_stage_01.gd:262)
       [5] _load_mission (res://scripts/missions/story_stage_01.gd:218)
       [6] _ready (res://scripts/missions/story_stage_01.gd:94)
       [7] run (res://tests/smoke/site7_full_operation_smoke.gd:137)
WARNING: Loaded resource as image file, this will not work on export: 'res://assets/enemies/bulwark/authored_yaw8_v1/NW.png'. Instead, import the image file as an Image resource and load it normally as a resource.
   at: load_from_file (core/io/image.cpp:2780)
   GDScript backtrace (most recent call first):
       [0] _decode_view (res://scripts/animation/site7_machine_sprite.gd:127)
       [1] _read_view (res://scripts/animation/site7_machine_sprite.gd:155)
       [2] warm (res://scripts/animation/site7_machine_sprite.gd:71)
       [3] warm_art (res://scripts/actors/enemy_actor.gd:469)
       [4] _warm_enemy_art (res://scripts/missions/story_stage_01.gd:262)
       [5] _load_mission (res://scripts/missions/story_stage_01.gd:218)
       [6] _ready (res://scripts/missions/story_stage_01.gd:94)
       [7] run (res://tests/smoke/site7_full_operation_smoke.gd:137)
WARNING: Loaded resource as image file, this will not work on export: 'res://assets/enemies/bulwark/authored_yaw8_v1/N.png'. Instead, import the image file as an Image resource and load it normally as a resource.
   at: load_from_file (core/io/image.cpp:2780)
   GDScript backtrace (most recent call first):
       [0] _decode_view (res://scripts/animation/site7_machine_sprite.gd:127)
       [1] _read_view (res://scripts/animation/site7_machine_sprite.gd:155)
       [2] warm (res://scripts/animation/site7_machine_sprite.gd:71)
       [3] warm_art (res://scripts/actors/enemy_actor.gd:469)
       [4] _warm_enemy_art (res://scripts/missions/story_stage_01.gd:262)
       [5] _load_mission (res://scripts/missions/story_stage_01.gd:218)
       [6] _ready (res://scripts/missions/story_stage_01.gd:94)
       [7] run (res://tests/smoke/site7_full_operation_smoke.gd:137)
WARNING: Loaded resource as image file, this will not work on export: 'res://assets/enemies/bulwark/authored_yaw8_v1/NE.png'. Instead, import the image file as an Image resource and load it normally as a resource.
   at: load_from_file (core/io/image.cpp:2780)
   GDScript backtrace (most recent call first):
       [0] _decode_view (res://scripts/animation/site7_machine_sprite.gd:127)
       [1] _read_view (res://scripts/animation/site7_machine_sprite.gd:155)
       [2] warm (res://scripts/animation/site7_machine_sprite.gd:71)
       [3] warm_art (res://scripts/actors/enemy_actor.gd:469)
       [4] _warm_enemy_art (res://scripts/missions/story_stage_01.gd:262)
       [5] _load_mission (res://scripts/missions/story_stage_01.gd:218)
       [6] _ready (res://scripts/missions/story_stage_01.gd:94)
       [7] run (res://tests/smoke/site7_full_operation_smoke.gd:137)
WARNING: Loaded resource as image file, this will not work on export: 'res://assets/enemies/stage6_aerator_tower/authored_core_v1/AERATOR_TOWER.png'. Instead, import the image file as an Image resource and load it normally as a resource.
   at: load_from_file (core/io/image.cpp:2780)
   GDScript backtrace (most recent call first):
       [0] _decode_view (res://scripts/animation/site7_machine_sprite.gd:127)
       [1] _read_view (res://scripts/animation/site7_machine_sprite.gd:155)
       [2] warm (res://scripts/animation/site7_machine_sprite.gd:71)
       [3] warm_art (res://scripts/actors/enemy_actor.gd:469)
       [4] _warm_enemy_art (res://scripts/missions/story_stage_01.gd:262)
       [5] _load_mission (res://scripts/missions/story_stage_01.gd:218)
       [6] _ready (res://scripts/missions/story_stage_01.gd:94)
       [7] run (res://tests/smoke/site7_full_operation_smoke.gd:137)
M7_RASTER_QUARANTINED identity=aster status=partial chunks=2 encoded=20000 present=15000 declared=94718
FULL_OPERATION_TRACE {"ammo":24,"health":[96.0,138.0,112.0],"hostiles":[],"position":[1680.0,470.0],"remaining":0,"step":0,"tick":0,"wave":0}
FULL_OPERATION_TRACE {"ammo":24,"health":[96.0,138.0,112.0],"hostiles":[{"hp":220.0,"id":"ENM_SITE7_NULL_PYLON_01","position":"(4519.8, -670.51)"},{"hp":148.0,"id":"ENM_SITE7_MORTAR_01","position":"(4419.48, -736.38)"},{"hp":196.0,"id":"ENM_SITE7_PRISM_01","position":"(4649.788, -597.076)"},{"hp":114.0,"id":"ENM_SITE7_DRONE_01","position":"(4887.64, -557.59)"}],"position":[1680.0,470.0],"remaining":4,"step":1,"tick":1,"wave":0}
FULL_OPERATION_TRACE {"ammo":0,"health":[96.0,102.0,76.0],"hostiles":[{"hp":220.0,"id":"ENM_SITE7_NULL_PYLON_01","position":"(4519.8, -670.51)"},{"hp":148.0,"id":"ENM_SITE7_MORTAR_01","position":"(4419.48, -736.38)"},{"hp":196.0,"id":"ENM_SITE7_PRISM_01","position":"(4076.595, -667.0972)"},{"hp":114.0,"id":"ENM_SITE7_DRONE_01","position":"(4877.157, -555.9127)"}],"position":[3159.05541992188,-150.781997680664],"remaining":4,"step":1,"tick":600,"wave":0}
FULL_OPERATION_TRACE {"ammo":0,"health":[79.0,102.0,5.0],"hostiles":[{"hp":114.0,"id":"ENM_SITE7_DRONE_01","position":"(4575.587, -493.1791)"},{"hp":170.0,"id":"ENM_SITE7_RAM_01","position":"(4482.285, -332.7672)"},{"hp":196.0,"id":"ENM_SITE7_PRISM_01","position":"(4784.086, -724.2898)"},{"hp":254.0,"id":"ENM_SITE7_BULWARK_01","position":"(4735.379, -445.9623)"},{"hp":61.0,"id":"ENM_SITE7_DRONE_01","position":"(4085.08, -726.97)"}],"position":[4279.57666015625,-778.622741699219],"remaining":5,"step":1,"tick":1200,"wave":1}
FULL_OPERATION_TRACE {"ammo":22,"health":[56.0,66.0,39.2],"hostiles":[],"position":[4409.818359375,-681.400390625],"remaining":0,"step":2,"tick":1771,"wave":1}
FULL_OPERATION_TRACE {"ammo":22,"health":[56.0,66.0,39.2],"hostiles":[],"position":[4293.71435546875,-648.921691894531],"remaining":0,"step":2,"tick":1800,"wave":1}
FULL_OPERATION_TRACE {"ammo":22,"health":[56.0,66.0,39.2],"hostiles":[],"position":[2175.30590820313,536.908874511719],"remaining":0,"step":2,"tick":2400,"wave":1}
FULL_OPERATION_TRACE {"ammo":24,"health":[89.6,114.3,78.4],"hostiles":[],"position":[2955.23510742188,1132.86071777344],"remaining":0,"step":2,"tick":3000,"wave":1}
FULL_OPERATION_TRACE {"ammo":24,"health":[89.6,114.3,78.4],"hostiles":[],"position":[2842.27856445313,61.9882125854492],"remaining":0,"step":2,"tick":3600,"wave":1}
FULL_OPERATION_TRACE {"ammo":24,"health":[89.6,114.3,78.4],"hostiles":[],"position":[5140.54736328125,-911.85595703125],"remaining":0,"step":2,"tick":4200,"wave":1}
FULL_OPERATION_TRACE {"ammo":24,"health":[89.6,114.3,78.4],"hostiles":[],"position":[6633.1943359375,-1564.60961914063],"remaining":0,"step":3,"tick":4592,"wave":1}
FULL_OPERATION_TRACE {"ammo":24,"health":[89.6,114.3,78.4],"hostiles":[],"position":[7429.625,-1222.87243652344],"remaining":0,"step":3,"tick":4800,"wave":1}
FULL_OPERATION_TRACE {"ammo":24,"health":[89.6,114.3,78.4],"hostiles":[],"position":[7672.46337890625,-1124.60131835938],"remaining":0,"step":3,"tick":5400,"wave":1}
FULL_OPERATION_TRACE {"ammo":24,"health":[89.6,114.3,78.4],"hostiles":[],"position":[8262.16796875,-2187.94506835938],"remaining":0,"step":3,"tick":6000,"wave":1}
FULL_OPERATION_TRACE {"ammo":3,"health":[89.6,114.3,78.4],"hostiles":[{"hp":206.0,"id":"ENM_SITE7_NULL_PYLON_01","position":"(9564.0, -2744.51)"},{"hp":148.0,"id":"ENM_SITE7_MORTAR_01","position":"(9697.76, -2669.23)"},{"hp":24.0,"id":"ENM_SITE7_RAM_01","position":"(9343.195, -2768.15)"}],"position":[9197.43359375,-2797.396484375],"remaining":3,"step":3,"tick":6600,"wave":0}
FULL_OPERATION_TRACE {"ammo":7,"health":[82.6,82.3,6.39999999999999],"hostiles":[{"hp":125.275,"id":"ENM_SITE7_BULWARK_01","position":"(9626.689, -2530.738)"},{"hp":24.5,"id":"ENM_SITE7_DRONE_01","position":"(9635.107, -2642.485)"}],"position":[9343.72265625,-2526.16284179688],"remaining":2,"step":3,"tick":7200,"wave":1}
FULL_OPERATION_TRACE {"ammo":15,"health":[82.6,59.3,6.39999999999999],"hostiles":[],"position":[9332.685546875,-2738.80102539063],"remaining":0,"step":4,"tick":7381,"wave":1}
FULL_OPERATION_TRACE {"ammo":15,"health":[82.6,59.3,6.39999999999999],"hostiles":[],"position":[10954.708984375,-3354.3017578125],"remaining":0,"step":4,"tick":7800,"wave":1}
FULL_OPERATION_TRACE {"ammo":0,"health":[72.6,59.3,6.39999999999999],"hostiles":[{"hp":1084.0,"id":"BOSS_SITE7_AERATOR_01","position":"(12069.46, -3743.87)"},{"hp":170.0,"id":"ENM_SITE7_RAM_01","position":"(12041.23, -3700.041)"},{"hp":156.0,"id":"ENM_SITE7_PRISM_01","position":"(12287.58, -3853.518)"}],"position":[11826.1484375,-3873.6552734375],"remaining":3,"step":4,"tick":8400,"wave":1}
FULL_OPERATION_TRACE {"ammo":8,"health":[36.6,0.0,19.2],"hostiles":[{"hp":504.5,"id":"BOSS_SITE7_AERATOR_01","position":"(12069.46, -3743.87)"},{"hp":156.0,"id":"ENM_SITE7_PRISM_01","position":"(12287.58, -3853.518)"}],"position":[11805.9873046875,-3622.75073242188],"remaining":2,"step":4,"tick":9000,"wave":1}
ERROR: Live combat and extraction succeed without cheats
   at: push_error (core/variant/variant_utility.cpp:1023)
   GDScript backtrace (most recent call first):
       [0] check (res://tests/smoke/site7_full_operation_smoke.gd:125)
       [1] run (res://tests/smoke/site7_full_operation_smoke.gd:266)
ERROR: All six rooms reached; not early extraction
   at: push_error (core/variant/variant_utility.cpp:1023)
   GDScript backtrace (most recent call first):
       [0] check (res://tests/smoke/site7_full_operation_smoke.gd:125)
       [1] run (res://tests/smoke/site7_full_operation_smoke.gd:267)
ERROR: All authored waves and boss defeated through real damage
   at: push_error (core/variant/variant_utility.cpp:1023)
   GDScript backtrace (most recent call first):
       [0] check (res://tests/smoke/site7_full_operation_smoke.gd:125)
       [1] run (res://tests/smoke/site7_full_operation_smoke.gd:270)
FULL_OPERATION_DAMAGE {"1:CHR_PROTO_01:ENM_SITE7_BULWARK_01":16.0,"1:CHR_PROTO_01:ENM_SITE7_DRONE_01":14.0,"1:CHR_PROTO_01:ENM_SITE7_PRISM_01":10.0,"1:CHR_PROTO_02:ENM_SITE7_BULWARK_01":16.0,"1:CHR_PROTO_02:ENM_SITE7_MORTAR_01":18.0,"1:CHR_PROTO_02:ENM_SITE7_NULL_PYLON_01":18.0,"1:CHR_PROTO_02:ENM_SITE7_PRISM_01":20.0,"1:CHR_PROTO_03:ENM_SITE7_DRONE_01":12.0,"1:CHR_PROTO_03:ENM_SITE7_MORTAR_01":36.0,"1:CHR_PROTO_03:ENM_SITE7_NULL_PYLON_01":54.0,"1:CHR_PROTO_03:ENM_SITE7_PRISM_01":10.0,"3:CHR_PROTO_01:ENM_SITE7_DRONE_01":7.0,"3:CHR_PROTO_02:ENM_SITE7_BULWARK_01":48.0,"3:CHR_PROTO_02:ENM_SITE7_DRONE_01":7.0,"3:CHR_PROTO_03:ENM_SITE7_BULWARK_01":16.0,"3:CHR_PROTO_03:ENM_SITE7_MORTAR_01":18.0,"3:CHR_PROTO_03:ENM_SITE7_NULL_PYLON_01":18.0,"3:CHR_PROTO_03:ENM_SITE7_PRISM_01":20.0,"4:CHR_PROTO_01:BOSS_SITE7_AERATOR_01":52.6,"4:CHR_PROTO_01:ENM_SITE7_PRISM_01":30.0,"4:CHR_PROTO_02:BOSS_SITE7_AERATOR_01":16.0,"4:CHR_PROTO_02:ENM_SITE7_PRISM_01":43.3,"4:CHR_PROTO_03:BOSS_SITE7_AERATOR_01":35.6,"4:CHR_PROTO_03:ENM_SITE7_PRISM_01":10.0}
FULL_OPERATION_SKILLS {"CHR_PROTO_01:Q":15,"CHR_PROTO_01:X":6}
SITE7_FULL_OPERATION_SMOKE: FAIL
