Godot Engine v4.7.1.stable.official.a13da4feb - https://godotengine.org

WARNING: Loaded resource as image file, this will not work on export: 'res://assets/enemies/prism_skimmer/authored_yaw8_v1/E.png'. Instead, import the image file as an Image resource and load it normally as a resource.
   at: load_from_file (core/io/image.cpp:2780)
   GDScript backtrace (most recent call first):
       [0] _decode_view (res://scripts/animation/site7_machine_sprite.gd:127)
       [1] _read_view (res://scripts/animation/site7_machine_sprite.gd:155)
       [2] warm (res://scripts/animation/site7_machine_sprite.gd:71)
       [3] warm_art (res://scripts/actors/enemy_actor.gd:469)
       [4] _warm_enemy_art (res://scripts/missions/story_stage_01.gd:262)
       [5] _load_mission (res://scripts/missions/story_stage_01.gd:218)
       [6] _ready (res://scripts/missions/story_stage_01.gd:94)
       [7] run (res://tests/smoke/site7_full_operation_smoke.gd:137)
WARNING: Loaded resource as image file, this will not work on export: 'res://assets/enemies/prism_skimmer/authored_yaw8_v1/SE.png'. Instead, import the image file as an Image resource and load it normally as a resource.
   at: load_from_file (core/io/image.cpp:2780)
   GDScript backtrace (most recent call first):
       [0] _decode_view (res://scripts/animation/site7_machine_sprite.gd:127)
       [1] _read_view (res://scripts/animation/site7_machine_sprite.gd:155)
       [2] warm (res://scripts/animation/site7_machine_sprite.gd:71)
       [3] warm_art (res://scripts/actors/enemy_actor.gd:469)
       [4] _warm_enemy_art (res://scripts/missions/story_stage_01.gd:262)
       [5] _load_mission (res://scripts/missions/story_stage_01.gd:218)
       [6] _ready (res://scripts/missions/story_stage_01.gd:94)
       [7] run (res://tests/smoke/site7_full_operation_smoke.gd:137)
WARNING: Loaded resource as image file, this will not work on export: 'res://assets/enemies/prism_skimmer/authored_yaw8_v1/S.png'. Instead, import the image file as an Image resource and load it normally as a resource.
   at: load_from_file (core/io/image.cpp:2780)
   GDScript backtrace (most recent call first):
       [0] _decode_view (res://scripts/animation/site7_machine_sprite.gd:127)
       [1] _read_view (res://scripts/animation/site7_machine_sprite.gd:155)
       [2] warm (res://scripts/animation/site7_machine_sprite.gd:71)
       [3] warm_art (res://scripts/actors/enemy_actor.gd:469)
       [4] _warm_enemy_art (res://scripts/missions/story_stage_01.gd:262)
       [5] _load_mission (res://scripts/missions/story_stage_01.gd:218)
       [6] _ready (res://scripts/missions/story_stage_01.gd:94)
       [7] run (res://tests/smoke/site7_full_operation_smoke.gd:137)
WARNING: Loaded resource as image file, this will not work on export: 'res://assets/enemies/prism_skimmer/authored_yaw8_v1/SW.png'. Instead, import the image file as an Image resource and load it normally as a resource.
   at: load_from_file (core/io/image.cpp:2780)
   GDScript backtrace (most recent call first):
       [0] _decode_view (res://scripts/animation/site7_machine_sprite.gd:127)
       [1] _read_view (res://scripts/animation/site7_machine_sprite.gd:155)
       [2] warm (res://scripts/animation/site7_machine_sprite.gd:71)
       [3] warm_art (res://scripts/actors/enemy_actor.gd:469)
       [4] _warm_enemy_art (res://scripts/missions/story_stage_01.gd:262)
       [5] _load_mission (res://scripts/missions/story_stage_01.gd:218)
       [6] _ready (res://scripts/missions/story_stage_01.gd:94)
       [7] run (res://tests/smoke/site7_full_operation_smoke.gd:137)
WARNING: Loaded resource as image file, this will not work on export: 'res://assets/enemies/prism_skimmer/authored_yaw8_v1/W.png'. Instead, import the image file as an Image resource and load it normally as a resource.
   at: load_from_file (core/io/image.cpp:2780)
   GDScript backtrace (most recent call first):
       [0] _decode_view (res://scripts/animation/site7_machine_sprite.gd:127)
       [1] _read_view (res://scripts/animation/site7_machine_sprite.gd:155)
       [2] warm (res://scripts/animation/site7_machine_sprite.gd:71)
       [3] warm_art (res://scripts/actors/enemy_actor.gd:469)
       [4] _warm_enemy_art (res://scripts/missions/story_stage_01.gd:262)
       [5] _load_mission (res://scripts/missions/story_stage_01.gd:218)
       [6] _ready (res://scripts/missions/story_stage_01.gd:94)
       [7] run (res://tests/smoke/site7_full_operation_smoke.gd:137)
WARNING: Loaded resource as image file, this will not work on export: 'res://assets/enemies/prism_skimmer/authored_yaw8_v1/NW.png'. Instead, import the image file as an Image resource and load it normally as a resource.
   at: load_from_file (core/io/image.cpp:2780)
   GDScript backtrace (most recent call first):
       [0] _decode_view (res://scripts/animation/site7_machine_sprite.gd:127)
       [1] _read_view (res://scripts/animation/site7_machine_sprite.gd:155)
       [2] warm (res://scripts/animation/site7_machine_sprite.gd:71)
       [3] warm_art (res://scripts/actors/enemy_actor.gd:469)
       [4] _warm_enemy_art (res://scripts/missions/story_stage_01.gd:262)
       [5] _load_mission (res://scripts/missions/story_stage_01.gd:218)
       [6] _ready (res://scripts/missions/story_stage_01.gd:94)
       [7] run (res://tests/smoke/site7_full_operation_smoke.gd:137)
WARNING: Loaded resource as image file, this will not work on export: 'res://assets/enemies/prism_skimmer/authored_yaw8_v1/N.png'. Instead, import the image file as an Image resource and load it normally as a resource.
   at: load_from_file (core/io/image.cpp:2780)
   GDScript backtrace (most recent call first):
       [0] _decode_view (res://scripts/animation/site7_machine_sprite.gd:127)
       [1] _read_view (res://scripts/animation/site7_machine_sprite.gd:155)
       [2] warm (res://scripts/animation/site7_machine_sprite.gd:71)
       [3] warm_art (res://scripts/actors/enemy_actor.gd:469)
       [4] _warm_enemy_art (res://scripts/missions/story_stage_01.gd:262)
       [5] _load_mission (res://scripts/missions/story_stage_01.gd:218)
       [6] _ready (res://scripts/missions/story_stage_01.gd:94)
       [7] run (res://tests/smoke/site7_full_operation_smoke.gd:137)
WARNING: Loaded resource as image file, this will not work on export: 'res://assets/enemies/prism_skimmer/authored_yaw8_v1/NE.png'. Instead, import the image file as an Image resource and load it normally as a resource.
   at: load_from_file (core/io/image.cpp:2780)
   GDScript backtrace (most recent call first):
       [0] _decode_view (res://scripts/animation/site7_machine_sprite.gd:127)
       [1] _read_view (res://scripts/animation/site7_machine_sprite.gd:155)
       [2] warm (res://scripts/animation/site7_machine_sprite.gd:71)
       [3] warm_art (res://scripts/actors/enemy_actor.gd:469)
       [4] _warm_enemy_art (res://scripts/missions/story_stage_01.gd:262)
       [5] _load_mission (res://scripts/missions/story_stage_01.gd:218)
       [6] _ready (res://scripts/missions/story_stage_01.gd:94)
       [7] run (res://tests/smoke/site7_full_operation_smoke.gd:137)
WARNING: Loaded resource as image file, this will not work on export: 'res://assets/enemies/vesper_mortar/authored_core_v1/ANCHORED.png'. Instead, import the image file as an Image resource and load it normally as a resource.
   at: load_from_file (core/io/image.cpp:2780)
   GDScript backtrace (most recent call first):
       [0] _decode_view (res://scripts/animation/site7_machine_sprite.gd:127)
       [1] _read_view (res://scripts/animation/site7_machine_sprite.gd:155)
       [2] warm (res://scripts/animation/site7_machine_sprite.gd:71)
       [3] warm_art (res://scripts/actors/enemy_actor.gd:469)
       [4] _warm_enemy_art (res://scripts/missions/story_stage_01.gd:262)
       [5] _load_mission (res://scripts/missions/story_stage_01.gd:218)
       [6] _ready (res://scripts/missions/story_stage_01.gd:94)
       [7] run (res://tests/smoke/site7_full_operation_smoke.gd:137)
WARNING: Loaded resource as image file, this will not work on export: 'res://assets/enemies/cinder_ram/authored_yaw8_v1/E.png'. Instead, import the image file as an Image resource and load it normally as a resource.
   at: load_from_file (core/io/image.cpp:2780)
   GDScript backtrace (most recent call first):
       [0] _decode_view (res://scripts/animation/site7_machine_sprite.gd:127)
       [1] _read_view (res://scripts/animation/site7_machine_sprite.gd:155)
       [2] warm (res://scripts/animation/site7_machine_sprite.gd:71)
       [3] warm_art (res://scripts/actors/enemy_actor.gd:469)
       [4] _warm_enemy_art (res://scripts/missions/story_stage_01.gd:262)
       [5] _load_mission (res://scripts/missions/story_stage_01.gd:218)
       [6] _ready (res://scripts/missions/story_stage_01.gd:94)
       [7] run (res://tests/smoke/site7_full_operation_smoke.gd:137)
WARNING: Loaded resource as image file, this will not work on export: 'res://assets/enemies/cinder_ram/authored_yaw8_v1/SE.png'. Instead, import the image file as an Image resource and load it normally as a resource.
   at: load_from_file (core/io/image.cpp:2780)
   GDScript backtrace (most recent call first):
       [0] _decode_view (res://scripts/animation/site7_machine_sprite.gd:127)
       [1] _read_view (res://scripts/animation/site7_machine_sprite.gd:155)
       [2] warm (res://scripts/animation/site7_machine_sprite.gd:71)
       [3] warm_art (res://scripts/actors/enemy_actor.gd:469)
       [4] _warm_enemy_art (res://scripts/missions/story_stage_01.gd:262)
       [5] _load_mission (res://scripts/missions/story_stage_01.gd:218)
       [6] _ready (res://scripts/missions/story_stage_01.gd:94)
       [7] run (res://tests/smoke/site7_full_operation_smoke.gd:137)
WARNING: Loaded resource as image file, this will not work on export: 'res://assets/enemies/cinder_ram/authored_yaw8_v1/S.png'. Instead, import the image file as an Image resource and load it normally as a resource.
   at: load_from_file (core/io/image.cpp:2780)
   GDScript backtrace (most recent call first):
       [0] _decode_view (res://scripts/animation/site7_machine_sprite.gd:127)
       [1] _read_view (res://scripts/animation/site7_machine_sprite.gd:155)
       [2] warm (res://scripts/animation/site7_machine_sprite.gd:71)
       [3] warm_art (res://scripts/actors/enemy_actor.gd:469)
       [4] _warm_enemy_art (res://scripts/missions/story_stage_01.gd:262)
       [5] _load_mission (res://scripts/missions/story_stage_01.gd:218)
       [6] _ready (res://scripts/missions/story_stage_01.gd:94)
       [7] run (res://tests/smoke/site7_full_operation_smoke.gd:137)
WARNING: Loaded resource as image file, this will not work on export: 'res://assets/enemies/cinder_ram/authored_yaw8_v1/SW.png'. Instead, import the image file as an Image resource and load it normally as a resource.
   at: load_from_file (core/io/image.cpp:2780)
   GDScript backtrace (most recent call first):
       [0] _decode_view (res://scripts/animation/site7_machine_sprite.gd:127)
       [1] _read_view (res://scripts/animation/site7_machine_sprite.gd:155)
       [2] warm (res://scripts/animation/site7_machine_sprite.gd:71)
       [3] warm_art (res://scripts/actors/enemy_actor.gd:469)
       [4] _warm_enemy_art (res://scripts/missions/story_stage_01.gd:262)
       [5] _load_mission (res://scripts/missions/story_stage_01.gd:218)
       [6] _ready (res://scripts/missions/story_stage_01.gd:94)
       [7] run (res://tests/smoke/site7_full_operation_smoke.gd:137)
WARNING: Loaded resource as image file, this will not work on export: 'res://assets/enemies/cinder_ram/authored_yaw8_v1/W.png'. Instead, import the image file as an Image resource and load it normally as a resource.
   at: load_from_file (core/io/image.cpp:2780)
   GDScript backtrace (most recent call first):
       [0] _decode_view (res://scripts/animation/site7_machine_sprite.gd:127)
       [1] _read_view (res://scripts/animation/site7_machine_sprite.gd:155)
       [2] warm (res://scripts/animation/site7_machine_sprite.gd:71)
       [3] warm_art (res://scripts/actors/enemy_actor.gd:469)
       [4] _warm_enemy_art (res://scripts/missions/story_stage_01.gd:262)
       [5] _load_mission (res://scripts/missions/story_stage_01.gd:218)
       [6] _ready (res://scripts/missions/story_stage_01.gd:94)
       [7] run (res://tests/smoke/site7_full_operation_smoke.gd:137)
WARNING: Loaded resource as image file, this will not work on export: 'res://assets/enemies/cinder_ram/authored_yaw8_v1/NW.png'. Instead, import the image file as an Image resource and load it normally as a resource.
   at: load_from_file (core/io/image.cpp:2780)
   GDScript backtrace (most recent call first):
       [0] _decode_view (res://scripts/animation/site7_machine_sprite.gd:127)
       [1] _read_view (res://scripts/animation/site7_machine_sprite.gd:155)
       [2] warm (res://scripts/animation/site7_machine_sprite.gd:71)
       [3] warm_art (res://scripts/actors/enemy_actor.gd:469)
       [4] _warm_enemy_art (res://scripts/missions/story_stage_01.gd:262)
       [5] _load_mission (res://scripts/missions/story_stage_01.gd:218)
       [6] _ready (res://scripts/missions/story_stage_01.gd:94)
       [7] run (res://tests/smoke/site7_full_operation_smoke.gd:137)
WARNING: Loaded resource as image file, this will not work on export: 'res://assets/enemies/cinder_ram/authored_yaw8_v1/N.png'. Instead, import the image file as an Image resource and load it normally as a resource.
   at: load_from_file (core/io/image.cpp:2780)
   GDScript backtrace (most recent call first):
       [0] _decode_view (res://scripts/animation/site7_machine_sprite.gd:127)
       [1] _read_view (res://scripts/animation/site7_machine_sprite.gd:155)
       [2] warm (res://scripts/animation/site7_machine_sprite.gd:71)
       [3] warm_art (res://scripts/actors/enemy_actor.gd:469)
       [4] _warm_enemy_art (res://scripts/missions/story_stage_01.gd:262)
       [5] _load_mission (res://scripts/missions/story_stage_01.gd:218)
       [6] _ready (res://scripts/missions/story_stage_01.gd:94)
       [7] run (res://tests/smoke/site7_full_operation_smoke.gd:137)
WARNING: Loaded resource as image file, this will not work on export: 'res://assets/enemies/cinder_ram/authored_yaw8_v1/NE.png'. Instead, import the image file as an Image resource and load it normally as a resource.
   at: load_from_file (core/io/image.cpp:2780)
   GDScript backtrace (most recent call first):
       [0] _decode_view (res://scripts/animation/site7_machine_sprite.gd:127)
       [1] _read_view (res://scripts/animation/site7_machine_sprite.gd:155)
       [2] warm (res://scripts/animation/site7_machine_sprite.gd:71)
       [3] warm_art (res://scripts/actors/enemy_actor.gd:469)
       [4] _warm_enemy_art (res://scripts/missions/story_stage_01.gd:262)
       [5] _load_mission (res://scripts/missions/story_stage_01.gd:218)
       [6] _ready (res://scripts/missions/story_stage_01.gd:94)
       [7] run (res://tests/smoke/site7_full_operation_smoke.gd:137)
WARNING: Loaded resource as image file, this will not work on export: 'res://assets/enemies/bulwark/authored_yaw8_v1/E.png'. Instead, import the image file as an Image resource and load it normally as a resource.
   at: load_from_file (core/io/image.cpp:2780)
   GDScript backtrace (most recent call first):
       [0] _decode_view (res://scripts/animation/site7_machine_sprite.gd:127)
       [1] _read_view (res://scripts/animation/site7_machine_sprite.gd:155)
       [2] warm (res://scripts/animation/site7_machine_sprite.gd:71)
       [3] warm_art (res://scripts/actors/enemy_actor.gd:469)
       [4] _warm_enemy_art (res://scripts/missions/story_stage_01.gd:262)
       [5] _load_mission (res://scripts/missions/story_stage_01.gd:218)
       [6] _ready (res://scripts/missions/story_stage_01.gd:94)
       [7] run (res://tests/smoke/site7_full_operation_smoke.gd:137)
WARNING: Loaded resource as image file, this will not work on export: 'res://assets/enemies/bulwark/authored_yaw8_v1/SE.png'. Instead, import the image file as an Image resource and load it normally as a resource.
   at: load_from_file (core/io/image.cpp:2780)
   GDScript backtrace (most recent call first):
       [0] _decode_view (res://scripts/animation/site7_machine_sprite.gd:127)
       [1] _read_view (res://scripts/animation/site7_machine_sprite.gd:155)
       [2] warm (res://scripts/animation/site7_machine_sprite.gd:71)
       [3] warm_art (res://scripts/actors/enemy_actor.gd:469)
       [4] _warm_enemy_art (res://scripts/missions/story_stage_01.gd:262)
       [5] _load_mission (res://scripts/missions/story_stage_01.gd:218)
       [6] _ready (res://scripts/missions/story_stage_01.gd:94)
       [7] run (res://tests/smoke/site7_full_operation_smoke.gd:137)
WARNING: Loaded resource as image file, this will not work on export: 'res://assets/enemies/bulwark/authored_yaw8_v1/S.png'. Instead, import the image file as an Image resource and load it normally as a resource.
   at: load_from_file (core/io/image.cpp:2780)
   GDScript backtrace (most recent call first):
       [0] _decode_view (res://scripts/animation/site7_machine_sprite.gd:127)
       [1] _read_view (res://scripts/animation/site7_machine_sprite.gd:155)
       [2] warm (res://scripts/animation/site7_machine_sprite.gd:71)
       [3] warm_art (res://scripts/actors/enemy_actor.gd:469)
       [4] _warm_enemy_art (res://scripts/missions/story_stage_01.gd:262)
       [5] _load_mission (res://scripts/missions/story_stage_01.gd:218)
       [6] _ready (res://scripts/missions/story_stage_01.gd:94)
       [7] run (res://tests/smoke/site7_full_operation_smoke.gd:137)
WARNING: Loaded resource as image file, this will not work on export: 'res://assets/enemies/bulwark/authored_yaw8_v1/SW.png'. Instead, import the image file as an Image resource and load it normally as a resource.
   at: load_from_file (core/io/image.cpp:2780)
   GDScript backtrace (most recent call first):
       [0] _decode_view (res://scripts/animation/site7_machine_sprite.gd:127)
       [1] _read_view (res://scripts/animation/site7_machine_sprite.gd:155)
       [2] warm (res://scripts/animation/site7_machine_sprite.gd:71)
       [3] warm_art (res://scripts/actors/enemy_actor.gd:469)
       [4] _warm_enemy_art (res://scripts/missions/story_stage_01.gd:262)
       [5] _load_mission (res://scripts/missions/story_stage_01.gd:218)
       [6] _ready (res://scripts/missions/story_stage_01.gd:94)
       [7] run (res://tests/smoke/site7_full_operation_smoke.gd:137)
WARNING: Loaded resource as image file, this will not work on export: 'res://assets/enemies/bulwark/authored_yaw8_v1/W.png'. Instead, import the image file as an Image resource and load it normally as a resource.
   at: load_from_file (core/io/image.cpp:2780)
   GDScript backtrace (most recent call first):
       [0] _decode_view (res://scripts/animation/site7_machine_sprite.gd:127)
       [1] _read_view (res://scripts/animation/site7_machine_sprite.gd:155)
       [2] warm (res://scripts/animation/site7_machine_sprite.gd:71)
       [3] warm_art (res://scripts/actors/enemy_actor.gd:469)
       [4] _warm_enemy_art (res://scripts/missions/story_stage_01.gd:262)
       [5] _load_mission (res://scripts/missions/story_stage_01.gd:218)
       [6] _ready (res://scripts/missions/story_stage_01.gd:94)
       [7] run (res://tests/smoke/site7_full_operation_smoke.gd:137)
WARNING: Loaded resource as image file, this will not work on export: 'res://assets/enemies/bulwark/authored_yaw8_v1/NW.png'. Instead, import the image file as an Image resource and load it normally as a resource.
   at: load_from_file (core/io/image.cpp:2780)
   GDScript backtrace (most recent call first):
       [0] _decode_view (res://scripts/animation/site7_machine_sprite.gd:127)
       [1] _read_view (res://scripts/animation/site7_machine_sprite.gd:155)
       [2] warm (res://scripts/animation/site7_machine_sprite.gd:71)
       [3] warm_art (res://scripts/actors/enemy_actor.gd:469)
       [4] _warm_enemy_art (res://scripts/missions/story_stage_01.gd:262)
       [5] _load_mission (res://scripts/missions/story_stage_01.gd:218)
       [6] _ready (res://scripts/missions/story_stage_01.gd:94)
       [7] run (res://tests/smoke/site7_full_operation_smoke.gd:137)
WARNING: Loaded resource as image file, this will not work on export: 'res://assets/enemies/bulwark/authored_yaw8_v1/N.png'. Instead, import the image file as an Image resource and load it normally as a resource.
   at: load_from_file (core/io/image.cpp:2780)
   GDScript backtrace (most recent call first):
       [0] _decode_view (res://scripts/animation/site7_machine_sprite.gd:127)
       [1] _read_view (res://scripts/animation/site7_machine_sprite.gd:155)
       [2] warm (res://scripts/animation/site7_machine_sprite.gd:71)
       [3] warm_art (res://scripts/actors/enemy_actor.gd:469)
       [4] _warm_enemy_art (res://scripts/missions/story_stage_01.gd:262)
       [5] _load_mission (res://scripts/missions/story_stage_01.gd:218)
       [6] _ready (res://scripts/missions/story_stage_01.gd:94)
       [7] run (res://tests/smoke/site7_full_operation_smoke.gd:137)
WARNING: Loaded resource as image file, this will not work on export: 'res://assets/enemies/bulwark/authored_yaw8_v1/NE.png'. Instead, import the image file as an Image resource and load it normally as a resource.
   at: load_from_file (core/io/image.cpp:2780)
   GDScript backtrace (most recent call first):
       [0] _decode_view (res://scripts/animation/site7_machine_sprite.gd:127)
       [1] _read_view (res://scripts/animation/site7_machine_sprite.gd:155)
       [2] warm (res://scripts/animation/site7_machine_sprite.gd:71)
       [3] warm_art (res://scripts/actors/enemy_actor.gd:469)
       [4] _warm_enemy_art (res://scripts/missions/story_stage_01.gd:262)
       [5] _load_mission (res://scripts/missions/story_stage_01.gd:218)
       [6] _ready (res://scripts/missions/story_stage_01.gd:94)
       [7] run (res://tests/smoke/site7_full_operation_smoke.gd:137)
WARNING: Loaded resource as image file, this will not work on export: 'res://assets/enemies/null_pylon/authored_core_v1/NULL_PYLON.png'. Instead, import the image file as an Image resource and load it normally as a resource.
   at: load_from_file (core/io/image.cpp:2780)
   GDScript backtrace (most recent call first):
       [0] _decode_view (res://scripts/animation/site7_machine_sprite.gd:127)
       [1] _read_view (res://scripts/animation/site7_machine_sprite.gd:155)
       [2] warm (res://scripts/animation/site7_machine_sprite.gd:71)
       [3] warm_art (res://scripts/actors/enemy_actor.gd:469)
       [4] _warm_enemy_art (res://scripts/missions/story_stage_01.gd:262)
       [5] _load_mission (res://scripts/missions/story_stage_01.gd:218)
       [6] _ready (res://scripts/missions/story_stage_01.gd:94)
       [7] run (res://tests/smoke/site7_full_operation_smoke.gd:137)
WARNING: Loaded resource as image file, this will not work on export: 'res://assets/enemies/recon_drone/authored_yaw8_v1/E.png'. Instead, import the image file as an Image resource and load it normally as a resource.
   at: load_from_file (core/io/image.cpp:2780)
   GDScript backtrace (most recent call first):
       [0] _decode_view (res://scripts/animation/site7_machine_sprite.gd:127)
       [1] _read_view (res://scripts/animation/site7_machine_sprite.gd:155)
       [2] warm (res://scripts/animation/site7_machine_sprite.gd:71)
       [3] warm_art (res://scripts/actors/enemy_actor.gd:469)
       [4] _warm_enemy_art (res://scripts/missions/story_stage_01.gd:262)
       [5] _load_mission (res://scripts/missions/story_stage_01.gd:218)
       [6] _ready (res://scripts/missions/story_stage_01.gd:94)
       [7] run (res://tests/smoke/site7_full_operation_smoke.gd:137)
WARNING: Loaded resource as image file, this will not work on export: 'res://assets/enemies/recon_drone/authored_yaw8_v1/SE.png'. Instead, import the image file as an Image resource and load it normally as a resource.
   at: load_from_file (core/io/image.cpp:2780)
   GDScript backtrace (most recent call first):
       [0] _decode_view (res://scripts/animation/site7_machine_sprite.gd:127)
       [1] _read_view (res://scripts/animation/site7_machine_sprite.gd:155)
       [2] warm (res://scripts/animation/site7_machine_sprite.gd:71)
       [3] warm_art (res://scripts/actors/enemy_actor.gd:469)
       [4] _warm_enemy_art (res://scripts/missions/story_stage_01.gd:262)
       [5] _load_mission (res://scripts/missions/story_stage_01.gd:218)
       [6] _ready (res://scripts/missions/story_stage_01.gd:94)
       [7] run (res://tests/smoke/site7_full_operation_smoke.gd:137)
WARNING: Loaded resource as image file, this will not work on export: 'res://assets/enemies/recon_drone/authored_yaw8_v1/S.png'. Instead, import the image file as an Image resource and load it normally as a resource.
   at: load_from_file (core/io/image.cpp:2780)
   GDScript backtrace (most recent call first):
       [0] _decode_view (res://scripts/animation/site7_machine_sprite.gd:127)
       [1] _read_view (res://scripts/animation/site7_machine_sprite.gd:155)
       [2] warm (res://scripts/animation/site7_machine_sprite.gd:71)
       [3] warm_art (res://scripts/actors/enemy_actor.gd:469)
       [4] _warm_enemy_art (res://scripts/missions/story_stage_01.gd:262)
       [5] _load_mission (res://scripts/missions/story_stage_01.gd:218)
       [6] _ready (res://scripts/missions/story_stage_01.gd:94)
       [7] run (res://tests/smoke/site7_full_operation_smoke.gd:137)
WARNING: Loaded resource as image file, this will not work on export: 'res://assets/enemies/recon_drone/authored_yaw8_v1/SW.png'. Instead, import the image file as an Image resource and load it normally as a resource.
   at: load_from_file (core/io/image.cpp:2780)
   GDScript backtrace (most recent call first):
       [0] _decode_view (res://scripts/animation/site7_machine_sprite.gd:127)
       [1] _read_view (res://scripts/animation/site7_machine_sprite.gd:155)
       [2] warm (res://scripts/animation/site7_machine_sprite.gd:71)
       [3] warm_art (res://scripts/actors/enemy_actor.gd:469)
       [4] _warm_enemy_art (res://scripts/missions/story_stage_01.gd:262)
       [5] _load_mission (res://scripts/missions/story_stage_01.gd:218)
       [6] _ready (res://scripts/missions/story_stage_01.gd:94)
       [7] run (res://tests/smoke/site7_full_operation_smoke.gd:137)
WARNING: Loaded resource as image file, this will not work on export: 'res://assets/enemies/recon_drone/authored_yaw8_v1/W.png'. Instead, import the image file as an Image resource and load it normally as a resource.
   at: load_from_file (core/io/image.cpp:2780)
   GDScript backtrace (most recent call first):
       [0] _decode_view (res://scripts/animation/site7_machine_sprite.gd:127)
       [1] _read_view (res://scripts/animation/site7_machine_sprite.gd:155)
       [2] warm (res://scripts/animation/site7_machine_sprite.gd:71)
       [3] warm_art (res://scripts/actors/enemy_actor.gd:469)
       [4] _warm_enemy_art (res://scripts/missions/story_stage_01.gd:262)
       [5] _load_mission (res://scripts/missions/story_stage_01.gd:218)
       [6] _ready (res://scripts/missions/story_stage_01.gd:94)
       [7] run (res://tests/smoke/site7_full_operation_smoke.gd:137)
WARNING: Loaded resource as image file, this will not work on export: 'res://assets/enemies/recon_drone/authored_yaw8_v1/NW.png'. Instead, import the image file as an Image resource and load it normally as a resource.
   at: load_from_file (core/io/image.cpp:2780)
   GDScript backtrace (most recent call first):
       [0] _decode_view (res://scripts/animation/site7_machine_sprite.gd:127)
       [1] _read_view (res://scripts/animation/site7_machine_sprite.gd:155)
       [2] warm (res://scripts/animation/site7_machine_sprite.gd:71)
       [3] warm_art (res://scripts/actors/enemy_actor.gd:469)
       [4] _warm_enemy_art (res://scripts/missions/story_stage_01.gd:262)
       [5] _load_mission (res://scripts/missions/story_stage_01.gd:218)
       [6] _ready (res://scripts/missions/story_stage_01.gd:94)
       [7] run (res://tests/smoke/site7_full_operation_smoke.gd:137)
WARNING: Loaded resource as image file, this will not work on export: 'res://assets/enemies/recon_drone/authored_yaw8_v1/N.png'. Instead, import the image file as an Image resource and load it normally as a resource.
   at: load_from_file (core/io/image.cpp:2780)
   GDScript backtrace (most recent call first):
       [0] _decode_view (res://scripts/animation/site7_machine_sprite.gd:127)
       [1] _read_view (res://scripts/animation/site7_machine_sprite.gd:155)
       [2] warm (res://scripts/animation/site7_machine_sprite.gd:71)
       [3] warm_art (res://scripts/actors/enemy_actor.gd:469)
       [4] _warm_enemy_art (res://scripts/missions/story_stage_01.gd:262)
       [5] _load_mission (res://scripts/missions/story_stage_01.gd:218)
       [6] _ready (res://scripts/missions/story_stage_01.gd:94)
       [7] run (res://tests/smoke/site7_full_operation_smoke.gd:137)
WARNING: Loaded resource as image file, this will not work on export: 'res://assets/enemies/recon_drone/authored_yaw8_v1/NE.png'. Instead, import the image file as an Image resource and load it normally as a resource.
   at: load_from_file (core/io/image.cpp:2780)
   GDScript backtrace (most recent call first):
       [0] _decode_view (res://scripts/animation/site7_machine_sprite.gd:127)
       [1] _read_view (res://scripts/animation/site7_machine_sprite.gd:155)
       [2] warm (res://scripts/animation/site7_machine_sprite.gd:71)
       [3] warm_art (res://scripts/actors/enemy_actor.gd:469)
       [4] _warm_enemy_art (res://scripts/missions/story_stage_01.gd:262)
       [5] _load_mission (res://scripts/missions/story_stage_01.gd:218)
       [6] _ready (res://scripts/missions/story_stage_01.gd:94)
       [7] run (res://tests/smoke/site7_full_operation_smoke.gd:137)
WARNING: Loaded resource as image file, this will not work on export: 'res://assets/enemies/stage10_origin_core/authored_core_v1/ORIGIN_CORE.png'. Instead, import the image file as an Image resource and load it normally as a resource.
   at: load_from_file (core/io/image.cpp:2780)
   GDScript backtrace (most recent call first):
       [0] _decode_view (res://scripts/animation/site7_machine_sprite.gd:127)
       [1] _read_view (res://scripts/animation/site7_machine_sprite.gd:155)
       [2] warm (res://scripts/animation/site7_machine_sprite.gd:71)
       [3] warm_art (res://scripts/actors/enemy_actor.gd:469)
       [4] _warm_enemy_art (res://scripts/missions/story_stage_01.gd:262)
       [5] _load_mission (res://scripts/missions/story_stage_01.gd:218)
       [6] _ready (res://scripts/missions/story_stage_01.gd:94)
       [7] run (res://tests/smoke/site7_full_operation_smoke.gd:137)
M7_RASTER_QUARANTINED identity=aster status=partial chunks=2 encoded=20000 present=15000 declared=94718
FULL_OPERATION_TRACE {"ammo":24,"health":[96.0,138.0,112.0],"hostiles":[],"position":[1680.0,470.0],"remaining":0,"step":0,"tick":0,"wave":0}
FULL_OPERATION_TRACE {"ammo":24,"health":[96.0,138.0,112.0],"hostiles":[{"hp":230.0,"id":"ENM_SITE7_PRISM_01","position":"(4356.365, -534.438)"},{"hp":174.0,"id":"ENM_SITE7_MORTAR_01","position":"(4460.48, -438.54)"},{"hp":200.0,"id":"ENM_SITE7_RAM_01","position":"(4573.477, -503.2713)"},{"hp":298.0,"id":"ENM_SITE7_BULWARK_01","position":"(4408.14, -325.3182)"},{"hp":258.0,"id":"ENM_SITE7_NULL_PYLON_01","position":"(4192.96, -466.77)"}],"position":[1680.0,470.0],"remaining":5,"step":1,"tick":1,"wave":0}
FULL_OPERATION_TRACE {"ammo":2,"health":[60.0,138.0,112.0],"hostiles":[{"hp":230.0,"id":"ENM_SITE7_PRISM_01","position":"(4207.998, -612.146)"},{"hp":174.0,"id":"ENM_SITE7_MORTAR_01","position":"(4460.48, -438.54)"},{"hp":200.0,"id":"ENM_SITE7_RAM_01","position":"(3538.901, -197.7488)"},{"hp":298.0,"id":"ENM_SITE7_BULWARK_01","position":"(4236.306, -321.8947)"},{"hp":258.0,"id":"ENM_SITE7_NULL_PYLON_01","position":"(4192.96, -466.77)"}],"position":[2189.0732421875,285.385650634766],"remaining":5,"step":1,"tick":600,"wave":0}
FULL_OPERATION_TRACE {"ammo":4,"health":[15.6,102.0,112.0],"hostiles":[{"hp":230.0,"id":"ENM_SITE7_PRISM_01","position":"(4206.35, -612.7375)"},{"hp":174.0,"id":"ENM_SITE7_MORTAR_01","position":"(4460.48, -438.54)"},{"hp":298.0,"id":"ENM_SITE7_BULWARK_01","position":"(4096.688, -320.7357)"},{"hp":258.0,"id":"ENM_SITE7_NULL_PYLON_01","position":"(4192.96, -466.77)"}],"position":[2492.92309570313,176.680603027344],"remaining":4,"step":1,"tick":1200,"wave":0}
FULL_OPERATION_TRACE {"ammo":5,"health":[15.6,102.0,112.0],"hostiles":[{"hp":230.0,"id":"ENM_SITE7_PRISM_01","position":"(4182.288, -617.7457)"},{"hp":174.0,"id":"ENM_SITE7_MORTAR_01","position":"(4460.48, -438.54)"},{"hp":298.0,"id":"ENM_SITE7_BULWARK_01","position":"(3952.906, -316.4571)"},{"hp":258.0,"id":"ENM_SITE7_NULL_PYLON_01","position":"(4192.96, -466.77)"}],"position":[3596.72387695313,-130.646102905273],"remaining":4,"step":1,"tick":1800,"wave":0}
FULL_OPERATION_TRACE {"ammo":10,"health":[28.0,51.36,46.0],"hostiles":[{"hp":174.0,"id":"ENM_SITE7_MORTAR_01","position":"(4460.48, -438.54)"},{"hp":92.7,"id":"ENM_SITE7_DRONE_01","position":"(4243.357, -353.1915)"},{"hp":230.0,"id":"ENM_SITE7_PRISM_01","position":"(4510.046, -373.0402)"},{"hp":200.0,"id":"ENM_SITE7_RAM_01","position":"(4643.717, -447.7943)"},{"hp":134.0,"id":"ENM_SITE7_DRONE_01","position":"(4092.632, -420.416)"}],"position":[3979.82885742188,-295.564147949219],"remaining":5,"step":1,"tick":2400,"wave":1}
FULL_OPERATION_TRACE {"ammo":9,"health":[33.6,42.36,28.0],"hostiles":[],"position":[4039.6611328125,-398.770446777344],"remaining":0,"step":2,"tick":2792,"wave":1}
FULL_OPERATION_TRACE {"ammo":9,"health":[33.6,42.36,28.0],"hostiles":[],"position":[4737.916015625,-287.0029296875],"remaining":0,"step":2,"tick":3000,"wave":1}
FULL_OPERATION_TRACE {"ammo":9,"health":[33.6,42.36,28.0],"hostiles":[],"position":[6020.775390625,371.11474609375],"remaining":0,"step":2,"tick":3600,"wave":1}
FULL_OPERATION_TRACE {"ammo":9,"health":[33.6,42.36,28.0],"hostiles":[],"position":[4654.19970703125,-547.082641601563],"remaining":0,"step":2,"tick":4200,"wave":1}
FULL_OPERATION_TRACE {"ammo":9,"health":[33.6,42.36,28.0],"hostiles":[],"position":[6543.38720703125,-1338.59008789063],"remaining":0,"step":2,"tick":4800,"wave":1}
FULL_OPERATION_TRACE {"ammo":9,"health":[33.6,42.36,28.0],"hostiles":[],"position":[6739.91748046875,-1407.94580078125],"remaining":0,"step":3,"tick":4862,"wave":1}
FULL_OPERATION_TRACE {"ammo":9,"health":[33.6,42.36,28.0],"hostiles":[],"position":[8457.26171875,-2048.21435546875],"remaining":0,"step":3,"tick":5400,"wave":1}
FULL_OPERATION_TRACE {"ammo":10,"health":[33.6,28.36,28.0],"hostiles":[{"hp":258.0,"id":"ENM_SITE7_NULL_PYLON_01","position":"(9586.22, -2512.48)"},{"hp":196.96,"id":"ENM_SITE7_PRISM_01","position":"(9508.244, -2283.704)"},{"hp":174.0,"id":"ENM_SITE7_MORTAR_01","position":"(9816.84, -2485.87)"},{"hp":67.6320000000003,"id":"ENM_SITE7_BULWARK_01","position":"(9363.623, -2460.571)"}],"position":[9159.5,-2551.26123046875],"remaining":4,"step":3,"tick":6000,"wave":0}
FULL_OPERATION_TRACE {"ammo":10,"health":[33.6,24.86,28.0],"hostiles":[],"position":[9510.146484375,-2462.52954101563],"remaining":0,"step":4,"tick":6511,"wave":1}
FULL_OPERATION_TRACE {"ammo":10,"health":[33.6,24.86,28.0],"hostiles":[],"position":[9795.0078125,-2568.80810546875],"remaining":0,"step":4,"tick":6600,"wave":1}
FULL_OPERATION_TRACE {"ammo":10,"health":[33.6,24.86,28.0],"hostiles":[],"position":[11725.001953125,-3257.72631835938],"remaining":0,"step":4,"tick":7200,"wave":1}
FULL_OPERATION_TRACE {"ammo":10,"health":[13.6,9.86,8.0],"hostiles":[{"hp":1808.83999999999,"id":"BOSS_SITE7_ORIGIN_01","position":"(12517.68, -3389.18)"},{"hp":10.1,"id":"ENM_SITE7_DRONE_01","position":"(12406.77, -3351.999)"},{"hp":52.0,"id":"ENM_SITE7_MORTAR_01","position":"(12133.48, -3219.527)"}],"position":[12202.7958984375,-3429.09252929688],"remaining":3,"step":4,"tick":7800,"wave":2}
FULL_OPERATION_TRACE {"ammo":17,"health":[23.6,0.0,0.0],"hostiles":[{"hp":980.779999999991,"id":"BOSS_SITE7_ORIGIN_01","position":"(12517.68, -3389.18)"},{"hp":220.09,"id":"ENM_SITE7_BULWARK_01","position":"(12309.1, -3317.654)"},{"hp":144.0,"id":"ENM_SITE7_PRISM_01","position":"(11919.88, -3468.757)"}],"position":[12269.5205078125,-3589.56640625],"remaining":3,"step":4,"tick":8400,"wave":3}
ERROR: Live combat and extraction succeed without cheats
   at: push_error (core/variant/variant_utility.cpp:1023)
   GDScript backtrace (most recent call first):
       [0] check (res://tests/smoke/site7_full_operation_smoke.gd:125)
       [1] run (res://tests/smoke/site7_full_operation_smoke.gd:266)
ERROR: All six rooms reached; not early extraction
   at: push_error (core/variant/variant_utility.cpp:1023)
   GDScript backtrace (most recent call first):
       [0] check (res://tests/smoke/site7_full_operation_smoke.gd:125)
       [1] run (res://tests/smoke/site7_full_operation_smoke.gd:267)
ERROR: Both optional rooms recovered
   at: push_error (core/variant/variant_utility.cpp:1023)
   GDScript backtrace (most recent call first):
       [0] check (res://tests/smoke/site7_full_operation_smoke.gd:125)
       [1] run (res://tests/smoke/site7_full_operation_smoke.gd:269)
ERROR: All authored waves and boss defeated through real damage
   at: push_error (core/variant/variant_utility.cpp:1023)
   GDScript backtrace (most recent call first):
       [0] check (res://tests/smoke/site7_full_operation_smoke.gd:125)
       [1] run (res://tests/smoke/site7_full_operation_smoke.gd:270)
FULL_OPERATION_DAMAGE {"1:CHR_PROTO_01:ENM_SITE7_BULWARK_01":5.6,"1:CHR_PROTO_01:ENM_SITE7_MORTAR_01":87.6,"1:CHR_PROTO_01:ENM_SITE7_NULL_PYLON_01":60.0,"1:CHR_PROTO_01:ENM_SITE7_PRISM_01":9.99999999999999,"1:CHR_PROTO_02:ENM_SITE7_BULWARK_01":16.0,"1:CHR_PROTO_02:ENM_SITE7_MORTAR_01":27.0,"1:CHR_PROTO_02:ENM_SITE7_NULL_PYLON_01":32.04,"1:CHR_PROTO_02:ENM_SITE7_PRISM_01":20.6,"1:CHR_PROTO_03:ENM_SITE7_MORTAR_01":36.0,"1:CHR_PROTO_03:ENM_SITE7_NULL_PYLON_01":18.0,"1:CHR_PROTO_03:ENM_SITE7_PRISM_01":30.0,"3:CHR_PROTO_02:ENM_SITE7_BULWARK_01":8.0,"3:CHR_PROTO_02:ENM_SITE7_DRONE_01":3.5,"3:CHR_PROTO_02:ENM_SITE7_PRISM_01":6.0,"4:CHR_PROTO_01:BOSS_SITE7_ORIGIN_01":53.6,"4:CHR_PROTO_01:ENM_SITE7_PRISM_01":13.6,"4:CHR_PROTO_02:BOSS_SITE7_ORIGIN_01":61.86,"4:CHR_PROTO_02:ENM_SITE7_BULWARK_01":6.3,"4:CHR_PROTO_02:ENM_SITE7_PRISM_01":5.0,"4:CHR_PROTO_03:BOSS_SITE7_ORIGIN_01":20.0,"4:CHR_PROTO_03:ENM_SITE7_PRISM_01":8.0}
FULL_OPERATION_SKILLS {"CHR_PROTO_01:Q":1,"CHR_PROTO_02:E":9,"CHR_PROTO_02:Q":5,"CHR_PROTO_02:X":10}
SITE7_FULL_OPERATION_SMOKE: FAIL
