Godot Engine v4.7.1.stable.official.a13da4feb - https://godotengine.org

WARNING: Loaded resource as image file, this will not work on export: 'res://assets/enemies/null_pylon/authored_core_v1/NULL_PYLON.png'. Instead, import the image file as an Image resource and load it normally as a resource.
   at: load_from_file (core/io/image.cpp:2780)
   GDScript backtrace (most recent call first):
       [0] _decode_view (res://scripts/animation/site7_machine_sprite.gd:127)
       [1] _read_view (res://scripts/animation/site7_machine_sprite.gd:155)
       [2] warm (res://scripts/animation/site7_machine_sprite.gd:71)
       [3] warm_art (res://scripts/actors/enemy_actor.gd:469)
       [4] _warm_enemy_art (res://scripts/missions/story_stage_01.gd:262)
       [5] _load_mission (res://scripts/missions/story_stage_01.gd:218)
       [6] _ready (res://scripts/missions/story_stage_01.gd:94)
       [7] run (res://tests/smoke/site7_full_operation_smoke.gd:137)
WARNING: Loaded resource as image file, this will not work on export: 'res://assets/enemies/vesper_mortar/authored_core_v1/ANCHORED.png'. Instead, import the image file as an Image resource and load it normally as a resource.
   at: load_from_file (core/io/image.cpp:2780)
   GDScript backtrace (most recent call first):
       [0] _decode_view (res://scripts/animation/site7_machine_sprite.gd:127)
       [1] _read_view (res://scripts/animation/site7_machine_sprite.gd:155)
       [2] warm (res://scripts/animation/site7_machine_sprite.gd:71)
       [3] warm_art (res://scripts/actors/enemy_actor.gd:469)
       [4] _warm_enemy_art (res://scripts/missions/story_stage_01.gd:262)
       [5] _load_mission (res://scripts/missions/story_stage_01.gd:218)
       [6] _ready (res://scripts/missions/story_stage_01.gd:94)
       [7] run (res://tests/smoke/site7_full_operation_smoke.gd:137)
WARNING: Loaded resource as image file, this will not work on export: 'res://assets/enemies/prism_skimmer/authored_yaw8_v1/E.png'. Instead, import the image file as an Image resource and load it normally as a resource.
   at: load_from_file (core/io/image.cpp:2780)
   GDScript backtrace (most recent call first):
       [0] _decode_view (res://scripts/animation/site7_machine_sprite.gd:127)
       [1] _read_view (res://scripts/animation/site7_machine_sprite.gd:155)
       [2] warm (res://scripts/animation/site7_machine_sprite.gd:71)
       [3] warm_art (res://scripts/actors/enemy_actor.gd:469)
       [4] _warm_enemy_art (res://scripts/missions/story_stage_01.gd:262)
       [5] _load_mission (res://scripts/missions/story_stage_01.gd:218)
       [6] _ready (res://scripts/missions/story_stage_01.gd:94)
       [7] run (res://tests/smoke/site7_full_operation_smoke.gd:137)
WARNING: Loaded resource as image file, this will not work on export: 'res://assets/enemies/prism_skimmer/authored_yaw8_v1/SE.png'. Instead, import the image file as an Image resource and load it normally as a resource.
   at: load_from_file (core/io/image.cpp:2780)
   GDScript backtrace (most recent call first):
       [0] _decode_view (res://scripts/animation/site7_machine_sprite.gd:127)
       [1] _read_view (res://scripts/animation/site7_machine_sprite.gd:155)
       [2] warm (res://scripts/animation/site7_machine_sprite.gd:71)
       [3] warm_art (res://scripts/actors/enemy_actor.gd:469)
       [4] _warm_enemy_art (res://scripts/missions/story_stage_01.gd:262)
       [5] _load_mission (res://scripts/missions/story_stage_01.gd:218)
       [6] _ready (res://scripts/missions/story_stage_01.gd:94)
       [7] run (res://tests/smoke/site7_full_operation_smoke.gd:137)
WARNING: Loaded resource as image file, this will not work on export: 'res://assets/enemies/prism_skimmer/authored_yaw8_v1/S.png'. Instead, import the image file as an Image resource and load it normally as a resource.
   at: load_from_file (core/io/image.cpp:2780)
   GDScript backtrace (most recent call first):
       [0] _decode_view (res://scripts/animation/site7_machine_sprite.gd:127)
       [1] _read_view (res://scripts/animation/site7_machine_sprite.gd:155)
       [2] warm (res://scripts/animation/site7_machine_sprite.gd:71)
       [3] warm_art (res://scripts/actors/enemy_actor.gd:469)
       [4] _warm_enemy_art (res://scripts/missions/story_stage_01.gd:262)
       [5] _load_mission (res://scripts/missions/story_stage_01.gd:218)
       [6] _ready (res://scripts/missions/story_stage_01.gd:94)
       [7] run (res://tests/smoke/site7_full_operation_smoke.gd:137)
WARNING: Loaded resource as image file, this will not work on export: 'res://assets/enemies/prism_skimmer/authored_yaw8_v1/SW.png'. Instead, import the image file as an Image resource and load it normally as a resource.
   at: load_from_file (core/io/image.cpp:2780)
   GDScript backtrace (most recent call first):
       [0] _decode_view (res://scripts/animation/site7_machine_sprite.gd:127)
       [1] _read_view (res://scripts/animation/site7_machine_sprite.gd:155)
       [2] warm (res://scripts/animation/site7_machine_sprite.gd:71)
       [3] warm_art (res://scripts/actors/enemy_actor.gd:469)
       [4] _warm_enemy_art (res://scripts/missions/story_stage_01.gd:262)
       [5] _load_mission (res://scripts/missions/story_stage_01.gd:218)
       [6] _ready (res://scripts/missions/story_stage_01.gd:94)
       [7] run (res://tests/smoke/site7_full_operation_smoke.gd:137)
WARNING: Loaded resource as image file, this will not work on export: 'res://assets/enemies/prism_skimmer/authored_yaw8_v1/W.png'. Instead, import the image file as an Image resource and load it normally as a resource.
   at: load_from_file (core/io/image.cpp:2780)
   GDScript backtrace (most recent call first):
       [0] _decode_view (res://scripts/animation/site7_machine_sprite.gd:127)
       [1] _read_view (res://scripts/animation/site7_machine_sprite.gd:155)
       [2] warm (res://scripts/animation/site7_machine_sprite.gd:71)
       [3] warm_art (res://scripts/actors/enemy_actor.gd:469)
       [4] _warm_enemy_art (res://scripts/missions/story_stage_01.gd:262)
       [5] _load_mission (res://scripts/missions/story_stage_01.gd:218)
       [6] _ready (res://scripts/missions/story_stage_01.gd:94)
       [7] run (res://tests/smoke/site7_full_operation_smoke.gd:137)
WARNING: Loaded resource as image file, this will not work on export: 'res://assets/enemies/prism_skimmer/authored_yaw8_v1/NW.png'. Instead, import the image file as an Image resource and load it normally as a resource.
   at: load_from_file (core/io/image.cpp:2780)
   GDScript backtrace (most recent call first):
       [0] _decode_view (res://scripts/animation/site7_machine_sprite.gd:127)
       [1] _read_view (res://scripts/animation/site7_machine_sprite.gd:155)
       [2] warm (res://scripts/animation/site7_machine_sprite.gd:71)
       [3] warm_art (res://scripts/actors/enemy_actor.gd:469)
       [4] _warm_enemy_art (res://scripts/missions/story_stage_01.gd:262)
       [5] _load_mission (res://scripts/missions/story_stage_01.gd:218)
       [6] _ready (res://scripts/missions/story_stage_01.gd:94)
       [7] run (res://tests/smoke/site7_full_operation_smoke.gd:137)
WARNING: Loaded resource as image file, this will not work on export: 'res://assets/enemies/prism_skimmer/authored_yaw8_v1/N.png'. Instead, import the image file as an Image resource and load it normally as a resource.
   at: load_from_file (core/io/image.cpp:2780)
   GDScript backtrace (most recent call first):
       [0] _decode_view (res://scripts/animation/site7_machine_sprite.gd:127)
       [1] _read_view (res://scripts/animation/site7_machine_sprite.gd:155)
       [2] warm (res://scripts/animation/site7_machine_sprite.gd:71)
       [3] warm_art (res://scripts/actors/enemy_actor.gd:469)
       [4] _warm_enemy_art (res://scripts/missions/story_stage_01.gd:262)
       [5] _load_mission (res://scripts/missions/story_stage_01.gd:218)
       [6] _ready (res://scripts/missions/story_stage_01.gd:94)
       [7] run (res://tests/smoke/site7_full_operation_smoke.gd:137)
WARNING: Loaded resource as image file, this will not work on export: 'res://assets/enemies/prism_skimmer/authored_yaw8_v1/NE.png'. Instead, import the image file as an Image resource and load it normally as a resource.
   at: load_from_file (core/io/image.cpp:2780)
   GDScript backtrace (most recent call first):
       [0] _decode_view (res://scripts/animation/site7_machine_sprite.gd:127)
       [1] _read_view (res://scripts/animation/site7_machine_sprite.gd:155)
       [2] warm (res://scripts/animation/site7_machine_sprite.gd:71)
       [3] warm_art (res://scripts/actors/enemy_actor.gd:469)
       [4] _warm_enemy_art (res://scripts/missions/story_stage_01.gd:262)
       [5] _load_mission (res://scripts/missions/story_stage_01.gd:218)
       [6] _ready (res://scripts/missions/story_stage_01.gd:94)
       [7] run (res://tests/smoke/site7_full_operation_smoke.gd:137)
WARNING: Loaded resource as image file, this will not work on export: 'res://assets/enemies/recon_drone/authored_yaw8_v1/E.png'. Instead, import the image file as an Image resource and load it normally as a resource.
   at: load_from_file (core/io/image.cpp:2780)
   GDScript backtrace (most recent call first):
       [0] _decode_view (res://scripts/animation/site7_machine_sprite.gd:127)
       [1] _read_view (res://scripts/animation/site7_machine_sprite.gd:155)
       [2] warm (res://scripts/animation/site7_machine_sprite.gd:71)
       [3] warm_art (res://scripts/actors/enemy_actor.gd:469)
       [4] _warm_enemy_art (res://scripts/missions/story_stage_01.gd:262)
       [5] _load_mission (res://scripts/missions/story_stage_01.gd:218)
       [6] _ready (res://scripts/missions/story_stage_01.gd:94)
       [7] run (res://tests/smoke/site7_full_operation_smoke.gd:137)
WARNING: Loaded resource as image file, this will not work on export: 'res://assets/enemies/recon_drone/authored_yaw8_v1/SE.png'. Instead, import the image file as an Image resource and load it normally as a resource.
   at: load_from_file (core/io/image.cpp:2780)
   GDScript backtrace (most recent call first):
       [0] _decode_view (res://scripts/animation/site7_machine_sprite.gd:127)
       [1] _read_view (res://scripts/animation/site7_machine_sprite.gd:155)
       [2] warm (res://scripts/animation/site7_machine_sprite.gd:71)
       [3] warm_art (res://scripts/actors/enemy_actor.gd:469)
       [4] _warm_enemy_art (res://scripts/missions/story_stage_01.gd:262)
       [5] _load_mission (res://scripts/missions/story_stage_01.gd:218)
       [6] _ready (res://scripts/missions/story_stage_01.gd:94)
       [7] run (res://tests/smoke/site7_full_operation_smoke.gd:137)
WARNING: Loaded resource as image file, this will not work on export: 'res://assets/enemies/recon_drone/authored_yaw8_v1/S.png'. Instead, import the image file as an Image resource and load it normally as a resource.
   at: load_from_file (core/io/image.cpp:2780)
   GDScript backtrace (most recent call first):
       [0] _decode_view (res://scripts/animation/site7_machine_sprite.gd:127)
       [1] _read_view (res://scripts/animation/site7_machine_sprite.gd:155)
       [2] warm (res://scripts/animation/site7_machine_sprite.gd:71)
       [3] warm_art (res://scripts/actors/enemy_actor.gd:469)
       [4] _warm_enemy_art (res://scripts/missions/story_stage_01.gd:262)
       [5] _load_mission (res://scripts/missions/story_stage_01.gd:218)
       [6] _ready (res://scripts/missions/story_stage_01.gd:94)
       [7] run (res://tests/smoke/site7_full_operation_smoke.gd:137)
WARNING: Loaded resource as image file, this will not work on export: 'res://assets/enemies/recon_drone/authored_yaw8_v1/SW.png'. Instead, import the image file as an Image resource and load it normally as a resource.
   at: load_from_file (core/io/image.cpp:2780)
   GDScript backtrace (most recent call first):
       [0] _decode_view (res://scripts/animation/site7_machine_sprite.gd:127)
       [1] _read_view (res://scripts/animation/site7_machine_sprite.gd:155)
       [2] warm (res://scripts/animation/site7_machine_sprite.gd:71)
       [3] warm_art (res://scripts/actors/enemy_actor.gd:469)
       [4] _warm_enemy_art (res://scripts/missions/story_stage_01.gd:262)
       [5] _load_mission (res://scripts/missions/story_stage_01.gd:218)
       [6] _ready (res://scripts/missions/story_stage_01.gd:94)
       [7] run (res://tests/smoke/site7_full_operation_smoke.gd:137)
WARNING: Loaded resource as image file, this will not work on export: 'res://assets/enemies/recon_drone/authored_yaw8_v1/W.png'. Instead, import the image file as an Image resource and load it normally as a resource.
   at: load_from_file (core/io/image.cpp:2780)
   GDScript backtrace (most recent call first):
       [0] _decode_view (res://scripts/animation/site7_machine_sprite.gd:127)
       [1] _read_view (res://scripts/animation/site7_machine_sprite.gd:155)
       [2] warm (res://scripts/animation/site7_machine_sprite.gd:71)
       [3] warm_art (res://scripts/actors/enemy_actor.gd:469)
       [4] _warm_enemy_art (res://scripts/missions/story_stage_01.gd:262)
       [5] _load_mission (res://scripts/missions/story_stage_01.gd:218)
       [6] _ready (res://scripts/missions/story_stage_01.gd:94)
       [7] run (res://tests/smoke/site7_full_operation_smoke.gd:137)
WARNING: Loaded resource as image file, this will not work on export: 'res://assets/enemies/recon_drone/authored_yaw8_v1/NW.png'. Instead, import the image file as an Image resource and load it normally as a resource.
   at: load_from_file (core/io/image.cpp:2780)
   GDScript backtrace (most recent call first):
       [0] _decode_view (res://scripts/animation/site7_machine_sprite.gd:127)
       [1] _read_view (res://scripts/animation/site7_machine_sprite.gd:155)
       [2] warm (res://scripts/animation/site7_machine_sprite.gd:71)
       [3] warm_art (res://scripts/actors/enemy_actor.gd:469)
       [4] _warm_enemy_art (res://scripts/missions/story_stage_01.gd:262)
       [5] _load_mission (res://scripts/missions/story_stage_01.gd:218)
       [6] _ready (res://scripts/missions/story_stage_01.gd:94)
       [7] run (res://tests/smoke/site7_full_operation_smoke.gd:137)
WARNING: Loaded resource as image file, this will not work on export: 'res://assets/enemies/recon_drone/authored_yaw8_v1/N.png'. Instead, import the image file as an Image resource and load it normally as a resource.
   at: load_from_file (core/io/image.cpp:2780)
   GDScript backtrace (most recent call first):
       [0] _decode_view (res://scripts/animation/site7_machine_sprite.gd:127)
       [1] _read_view (res://scripts/animation/site7_machine_sprite.gd:155)
       [2] warm (res://scripts/animation/site7_machine_sprite.gd:71)
       [3] warm_art (res://scripts/actors/enemy_actor.gd:469)
       [4] _warm_enemy_art (res://scripts/missions/story_stage_01.gd:262)
       [5] _load_mission (res://scripts/missions/story_stage_01.gd:218)
       [6] _ready (res://scripts/missions/story_stage_01.gd:94)
       [7] run (res://tests/smoke/site7_full_operation_smoke.gd:137)
WARNING: Loaded resource as image file, this will not work on export: 'res://assets/enemies/recon_drone/authored_yaw8_v1/NE.png'. Instead, import the image file as an Image resource and load it normally as a resource.
   at: load_from_file (core/io/image.cpp:2780)
   GDScript backtrace (most recent call first):
       [0] _decode_view (res://scripts/animation/site7_machine_sprite.gd:127)
       [1] _read_view (res://scripts/animation/site7_machine_sprite.gd:155)
       [2] warm (res://scripts/animation/site7_machine_sprite.gd:71)
       [3] warm_art (res://scripts/actors/enemy_actor.gd:469)
       [4] _warm_enemy_art (res://scripts/missions/story_stage_01.gd:262)
       [5] _load_mission (res://scripts/missions/story_stage_01.gd:218)
       [6] _ready (res://scripts/missions/story_stage_01.gd:94)
       [7] run (res://tests/smoke/site7_full_operation_smoke.gd:137)
WARNING: Loaded resource as image file, this will not work on export: 'res://assets/enemies/cinder_ram/authored_yaw8_v1/E.png'. Instead, import the image file as an Image resource and load it normally as a resource.
   at: load_from_file (core/io/image.cpp:2780)
   GDScript backtrace (most recent call first):
       [0] _decode_view (res://scripts/animation/site7_machine_sprite.gd:127)
       [1] _read_view (res://scripts/animation/site7_machine_sprite.gd:155)
       [2] warm (res://scripts/animation/site7_machine_sprite.gd:71)
       [3] warm_art (res://scripts/actors/enemy_actor.gd:469)
       [4] _warm_enemy_art (res://scripts/missions/story_stage_01.gd:262)
       [5] _load_mission (res://scripts/missions/story_stage_01.gd:218)
       [6] _ready (res://scripts/missions/story_stage_01.gd:94)
       [7] run (res://tests/smoke/site7_full_operation_smoke.gd:137)
WARNING: Loaded resource as image file, this will not work on export: 'res://assets/enemies/cinder_ram/authored_yaw8_v1/SE.png'. Instead, import the image file as an Image resource and load it normally as a resource.
   at: load_from_file (core/io/image.cpp:2780)
   GDScript backtrace (most recent call first):
       [0] _decode_view (res://scripts/animation/site7_machine_sprite.gd:127)
       [1] _read_view (res://scripts/animation/site7_machine_sprite.gd:155)
       [2] warm (res://scripts/animation/site7_machine_sprite.gd:71)
       [3] warm_art (res://scripts/actors/enemy_actor.gd:469)
       [4] _warm_enemy_art (res://scripts/missions/story_stage_01.gd:262)
       [5] _load_mission (res://scripts/missions/story_stage_01.gd:218)
       [6] _ready (res://scripts/missions/story_stage_01.gd:94)
       [7] run (res://tests/smoke/site7_full_operation_smoke.gd:137)
WARNING: Loaded resource as image file, this will not work on export: 'res://assets/enemies/cinder_ram/authored_yaw8_v1/S.png'. Instead, import the image file as an Image resource and load it normally as a resource.
   at: load_from_file (core/io/image.cpp:2780)
   GDScript backtrace (most recent call first):
       [0] _decode_view (res://scripts/animation/site7_machine_sprite.gd:127)
       [1] _read_view (res://scripts/animation/site7_machine_sprite.gd:155)
       [2] warm (res://scripts/animation/site7_machine_sprite.gd:71)
       [3] warm_art (res://scripts/actors/enemy_actor.gd:469)
       [4] _warm_enemy_art (res://scripts/missions/story_stage_01.gd:262)
       [5] _load_mission (res://scripts/missions/story_stage_01.gd:218)
       [6] _ready (res://scripts/missions/story_stage_01.gd:94)
       [7] run (res://tests/smoke/site7_full_operation_smoke.gd:137)
WARNING: Loaded resource as image file, this will not work on export: 'res://assets/enemies/cinder_ram/authored_yaw8_v1/SW.png'. Instead, import the image file as an Image resource and load it normally as a resource.
   at: load_from_file (core/io/image.cpp:2780)
   GDScript backtrace (most recent call first):
       [0] _decode_view (res://scripts/animation/site7_machine_sprite.gd:127)
       [1] _read_view (res://scripts/animation/site7_machine_sprite.gd:155)
       [2] warm (res://scripts/animation/site7_machine_sprite.gd:71)
       [3] warm_art (res://scripts/actors/enemy_actor.gd:469)
       [4] _warm_enemy_art (res://scripts/missions/story_stage_01.gd:262)
       [5] _load_mission (res://scripts/missions/story_stage_01.gd:218)
       [6] _ready (res://scripts/missions/story_stage_01.gd:94)
       [7] run (res://tests/smoke/site7_full_operation_smoke.gd:137)
WARNING: Loaded resource as image file, this will not work on export: 'res://assets/enemies/cinder_ram/authored_yaw8_v1/W.png'. Instead, import the image file as an Image resource and load it normally as a resource.
   at: load_from_file (core/io/image.cpp:2780)
   GDScript backtrace (most recent call first):
       [0] _decode_view (res://scripts/animation/site7_machine_sprite.gd:127)
       [1] _read_view (res://scripts/animation/site7_machine_sprite.gd:155)
       [2] warm (res://scripts/animation/site7_machine_sprite.gd:71)
       [3] warm_art (res://scripts/actors/enemy_actor.gd:469)
       [4] _warm_enemy_art (res://scripts/missions/story_stage_01.gd:262)
       [5] _load_mission (res://scripts/missions/story_stage_01.gd:218)
       [6] _ready (res://scripts/missions/story_stage_01.gd:94)
       [7] run (res://tests/smoke/site7_full_operation_smoke.gd:137)
WARNING: Loaded resource as image file, this will not work on export: 'res://assets/enemies/cinder_ram/authored_yaw8_v1/NW.png'. Instead, import the image file as an Image resource and load it normally as a resource.
   at: load_from_file (core/io/image.cpp:2780)
   GDScript backtrace (most recent call first):
       [0] _decode_view (res://scripts/animation/site7_machine_sprite.gd:127)
       [1] _read_view (res://scripts/animation/site7_machine_sprite.gd:155)
       [2] warm (res://scripts/animation/site7_machine_sprite.gd:71)
       [3] warm_art (res://scripts/actors/enemy_actor.gd:469)
       [4] _warm_enemy_art (res://scripts/missions/story_stage_01.gd:262)
       [5] _load_mission (res://scripts/missions/story_stage_01.gd:218)
       [6] _ready (res://scripts/missions/story_stage_01.gd:94)
       [7] run (res://tests/smoke/site7_full_operation_smoke.gd:137)
WARNING: Loaded resource as image file, this will not work on export: 'res://assets/enemies/cinder_ram/authored_yaw8_v1/N.png'. Instead, import the image file as an Image resource and load it normally as a resource.
   at: load_from_file (core/io/image.cpp:2780)
   GDScript backtrace (most recent call first):
       [0] _decode_view (res://scripts/animation/site7_machine_sprite.gd:127)
       [1] _read_view (res://scripts/animation/site7_machine_sprite.gd:155)
       [2] warm (res://scripts/animation/site7_machine_sprite.gd:71)
       [3] warm_art (res://scripts/actors/enemy_actor.gd:469)
       [4] _warm_enemy_art (res://scripts/missions/story_stage_01.gd:262)
       [5] _load_mission (res://scripts/missions/story_stage_01.gd:218)
       [6] _ready (res://scripts/missions/story_stage_01.gd:94)
       [7] run (res://tests/smoke/site7_full_operation_smoke.gd:137)
WARNING: Loaded resource as image file, this will not work on export: 'res://assets/enemies/cinder_ram/authored_yaw8_v1/NE.png'. Instead, import the image file as an Image resource and load it normally as a resource.
   at: load_from_file (core/io/image.cpp:2780)
   GDScript backtrace (most recent call first):
       [0] _decode_view (res://scripts/animation/site7_machine_sprite.gd:127)
       [1] _read_view (res://scripts/animation/site7_machine_sprite.gd:155)
       [2] warm (res://scripts/animation/site7_machine_sprite.gd:71)
       [3] warm_art (res://scripts/actors/enemy_actor.gd:469)
       [4] _warm_enemy_art (res://scripts/missions/story_stage_01.gd:262)
       [5] _load_mission (res://scripts/missions/story_stage_01.gd:218)
       [6] _ready (res://scripts/missions/story_stage_01.gd:94)
       [7] run (res://tests/smoke/site7_full_operation_smoke.gd:137)
WARNING: Loaded resource as image file, this will not work on export: 'res://assets/enemies/bulwark/authored_yaw8_v1/E.png'. Instead, import the image file as an Image resource and load it normally as a resource.
   at: load_from_file (core/io/image.cpp:2780)
   GDScript backtrace (most recent call first):
       [0] _decode_view (res://scripts/animation/site7_machine_sprite.gd:127)
       [1] _read_view (res://scripts/animation/site7_machine_sprite.gd:155)
       [2] warm (res://scripts/animation/site7_machine_sprite.gd:71)
       [3] warm_art (res://scripts/actors/enemy_actor.gd:469)
       [4] _warm_enemy_art (res://scripts/missions/story_stage_01.gd:262)
       [5] _load_mission (res://scripts/missions/story_stage_01.gd:218)
       [6] _ready (res://scripts/missions/story_stage_01.gd:94)
       [7] run (res://tests/smoke/site7_full_operation_smoke.gd:137)
WARNING: Loaded resource as image file, this will not work on export: 'res://assets/enemies/bulwark/authored_yaw8_v1/SE.png'. Instead, import the image file as an Image resource and load it normally as a resource.
   at: load_from_file (core/io/image.cpp:2780)
   GDScript backtrace (most recent call first):
       [0] _decode_view (res://scripts/animation/site7_machine_sprite.gd:127)
       [1] _read_view (res://scripts/animation/site7_machine_sprite.gd:155)
       [2] warm (res://scripts/animation/site7_machine_sprite.gd:71)
       [3] warm_art (res://scripts/actors/enemy_actor.gd:469)
       [4] _warm_enemy_art (res://scripts/missions/story_stage_01.gd:262)
       [5] _load_mission (res://scripts/missions/story_stage_01.gd:218)
       [6] _ready (res://scripts/missions/story_stage_01.gd:94)
       [7] run (res://tests/smoke/site7_full_operation_smoke.gd:137)
WARNING: Loaded resource as image file, this will not work on export: 'res://assets/enemies/bulwark/authored_yaw8_v1/S.png'. Instead, import the image file as an Image resource and load it normally as a resource.
   at: load_from_file (core/io/image.cpp:2780)
   GDScript backtrace (most recent call first):
       [0] _decode_view (res://scripts/animation/site7_machine_sprite.gd:127)
       [1] _read_view (res://scripts/animation/site7_machine_sprite.gd:155)
       [2] warm (res://scripts/animation/site7_machine_sprite.gd:71)
       [3] warm_art (res://scripts/actors/enemy_actor.gd:469)
       [4] _warm_enemy_art (res://scripts/missions/story_stage_01.gd:262)
       [5] _load_mission (res://scripts/missions/story_stage_01.gd:218)
       [6] _ready (res://scripts/missions/story_stage_01.gd:94)
       [7] run (res://tests/smoke/site7_full_operation_smoke.gd:137)
WARNING: Loaded resource as image file, this will not work on export: 'res://assets/enemies/bulwark/authored_yaw8_v1/SW.png'. Instead, import the image file as an Image resource and load it normally as a resource.
   at: load_from_file (core/io/image.cpp:2780)
   GDScript backtrace (most recent call first):
       [0] _decode_view (res://scripts/animation/site7_machine_sprite.gd:127)
       [1] _read_view (res://scripts/animation/site7_machine_sprite.gd:155)
       [2] warm (res://scripts/animation/site7_machine_sprite.gd:71)
       [3] warm_art (res://scripts/actors/enemy_actor.gd:469)
       [4] _warm_enemy_art (res://scripts/missions/story_stage_01.gd:262)
       [5] _load_mission (res://scripts/missions/story_stage_01.gd:218)
       [6] _ready (res://scripts/missions/story_stage_01.gd:94)
       [7] run (res://tests/smoke/site7_full_operation_smoke.gd:137)
WARNING: Loaded resource as image file, this will not work on export: 'res://assets/enemies/bulwark/authored_yaw8_v1/W.png'. Instead, import the image file as an Image resource and load it normally as a resource.
   at: load_from_file (core/io/image.cpp:2780)
   GDScript backtrace (most recent call first):
       [0] _decode_view (res://scripts/animation/site7_machine_sprite.gd:127)
       [1] _read_view (res://scripts/animation/site7_machine_sprite.gd:155)
       [2] warm (res://scripts/animation/site7_machine_sprite.gd:71)
       [3] warm_art (res://scripts/actors/enemy_actor.gd:469)
       [4] _warm_enemy_art (res://scripts/missions/story_stage_01.gd:262)
       [5] _load_mission (res://scripts/missions/story_stage_01.gd:218)
       [6] _ready (res://scripts/missions/story_stage_01.gd:94)
       [7] run (res://tests/smoke/site7_full_operation_smoke.gd:137)
WARNING: Loaded resource as image file, this will not work on export: 'res://assets/enemies/bulwark/authored_yaw8_v1/NW.png'. Instead, import the image file as an Image resource and load it normally as a resource.
   at: load_from_file (core/io/image.cpp:2780)
   GDScript backtrace (most recent call first):
       [0] _decode_view (res://scripts/animation/site7_machine_sprite.gd:127)
       [1] _read_view (res://scripts/animation/site7_machine_sprite.gd:155)
       [2] warm (res://scripts/animation/site7_machine_sprite.gd:71)
       [3] warm_art (res://scripts/actors/enemy_actor.gd:469)
       [4] _warm_enemy_art (res://scripts/missions/story_stage_01.gd:262)
       [5] _load_mission (res://scripts/missions/story_stage_01.gd:218)
       [6] _ready (res://scripts/missions/story_stage_01.gd:94)
       [7] run (res://tests/smoke/site7_full_operation_smoke.gd:137)
WARNING: Loaded resource as image file, this will not work on export: 'res://assets/enemies/bulwark/authored_yaw8_v1/N.png'. Instead, import the image file as an Image resource and load it normally as a resource.
   at: load_from_file (core/io/image.cpp:2780)
   GDScript backtrace (most recent call first):
       [0] _decode_view (res://scripts/animation/site7_machine_sprite.gd:127)
       [1] _read_view (res://scripts/animation/site7_machine_sprite.gd:155)
       [2] warm (res://scripts/animation/site7_machine_sprite.gd:71)
       [3] warm_art (res://scripts/actors/enemy_actor.gd:469)
       [4] _warm_enemy_art (res://scripts/missions/story_stage_01.gd:262)
       [5] _load_mission (res://scripts/missions/story_stage_01.gd:218)
       [6] _ready (res://scripts/missions/story_stage_01.gd:94)
       [7] run (res://tests/smoke/site7_full_operation_smoke.gd:137)
WARNING: Loaded resource as image file, this will not work on export: 'res://assets/enemies/bulwark/authored_yaw8_v1/NE.png'. Instead, import the image file as an Image resource and load it normally as a resource.
   at: load_from_file (core/io/image.cpp:2780)
   GDScript backtrace (most recent call first):
       [0] _decode_view (res://scripts/animation/site7_machine_sprite.gd:127)
       [1] _read_view (res://scripts/animation/site7_machine_sprite.gd:155)
       [2] warm (res://scripts/animation/site7_machine_sprite.gd:71)
       [3] warm_art (res://scripts/actors/enemy_actor.gd:469)
       [4] _warm_enemy_art (res://scripts/missions/story_stage_01.gd:262)
       [5] _load_mission (res://scripts/missions/story_stage_01.gd:218)
       [6] _ready (res://scripts/missions/story_stage_01.gd:94)
       [7] run (res://tests/smoke/site7_full_operation_smoke.gd:137)
WARNING: Loaded resource as image file, this will not work on export: 'res://assets/enemies/stage6_aerator_tower/authored_core_v1/AERATOR_TOWER.png'. Instead, import the image file as an Image resource and load it normally as a resource.
   at: load_from_file (core/io/image.cpp:2780)
   GDScript backtrace (most recent call first):
       [0] _decode_view (res://scripts/animation/site7_machine_sprite.gd:127)
       [1] _read_view (res://scripts/animation/site7_machine_sprite.gd:155)
       [2] warm (res://scripts/animation/site7_machine_sprite.gd:71)
       [3] warm_art (res://scripts/actors/enemy_actor.gd:469)
       [4] _warm_enemy_art (res://scripts/missions/story_stage_01.gd:262)
       [5] _load_mission (res://scripts/missions/story_stage_01.gd:218)
       [6] _ready (res://scripts/missions/story_stage_01.gd:94)
       [7] run (res://tests/smoke/site7_full_operation_smoke.gd:137)
M7_RASTER_QUARANTINED identity=aster status=partial chunks=2 encoded=20000 present=15000 declared=94718
FULL_OPERATION_TRACE {"ammo":24,"health":[96.0,138.0,112.0],"hostiles":[],"position":[1680.0,470.0],"remaining":0,"step":0,"tick":0,"wave":0}
FULL_OPERATION_TRACE {"ammo":24,"health":[96.0,138.0,112.0],"hostiles":[{"hp":220.0,"id":"ENM_SITE7_NULL_PYLON_01","position":"(4519.8, -670.51)"},{"hp":148.0,"id":"ENM_SITE7_MORTAR_01","position":"(4419.48, -736.38)"},{"hp":196.0,"id":"ENM_SITE7_PRISM_01","position":"(4649.788, -597.076)"},{"hp":114.0,"id":"ENM_SITE7_DRONE_01","position":"(4887.64, -557.59)"}],"position":[1680.0,470.0],"remaining":4,"step":1,"tick":1,"wave":0}
FULL_OPERATION_TRACE {"ammo":0,"health":[96.0,102.0,76.0],"hostiles":[{"hp":220.0,"id":"ENM_SITE7_NULL_PYLON_01","position":"(4519.8, -670.51)"},{"hp":148.0,"id":"ENM_SITE7_MORTAR_01","position":"(4419.48, -736.38)"},{"hp":196.0,"id":"ENM_SITE7_PRISM_01","position":"(4076.669, -667.1716)"},{"hp":114.0,"id":"ENM_SITE7_DRONE_01","position":"(4877.157, -555.9127)"}],"position":[3156.728515625,-149.723846435547],"remaining":4,"step":1,"tick":600,"wave":0}
FULL_OPERATION_TRACE {"ammo":0,"health":[79.0,102.0,5.0],"hostiles":[{"hp":8.0,"id":"ENM_SITE7_NULL_PYLON_01","position":"(4519.8, -670.51)"},{"hp":114.0,"id":"ENM_SITE7_DRONE_01","position":"(4576.971, -493.5378)"},{"hp":170.0,"id":"ENM_SITE7_RAM_01","position":"(4483.983, -332.3434)"},{"hp":196.0,"id":"ENM_SITE7_PRISM_01","position":"(4785.431, -725.4094)"},{"hp":254.0,"id":"ENM_SITE7_BULWARK_01","position":"(4736.121, -445.4227)"},{"hp":71.0,"id":"ENM_SITE7_DRONE_01","position":"(4085.08, -726.97)"}],"position":[4274.505859375,-781.115112304688],"remaining":6,"step":1,"tick":1200,"wave":1}
FULL_OPERATION_TRACE {"ammo":18,"health":[53.0,102.0,39.2],"hostiles":[{"hp":46.05,"id":"ENM_SITE7_BULWARK_01","position":"(4608.816, -529.4968)"}],"position":[4358.69921875,-640.253723144531],"remaining":1,"step":1,"tick":1800,"wave":1}
FULL_OPERATION_TRACE {"ammo":6,"health":[53.0,86.0,39.2],"hostiles":[],"position":[4321.20361328125,-519.647338867188],"remaining":0,"step":2,"tick":1858,"wave":1}
FULL_OPERATION_TRACE {"ammo":6,"health":[53.0,86.0,39.2],"hostiles":[],"position":[2243.39135742188,336.013610839844],"remaining":0,"step":2,"tick":2400,"wave":1}
FULL_OPERATION_TRACE {"ammo":24,"health":[86.6,134.3,78.4],"hostiles":[],"position":[3178.86157226563,1260.59301757813],"remaining":0,"step":2,"tick":3000,"wave":1}
FULL_OPERATION_TRACE {"ammo":24,"health":[86.6,134.3,78.4],"hostiles":[],"position":[2614.21215820313,168.662872314453],"remaining":0,"step":2,"tick":3600,"wave":1}
FULL_OPERATION_TRACE {"ammo":24,"health":[86.6,134.3,78.4],"hostiles":[],"position":[4910.43408203125,-809.619873046875],"remaining":0,"step":2,"tick":4200,"wave":1}
FULL_OPERATION_TRACE {"ammo":24,"health":[86.6,134.3,78.4],"hostiles":[],"position":[6631.5673828125,-1563.90185546875],"remaining":0,"step":3,"tick":4652,"wave":1}
FULL_OPERATION_TRACE {"ammo":24,"health":[86.6,134.3,78.4],"hostiles":[],"position":[7198.52783203125,-1321.34362792969],"remaining":0,"step":3,"tick":4800,"wave":1}
FULL_OPERATION_TRACE {"ammo":24,"health":[86.6,134.3,78.4],"hostiles":[],"position":[7892.859375,-1009.76666259766],"remaining":0,"step":3,"tick":5400,"wave":1}
FULL_OPERATION_TRACE {"ammo":24,"health":[86.6,134.3,78.4],"hostiles":[],"position":[8032.7548828125,-2086.912109375],"remaining":0,"step":3,"tick":6000,"wave":1}
FULL_OPERATION_TRACE {"ammo":22,"health":[86.6,134.3,78.4],"hostiles":[{"hp":220.0,"id":"ENM_SITE7_NULL_PYLON_01","position":"(9564.0, -2744.51)"},{"hp":148.0,"id":"ENM_SITE7_MORTAR_01","position":"(9697.76, -2669.23)"},{"hp":144.0,"id":"ENM_SITE7_RAM_01","position":"(9470.836, -2724.448)"}],"position":[9394.537109375,-2622.06005859375],"remaining":3,"step":3,"tick":6600,"wave":0}
FULL_OPERATION_TRACE {"ammo":0,"health":[53.6,120.3,62.4],"hostiles":[{"hp":107.0,"id":"ENM_SITE7_DRONE_01","position":"(9790.009, -2562.701)"},{"hp":55.2749999999999,"id":"ENM_SITE7_BULWARK_01","position":"(9678.446, -2479.161)"},{"hp":37.0,"id":"ENM_SITE7_DRONE_01","position":"(9690.114, -2712.721)"},{"hp":23.0,"id":"ENM_SITE7_DRONE_01","position":"(9694.587, -2587.673)"}],"position":[9421.7392578125,-2349.119140625],"remaining":4,"step":3,"tick":7200,"wave":1}
FULL_OPERATION_TRACE {"ammo":0,"health":[53.6,92.3,62.4],"hostiles":[],"position":[9443.376953125,-2557.375],"remaining":0,"step":4,"tick":7351,"wave":1}
FULL_OPERATION_TRACE {"ammo":24,"health":[53.6,92.3,62.4],"hostiles":[],"position":[11098.1240234375,-3426.69165039063],"remaining":0,"step":4,"tick":7800,"wave":1}
FULL_OPERATION_TRACE {"ammo":0,"health":[13.6,92.3,62.4],"hostiles":[{"hp":1310.0,"id":"BOSS_SITE7_AERATOR_01","position":"(12069.46, -3743.87)"},{"hp":154.0,"id":"ENM_SITE7_RAM_01","position":"(11972.08, -3732.615)"},{"hp":156.0,"id":"ENM_SITE7_PRISM_01","position":"(12287.83, -3853.504)"}],"position":[11766.3564453125,-3894.98754882813],"remaining":3,"step":4,"tick":8400,"wave":1}
FULL_OPERATION_TRACE {"ammo":0,"health":[13.6,0.0,62.4],"hostiles":[{"hp":512.5,"id":"BOSS_SITE7_AERATOR_01","position":"(12069.46, -3743.87)"},{"hp":104.0,"id":"ENM_SITE7_PRISM_01","position":"(12287.83, -3853.504)"}],"position":[11805.767578125,-3623.21875],"remaining":2,"step":4,"tick":9000,"wave":1}
ERROR: Live combat and extraction succeed without cheats
   at: push_error (core/variant/variant_utility.cpp:1023)
   GDScript backtrace (most recent call first):
       [0] check (res://tests/smoke/site7_full_operation_smoke.gd:125)
       [1] run (res://tests/smoke/site7_full_operation_smoke.gd:266)
ERROR: All six rooms reached; not early extraction
   at: push_error (core/variant/variant_utility.cpp:1023)
   GDScript backtrace (most recent call first):
       [0] check (res://tests/smoke/site7_full_operation_smoke.gd:125)
       [1] run (res://tests/smoke/site7_full_operation_smoke.gd:267)
ERROR: All authored waves and boss defeated through real damage
   at: push_error (core/variant/variant_utility.cpp:1023)
   GDScript backtrace (most recent call first):
       [0] check (res://tests/smoke/site7_full_operation_smoke.gd:125)
       [1] run (res://tests/smoke/site7_full_operation_smoke.gd:270)
FULL_OPERATION_DAMAGE {"1:CHR_PROTO_01:ENM_SITE7_BULWARK_01":16.0,"1:CHR_PROTO_01:ENM_SITE7_DRONE_01":7.0,"1:CHR_PROTO_01:ENM_SITE7_PRISM_01":20.0,"1:CHR_PROTO_02:ENM_SITE7_BULWARK_01":16.0,"1:CHR_PROTO_02:ENM_SITE7_MORTAR_01":18.0,"1:CHR_PROTO_02:ENM_SITE7_NULL_PYLON_01":18.0,"1:CHR_PROTO_03:ENM_SITE7_DRONE_01":12.0,"1:CHR_PROTO_03:ENM_SITE7_MORTAR_01":36.0,"1:CHR_PROTO_03:ENM_SITE7_NULL_PYLON_01":54.0,"1:CHR_PROTO_03:ENM_SITE7_PRISM_01":10.0,"3:CHR_PROTO_01:ENM_SITE7_BULWARK_01":16.0,"3:CHR_PROTO_01:ENM_SITE7_DRONE_01":7.0,"3:CHR_PROTO_01:ENM_SITE7_PRISM_01":10.0,"3:CHR_PROTO_02:ENM_SITE7_DRONE_01":42.0,"3:CHR_PROTO_03:ENM_SITE7_BULWARK_01":16.0,"4:CHR_PROTO_01:BOSS_SITE7_AERATOR_01":33.6,"4:CHR_PROTO_01:ENM_SITE7_PRISM_01":20.0,"4:CHR_PROTO_02:BOSS_SITE7_AERATOR_01":42.3,"4:CHR_PROTO_02:ENM_SITE7_PRISM_01":50.0,"4:CHR_PROTO_03:BOSS_SITE7_AERATOR_01":53.6,"4:CHR_PROTO_03:ENM_SITE7_PRISM_01":20.0}
FULL_OPERATION_SKILLS {"CHR_PROTO_01:Q":15,"CHR_PROTO_01:X":6,"CHR_PROTO_03:E":1,"CHR_PROTO_03:Q":1}
SITE7_FULL_OPERATION_SMOKE: FAIL
