00:02.219  render           | Saved: 'D:\AI 종합 폴더\Games\Sable-circuit\art_src\characters\rook\fast_pipeline\motion\candidate_rook_c02_v22_continuous_two_bone_ankle_walk\blender_frames\E\idle\00.png'
00:02.391  render           | Saved: 'D:\AI 종합 폴더\Games\Sable-circuit\art_src\characters\rook\fast_pipeline\motion\candidate_rook_c02_v22_continuous_two_bone_ankle_walk\blender_frames\E\idle\01.png'
00:02.531  render           | Saved: 'D:\AI 종합 폴더\Games\Sable-circuit\art_src\characters\rook\fast_pipeline\motion\candidate_rook_c02_v22_continuous_two_bone_ankle_walk\blender_frames\E\idle\02.png'
00:02.672  render           | Saved: 'D:\AI 종합 폴더\Games\Sable-circuit\art_src\characters\rook\fast_pipeline\motion\candidate_rook_c02_v22_continuous_two_bone_ankle_walk\blender_frames\E\idle\03.png'
00:02.875  render           | Saved: 'D:\AI 종합 폴더\Games\Sable-circuit\art_src\characters\rook\fast_pipeline\motion\candidate_rook_c02_v22_continuous_two_bone_ankle_walk\blender_frames\E\move\00.png'
00:03.062  render           | Saved: 'D:\AI 종합 폴더\Games\Sable-circuit\art_src\characters\rook\fast_pipeline\motion\candidate_rook_c02_v22_continuous_two_bone_ankle_walk\blender_frames\E\move\01.png'
00:03.266  render           | Saved: 'D:\AI 종합 폴더\Games\Sable-circuit\art_src\characters\rook\fast_pipeline\motion\candidate_rook_c02_v22_continuous_two_bone_ankle_walk\blender_frames\E\move\02.png'
00:03.437  render           | Saved: 'D:\AI 종합 폴더\Games\Sable-circuit\art_src\characters\rook\fast_pipeline\motion\candidate_rook_c02_v22_continuous_two_bone_ankle_walk\blender_frames\E\move\03.png'
00:03.656  render           | Saved: 'D:\AI 종합 폴더\Games\Sable-circuit\art_src\characters\rook\fast_pipeline\motion\candidate_rook_c02_v22_continuous_two_bone_ankle_walk\blender_frames\E\move\04.png'
00:03.859  render           | Saved: 'D:\AI 종합 폴더\Games\Sable-circuit\art_src\characters\rook\fast_pipeline\motion\candidate_rook_c02_v22_continuous_two_bone_ankle_walk\blender_frames\E\move\05.png'
00:04.062  render           | Saved: 'D:\AI 종합 폴더\Games\Sable-circuit\art_src\characters\rook\fast_pipeline\motion\candidate_rook_c02_v22_continuous_two_bone_ankle_walk\blender_frames\E\move\06.png'
00:04.281  render           | Saved: 'D:\AI 종합 폴더\Games\Sable-circuit\art_src\characters\rook\fast_pipeline\motion\candidate_rook_c02_v22_continuous_two_bone_ankle_walk\blender_frames\E\move\07.png'
00:04.484  render           | Saved: 'D:\AI 종합 폴더\Games\Sable-circuit\art_src\characters\rook\fast_pipeline\motion\candidate_rook_c02_v22_continuous_two_bone_ankle_walk\blender_frames\E\move\08.png'
00:04.703  render           | Saved: 'D:\AI 종합 폴더\Games\Sable-circuit\art_src\characters\rook\fast_pipeline\motion\candidate_rook_c02_v22_continuous_two_bone_ankle_walk\blender_frames\E\move\09.png'
00:04.906  render           | Saved: 'D:\AI 종합 폴더\Games\Sable-circuit\art_src\characters\rook\fast_pipeline\motion\candidate_rook_c02_v22_continuous_two_bone_ankle_walk\blender_frames\E\move\10.png'
00:05.125  render           | Saved: 'D:\AI 종합 폴더\Games\Sable-circuit\art_src\characters\rook\fast_pipeline\motion\candidate_rook_c02_v22_continuous_two_bone_ankle_walk\blender_frames\E\move\11.png'
00:05.375  render           | Saved: 'D:\AI 종합 폴더\Games\Sable-circuit\art_src\characters\rook\fast_pipeline\motion\candidate_rook_c02_v22_continuous_two_bone_ankle_walk\blender_frames\E\move\12.png'
00:05.578  render           | Saved: 'D:\AI 종합 폴더\Games\Sable-circuit\art_src\characters\rook\fast_pipeline\motion\candidate_rook_c02_v22_continuous_two_bone_ankle_walk\blender_frames\E\move\13.png'
00:05.781  render           | Saved: 'D:\AI 종합 폴더\Games\Sable-circuit\art_src\characters\rook\fast_pipeline\motion\candidate_rook_c02_v22_continuous_two_bone_ankle_walk\blender_frames\E\move\14.png'
00:05.984  render           | Saved: 'D:\AI 종합 폴더\Games\Sable-circuit\art_src\characters\rook\fast_pipeline\motion\candidate_rook_c02_v22_continuous_two_bone_ankle_walk\blender_frames\E\move\15.png'
00:06.187  render           | Saved: 'D:\AI 종합 폴더\Games\Sable-circuit\art_src\characters\rook\fast_pipeline\motion\candidate_rook_c02_v22_continuous_two_bone_ankle_walk\blender_frames\E\move\16.png'
00:06.391  render           | Saved: 'D:\AI 종합 폴더\Games\Sable-circuit\art_src\characters\rook\fast_pipeline\motion\candidate_rook_c02_v22_continuous_two_bone_ankle_walk\blender_frames\E\move\17.png'
00:06.609  render           | Saved: 'D:\AI 종합 폴더\Games\Sable-circuit\art_src\characters\rook\fast_pipeline\motion\candidate_rook_c02_v22_continuous_two_bone_ankle_walk\blender_frames\E\move\18.png'
00:06.812  render           | Saved: 'D:\AI 종합 폴더\Games\Sable-circuit\art_src\characters\rook\fast_pipeline\motion\candidate_rook_c02_v22_continuous_two_bone_ankle_walk\blender_frames\E\move\19.png'
00:07.000  render           | Saved: 'D:\AI 종합 폴더\Games\Sable-circuit\art_src\characters\rook\fast_pipeline\motion\candidate_rook_c02_v22_continuous_two_bone_ankle_walk\blender_frames\E\move\20.png'
00:07.219  render           | Saved: 'D:\AI 종합 폴더\Games\Sable-circuit\art_src\characters\rook\fast_pipeline\motion\candidate_rook_c02_v22_continuous_two_bone_ankle_walk\blender_frames\E\move\21.png'
00:07.422  render           | Saved: 'D:\AI 종합 폴더\Games\Sable-circuit\art_src\characters\rook\fast_pipeline\motion\candidate_rook_c02_v22_continuous_two_bone_ankle_walk\blender_frames\E\move\22.png'
00:07.672  render           | Saved: 'D:\AI 종합 폴더\Games\Sable-circuit\art_src\characters\rook\fast_pipeline\motion\candidate_rook_c02_v22_continuous_two_bone_ankle_walk\blender_frames\E\move\23.png'
00:07.828  render           | Saved: 'D:\AI 종합 폴더\Games\Sable-circuit\art_src\characters\rook\fast_pipeline\motion\candidate_rook_c02_v22_continuous_two_bone_ankle_walk\blender_frames\E\fire\00.png'
00:07.984  render           | Saved: 'D:\AI 종합 폴더\Games\Sable-circuit\art_src\characters\rook\fast_pipeline\motion\candidate_rook_c02_v22_continuous_two_bone_ankle_walk\blender_frames\E\fire\01.png'
00:08.141  render           | Saved: 'D:\AI 종합 폴더\Games\Sable-circuit\art_src\characters\rook\fast_pipeline\motion\candidate_rook_c02_v22_continuous_two_bone_ankle_walk\blender_frames\E\fire\02.png'
00:08.297  render           | Saved: 'D:\AI 종합 폴더\Games\Sable-circuit\art_src\characters\rook\fast_pipeline\motion\candidate_rook_c02_v22_continuous_two_bone_ankle_walk\blender_frames\E\fire\03.png'
00:08.453  render           | Saved: 'D:\AI 종합 폴더\Games\Sable-circuit\art_src\characters\rook\fast_pipeline\motion\candidate_rook_c02_v22_continuous_two_bone_ankle_walk\blender_frames\E\fire\04.png'
00:08.594  render           | Saved: 'D:\AI 종합 폴더\Games\Sable-circuit\art_src\characters\rook\fast_pipeline\motion\candidate_rook_c02_v22_continuous_two_bone_ankle_walk\blender_frames\E\fire\05.png'
00:09.109  render           | Saved: 'D:\AI 종합 폴더\Games\Sable-circuit\art_src\characters\rook\fast_pipeline\motion\candidate_rook_c02_v22_continuous_two_bone_ankle_walk\blender_frames\SE\idle\00.png'
00:09.250  render           | Saved: 'D:\AI 종합 폴더\Games\Sable-circuit\art_src\characters\rook\fast_pipeline\motion\candidate_rook_c02_v22_continuous_two_bone_ankle_walk\blender_frames\SE\idle\01.png'
00:09.422  render           | Saved: 'D:\AI 종합 폴더\Games\Sable-circuit\art_src\characters\rook\fast_pipeline\motion\candidate_rook_c02_v22_continuous_two_bone_ankle_walk\blender_frames\SE\idle\02.png'
00:09.609  render           | Saved: 'D:\AI 종합 폴더\Games\Sable-circuit\art_src\characters\rook\fast_pipeline\motion\candidate_rook_c02_v22_continuous_two_bone_ankle_walk\blender_frames\SE\idle\03.png'
00:09.812  render           | Saved: 'D:\AI 종합 폴더\Games\Sable-circuit\art_src\characters\rook\fast_pipeline\motion\candidate_rook_c02_v22_continuous_two_bone_ankle_walk\blender_frames\SE\move\00.png'
00:10.016  render           | Saved: 'D:\AI 종합 폴더\Games\Sable-circuit\art_src\characters\rook\fast_pipeline\motion\candidate_rook_c02_v22_continuous_two_bone_ankle_walk\blender_frames\SE\move\01.png'
00:10.219  render           | Saved: 'D:\AI 종합 폴더\Games\Sable-circuit\art_src\characters\rook\fast_pipeline\motion\candidate_rook_c02_v22_continuous_two_bone_ankle_walk\blender_frames\SE\move\02.png'
00:10.453  render           | Saved: 'D:\AI 종합 폴더\Games\Sable-circuit\art_src\characters\rook\fast_pipeline\motion\candidate_rook_c02_v22_continuous_two_bone_ankle_walk\blender_frames\SE\move\03.png'
00:10.641  render           | Saved: 'D:\AI 종합 폴더\Games\Sable-circuit\art_src\characters\rook\fast_pipeline\motion\candidate_rook_c02_v22_continuous_two_bone_ankle_walk\blender_frames\SE\move\04.png'
00:10.875  render           | Saved: 'D:\AI 종합 폴더\Games\Sable-circuit\art_src\characters\rook\fast_pipeline\motion\candidate_rook_c02_v22_continuous_two_bone_ankle_walk\blender_frames\SE\move\05.png'
00:11.094  render           | Saved: 'D:\AI 종합 폴더\Games\Sable-circuit\art_src\characters\rook\fast_pipeline\motion\candidate_rook_c02_v22_continuous_two_bone_ankle_walk\blender_frames\SE\move\06.png'
00:11.312  render           | Saved: 'D:\AI 종합 폴더\Games\Sable-circuit\art_src\characters\rook\fast_pipeline\motion\candidate_rook_c02_v22_continuous_two_bone_ankle_walk\blender_frames\SE\move\07.png'
00:11.531  render           | Saved: 'D:\AI 종합 폴더\Games\Sable-circuit\art_src\characters\rook\fast_pipeline\motion\candidate_rook_c02_v22_continuous_two_bone_ankle_walk\blender_frames\SE\move\08.png'
00:11.734  render           | Saved: 'D:\AI 종합 폴더\Games\Sable-circuit\art_src\characters\rook\fast_pipeline\motion\candidate_rook_c02_v22_continuous_two_bone_ankle_walk\blender_frames\SE\move\09.png'
00:11.953  render           | Saved: 'D:\AI 종합 폴더\Games\Sable-circuit\art_src\characters\rook\fast_pipeline\motion\candidate_rook_c02_v22_continuous_two_bone_ankle_walk\blender_frames\SE\move\10.png'
00:12.156  render           | Saved: 'D:\AI 종합 폴더\Games\Sable-circuit\art_src\characters\rook\fast_pipeline\motion\candidate_rook_c02_v22_continuous_two_bone_ankle_walk\blender_frames\SE\move\11.png'
00:12.375  render           | Saved: 'D:\AI 종합 폴더\Games\Sable-circuit\art_src\characters\rook\fast_pipeline\motion\candidate_rook_c02_v22_continuous_two_bone_ankle_walk\blender_frames\SE\move\12.png'
00:12.609  render           | Saved: 'D:\AI 종합 폴더\Games\Sable-circuit\art_src\characters\rook\fast_pipeline\motion\candidate_rook_c02_v22_continuous_two_bone_ankle_walk\blender_frames\SE\move\13.png'
00:12.812  render           | Saved: 'D:\AI 종합 폴더\Games\Sable-circuit\art_src\characters\rook\fast_pipeline\motion\candidate_rook_c02_v22_continuous_two_bone_ankle_walk\blender_frames\SE\move\14.png'
00:13.031  render           | Saved: 'D:\AI 종합 폴더\Games\Sable-circuit\art_src\characters\rook\fast_pipeline\motion\candidate_rook_c02_v22_continuous_two_bone_ankle_walk\blender_frames\SE\move\15.png'
00:13.266  render           | Saved: 'D:\AI 종합 폴더\Games\Sable-circuit\art_src\characters\rook\fast_pipeline\motion\candidate_rook_c02_v22_continuous_two_bone_ankle_walk\blender_frames\SE\move\16.png'
00:13.469  render           | Saved: 'D:\AI 종합 폴더\Games\Sable-circuit\art_src\characters\rook\fast_pipeline\motion\candidate_rook_c02_v22_continuous_two_bone_ankle_walk\blender_frames\SE\move\17.png'
00:13.687  render           | Saved: 'D:\AI 종합 폴더\Games\Sable-circuit\art_src\characters\rook\fast_pipeline\motion\candidate_rook_c02_v22_continuous_two_bone_ankle_walk\blender_frames\SE\move\18.png'
00:13.937  render           | Saved: 'D:\AI 종합 폴더\Games\Sable-circuit\art_src\characters\rook\fast_pipeline\motion\candidate_rook_c02_v22_continuous_two_bone_ankle_walk\blender_frames\SE\move\19.png'
00:14.203  render           | Saved: 'D:\AI 종합 폴더\Games\Sable-circuit\art_src\characters\rook\fast_pipeline\motion\candidate_rook_c02_v22_continuous_two_bone_ankle_walk\blender_frames\SE\move\20.png'
00:14.469  render           | Saved: 'D:\AI 종합 폴더\Games\Sable-circuit\art_src\characters\rook\fast_pipeline\motion\candidate_rook_c02_v22_continuous_two_bone_ankle_walk\blender_frames\SE\move\21.png'
00:14.672  render           | Saved: 'D:\AI 종합 폴더\Games\Sable-circuit\art_src\characters\rook\fast_pipeline\motion\candidate_rook_c02_v22_continuous_two_bone_ankle_walk\blender_frames\SE\move\22.png'
00:14.875  render           | Saved: 'D:\AI 종합 폴더\Games\Sable-circuit\art_src\characters\rook\fast_pipeline\motion\candidate_rook_c02_v22_continuous_two_bone_ankle_walk\blender_frames\SE\move\23.png'
00:15.031  render           | Saved: 'D:\AI 종합 폴더\Games\Sable-circuit\art_src\characters\rook\fast_pipeline\motion\candidate_rook_c02_v22_continuous_two_bone_ankle_walk\blender_frames\SE\fire\00.png'
00:15.187  render           | Saved: 'D:\AI 종합 폴더\Games\Sable-circuit\art_src\characters\rook\fast_pipeline\motion\candidate_rook_c02_v22_continuous_two_bone_ankle_walk\blender_frames\SE\fire\01.png'
00:15.344  render           | Saved: 'D:\AI 종합 폴더\Games\Sable-circuit\art_src\characters\rook\fast_pipeline\motion\candidate_rook_c02_v22_continuous_two_bone_ankle_walk\blender_frames\SE\fire\02.png'
00:15.516  render           | Saved: 'D:\AI 종합 폴더\Games\Sable-circuit\art_src\characters\rook\fast_pipeline\motion\candidate_rook_c02_v22_continuous_two_bone_ankle_walk\blender_frames\SE\fire\03.png'
00:15.672  render           | Saved: 'D:\AI 종합 폴더\Games\Sable-circuit\art_src\characters\rook\fast_pipeline\motion\candidate_rook_c02_v22_continuous_two_bone_ankle_walk\blender_frames\SE\fire\04.png'
00:15.828  render           | Saved: 'D:\AI 종합 폴더\Games\Sable-circuit\art_src\characters\rook\fast_pipeline\motion\candidate_rook_c02_v22_continuous_two_bone_ankle_walk\blender_frames\SE\fire\05.png'
00:16.406  render           | Saved: 'D:\AI 종합 폴더\Games\Sable-circuit\art_src\characters\rook\fast_pipeline\motion\candidate_rook_c02_v22_continuous_two_bone_ankle_walk\blender_frames\S\idle\00.png'
00:16.562  render           | Saved: 'D:\AI 종합 폴더\Games\Sable-circuit\art_src\characters\rook\fast_pipeline\motion\candidate_rook_c02_v22_continuous_two_bone_ankle_walk\blender_frames\S\idle\01.png'
00:16.703  render           | Saved: 'D:\AI 종합 폴더\Games\Sable-circuit\art_src\characters\rook\fast_pipeline\motion\candidate_rook_c02_v22_continuous_two_bone_ankle_walk\blender_frames\S\idle\02.png'
00:16.844  render           | Saved: 'D:\AI 종합 폴더\Games\Sable-circuit\art_src\characters\rook\fast_pipeline\motion\candidate_rook_c02_v22_continuous_two_bone_ankle_walk\blender_frames\S\idle\03.png'
00:17.062  render           | Saved: 'D:\AI 종합 폴더\Games\Sable-circuit\art_src\characters\rook\fast_pipeline\motion\candidate_rook_c02_v22_continuous_two_bone_ankle_walk\blender_frames\S\move\00.png'
00:17.266  render           | Saved: 'D:\AI 종합 폴더\Games\Sable-circuit\art_src\characters\rook\fast_pipeline\motion\candidate_rook_c02_v22_continuous_two_bone_ankle_walk\blender_frames\S\move\01.png'
00:17.484  render           | Saved: 'D:\AI 종합 폴더\Games\Sable-circuit\art_src\characters\rook\fast_pipeline\motion\candidate_rook_c02_v22_continuous_two_bone_ankle_walk\blender_frames\S\move\02.png'
00:17.719  render           | Saved: 'D:\AI 종합 폴더\Games\Sable-circuit\art_src\characters\rook\fast_pipeline\motion\candidate_rook_c02_v22_continuous_two_bone_ankle_walk\blender_frames\S\move\03.png'
00:17.953  render           | Saved: 'D:\AI 종합 폴더\Games\Sable-circuit\art_src\characters\rook\fast_pipeline\motion\candidate_rook_c02_v22_continuous_two_bone_ankle_walk\blender_frames\S\move\04.png'
00:18.219  render           | Saved: 'D:\AI 종합 폴더\Games\Sable-circuit\art_src\characters\rook\fast_pipeline\motion\candidate_rook_c02_v22_continuous_two_bone_ankle_walk\blender_frames\S\move\05.png'
00:18.453  render           | Saved: 'D:\AI 종합 폴더\Games\Sable-circuit\art_src\characters\rook\fast_pipeline\motion\candidate_rook_c02_v22_continuous_two_bone_ankle_walk\blender_frames\S\move\06.png'
00:18.703  render           | Saved: 'D:\AI 종합 폴더\Games\Sable-circuit\art_src\characters\rook\fast_pipeline\motion\candidate_rook_c02_v22_continuous_two_bone_ankle_walk\blender_frames\S\move\07.png'
00:18.953  render           | Saved: 'D:\AI 종합 폴더\Games\Sable-circuit\art_src\characters\rook\fast_pipeline\motion\candidate_rook_c02_v22_continuous_two_bone_ankle_walk\blender_frames\S\move\08.png'
00:19.156  render           | Saved: 'D:\AI 종합 폴더\Games\Sable-circuit\art_src\characters\rook\fast_pipeline\motion\candidate_rook_c02_v22_continuous_two_bone_ankle_walk\blender_frames\S\move\09.png'
00:19.375  render           | Saved: 'D:\AI 종합 폴더\Games\Sable-circuit\art_src\characters\rook\fast_pipeline\motion\candidate_rook_c02_v22_continuous_two_bone_ankle_walk\blender_frames\S\move\10.png'
00:19.578  render           | Saved: 'D:\AI 종합 폴더\Games\Sable-circuit\art_src\characters\rook\fast_pipeline\motion\candidate_rook_c02_v22_continuous_two_bone_ankle_walk\blender_frames\S\move\11.png'
00:19.781  render           | Saved: 'D:\AI 종합 폴더\Games\Sable-circuit\art_src\characters\rook\fast_pipeline\motion\candidate_rook_c02_v22_continuous_two_bone_ankle_walk\blender_frames\S\move\12.png'
00:20.016  render           | Saved: 'D:\AI 종합 폴더\Games\Sable-circuit\art_src\characters\rook\fast_pipeline\motion\candidate_rook_c02_v22_continuous_two_bone_ankle_walk\blender_frames\S\move\13.png'
00:20.234  render           | Saved: 'D:\AI 종합 폴더\Games\Sable-circuit\art_src\characters\rook\fast_pipeline\motion\candidate_rook_c02_v22_continuous_two_bone_ankle_walk\blender_frames\S\move\14.png'
00:20.453  render           | Saved: 'D:\AI 종합 폴더\Games\Sable-circuit\art_src\characters\rook\fast_pipeline\motion\candidate_rook_c02_v22_continuous_two_bone_ankle_walk\blender_frames\S\move\15.png'
00:20.672  render           | Saved: 'D:\AI 종합 폴더\Games\Sable-circuit\art_src\characters\rook\fast_pipeline\motion\candidate_rook_c02_v22_continuous_two_bone_ankle_walk\blender_frames\S\move\16.png'
00:20.875  render           | Saved: 'D:\AI 종합 폴더\Games\Sable-circuit\art_src\characters\rook\fast_pipeline\motion\candidate_rook_c02_v22_continuous_two_bone_ankle_walk\blender_frames\S\move\17.png'
00:21.078  render           | Saved: 'D:\AI 종합 폴더\Games\Sable-circuit\art_src\characters\rook\fast_pipeline\motion\candidate_rook_c02_v22_continuous_two_bone_ankle_walk\blender_frames\S\move\18.png'
00:21.281  render           | Saved: 'D:\AI 종합 폴더\Games\Sable-circuit\art_src\characters\rook\fast_pipeline\motion\candidate_rook_c02_v22_continuous_two_bone_ankle_walk\blender_frames\S\move\19.png'
00:21.484  render           | Saved: 'D:\AI 종합 폴더\Games\Sable-circuit\art_src\characters\rook\fast_pipeline\motion\candidate_rook_c02_v22_continuous_two_bone_ankle_walk\blender_frames\S\move\20.png'
00:21.687  render           | Saved: 'D:\AI 종합 폴더\Games\Sable-circuit\art_src\characters\rook\fast_pipeline\motion\candidate_rook_c02_v22_continuous_two_bone_ankle_walk\blender_frames\S\move\21.png'
00:21.891  render           | Saved: 'D:\AI 종합 폴더\Games\Sable-circuit\art_src\characters\rook\fast_pipeline\motion\candidate_rook_c02_v22_continuous_two_bone_ankle_walk\blender_frames\S\move\22.png'
00:22.094  render           | Saved: 'D:\AI 종합 폴더\Games\Sable-circuit\art_src\characters\rook\fast_pipeline\motion\candidate_rook_c02_v22_continuous_two_bone_ankle_walk\blender_frames\S\move\23.png'
00:22.250  render           | Saved: 'D:\AI 종합 폴더\Games\Sable-circuit\art_src\characters\rook\fast_pipeline\motion\candidate_rook_c02_v22_continuous_two_bone_ankle_walk\blender_frames\S\fire\00.png'
00:22.406  render           | Saved: 'D:\AI 종합 폴더\Games\Sable-circuit\art_src\characters\rook\fast_pipeline\motion\candidate_rook_c02_v22_continuous_two_bone_ankle_walk\blender_frames\S\fire\01.png'
00:22.562  render           | Saved: 'D:\AI 종합 폴더\Games\Sable-circuit\art_src\characters\rook\fast_pipeline\motion\candidate_rook_c02_v22_continuous_two_bone_ankle_walk\blender_frames\S\fire\02.png'
00:22.687  render           | Saved: 'D:\AI 종합 폴더\Games\Sable-circuit\art_src\characters\rook\fast_pipeline\motion\candidate_rook_c02_v22_continuous_two_bone_ankle_walk\blender_frames\S\fire\03.png'
00:22.875  render           | Saved: 'D:\AI 종합 폴더\Games\Sable-circuit\art_src\characters\rook\fast_pipeline\motion\candidate_rook_c02_v22_continuous_two_bone_ankle_walk\blender_frames\S\fire\04.png'
00:23.016  render           | Saved: 'D:\AI 종합 폴더\Games\Sable-circuit\art_src\characters\rook\fast_pipeline\motion\candidate_rook_c02_v22_continuous_two_bone_ankle_walk\blender_frames\S\fire\05.png'
00:23.516  render           | Saved: 'D:\AI 종합 폴더\Games\Sable-circuit\art_src\characters\rook\fast_pipeline\motion\candidate_rook_c02_v22_continuous_two_bone_ankle_walk\blender_frames\SW\idle\00.png'
00:23.687  render           | Saved: 'D:\AI 종합 폴더\Games\Sable-circuit\art_src\characters\rook\fast_pipeline\motion\candidate_rook_c02_v22_continuous_two_bone_ankle_walk\blender_frames\SW\idle\01.png'
00:23.812  render           | Saved: 'D:\AI 종합 폴더\Games\Sable-circuit\art_src\characters\rook\fast_pipeline\motion\candidate_rook_c02_v22_continuous_two_bone_ankle_walk\blender_frames\SW\idle\02.png'
00:23.969  render           | Saved: 'D:\AI 종합 폴더\Games\Sable-circuit\art_src\characters\rook\fast_pipeline\motion\candidate_rook_c02_v22_continuous_two_bone_ankle_walk\blender_frames\SW\idle\03.png'
00:24.250  render           | Saved: 'D:\AI 종합 폴더\Games\Sable-circuit\art_src\characters\rook\fast_pipeline\motion\candidate_rook_c02_v22_continuous_two_bone_ankle_walk\blender_frames\SW\move\00.png'
00:24.484  render           | Saved: 'D:\AI 종합 폴더\Games\Sable-circuit\art_src\characters\rook\fast_pipeline\motion\candidate_rook_c02_v22_continuous_two_bone_ankle_walk\blender_frames\SW\move\01.png'
00:24.734  render           | Saved: 'D:\AI 종합 폴더\Games\Sable-circuit\art_src\characters\rook\fast_pipeline\motion\candidate_rook_c02_v22_continuous_two_bone_ankle_walk\blender_frames\SW\move\02.png'
00:24.984  render           | Saved: 'D:\AI 종합 폴더\Games\Sable-circuit\art_src\characters\rook\fast_pipeline\motion\candidate_rook_c02_v22_continuous_two_bone_ankle_walk\blender_frames\SW\move\03.png'
00:25.187  render           | Saved: 'D:\AI 종합 폴더\Games\Sable-circuit\art_src\characters\rook\fast_pipeline\motion\candidate_rook_c02_v22_continuous_two_bone_ankle_walk\blender_frames\SW\move\04.png'
00:25.391  render           | Saved: 'D:\AI 종합 폴더\Games\Sable-circuit\art_src\characters\rook\fast_pipeline\motion\candidate_rook_c02_v22_continuous_two_bone_ankle_walk\blender_frames\SW\move\05.png'
00:25.578  render           | Saved: 'D:\AI 종합 폴더\Games\Sable-circuit\art_src\characters\rook\fast_pipeline\motion\candidate_rook_c02_v22_continuous_two_bone_ankle_walk\blender_frames\SW\move\06.png'
00:25.797  render           | Saved: 'D:\AI 종합 폴더\Games\Sable-circuit\art_src\characters\rook\fast_pipeline\motion\candidate_rook_c02_v22_continuous_two_bone_ankle_walk\blender_frames\SW\move\07.png'
00:26.031  render           | Saved: 'D:\AI 종합 폴더\Games\Sable-circuit\art_src\characters\rook\fast_pipeline\motion\candidate_rook_c02_v22_continuous_two_bone_ankle_walk\blender_frames\SW\move\08.png'
00:26.250  render           | Saved: 'D:\AI 종합 폴더\Games\Sable-circuit\art_src\characters\rook\fast_pipeline\motion\candidate_rook_c02_v22_continuous_two_bone_ankle_walk\blender_frames\SW\move\09.png'
00:26.453  render           | Saved: 'D:\AI 종합 폴더\Games\Sable-circuit\art_src\characters\rook\fast_pipeline\motion\candidate_rook_c02_v22_continuous_two_bone_ankle_walk\blender_frames\SW\move\10.png'
00:26.672  render           | Saved: 'D:\AI 종합 폴더\Games\Sable-circuit\art_src\characters\rook\fast_pipeline\motion\candidate_rook_c02_v22_continuous_two_bone_ankle_walk\blender_frames\SW\move\11.png'
00:26.875  render           | Saved: 'D:\AI 종합 폴더\Games\Sable-circuit\art_src\characters\rook\fast_pipeline\motion\candidate_rook_c02_v22_continuous_two_bone_ankle_walk\blender_frames\SW\move\12.png'
00:27.078  render           | Saved: 'D:\AI 종합 폴더\Games\Sable-circuit\art_src\characters\rook\fast_pipeline\motion\candidate_rook_c02_v22_continuous_two_bone_ankle_walk\blender_frames\SW\move\13.png'
00:27.328  render           | Saved: 'D:\AI 종합 폴더\Games\Sable-circuit\art_src\characters\rook\fast_pipeline\motion\candidate_rook_c02_v22_continuous_two_bone_ankle_walk\blender_frames\SW\move\14.png'
00:27.547  render           | Saved: 'D:\AI 종합 폴더\Games\Sable-circuit\art_src\characters\rook\fast_pipeline\motion\candidate_rook_c02_v22_continuous_two_bone_ankle_walk\blender_frames\SW\move\15.png'
00:27.750  render           | Saved: 'D:\AI 종합 폴더\Games\Sable-circuit\art_src\characters\rook\fast_pipeline\motion\candidate_rook_c02_v22_continuous_two_bone_ankle_walk\blender_frames\SW\move\16.png'
00:27.969  render           | Saved: 'D:\AI 종합 폴더\Games\Sable-circuit\art_src\characters\rook\fast_pipeline\motion\candidate_rook_c02_v22_continuous_two_bone_ankle_walk\blender_frames\SW\move\17.png'
00:28.172  render           | Saved: 'D:\AI 종합 폴더\Games\Sable-circuit\art_src\characters\rook\fast_pipeline\motion\candidate_rook_c02_v22_continuous_two_bone_ankle_walk\blender_frames\SW\move\18.png'
00:28.422  render           | Saved: 'D:\AI 종합 폴더\Games\Sable-circuit\art_src\characters\rook\fast_pipeline\motion\candidate_rook_c02_v22_continuous_two_bone_ankle_walk\blender_frames\SW\move\19.png'
00:28.625  render           | Saved: 'D:\AI 종합 폴더\Games\Sable-circuit\art_src\characters\rook\fast_pipeline\motion\candidate_rook_c02_v22_continuous_two_bone_ankle_walk\blender_frames\SW\move\20.png'
00:28.844  render           | Saved: 'D:\AI 종합 폴더\Games\Sable-circuit\art_src\characters\rook\fast_pipeline\motion\candidate_rook_c02_v22_continuous_two_bone_ankle_walk\blender_frames\SW\move\21.png'
00:29.047  render           | Saved: 'D:\AI 종합 폴더\Games\Sable-circuit\art_src\characters\rook\fast_pipeline\motion\candidate_rook_c02_v22_continuous_two_bone_ankle_walk\blender_frames\SW\move\22.png'
00:29.281  render           | Saved: 'D:\AI 종합 폴더\Games\Sable-circuit\art_src\characters\rook\fast_pipeline\motion\candidate_rook_c02_v22_continuous_two_bone_ankle_walk\blender_frames\SW\move\23.png'
00:29.422  render           | Saved: 'D:\AI 종합 폴더\Games\Sable-circuit\art_src\characters\rook\fast_pipeline\motion\candidate_rook_c02_v22_continuous_two_bone_ankle_walk\blender_frames\SW\fire\00.png'
00:29.562  render           | Saved: 'D:\AI 종합 폴더\Games\Sable-circuit\art_src\characters\rook\fast_pipeline\motion\candidate_rook_c02_v22_continuous_two_bone_ankle_walk\blender_frames\SW\fire\01.png'
00:29.703  render           | Saved: 'D:\AI 종합 폴더\Games\Sable-circuit\art_src\characters\rook\fast_pipeline\motion\candidate_rook_c02_v22_continuous_two_bone_ankle_walk\blender_frames\SW\fire\02.png'
00:29.859  render           | Saved: 'D:\AI 종합 폴더\Games\Sable-circuit\art_src\characters\rook\fast_pipeline\motion\candidate_rook_c02_v22_continuous_two_bone_ankle_walk\blender_frames\SW\fire\03.png'
00:30.000  render           | Saved: 'D:\AI 종합 폴더\Games\Sable-circuit\art_src\characters\rook\fast_pipeline\motion\candidate_rook_c02_v22_continuous_two_bone_ankle_walk\blender_frames\SW\fire\04.png'
00:30.156  render           | Saved: 'D:\AI 종합 폴더\Games\Sable-circuit\art_src\characters\rook\fast_pipeline\motion\candidate_rook_c02_v22_continuous_two_bone_ankle_walk\blender_frames\SW\fire\05.png'
00:30.703  render           | Saved: 'D:\AI 종합 폴더\Games\Sable-circuit\art_src\characters\rook\fast_pipeline\motion\candidate_rook_c02_v22_continuous_two_bone_ankle_walk\blender_frames\W\idle\00.png'
00:30.844  render           | Saved: 'D:\AI 종합 폴더\Games\Sable-circuit\art_src\characters\rook\fast_pipeline\motion\candidate_rook_c02_v22_continuous_two_bone_ankle_walk\blender_frames\W\idle\01.png'
00:30.969  render           | Saved: 'D:\AI 종합 폴더\Games\Sable-circuit\art_src\characters\rook\fast_pipeline\motion\candidate_rook_c02_v22_continuous_two_bone_ankle_walk\blender_frames\W\idle\02.png'
00:31.125  render           | Saved: 'D:\AI 종합 폴더\Games\Sable-circuit\art_src\characters\rook\fast_pipeline\motion\candidate_rook_c02_v22_continuous_two_bone_ankle_walk\blender_frames\W\idle\03.png'
00:31.328  render           | Saved: 'D:\AI 종합 폴더\Games\Sable-circuit\art_src\characters\rook\fast_pipeline\motion\candidate_rook_c02_v22_continuous_two_bone_ankle_walk\blender_frames\W\move\00.png'
00:31.531  render           | Saved: 'D:\AI 종합 폴더\Games\Sable-circuit\art_src\characters\rook\fast_pipeline\motion\candidate_rook_c02_v22_continuous_two_bone_ankle_walk\blender_frames\W\move\01.png'
00:31.719  render           | Saved: 'D:\AI 종합 폴더\Games\Sable-circuit\art_src\characters\rook\fast_pipeline\motion\candidate_rook_c02_v22_continuous_two_bone_ankle_walk\blender_frames\W\move\02.png'
00:31.922  render           | Saved: 'D:\AI 종합 폴더\Games\Sable-circuit\art_src\characters\rook\fast_pipeline\motion\candidate_rook_c02_v22_continuous_two_bone_ankle_walk\blender_frames\W\move\03.png'
00:32.141  render           | Saved: 'D:\AI 종합 폴더\Games\Sable-circuit\art_src\characters\rook\fast_pipeline\motion\candidate_rook_c02_v22_continuous_two_bone_ankle_walk\blender_frames\W\move\04.png'
00:32.359  render           | Saved: 'D:\AI 종합 폴더\Games\Sable-circuit\art_src\characters\rook\fast_pipeline\motion\candidate_rook_c02_v22_continuous_two_bone_ankle_walk\blender_frames\W\move\05.png'
00:32.578  render           | Saved: 'D:\AI 종합 폴더\Games\Sable-circuit\art_src\characters\rook\fast_pipeline\motion\candidate_rook_c02_v22_continuous_two_bone_ankle_walk\blender_frames\W\move\06.png'
00:32.797  render           | Saved: 'D:\AI 종합 폴더\Games\Sable-circuit\art_src\characters\rook\fast_pipeline\motion\candidate_rook_c02_v22_continuous_two_bone_ankle_walk\blender_frames\W\move\07.png'
00:33.047  render           | Saved: 'D:\AI 종합 폴더\Games\Sable-circuit\art_src\characters\rook\fast_pipeline\motion\candidate_rook_c02_v22_continuous_two_bone_ankle_walk\blender_frames\W\move\08.png'
00:33.266  render           | Saved: 'D:\AI 종합 폴더\Games\Sable-circuit\art_src\characters\rook\fast_pipeline\motion\candidate_rook_c02_v22_continuous_two_bone_ankle_walk\blender_frames\W\move\09.png'
00:33.469  render           | Saved: 'D:\AI 종합 폴더\Games\Sable-circuit\art_src\characters\rook\fast_pipeline\motion\candidate_rook_c02_v22_continuous_two_bone_ankle_walk\blender_frames\W\move\10.png'
00:33.656  render           | Saved: 'D:\AI 종합 폴더\Games\Sable-circuit\art_src\characters\rook\fast_pipeline\motion\candidate_rook_c02_v22_continuous_two_bone_ankle_walk\blender_frames\W\move\11.png'
00:33.859  render           | Saved: 'D:\AI 종합 폴더\Games\Sable-circuit\art_src\characters\rook\fast_pipeline\motion\candidate_rook_c02_v22_continuous_two_bone_ankle_walk\blender_frames\W\move\12.png'
00:34.062  render           | Saved: 'D:\AI 종합 폴더\Games\Sable-circuit\art_src\characters\rook\fast_pipeline\motion\candidate_rook_c02_v22_continuous_two_bone_ankle_walk\blender_frames\W\move\13.png'
00:34.281  render           | Saved: 'D:\AI 종합 폴더\Games\Sable-circuit\art_src\characters\rook\fast_pipeline\motion\candidate_rook_c02_v22_continuous_two_bone_ankle_walk\blender_frames\W\move\14.png'
00:34.516  render           | Saved: 'D:\AI 종합 폴더\Games\Sable-circuit\art_src\characters\rook\fast_pipeline\motion\candidate_rook_c02_v22_continuous_two_bone_ankle_walk\blender_frames\W\move\15.png'
00:34.719  render           | Saved: 'D:\AI 종합 폴더\Games\Sable-circuit\art_src\characters\rook\fast_pipeline\motion\candidate_rook_c02_v22_continuous_two_bone_ankle_walk\blender_frames\W\move\16.png'
00:34.922  render           | Saved: 'D:\AI 종합 폴더\Games\Sable-circuit\art_src\characters\rook\fast_pipeline\motion\candidate_rook_c02_v22_continuous_two_bone_ankle_walk\blender_frames\W\move\17.png'
00:35.187  render           | Saved: 'D:\AI 종합 폴더\Games\Sable-circuit\art_src\characters\rook\fast_pipeline\motion\candidate_rook_c02_v22_continuous_two_bone_ankle_walk\blender_frames\W\move\18.png'
00:35.500  render           | Saved: 'D:\AI 종합 폴더\Games\Sable-circuit\art_src\characters\rook\fast_pipeline\motion\candidate_rook_c02_v22_continuous_two_bone_ankle_walk\blender_frames\W\move\19.png'
00:35.703  render           | Saved: 'D:\AI 종합 폴더\Games\Sable-circuit\art_src\characters\rook\fast_pipeline\motion\candidate_rook_c02_v22_continuous_two_bone_ankle_walk\blender_frames\W\move\20.png'
00:35.906  render           | Saved: 'D:\AI 종합 폴더\Games\Sable-circuit\art_src\characters\rook\fast_pipeline\motion\candidate_rook_c02_v22_continuous_two_bone_ankle_walk\blender_frames\W\move\21.png'
00:36.109  render           | Saved: 'D:\AI 종합 폴더\Games\Sable-circuit\art_src\characters\rook\fast_pipeline\motion\candidate_rook_c02_v22_continuous_two_bone_ankle_walk\blender_frames\W\move\22.png'
00:36.312  render           | Saved: 'D:\AI 종합 폴더\Games\Sable-circuit\art_src\characters\rook\fast_pipeline\motion\candidate_rook_c02_v22_continuous_two_bone_ankle_walk\blender_frames\W\move\23.png'
00:36.469  render           | Saved: 'D:\AI 종합 폴더\Games\Sable-circuit\art_src\characters\rook\fast_pipeline\motion\candidate_rook_c02_v22_continuous_two_bone_ankle_walk\blender_frames\W\fire\00.png'
00:36.609  render           | Saved: 'D:\AI 종합 폴더\Games\Sable-circuit\art_src\characters\rook\fast_pipeline\motion\candidate_rook_c02_v22_continuous_two_bone_ankle_walk\blender_frames\W\fire\01.png'
00:36.750  render           | Saved: 'D:\AI 종합 폴더\Games\Sable-circuit\art_src\characters\rook\fast_pipeline\motion\candidate_rook_c02_v22_continuous_two_bone_ankle_walk\blender_frames\W\fire\02.png'
00:36.891  render           | Saved: 'D:\AI 종합 폴더\Games\Sable-circuit\art_src\characters\rook\fast_pipeline\motion\candidate_rook_c02_v22_continuous_two_bone_ankle_walk\blender_frames\W\fire\03.png'
00:37.203  render           | Saved: 'D:\AI 종합 폴더\Games\Sable-circuit\art_src\characters\rook\fast_pipeline\motion\candidate_rook_c02_v22_continuous_two_bone_ankle_walk\blender_frames\W\fire\04.png'
00:37.375  render           | Saved: 'D:\AI 종합 폴더\Games\Sable-circuit\art_src\characters\rook\fast_pipeline\motion\candidate_rook_c02_v22_continuous_two_bone_ankle_walk\blender_frames\W\fire\05.png'
00:37.969  render           | Saved: 'D:\AI 종합 폴더\Games\Sable-circuit\art_src\characters\rook\fast_pipeline\motion\candidate_rook_c02_v22_continuous_two_bone_ankle_walk\blender_frames\NW\idle\00.png'
00:38.125  render           | Saved: 'D:\AI 종합 폴더\Games\Sable-circuit\art_src\characters\rook\fast_pipeline\motion\candidate_rook_c02_v22_continuous_two_bone_ankle_walk\blender_frames\NW\idle\01.png'
00:38.281  render           | Saved: 'D:\AI 종합 폴더\Games\Sable-circuit\art_src\characters\rook\fast_pipeline\motion\candidate_rook_c02_v22_continuous_two_bone_ankle_walk\blender_frames\NW\idle\02.png'
00:38.422  render           | Saved: 'D:\AI 종합 폴더\Games\Sable-circuit\art_src\characters\rook\fast_pipeline\motion\candidate_rook_c02_v22_continuous_two_bone_ankle_walk\blender_frames\NW\idle\03.png'
00:38.609  render           | Saved: 'D:\AI 종합 폴더\Games\Sable-circuit\art_src\characters\rook\fast_pipeline\motion\candidate_rook_c02_v22_continuous_two_bone_ankle_walk\blender_frames\NW\move\00.png'
00:38.828  render           | Saved: 'D:\AI 종합 폴더\Games\Sable-circuit\art_src\characters\rook\fast_pipeline\motion\candidate_rook_c02_v22_continuous_two_bone_ankle_walk\blender_frames\NW\move\01.png'
00:39.031  render           | Saved: 'D:\AI 종합 폴더\Games\Sable-circuit\art_src\characters\rook\fast_pipeline\motion\candidate_rook_c02_v22_continuous_two_bone_ankle_walk\blender_frames\NW\move\02.png'
00:39.234  render           | Saved: 'D:\AI 종합 폴더\Games\Sable-circuit\art_src\characters\rook\fast_pipeline\motion\candidate_rook_c02_v22_continuous_two_bone_ankle_walk\blender_frames\NW\move\03.png'
00:39.453  render           | Saved: 'D:\AI 종합 폴더\Games\Sable-circuit\art_src\characters\rook\fast_pipeline\motion\candidate_rook_c02_v22_continuous_two_bone_ankle_walk\blender_frames\NW\move\04.png'
00:39.656  render           | Saved: 'D:\AI 종합 폴더\Games\Sable-circuit\art_src\characters\rook\fast_pipeline\motion\candidate_rook_c02_v22_continuous_two_bone_ankle_walk\blender_frames\NW\move\05.png'
00:39.906  render           | Saved: 'D:\AI 종합 폴더\Games\Sable-circuit\art_src\characters\rook\fast_pipeline\motion\candidate_rook_c02_v22_continuous_two_bone_ankle_walk\blender_frames\NW\move\06.png'
00:40.125  render           | Saved: 'D:\AI 종합 폴더\Games\Sable-circuit\art_src\characters\rook\fast_pipeline\motion\candidate_rook_c02_v22_continuous_two_bone_ankle_walk\blender_frames\NW\move\07.png'
00:40.391  render           | Saved: 'D:\AI 종합 폴더\Games\Sable-circuit\art_src\characters\rook\fast_pipeline\motion\candidate_rook_c02_v22_continuous_two_bone_ankle_walk\blender_frames\NW\move\08.png'
00:40.625  render           | Saved: 'D:\AI 종합 폴더\Games\Sable-circuit\art_src\characters\rook\fast_pipeline\motion\candidate_rook_c02_v22_continuous_two_bone_ankle_walk\blender_frames\NW\move\09.png'
00:40.859  render           | Saved: 'D:\AI 종합 폴더\Games\Sable-circuit\art_src\characters\rook\fast_pipeline\motion\candidate_rook_c02_v22_continuous_two_bone_ankle_walk\blender_frames\NW\move\10.png'
00:41.062  render           | Saved: 'D:\AI 종합 폴더\Games\Sable-circuit\art_src\characters\rook\fast_pipeline\motion\candidate_rook_c02_v22_continuous_two_bone_ankle_walk\blender_frames\NW\move\11.png'
00:41.281  render           | Saved: 'D:\AI 종합 폴더\Games\Sable-circuit\art_src\characters\rook\fast_pipeline\motion\candidate_rook_c02_v22_continuous_two_bone_ankle_walk\blender_frames\NW\move\12.png'
00:41.500  render           | Saved: 'D:\AI 종합 폴더\Games\Sable-circuit\art_src\characters\rook\fast_pipeline\motion\candidate_rook_c02_v22_continuous_two_bone_ankle_walk\blender_frames\NW\move\13.png'
00:41.719  render           | Saved: 'D:\AI 종합 폴더\Games\Sable-circuit\art_src\characters\rook\fast_pipeline\motion\candidate_rook_c02_v22_continuous_two_bone_ankle_walk\blender_frames\NW\move\14.png'
00:41.922  render           | Saved: 'D:\AI 종합 폴더\Games\Sable-circuit\art_src\characters\rook\fast_pipeline\motion\candidate_rook_c02_v22_continuous_two_bone_ankle_walk\blender_frames\NW\move\15.png'
00:42.156  render           | Saved: 'D:\AI 종합 폴더\Games\Sable-circuit\art_src\characters\rook\fast_pipeline\motion\candidate_rook_c02_v22_continuous_two_bone_ankle_walk\blender_frames\NW\move\16.png'
00:42.406  render           | Saved: 'D:\AI 종합 폴더\Games\Sable-circuit\art_src\characters\rook\fast_pipeline\motion\candidate_rook_c02_v22_continuous_two_bone_ankle_walk\blender_frames\NW\move\17.png'
00:42.641  render           | Saved: 'D:\AI 종합 폴더\Games\Sable-circuit\art_src\characters\rook\fast_pipeline\motion\candidate_rook_c02_v22_continuous_two_bone_ankle_walk\blender_frames\NW\move\18.png'
00:42.891  render           | Saved: 'D:\AI 종합 폴더\Games\Sable-circuit\art_src\characters\rook\fast_pipeline\motion\candidate_rook_c02_v22_continuous_two_bone_ankle_walk\blender_frames\NW\move\19.png'
00:43.109  render           | Saved: 'D:\AI 종합 폴더\Games\Sable-circuit\art_src\characters\rook\fast_pipeline\motion\candidate_rook_c02_v22_continuous_two_bone_ankle_walk\blender_frames\NW\move\20.png'
00:43.328  render           | Saved: 'D:\AI 종합 폴더\Games\Sable-circuit\art_src\characters\rook\fast_pipeline\motion\candidate_rook_c02_v22_continuous_two_bone_ankle_walk\blender_frames\NW\move\21.png'
00:43.531  render           | Saved: 'D:\AI 종합 폴더\Games\Sable-circuit\art_src\characters\rook\fast_pipeline\motion\candidate_rook_c02_v22_continuous_two_bone_ankle_walk\blender_frames\NW\move\22.png'
00:43.750  render           | Saved: 'D:\AI 종합 폴더\Games\Sable-circuit\art_src\characters\rook\fast_pipeline\motion\candidate_rook_c02_v22_continuous_two_bone_ankle_walk\blender_frames\NW\move\23.png'
00:43.906  render           | Saved: 'D:\AI 종합 폴더\Games\Sable-circuit\art_src\characters\rook\fast_pipeline\motion\candidate_rook_c02_v22_continuous_two_bone_ankle_walk\blender_frames\NW\fire\00.png'
00:44.031  render           | Saved: 'D:\AI 종합 폴더\Games\Sable-circuit\art_src\characters\rook\fast_pipeline\motion\candidate_rook_c02_v22_continuous_two_bone_ankle_walk\blender_frames\NW\fire\01.png'
00:44.187  render           | Saved: 'D:\AI 종합 폴더\Games\Sable-circuit\art_src\characters\rook\fast_pipeline\motion\candidate_rook_c02_v22_continuous_two_bone_ankle_walk\blender_frames\NW\fire\02.png'
00:44.359  render           | Saved: 'D:\AI 종합 폴더\Games\Sable-circuit\art_src\characters\rook\fast_pipeline\motion\candidate_rook_c02_v22_continuous_two_bone_ankle_walk\blender_frames\NW\fire\03.png'
00:44.500  render           | Saved: 'D:\AI 종합 폴더\Games\Sable-circuit\art_src\characters\rook\fast_pipeline\motion\candidate_rook_c02_v22_continuous_two_bone_ankle_walk\blender_frames\NW\fire\04.png'
00:44.641  render           | Saved: 'D:\AI 종합 폴더\Games\Sable-circuit\art_src\characters\rook\fast_pipeline\motion\candidate_rook_c02_v22_continuous_two_bone_ankle_walk\blender_frames\NW\fire\05.png'
00:45.172  render           | Saved: 'D:\AI 종합 폴더\Games\Sable-circuit\art_src\characters\rook\fast_pipeline\motion\candidate_rook_c02_v22_continuous_two_bone_ankle_walk\blender_frames\N\idle\00.png'
00:45.344  render           | Saved: 'D:\AI 종합 폴더\Games\Sable-circuit\art_src\characters\rook\fast_pipeline\motion\candidate_rook_c02_v22_continuous_two_bone_ankle_walk\blender_frames\N\idle\01.png'
00:45.500  render           | Saved: 'D:\AI 종합 폴더\Games\Sable-circuit\art_src\characters\rook\fast_pipeline\motion\candidate_rook_c02_v22_continuous_two_bone_ankle_walk\blender_frames\N\idle\02.png'
00:45.656  render           | Saved: 'D:\AI 종합 폴더\Games\Sable-circuit\art_src\characters\rook\fast_pipeline\motion\candidate_rook_c02_v22_continuous_two_bone_ankle_walk\blender_frames\N\idle\03.png'
00:45.844  render           | Saved: 'D:\AI 종합 폴더\Games\Sable-circuit\art_src\characters\rook\fast_pipeline\motion\candidate_rook_c02_v22_continuous_two_bone_ankle_walk\blender_frames\N\move\00.png'
00:46.094  render           | Saved: 'D:\AI 종합 폴더\Games\Sable-circuit\art_src\characters\rook\fast_pipeline\motion\candidate_rook_c02_v22_continuous_two_bone_ankle_walk\blender_frames\N\move\01.png'
00:46.297  render           | Saved: 'D:\AI 종합 폴더\Games\Sable-circuit\art_src\characters\rook\fast_pipeline\motion\candidate_rook_c02_v22_continuous_two_bone_ankle_walk\blender_frames\N\move\02.png'
00:46.484  render           | Saved: 'D:\AI 종합 폴더\Games\Sable-circuit\art_src\characters\rook\fast_pipeline\motion\candidate_rook_c02_v22_continuous_two_bone_ankle_walk\blender_frames\N\move\03.png'
00:46.672  render           | Saved: 'D:\AI 종합 폴더\Games\Sable-circuit\art_src\characters\rook\fast_pipeline\motion\candidate_rook_c02_v22_continuous_two_bone_ankle_walk\blender_frames\N\move\04.png'
00:46.875  render           | Saved: 'D:\AI 종합 폴더\Games\Sable-circuit\art_src\characters\rook\fast_pipeline\motion\candidate_rook_c02_v22_continuous_two_bone_ankle_walk\blender_frames\N\move\05.png'
00:47.078  render           | Saved: 'D:\AI 종합 폴더\Games\Sable-circuit\art_src\characters\rook\fast_pipeline\motion\candidate_rook_c02_v22_continuous_two_bone_ankle_walk\blender_frames\N\move\06.png'
00:47.281  render           | Saved: 'D:\AI 종합 폴더\Games\Sable-circuit\art_src\characters\rook\fast_pipeline\motion\candidate_rook_c02_v22_continuous_two_bone_ankle_walk\blender_frames\N\move\07.png'
00:47.516  render           | Saved: 'D:\AI 종합 폴더\Games\Sable-circuit\art_src\characters\rook\fast_pipeline\motion\candidate_rook_c02_v22_continuous_two_bone_ankle_walk\blender_frames\N\move\08.png'
00:47.812  render           | Saved: 'D:\AI 종합 폴더\Games\Sable-circuit\art_src\characters\rook\fast_pipeline\motion\candidate_rook_c02_v22_continuous_two_bone_ankle_walk\blender_frames\N\move\09.png'
00:48.094  render           | Saved: 'D:\AI 종합 폴더\Games\Sable-circuit\art_src\characters\rook\fast_pipeline\motion\candidate_rook_c02_v22_continuous_two_bone_ankle_walk\blender_frames\N\move\10.png'
00:48.312  render           | Saved: 'D:\AI 종합 폴더\Games\Sable-circuit\art_src\characters\rook\fast_pipeline\motion\candidate_rook_c02_v22_continuous_two_bone_ankle_walk\blender_frames\N\move\11.png'
00:48.547  render           | Saved: 'D:\AI 종합 폴더\Games\Sable-circuit\art_src\characters\rook\fast_pipeline\motion\candidate_rook_c02_v22_continuous_two_bone_ankle_walk\blender_frames\N\move\12.png'
00:48.797  render           | Saved: 'D:\AI 종합 폴더\Games\Sable-circuit\art_src\characters\rook\fast_pipeline\motion\candidate_rook_c02_v22_continuous_two_bone_ankle_walk\blender_frames\N\move\13.png'
00:49.047  render           | Saved: 'D:\AI 종합 폴더\Games\Sable-circuit\art_src\characters\rook\fast_pipeline\motion\candidate_rook_c02_v22_continuous_two_bone_ankle_walk\blender_frames\N\move\14.png'
00:49.297  render           | Saved: 'D:\AI 종합 폴더\Games\Sable-circuit\art_src\characters\rook\fast_pipeline\motion\candidate_rook_c02_v22_continuous_two_bone_ankle_walk\blender_frames\N\move\15.png'
00:49.547  render           | Saved: 'D:\AI 종합 폴더\Games\Sable-circuit\art_src\characters\rook\fast_pipeline\motion\candidate_rook_c02_v22_continuous_two_bone_ankle_walk\blender_frames\N\move\16.png'
00:49.766  render           | Saved: 'D:\AI 종합 폴더\Games\Sable-circuit\art_src\characters\rook\fast_pipeline\motion\candidate_rook_c02_v22_continuous_two_bone_ankle_walk\blender_frames\N\move\17.png'
00:49.984  render           | Saved: 'D:\AI 종합 폴더\Games\Sable-circuit\art_src\characters\rook\fast_pipeline\motion\candidate_rook_c02_v22_continuous_two_bone_ankle_walk\blender_frames\N\move\18.png'
00:50.187  render           | Saved: 'D:\AI 종합 폴더\Games\Sable-circuit\art_src\characters\rook\fast_pipeline\motion\candidate_rook_c02_v22_continuous_two_bone_ankle_walk\blender_frames\N\move\19.png'
00:50.422  render           | Saved: 'D:\AI 종합 폴더\Games\Sable-circuit\art_src\characters\rook\fast_pipeline\motion\candidate_rook_c02_v22_continuous_two_bone_ankle_walk\blender_frames\N\move\20.png'
00:50.625  render           | Saved: 'D:\AI 종합 폴더\Games\Sable-circuit\art_src\characters\rook\fast_pipeline\motion\candidate_rook_c02_v22_continuous_two_bone_ankle_walk\blender_frames\N\move\21.png'
00:50.828  render           | Saved: 'D:\AI 종합 폴더\Games\Sable-circuit\art_src\characters\rook\fast_pipeline\motion\candidate_rook_c02_v22_continuous_two_bone_ankle_walk\blender_frames\N\move\22.png'
00:51.031  render           | Saved: 'D:\AI 종합 폴더\Games\Sable-circuit\art_src\characters\rook\fast_pipeline\motion\candidate_rook_c02_v22_continuous_two_bone_ankle_walk\blender_frames\N\move\23.png'
00:51.172  render           | Saved: 'D:\AI 종합 폴더\Games\Sable-circuit\art_src\characters\rook\fast_pipeline\motion\candidate_rook_c02_v22_continuous_two_bone_ankle_walk\blender_frames\N\fire\00.png'
00:51.328  render           | Saved: 'D:\AI 종합 폴더\Games\Sable-circuit\art_src\characters\rook\fast_pipeline\motion\candidate_rook_c02_v22_continuous_two_bone_ankle_walk\blender_frames\N\fire\01.png'
00:51.469  render           | Saved: 'D:\AI 종합 폴더\Games\Sable-circuit\art_src\characters\rook\fast_pipeline\motion\candidate_rook_c02_v22_continuous_two_bone_ankle_walk\blender_frames\N\fire\02.png'
00:51.625  render           | Saved: 'D:\AI 종합 폴더\Games\Sable-circuit\art_src\characters\rook\fast_pipeline\motion\candidate_rook_c02_v22_continuous_two_bone_ankle_walk\blender_frames\N\fire\03.png'
00:51.766  render           | Saved: 'D:\AI 종합 폴더\Games\Sable-circuit\art_src\characters\rook\fast_pipeline\motion\candidate_rook_c02_v22_continuous_two_bone_ankle_walk\blender_frames\N\fire\04.png'
00:51.906  render           | Saved: 'D:\AI 종합 폴더\Games\Sable-circuit\art_src\characters\rook\fast_pipeline\motion\candidate_rook_c02_v22_continuous_two_bone_ankle_walk\blender_frames\N\fire\05.png'
00:52.406  render           | Saved: 'D:\AI 종합 폴더\Games\Sable-circuit\art_src\characters\rook\fast_pipeline\motion\candidate_rook_c02_v22_continuous_two_bone_ankle_walk\blender_frames\NE\idle\00.png'
00:52.562  render           | Saved: 'D:\AI 종합 폴더\Games\Sable-circuit\art_src\characters\rook\fast_pipeline\motion\candidate_rook_c02_v22_continuous_two_bone_ankle_walk\blender_frames\NE\idle\01.png'
00:52.719  render           | Saved: 'D:\AI 종합 폴더\Games\Sable-circuit\art_src\characters\rook\fast_pipeline\motion\candidate_rook_c02_v22_continuous_two_bone_ankle_walk\blender_frames\NE\idle\02.png'
00:52.875  render           | Saved: 'D:\AI 종합 폴더\Games\Sable-circuit\art_src\characters\rook\fast_pipeline\motion\candidate_rook_c02_v22_continuous_two_bone_ankle_walk\blender_frames\NE\idle\03.png'
00:53.094  render           | Saved: 'D:\AI 종합 폴더\Games\Sable-circuit\art_src\characters\rook\fast_pipeline\motion\candidate_rook_c02_v22_continuous_two_bone_ankle_walk\blender_frames\NE\move\00.png'
00:53.297  render           | Saved: 'D:\AI 종합 폴더\Games\Sable-circuit\art_src\characters\rook\fast_pipeline\motion\candidate_rook_c02_v22_continuous_two_bone_ankle_walk\blender_frames\NE\move\01.png'
00:53.516  render           | Saved: 'D:\AI 종합 폴더\Games\Sable-circuit\art_src\characters\rook\fast_pipeline\motion\candidate_rook_c02_v22_continuous_two_bone_ankle_walk\blender_frames\NE\move\02.png'
00:53.719  render           | Saved: 'D:\AI 종합 폴더\Games\Sable-circuit\art_src\characters\rook\fast_pipeline\motion\candidate_rook_c02_v22_continuous_two_bone_ankle_walk\blender_frames\NE\move\03.png'
00:53.922  render           | Saved: 'D:\AI 종합 폴더\Games\Sable-circuit\art_src\characters\rook\fast_pipeline\motion\candidate_rook_c02_v22_continuous_two_bone_ankle_walk\blender_frames\NE\move\04.png'
00:54.141  render           | Saved: 'D:\AI 종합 폴더\Games\Sable-circuit\art_src\characters\rook\fast_pipeline\motion\candidate_rook_c02_v22_continuous_two_bone_ankle_walk\blender_frames\NE\move\05.png'
00:54.359  render           | Saved: 'D:\AI 종합 폴더\Games\Sable-circuit\art_src\characters\rook\fast_pipeline\motion\candidate_rook_c02_v22_continuous_two_bone_ankle_walk\blender_frames\NE\move\06.png'
00:54.562  render           | Saved: 'D:\AI 종합 폴더\Games\Sable-circuit\art_src\characters\rook\fast_pipeline\motion\candidate_rook_c02_v22_continuous_two_bone_ankle_walk\blender_frames\NE\move\07.png'
00:54.781  render           | Saved: 'D:\AI 종합 폴더\Games\Sable-circuit\art_src\characters\rook\fast_pipeline\motion\candidate_rook_c02_v22_continuous_two_bone_ankle_walk\blender_frames\NE\move\08.png'
00:55.000  render           | Saved: 'D:\AI 종합 폴더\Games\Sable-circuit\art_src\characters\rook\fast_pipeline\motion\candidate_rook_c02_v22_continuous_two_bone_ankle_walk\blender_frames\NE\move\09.png'
00:55.266  render           | Saved: 'D:\AI 종합 폴더\Games\Sable-circuit\art_src\characters\rook\fast_pipeline\motion\candidate_rook_c02_v22_continuous_two_bone_ankle_walk\blender_frames\NE\move\10.png'
00:55.516  render           | Saved: 'D:\AI 종합 폴더\Games\Sable-circuit\art_src\characters\rook\fast_pipeline\motion\candidate_rook_c02_v22_continuous_two_bone_ankle_walk\blender_frames\NE\move\11.png'
00:55.734  render           | Saved: 'D:\AI 종합 폴더\Games\Sable-circuit\art_src\characters\rook\fast_pipeline\motion\candidate_rook_c02_v22_continuous_two_bone_ankle_walk\blender_frames\NE\move\12.png'
00:55.969  render           | Saved: 'D:\AI 종합 폴더\Games\Sable-circuit\art_src\characters\rook\fast_pipeline\motion\candidate_rook_c02_v22_continuous_two_bone_ankle_walk\blender_frames\NE\move\13.png'
00:56.187  render           | Saved: 'D:\AI 종합 폴더\Games\Sable-circuit\art_src\characters\rook\fast_pipeline\motion\candidate_rook_c02_v22_continuous_two_bone_ankle_walk\blender_frames\NE\move\14.png'
00:56.391  render           | Saved: 'D:\AI 종합 폴더\Games\Sable-circuit\art_src\characters\rook\fast_pipeline\motion\candidate_rook_c02_v22_continuous_two_bone_ankle_walk\blender_frames\NE\move\15.png'
00:56.594  render           | Saved: 'D:\AI 종합 폴더\Games\Sable-circuit\art_src\characters\rook\fast_pipeline\motion\candidate_rook_c02_v22_continuous_two_bone_ankle_walk\blender_frames\NE\move\16.png'
00:56.797  render           | Saved: 'D:\AI 종합 폴더\Games\Sable-circuit\art_src\characters\rook\fast_pipeline\motion\candidate_rook_c02_v22_continuous_two_bone_ankle_walk\blender_frames\NE\move\17.png'
00:57.016  render           | Saved: 'D:\AI 종합 폴더\Games\Sable-circuit\art_src\characters\rook\fast_pipeline\motion\candidate_rook_c02_v22_continuous_two_bone_ankle_walk\blender_frames\NE\move\18.png'
00:57.234  render           | Saved: 'D:\AI 종합 폴더\Games\Sable-circuit\art_src\characters\rook\fast_pipeline\motion\candidate_rook_c02_v22_continuous_two_bone_ankle_walk\blender_frames\NE\move\19.png'
00:57.484  render           | Saved: 'D:\AI 종합 폴더\Games\Sable-circuit\art_src\characters\rook\fast_pipeline\motion\candidate_rook_c02_v22_continuous_two_bone_ankle_walk\blender_frames\NE\move\20.png'
00:57.687  render           | Saved: 'D:\AI 종합 폴더\Games\Sable-circuit\art_src\characters\rook\fast_pipeline\motion\candidate_rook_c02_v22_continuous_two_bone_ankle_walk\blender_frames\NE\move\21.png'
00:57.922  render           | Saved: 'D:\AI 종합 폴더\Games\Sable-circuit\art_src\characters\rook\fast_pipeline\motion\candidate_rook_c02_v22_continuous_two_bone_ankle_walk\blender_frames\NE\move\22.png'
00:58.141  render           | Saved: 'D:\AI 종합 폴더\Games\Sable-circuit\art_src\characters\rook\fast_pipeline\motion\candidate_rook_c02_v22_continuous_two_bone_ankle_walk\blender_frames\NE\move\23.png'
00:58.281  render           | Saved: 'D:\AI 종합 폴더\Games\Sable-circuit\art_src\characters\rook\fast_pipeline\motion\candidate_rook_c02_v22_continuous_two_bone_ankle_walk\blender_frames\NE\fire\00.png'
00:58.422  render           | Saved: 'D:\AI 종합 폴더\Games\Sable-circuit\art_src\characters\rook\fast_pipeline\motion\candidate_rook_c02_v22_continuous_two_bone_ankle_walk\blender_frames\NE\fire\01.png'
00:58.672  render           | Saved: 'D:\AI 종합 폴더\Games\Sable-circuit\art_src\characters\rook\fast_pipeline\motion\candidate_rook_c02_v22_continuous_two_bone_ankle_walk\blender_frames\NE\fire\02.png'
00:58.844  render           | Saved: 'D:\AI 종합 폴더\Games\Sable-circuit\art_src\characters\rook\fast_pipeline\motion\candidate_rook_c02_v22_continuous_two_bone_ankle_walk\blender_frames\NE\fire\03.png'
00:59.000  render           | Saved: 'D:\AI 종합 폴더\Games\Sable-circuit\art_src\characters\rook\fast_pipeline\motion\candidate_rook_c02_v22_continuous_two_bone_ankle_walk\blender_frames\NE\fire\04.png'
00:59.141  render           | Saved: 'D:\AI 종합 폴더\Games\Sable-circuit\art_src\characters\rook\fast_pipeline\motion\candidate_rook_c02_v22_continuous_two_bone_ankle_walk\blender_frames\NE\fire\05.png'
Blender 5.2.1 LTS (hash 9e2066aef7ef built 2026-08-25 02:38:20)
Info: Saved as "ROOK_C02_FAST_UAL_V1.blend"
ROOK_FAST_BLENDER_UAL_RENDER_PASS={"candidate": "art_src/characters/rook/fast_pipeline/motion/candidate_rook_c02_v22_continuous_two_bone_ankle_walk", "frames": 272, "manifest": "art_src/characters/rook/fast_pipeline/motion/candidate_rook_c02_v22_continuous_two_bone_ankle_walk/ROOK_C02_BLENDER_UAL_RENDER_MANIFEST.json"}
