Godot Engine v4.7.1.stable.official.a13da4feb - https://godotengine.org

PASS: PrototypeArena scene loads
M7_RASTER_QUARANTINED identity=aster status=partial chunks=2 encoded=20000 present=15000 declared=94718
PASS: exactly three operator actors spawn
PASS: SquadController registers
PASS: active operator exists
PASS: control swaps to operator 3
PASS: operator type contract
PASS: ASTER has OperatorVisual
PASS: ASTER has 2D skeletal rig
PASS: ASTER has AnimationPlayer
PASS: ASTER has active AnimationTree
PASS: ASTER has muzzle socket
PASS: operator type contract
PASS: ROOK has OperatorVisual
PASS: ROOK has 2D skeletal rig
PASS: ROOK has AnimationPlayer
PASS: ROOK has active AnimationTree
PASS: ROOK has muzzle socket
PASS: operator type contract
PASS: MICA has OperatorVisual
PASS: MICA has 2D skeletal rig
PASS: MICA has AnimationPlayer
PASS: MICA has active AnimationTree
PASS: MICA has muzzle socket
PASS: debug fire transaction succeeds
PASS: fire consumes exactly one round
PASS: reload state begins
PASS: three target dummies spawn
PROTOTYPE_SMOKE: PASS
