Godot Engine v4.7.1.stable.official.a13da4feb - https://godotengine.org

PASS: ROOK registry selects the C02 fast descriptor
PASS: ROOK registry locks the C02 costume
PASS: ROOK C02 authored runtime activates
PASS: runtime descriptor belongs to ROOK
PASS: ROOK idle atlas has four frames
PASS: ROOK move atlas has 24 UAL-timed frames
PASS: ROOK fire atlas has six UAL-timed frames
PASS: ROOK resolves 0-degree aim sector 0
PASS: ROOK sector 0 selects a visible authored atlas
PASS: ROOK sector 0 projectile uses authored muzzle socket
PASS: ROOK resolves 45-degree aim sector 1
PASS: ROOK sector 1 selects a visible authored atlas
PASS: ROOK sector 1 projectile uses authored muzzle socket
PASS: ROOK resolves 90-degree aim sector 2
PASS: ROOK sector 2 selects a visible authored atlas
PASS: ROOK sector 2 projectile uses authored muzzle socket
PASS: ROOK resolves 135-degree aim sector 3
PASS: ROOK sector 3 selects a visible authored atlas
PASS: ROOK sector 3 projectile uses authored muzzle socket
PASS: ROOK resolves 180-degree aim sector 4
PASS: ROOK sector 4 selects a visible authored atlas
PASS: ROOK sector 4 projectile uses authored muzzle socket
PASS: ROOK resolves 225-degree aim sector 5
PASS: ROOK sector 5 selects a visible authored atlas
PASS: ROOK sector 5 projectile uses authored muzzle socket
PASS: ROOK resolves 270-degree aim sector 6
PASS: ROOK sector 6 selects a visible authored atlas
PASS: ROOK sector 6 projectile uses authored muzzle socket
PASS: ROOK resolves 315-degree aim sector 7
PASS: ROOK sector 7 selects a visible authored atlas
PASS: ROOK sector 7 projectile uses authored muzzle socket
PASS: ROOK primary fire begins from the selected NE direction
PASS: ROOK fire keeps the authored raster active
ROOK_C02_FAST_RUNTIME_SMOKE: PASS
