SETTLE {"asset":"barrier","from":[0.56,0.53],"mission":"MIS_CH01_01","moved_px":63.1,"room":"R04_CONTAINMENT","to":[0.56,0.46]}
SETTLE {"asset":"generator","from":[0.31,0.61],"mission":"MIS_CH01_01","moved_px":18.1,"room":"R05_CORE","to":[0.3,0.62]}
SETTLE {"asset":"generator","from":[0.62,0.62],"mission":"MIS_CH01_02","moved_px":57.7,"room":"R01_REENTRY","to":[0.6,0.56]}
SETTLE {"asset":"barrier","from":[0.36,0.74],"mission":"MIS_CH01_02","moved_px":29.4,"room":"R02_MAINTENANCE","to":[0.34,0.74]}
SETTLE {"asset":"cabinet","from":[0.68,0.55],"mission":"MIS_CH01_02","moved_px":41.4,"room":"R03_RELAY_ARCHIVE","to":[0.68,0.5]}
SETTLE {"asset":"crate","from":[0.5,0.73],"mission":"MIS_CH01_02","moved_px":50.8,"room":"R03_RELAY_ARCHIVE","to":[0.48,0.68]}
SETTLE {"asset":"barrier","from":[0.54,0.58],"mission":"MIS_CH01_02","moved_px":87.9,"room":"R04_QUARANTINE","to":[0.52,0.48]}
SETTLE {"asset":"cabinet","from":[0.68,0.36],"mission":"MIS_CH01_02","moved_px":16.6,"room":"R04_QUARANTINE","to":[0.68,0.38]}
SETTLE {"asset":"generator","from":[0.65,0.58],"mission":"MIS_CH01_02","moved_px":51.8,"room":"R06_EVAC","to":[0.64,0.52]}
SETTLE {"asset":"cabinet","from":[0.66,0.55],"mission":"MIS_CH01_02","moved_px":38.6,"room":"O02_RESEARCH","to":[0.66,0.5]}
SETTLE {"asset":"barrier","from":[0.59,0.64],"mission":"MIS_CH01_03","moved_px":226.2,"room":"R01_BREACH","to":[0.44,0.58]}
SETTLE {"asset":"barrier","from":[0.72,0.32],"mission":"MIS_CH01_03","moved_px":33.1,"room":"R02_DEFENSE","to":[0.72,0.36]}
SETTLE {"asset":"cabinet","from":[0.68,0.55],"mission":"MIS_CH01_03","moved_px":65.0,"room":"R03_TRACE","to":[0.66,0.48]}
SETTLE {"asset":"generator","from":[0.5,0.73],"mission":"MIS_CH01_03","moved_px":108.4,"room":"R03_TRACE","to":[0.46,0.62]}
SETTLE {"asset":"generator","from":[0.72,0.34],"mission":"MIS_CH01_03","moved_px":16.6,"room":"R04_BULKHEAD","to":[0.72,0.36]}
SETTLE {"asset":"cabinet","from":[0.32,0.62],"mission":"MIS_CH01_03","moved_px":76.7,"room":"R05_ANCHOR","to":[0.28,0.58]}
SETTLE {"asset":"generator","from":[0.66,0.66],"mission":"MIS_CH01_03","moved_px":18.8,"room":"R05_ANCHOR","to":[0.66,0.64]}
SETTLE {"asset":"generator","from":[0.65,0.58],"mission":"MIS_CH01_03","moved_px":84.1,"room":"R06_ESCAPE","to":[0.64,0.48]}
SETTLE {"asset":"crate","from":[0.54,0.62],"mission":"MIS_CH01_03","moved_px":15.4,"room":"O01_SUPPLY","to":[0.54,0.6]}
SETTLE {"asset":"generator","from":[0.62,0.62],"mission":"MIS_CH01_04","moved_px":119.6,"room":"R01_ENTRY","to":[0.6,0.48]}
SETTLE {"asset":"barrier","from":[0.72,0.32],"mission":"MIS_CH01_04","moved_px":29.4,"room":"R02_GATE","to":[0.74,0.32]}
SETTLE {"asset":"cabinet","from":[0.68,0.55],"mission":"MIS_CH01_04","moved_px":65.0,"room":"R03_TRACE","to":[0.66,0.48]}
SETTLE {"asset":"generator","from":[0.5,0.73],"mission":"MIS_CH01_04","moved_px":108.4,"room":"R03_TRACE","to":[0.46,0.62]}
SETTLE {"asset":"barrier","from":[0.54,0.58],"mission":"MIS_CH01_04","moved_px":87.9,"room":"R04_LINE","to":[0.52,0.48]}
SETTLE {"asset":"generator","from":[0.65,0.58],"mission":"MIS_CH01_04","moved_px":84.1,"room":"R06_ESCAPE","to":[0.64,0.48]}
SETTLE {"asset":"crate","from":[0.54,0.62],"mission":"MIS_CH01_04","moved_px":15.4,"room":"O01_SUPPLY","to":[0.54,0.6]}
SETTLE {"asset":"generator","from":[0.62,0.62],"mission":"MIS_CH01_05","moved_px":119.6,"room":"R01_ENTRY","to":[0.6,0.48]}
SETTLE {"asset":"barrier","from":[0.36,0.74],"mission":"MIS_CH01_05","moved_px":115.5,"room":"R02_DEFENSE","to":[0.32,0.62]}
SETTLE {"asset":"cabinet","from":[0.68,0.55],"mission":"MIS_CH01_05","moved_px":65.0,"room":"R03_TRACE","to":[0.66,0.48]}
SETTLE {"asset":"crate","from":[0.5,0.73],"mission":"MIS_CH01_05","moved_px":95.7,"room":"R03_TRACE","to":[0.48,0.62]}
SETTLE {"asset":"barrier","from":[0.54,0.58],"mission":"MIS_CH01_05","moved_px":87.9,"room":"R04_ARRAY","to":[0.52,0.48]}
SETTLE {"asset":"cabinet","from":[0.68,0.36],"mission":"MIS_CH01_05","moved_px":16.6,"room":"R04_ARRAY","to":[0.68,0.38]}
SETTLE {"asset":"generator","from":[0.36,0.74],"mission":"MIS_CH01_05","moved_px":115.4,"room":"R05_CARRIER","to":[0.32,0.64]}
SETTLE {"asset":"generator","from":[0.65,0.58],"mission":"MIS_CH01_05","moved_px":84.1,"room":"R06_ESCAPE","to":[0.64,0.48]}
SETTLE {"asset":"crate","from":[0.54,0.62],"mission":"MIS_CH01_05","moved_px":15.4,"room":"O01_SUPPLY","to":[0.54,0.6]}
SETTLE_DONE moved=35 DRY
SETTLE {"asset":"barrier","from":[0.44,0.58],"mission":"MIS_CH01_03","moved_px":89.8,"room":"R01_BREACH","to":[0.38,0.6]}
SETTLE_DONE moved=1 DRY
