Godot Engine v4.7.1.stable.official.a13da4feb - https://godotengine.org

WARNING: Loaded resource as image file, this will not work on export: 'res://assets/enemies/signal_anchor_guardian/authored_core_v1/anchor.png'. Instead, import the image file as an Image resource and load it normally as a resource.
   at: load_from_file (core/io/image.cpp:2780)
   GDScript backtrace (most recent call first):
       [0] _decode_view (res://scripts/animation/site7_machine_sprite.gd:127)
       [1] _read_view (res://scripts/animation/site7_machine_sprite.gd:155)
       [2] configure (res://scripts/animation/site7_machine_sprite.gd:204)
       [3] preview_machine_source (res://scripts/actors/enemy_actor.gd:423)
       [4] _load_reviewed_machine_source (res://scripts/actors/enemy_actor.gd:440)
       [5] _ready (res://scripts/actors/enemy_actor.gd:94)
       [6] _spawn (res://tests/smoke/site7_boss_duel_smoke.gd:272)
       [7] _duel (res://tests/smoke/site7_boss_duel_smoke.gd:108)
       [8] run (res://tests/smoke/site7_boss_duel_smoke.gd:83)
M7_RASTER_QUARANTINED identity=aster status=partial chunks=2 encoded=20000 present=15000 declared=94718
WARNING: Loaded resource as image file, this will not work on export: 'res://assets/enemies/stage2_relay_sentinel/authored_core_v1/RELAY_SENTINEL.png'. Instead, import the image file as an Image resource and load it normally as a resource.
   at: load_from_file (core/io/image.cpp:2780)
   GDScript backtrace (most recent call first):
       [0] _decode_view (res://scripts/animation/site7_machine_sprite.gd:127)
       [1] _read_view (res://scripts/animation/site7_machine_sprite.gd:155)
       [2] configure (res://scripts/animation/site7_machine_sprite.gd:204)
       [3] preview_machine_source (res://scripts/actors/enemy_actor.gd:423)
       [4] _load_reviewed_machine_source (res://scripts/actors/enemy_actor.gd:440)
       [5] _ready (res://scripts/actors/enemy_actor.gd:94)
       [6] _spawn (res://tests/smoke/site7_boss_duel_smoke.gd:272)
       [7] _duel (res://tests/smoke/site7_boss_duel_smoke.gd:108)
       [8] run (res://tests/smoke/site7_boss_duel_smoke.gd:83)
       [9] _damage_flow (res://tests/smoke/site7_boss_duel_smoke.gd:253)
WARNING: Loaded resource as image file, this will not work on export: 'res://assets/enemies/stage3_resonance_remnant/authored_core_v1/RESONANCE_REMNANT.png'. Instead, import the image file as an Image resource and load it normally as a resource.
   at: load_from_file (core/io/image.cpp:2780)
   GDScript backtrace (most recent call first):
       [0] _decode_view (res://scripts/animation/site7_machine_sprite.gd:127)
       [1] _read_view (res://scripts/animation/site7_machine_sprite.gd:155)
       [2] configure (res://scripts/animation/site7_machine_sprite.gd:204)
       [3] preview_machine_source (res://scripts/actors/enemy_actor.gd:423)
       [4] _load_reviewed_machine_source (res://scripts/actors/enemy_actor.gd:440)
       [5] _ready (res://scripts/actors/enemy_actor.gd:94)
       [6] _spawn (res://tests/smoke/site7_boss_duel_smoke.gd:272)
       [7] _duel (res://tests/smoke/site7_boss_duel_smoke.gd:108)
       [8] run (res://tests/smoke/site7_boss_duel_smoke.gd:83)
       [9] _damage_flow (res://tests/smoke/site7_boss_duel_smoke.gd:253)
WARNING: Loaded resource as image file, this will not work on export: 'res://assets/enemies/stage4_forge_warden/authored_core_v1/FORGE_WARDEN.png'. Instead, import the image file as an Image resource and load it normally as a resource.
   at: load_from_file (core/io/image.cpp:2780)
   GDScript backtrace (most recent call first):
       [0] _decode_view (res://scripts/animation/site7_machine_sprite.gd:127)
       [1] _read_view (res://scripts/animation/site7_machine_sprite.gd:155)
       [2] configure (res://scripts/animation/site7_machine_sprite.gd:204)
       [3] preview_machine_source (res://scripts/actors/enemy_actor.gd:423)
       [4] _load_reviewed_machine_source (res://scripts/actors/enemy_actor.gd:440)
       [5] _ready (res://scripts/actors/enemy_actor.gd:94)
       [6] _spawn (res://tests/smoke/site7_boss_duel_smoke.gd:272)
       [7] _duel (res://tests/smoke/site7_boss_duel_smoke.gd:108)
       [8] run (res://tests/smoke/site7_boss_duel_smoke.gd:83)
       [9] _damage_flow (res://tests/smoke/site7_boss_duel_smoke.gd:253)
WARNING: Loaded resource as image file, this will not work on export: 'res://assets/enemies/stage5_carrier_null/authored_core_v1/CARRIER_NULL.png'. Instead, import the image file as an Image resource and load it normally as a resource.
   at: load_from_file (core/io/image.cpp:2780)
   GDScript backtrace (most recent call first):
       [0] _decode_view (res://scripts/animation/site7_machine_sprite.gd:127)
       [1] _read_view (res://scripts/animation/site7_machine_sprite.gd:155)
       [2] configure (res://scripts/animation/site7_machine_sprite.gd:204)
       [3] preview_machine_source (res://scripts/actors/enemy_actor.gd:423)
       [4] _load_reviewed_machine_source (res://scripts/actors/enemy_actor.gd:440)
       [5] _ready (res://scripts/actors/enemy_actor.gd:94)
       [6] _spawn (res://tests/smoke/site7_boss_duel_smoke.gd:272)
       [7] _duel (res://tests/smoke/site7_boss_duel_smoke.gd:108)
       [8] run (res://tests/smoke/site7_boss_duel_smoke.gd:83)
       [9] _damage_flow (res://tests/smoke/site7_boss_duel_smoke.gd:253)
WARNING: Loaded resource as image file, this will not work on export: 'res://assets/enemies/stage6_aerator_tower/authored_core_v1/AERATOR_TOWER.png'. Instead, import the image file as an Image resource and load it normally as a resource.
   at: load_from_file (core/io/image.cpp:2780)
   GDScript backtrace (most recent call first):
       [0] _decode_view (res://scripts/animation/site7_machine_sprite.gd:127)
       [1] _read_view (res://scripts/animation/site7_machine_sprite.gd:155)
       [2] configure (res://scripts/animation/site7_machine_sprite.gd:204)
       [3] preview_machine_source (res://scripts/actors/enemy_actor.gd:423)
       [4] _load_reviewed_machine_source (res://scripts/actors/enemy_actor.gd:440)
       [5] _ready (res://scripts/actors/enemy_actor.gd:94)
       [6] _spawn (res://tests/smoke/site7_boss_duel_smoke.gd:272)
       [7] _duel (res://tests/smoke/site7_boss_duel_smoke.gd:108)
       [8] run (res://tests/smoke/site7_boss_duel_smoke.gd:83)
       [9] _damage_flow (res://tests/smoke/site7_boss_duel_smoke.gd:253)
WARNING: Loaded resource as image file, this will not work on export: 'res://assets/enemies/stage7_cryo_compressor/authored_core_v1/CRYO_COMPRESSOR.png'. Instead, import the image file as an Image resource and load it normally as a resource.
   at: load_from_file (core/io/image.cpp:2780)
   GDScript backtrace (most recent call first):
       [0] _decode_view (res://scripts/animation/site7_machine_sprite.gd:127)
       [1] _read_view (res://scripts/animation/site7_machine_sprite.gd:155)
       [2] configure (res://scripts/animation/site7_machine_sprite.gd:204)
       [3] preview_machine_source (res://scripts/actors/enemy_actor.gd:423)
       [4] _load_reviewed_machine_source (res://scripts/actors/enemy_actor.gd:440)
       [5] _ready (res://scripts/actors/enemy_actor.gd:94)
       [6] _spawn (res://tests/smoke/site7_boss_duel_smoke.gd:272)
       [7] _duel (res://tests/smoke/site7_boss_duel_smoke.gd:108)
       [8] run (res://tests/smoke/site7_boss_duel_smoke.gd:83)
       [9] _damage_flow (res://tests/smoke/site7_boss_duel_smoke.gd:253)
WARNING: Loaded resource as image file, this will not work on export: 'res://assets/enemies/stage8_signal_gantry/authored_core_v1/SIGNAL_GANTRY.png'. Instead, import the image file as an Image resource and load it normally as a resource.
   at: load_from_file (core/io/image.cpp:2780)
   GDScript backtrace (most recent call first):
       [0] _decode_view (res://scripts/animation/site7_machine_sprite.gd:127)
       [1] _read_view (res://scripts/animation/site7_machine_sprite.gd:155)
       [2] configure (res://scripts/animation/site7_machine_sprite.gd:204)
       [3] preview_machine_source (res://scripts/actors/enemy_actor.gd:423)
       [4] _load_reviewed_machine_source (res://scripts/actors/enemy_actor.gd:440)
       [5] _ready (res://scripts/actors/enemy_actor.gd:94)
       [6] _spawn (res://tests/smoke/site7_boss_duel_smoke.gd:272)
       [7] _duel (res://tests/smoke/site7_boss_duel_smoke.gd:108)
       [8] run (res://tests/smoke/site7_boss_duel_smoke.gd:83)
       [9] _damage_flow (res://tests/smoke/site7_boss_duel_smoke.gd:253)
WARNING: Loaded resource as image file, this will not work on export: 'res://assets/enemies/stage9_index_spire/authored_core_v1/INDEX_SPIRE.png'. Instead, import the image file as an Image resource and load it normally as a resource.
   at: load_from_file (core/io/image.cpp:2780)
   GDScript backtrace (most recent call first):
       [0] _decode_view (res://scripts/animation/site7_machine_sprite.gd:127)
       [1] _read_view (res://scripts/animation/site7_machine_sprite.gd:155)
       [2] configure (res://scripts/animation/site7_machine_sprite.gd:204)
       [3] preview_machine_source (res://scripts/actors/enemy_actor.gd:423)
       [4] _load_reviewed_machine_source (res://scripts/actors/enemy_actor.gd:440)
       [5] _ready (res://scripts/actors/enemy_actor.gd:94)
       [6] _spawn (res://tests/smoke/site7_boss_duel_smoke.gd:272)
       [7] _duel (res://tests/smoke/site7_boss_duel_smoke.gd:108)
       [8] run (res://tests/smoke/site7_boss_duel_smoke.gd:83)
       [9] _damage_flow (res://tests/smoke/site7_boss_duel_smoke.gd:253)
WARNING: Loaded resource as image file, this will not work on export: 'res://assets/enemies/stage10_origin_core/authored_core_v1/ORIGIN_CORE.png'. Instead, import the image file as an Image resource and load it normally as a resource.
   at: load_from_file (core/io/image.cpp:2780)
   GDScript backtrace (most recent call first):
       [0] _decode_view (res://scripts/animation/site7_machine_sprite.gd:127)
       [1] _read_view (res://scripts/animation/site7_machine_sprite.gd:155)
       [2] configure (res://scripts/animation/site7_machine_sprite.gd:204)
       [3] preview_machine_source (res://scripts/actors/enemy_actor.gd:423)
       [4] _load_reviewed_machine_source (res://scripts/actors/enemy_actor.gd:440)
       [5] _ready (res://scripts/actors/enemy_actor.gd:94)
       [6] _spawn (res://tests/smoke/site7_boss_duel_smoke.gd:272)
       [7] _duel (res://tests/smoke/site7_boss_duel_smoke.gd:108)
       [8] run (res://tests/smoke/site7_boss_duel_smoke.gd:83)
       [9] _damage_flow (res://tests/smoke/site7_boss_duel_smoke.gd:253)
ERROR: BOSS_SITE7_ANCHOR_01 REDLINE HP/damage apply once
   at: push_error (core/variant/variant_utility.cpp:1023)
   GDScript backtrace (most recent call first):
       [0] check (res://tests/smoke/site7_boss_duel_smoke.gd:63)
       [1] _spawn (res://tests/smoke/site7_boss_duel_smoke.gd:269)
       [2] _duel (res://tests/smoke/site7_boss_duel_smoke.gd:108)
       [3] run (res://tests/smoke/site7_boss_duel_smoke.gd:86)
       [4] _damage_flow (res://tests/smoke/site7_boss_duel_smoke.gd:253)
ERROR: BOSS_SITE7_RELAY_01 REDLINE HP/damage apply once
   at: push_error (core/variant/variant_utility.cpp:1023)
   GDScript backtrace (most recent call first):
       [0] check (res://tests/smoke/site7_boss_duel_smoke.gd:63)
       [1] _spawn (res://tests/smoke/site7_boss_duel_smoke.gd:269)
       [2] _duel (res://tests/smoke/site7_boss_duel_smoke.gd:108)
       [3] run (res://tests/smoke/site7_boss_duel_smoke.gd:86)
       [4] _duel (res://tests/smoke/site7_boss_duel_smoke.gd:133)
ERROR: BOSS_SITE7_REMNANT_01 REDLINE HP/damage apply once
   at: push_error (core/variant/variant_utility.cpp:1023)
   GDScript backtrace (most recent call first):
       [0] check (res://tests/smoke/site7_boss_duel_smoke.gd:63)
       [1] _spawn (res://tests/smoke/site7_boss_duel_smoke.gd:269)
       [2] _duel (res://tests/smoke/site7_boss_duel_smoke.gd:108)
       [3] run (res://tests/smoke/site7_boss_duel_smoke.gd:86)
       [4] _duel (res://tests/smoke/site7_boss_duel_smoke.gd:133)
ERROR: BOSS_SITE7_FORGE_01 REDLINE HP/damage apply once
   at: push_error (core/variant/variant_utility.cpp:1023)
   GDScript backtrace (most recent call first):
       [0] check (res://tests/smoke/site7_boss_duel_smoke.gd:63)
       [1] _spawn (res://tests/smoke/site7_boss_duel_smoke.gd:269)
       [2] _duel (res://tests/smoke/site7_boss_duel_smoke.gd:108)
       [3] run (res://tests/smoke/site7_boss_duel_smoke.gd:86)
       [4] _duel (res://tests/smoke/site7_boss_duel_smoke.gd:133)
ERROR: BOSS_SITE7_CARRIER_01 REDLINE HP/damage apply once
   at: push_error (core/variant/variant_utility.cpp:1023)
   GDScript backtrace (most recent call first):
       [0] check (res://tests/smoke/site7_boss_duel_smoke.gd:63)
       [1] _spawn (res://tests/smoke/site7_boss_duel_smoke.gd:269)
       [2] _duel (res://tests/smoke/site7_boss_duel_smoke.gd:108)
       [3] run (res://tests/smoke/site7_boss_duel_smoke.gd:86)
       [4] _duel (res://tests/smoke/site7_boss_duel_smoke.gd:133)
ERROR: BOSS_SITE7_AERATOR_01 REDLINE HP/damage apply once
   at: push_error (core/variant/variant_utility.cpp:1023)
   GDScript backtrace (most recent call first):
       [0] check (res://tests/smoke/site7_boss_duel_smoke.gd:63)
       [1] _spawn (res://tests/smoke/site7_boss_duel_smoke.gd:269)
       [2] _duel (res://tests/smoke/site7_boss_duel_smoke.gd:108)
       [3] run (res://tests/smoke/site7_boss_duel_smoke.gd:86)
       [4] _duel (res://tests/smoke/site7_boss_duel_smoke.gd:133)
ERROR: BOSS_SITE7_CRYO_01 REDLINE HP/damage apply once
   at: push_error (core/variant/variant_utility.cpp:1023)
   GDScript backtrace (most recent call first):
       [0] check (res://tests/smoke/site7_boss_duel_smoke.gd:63)
       [1] _spawn (res://tests/smoke/site7_boss_duel_smoke.gd:269)
       [2] _duel (res://tests/smoke/site7_boss_duel_smoke.gd:108)
       [3] run (res://tests/smoke/site7_boss_duel_smoke.gd:86)
       [4] _duel (res://tests/smoke/site7_boss_duel_smoke.gd:133)
ERROR: BOSS_SITE7_GANTRY_01 REDLINE HP/damage apply once
   at: push_error (core/variant/variant_utility.cpp:1023)
   GDScript backtrace (most recent call first):
       [0] check (res://tests/smoke/site7_boss_duel_smoke.gd:63)
       [1] _spawn (res://tests/smoke/site7_boss_duel_smoke.gd:269)
       [2] _duel (res://tests/smoke/site7_boss_duel_smoke.gd:108)
       [3] run (res://tests/smoke/site7_boss_duel_smoke.gd:86)
       [4] _duel (res://tests/smoke/site7_boss_duel_smoke.gd:133)
ERROR: BOSS_SITE7_ARCHIVE_01 REDLINE HP/damage apply once
   at: push_error (core/variant/variant_utility.cpp:1023)
   GDScript backtrace (most recent call first):
       [0] check (res://tests/smoke/site7_boss_duel_smoke.gd:63)
       [1] _spawn (res://tests/smoke/site7_boss_duel_smoke.gd:269)
       [2] _duel (res://tests/smoke/site7_boss_duel_smoke.gd:108)
       [3] run (res://tests/smoke/site7_boss_duel_smoke.gd:86)
       [4] _duel (res://tests/smoke/site7_boss_duel_smoke.gd:133)
ERROR: BOSS_SITE7_ORIGIN_01 REDLINE HP/damage apply once
   at: push_error (core/variant/variant_utility.cpp:1023)
   GDScript backtrace (most recent call first):
       [0] check (res://tests/smoke/site7_boss_duel_smoke.gd:63)
       [1] _spawn (res://tests/smoke/site7_boss_duel_smoke.gd:269)
       [2] _duel (res://tests/smoke/site7_boss_duel_smoke.gd:108)
       [3] run (res://tests/smoke/site7_boss_duel_smoke.gd:86)
       [4] _duel (res://tests/smoke/site7_boss_duel_smoke.gd:133)
SITE7_BOSS_DUEL_SMOKE: FAIL (2184 checks) res://.cache/out/boss_hp_exempt_b
