Godot Engine v4.7.1.stable.official.a13da4feb - https://godotengine.org

WARNING: Loaded resource as image file, this will not work on export: 'res://assets/enemies/recon_drone/authored_yaw8_v1/E.png'. Instead, import the image file as an Image resource and load it normally as a resource.
   at: load_from_file (core/io/image.cpp:2780)
   GDScript backtrace (most recent call first):
       [0] _decode_view (res://scripts/animation/site7_machine_sprite.gd:127)
       [1] prepare_view (res://scripts/animation/site7_machine_sprite.gd:103)
       [2] <anonymous lambda> (res://scripts/core/deploy_warmer.gd:62)
       [3] <anonymous lambda> (res://scripts/core/deploy_warmer.gd:145)
WARNING: Loaded resource as image file, this will not work on export: 'res://assets/enemies/recon_drone/authored_yaw8_v1/SE.png'. Instead, import the image file as an Image resource and load it normally as a resource.
   at: load_from_file (core/io/image.cpp:2780)
   GDScript backtrace (most recent call first):
       [0] _decode_view (res://scripts/animation/site7_machine_sprite.gd:127)
       [1] prepare_view (res://scripts/animation/site7_machine_sprite.gd:103)
       [2] <anonymous lambda> (res://scripts/core/deploy_warmer.gd:62)
       [3] <anonymous lambda> (res://scripts/core/deploy_warmer.gd:145)
WARNING: Loaded resource as image file, this will not work on export: 'res://assets/enemies/recon_drone/authored_yaw8_v1/S.png'. Instead, import the image file as an Image resource and load it normally as a resource.
   at: load_from_file (core/io/image.cpp:2780)
   GDScript backtrace (most recent call first):
       [0] _decode_view (res://scripts/animation/site7_machine_sprite.gd:127)
       [1] prepare_view (res://scripts/animation/site7_machine_sprite.gd:103)
       [2] <anonymous lambda> (res://scripts/core/deploy_warmer.gd:62)
       [3] <anonymous lambda> (res://scripts/core/deploy_warmer.gd:145)
WARNING: Loaded resource as image file, this will not work on export: 'res://assets/enemies/recon_drone/authored_yaw8_v1/SW.png'. Instead, import the image file as an Image resource and load it normally as a resource.
   at: load_from_file (core/io/image.cpp:2780)
   GDScript backtrace (most recent call first):
       [0] _decode_view (res://scripts/animation/site7_machine_sprite.gd:127)
       [1] prepare_view (res://scripts/animation/site7_machine_sprite.gd:103)
       [2] <anonymous lambda> (res://scripts/core/deploy_warmer.gd:62)
       [3] <anonymous lambda> (res://scripts/core/deploy_warmer.gd:145)
WARNING: Loaded resource as image file, this will not work on export: 'res://assets/enemies/recon_drone/authored_yaw8_v1/W.png'. Instead, import the image file as an Image resource and load it normally as a resource.
WARNING: Loaded resource as image file, this will not work on export: 'res://assets/enemies/recon_drone/authored_yaw8_v1/NW.png'. Instead, import the image file as an Image resource and load it normally as a resource.
   at: load_from_file (core/io/image.cpp:2780)
   at: load_from_file (core/io/image.cpp:2780)
ERROR: ContractPanel inside 1280×720
   GDScript backtrace (most recent call first):
       [0] _decode_view (res://scripts/animation/site7_machine_sprite.gd:127)
       [1] prepare_view (res://scripts/animation/site7_machine_sprite.gd:103)
       [2] <anonymous lambda> (res://scripts/core/deploy_warmer.gd:62)
       [3] <anonymous lambda> (res://scripts/core/deploy_warmer.gd:145)
   at: push_error (core/variant/variant_utility.cpp:1023)
   GDScript backtrace (most recent call first):
       [0] _decode_view (res://scripts/animation/site7_machine_sprite.gd:127)
       [1] prepare_view (res://scripts/animation/site7_machine_sprite.gd:103)
       [2] <anonymous lambda> (res://scripts/core/deploy_warmer.gd:62)
       [3] <anonymous lambda> (res://scripts/core/deploy_warmer.gd:145)
   GDScript backtrace (most recent call first):
       [0] check (res://tests/smoke/run_contract_ui_smoke.gd:162)
       [1] geometry (res://tests/smoke/run_contract_ui_smoke.gd:112)
       [2] run (res://tests/smoke/run_contract_ui_smoke.gd:34)
       [3] finish_dialogue (res://tests/smoke/run_contract_ui_smoke.gd:128)
WARNING: Loaded resource as image file, this will not work on export: 'res://assets/enemies/recon_drone/authored_yaw8_v1/N.png'. Instead, import the image file as an Image resource and load it normally as a resource.
   at: load_from_file (core/io/image.cpp:2780)
   GDScript backtrace (most recent call first):
       [0] _decode_view (res://scripts/animation/site7_machine_sprite.gd:127)
       [1] _read_view (res://scripts/animation/site7_machine_sprite.gd:155)
       [2] warm (res://scripts/animation/site7_machine_sprite.gd:71)
       [3] warm_art (res://scripts/actors/enemy_actor.gd:469)
       [4] _warm_enemy_art (res://scripts/missions/story_stage_01.gd:262)
       [5] _load_mission (res://scripts/missions/story_stage_01.gd:218)
       [6] _ready (res://scripts/missions/story_stage_01.gd:94)
       [7] _replace_view (res://scripts/core/game_flow.gd:160)
       [8] deploy_mission (res://scripts/core/game_flow.gd:114)
       [9] <anonymous lambda> (res://scripts/core/game_flow.gd:103)
       [10] <anonymous lambda> (res://scripts/ui/briefing_screen.gd:221)
       [11] click (res://tests/smoke/run_contract_ui_smoke.gd:138)
WARNING: Loaded resource as image file, this will not work on export: 'res://assets/enemies/recon_drone/authored_yaw8_v1/NE.png'. Instead, import the image file as an Image resource and load it normally as a resource.
   at: load_from_file (core/io/image.cpp:2780)
   GDScript backtrace (most recent call first):
       [0] _decode_view (res://scripts/animation/site7_machine_sprite.gd:127)
       [1] _read_view (res://scripts/animation/site7_machine_sprite.gd:155)
       [2] warm (res://scripts/animation/site7_machine_sprite.gd:71)
       [3] warm_art (res://scripts/actors/enemy_actor.gd:469)
       [4] _warm_enemy_art (res://scripts/missions/story_stage_01.gd:262)
       [5] _load_mission (res://scripts/missions/story_stage_01.gd:218)
       [6] _ready (res://scripts/missions/story_stage_01.gd:94)
       [7] _replace_view (res://scripts/core/game_flow.gd:160)
       [8] deploy_mission (res://scripts/core/game_flow.gd:114)
       [9] <anonymous lambda> (res://scripts/core/game_flow.gd:103)
       [10] <anonymous lambda> (res://scripts/ui/briefing_screen.gd:221)
       [11] click (res://tests/smoke/run_contract_ui_smoke.gd:138)
WARNING: Loaded resource as image file, this will not work on export: 'res://assets/enemies/bulwark/authored_yaw8_v1/E.png'. Instead, import the image file as an Image resource and load it normally as a resource.
   at: load_from_file (core/io/image.cpp:2780)
   GDScript backtrace (most recent call first):
       [0] _decode_view (res://scripts/animation/site7_machine_sprite.gd:127)
       [1] _read_view (res://scripts/animation/site7_machine_sprite.gd:155)
       [2] warm (res://scripts/animation/site7_machine_sprite.gd:71)
       [3] warm_art (res://scripts/actors/enemy_actor.gd:469)
       [4] _warm_enemy_art (res://scripts/missions/story_stage_01.gd:262)
       [5] _load_mission (res://scripts/missions/story_stage_01.gd:218)
       [6] _ready (res://scripts/missions/story_stage_01.gd:94)
       [7] _replace_view (res://scripts/core/game_flow.gd:160)
       [8] deploy_mission (res://scripts/core/game_flow.gd:114)
       [9] <anonymous lambda> (res://scripts/core/game_flow.gd:103)
       [10] <anonymous lambda> (res://scripts/ui/briefing_screen.gd:221)
       [11] click (res://tests/smoke/run_contract_ui_smoke.gd:138)
WARNING: Loaded resource as image file, this will not work on export: 'res://assets/enemies/bulwark/authored_yaw8_v1/SE.png'. Instead, import the image file as an Image resource and load it normally as a resource.
   at: load_from_file (core/io/image.cpp:2780)
   GDScript backtrace (most recent call first):
       [0] _decode_view (res://scripts/animation/site7_machine_sprite.gd:127)
       [1] _read_view (res://scripts/animation/site7_machine_sprite.gd:155)
       [2] warm (res://scripts/animation/site7_machine_sprite.gd:71)
       [3] warm_art (res://scripts/actors/enemy_actor.gd:469)
       [4] _warm_enemy_art (res://scripts/missions/story_stage_01.gd:262)
       [5] _load_mission (res://scripts/missions/story_stage_01.gd:218)
       [6] _ready (res://scripts/missions/story_stage_01.gd:94)
       [7] _replace_view (res://scripts/core/game_flow.gd:160)
       [8] deploy_mission (res://scripts/core/game_flow.gd:114)
       [9] <anonymous lambda> (res://scripts/core/game_flow.gd:103)
       [10] <anonymous lambda> (res://scripts/ui/briefing_screen.gd:221)
       [11] click (res://tests/smoke/run_contract_ui_smoke.gd:138)
WARNING: Loaded resource as image file, this will not work on export: 'res://assets/enemies/bulwark/authored_yaw8_v1/S.png'. Instead, import the image file as an Image resource and load it normally as a resource.
   at: load_from_file (core/io/image.cpp:2780)
   GDScript backtrace (most recent call first):
       [0] _decode_view (res://scripts/animation/site7_machine_sprite.gd:127)
       [1] _read_view (res://scripts/animation/site7_machine_sprite.gd:155)
       [2] warm (res://scripts/animation/site7_machine_sprite.gd:71)
       [3] warm_art (res://scripts/actors/enemy_actor.gd:469)
       [4] _warm_enemy_art (res://scripts/missions/story_stage_01.gd:262)
       [5] _load_mission (res://scripts/missions/story_stage_01.gd:218)
       [6] _ready (res://scripts/missions/story_stage_01.gd:94)
       [7] _replace_view (res://scripts/core/game_flow.gd:160)
       [8] deploy_mission (res://scripts/core/game_flow.gd:114)
       [9] <anonymous lambda> (res://scripts/core/game_flow.gd:103)
       [10] <anonymous lambda> (res://scripts/ui/briefing_screen.gd:221)
       [11] click (res://tests/smoke/run_contract_ui_smoke.gd:138)
WARNING: Loaded resource as image file, this will not work on export: 'res://assets/enemies/bulwark/authored_yaw8_v1/SW.png'. Instead, import the image file as an Image resource and load it normally as a resource.
   at: load_from_file (core/io/image.cpp:2780)
   GDScript backtrace (most recent call first):
       [0] _decode_view (res://scripts/animation/site7_machine_sprite.gd:127)
       [1] _read_view (res://scripts/animation/site7_machine_sprite.gd:155)
       [2] warm (res://scripts/animation/site7_machine_sprite.gd:71)
       [3] warm_art (res://scripts/actors/enemy_actor.gd:469)
       [4] _warm_enemy_art (res://scripts/missions/story_stage_01.gd:262)
       [5] _load_mission (res://scripts/missions/story_stage_01.gd:218)
       [6] _ready (res://scripts/missions/story_stage_01.gd:94)
       [7] _replace_view (res://scripts/core/game_flow.gd:160)
       [8] deploy_mission (res://scripts/core/game_flow.gd:114)
       [9] <anonymous lambda> (res://scripts/core/game_flow.gd:103)
       [10] <anonymous lambda> (res://scripts/ui/briefing_screen.gd:221)
       [11] click (res://tests/smoke/run_contract_ui_smoke.gd:138)
WARNING: Loaded resource as image file, this will not work on export: 'res://assets/enemies/bulwark/authored_yaw8_v1/W.png'. Instead, import the image file as an Image resource and load it normally as a resource.
   at: load_from_file (core/io/image.cpp:2780)
   GDScript backtrace (most recent call first):
       [0] _decode_view (res://scripts/animation/site7_machine_sprite.gd:127)
       [1] _read_view (res://scripts/animation/site7_machine_sprite.gd:155)
       [2] warm (res://scripts/animation/site7_machine_sprite.gd:71)
       [3] warm_art (res://scripts/actors/enemy_actor.gd:469)
       [4] _warm_enemy_art (res://scripts/missions/story_stage_01.gd:262)
       [5] _load_mission (res://scripts/missions/story_stage_01.gd:218)
       [6] _ready (res://scripts/missions/story_stage_01.gd:94)
       [7] _replace_view (res://scripts/core/game_flow.gd:160)
       [8] deploy_mission (res://scripts/core/game_flow.gd:114)
       [9] <anonymous lambda> (res://scripts/core/game_flow.gd:103)
       [10] <anonymous lambda> (res://scripts/ui/briefing_screen.gd:221)
       [11] click (res://tests/smoke/run_contract_ui_smoke.gd:138)
WARNING: Loaded resource as image file, this will not work on export: 'res://assets/enemies/bulwark/authored_yaw8_v1/NW.png'. Instead, import the image file as an Image resource and load it normally as a resource.
   at: load_from_file (core/io/image.cpp:2780)
   GDScript backtrace (most recent call first):
       [0] _decode_view (res://scripts/animation/site7_machine_sprite.gd:127)
       [1] _read_view (res://scripts/animation/site7_machine_sprite.gd:155)
       [2] warm (res://scripts/animation/site7_machine_sprite.gd:71)
       [3] warm_art (res://scripts/actors/enemy_actor.gd:469)
       [4] _warm_enemy_art (res://scripts/missions/story_stage_01.gd:262)
       [5] _load_mission (res://scripts/missions/story_stage_01.gd:218)
       [6] _ready (res://scripts/missions/story_stage_01.gd:94)
       [7] _replace_view (res://scripts/core/game_flow.gd:160)
       [8] deploy_mission (res://scripts/core/game_flow.gd:114)
       [9] <anonymous lambda> (res://scripts/core/game_flow.gd:103)
       [10] <anonymous lambda> (res://scripts/ui/briefing_screen.gd:221)
       [11] click (res://tests/smoke/run_contract_ui_smoke.gd:138)
WARNING: Loaded resource as image file, this will not work on export: 'res://assets/enemies/bulwark/authored_yaw8_v1/N.png'. Instead, import the image file as an Image resource and load it normally as a resource.
   at: load_from_file (core/io/image.cpp:2780)
   GDScript backtrace (most recent call first):
       [0] _decode_view (res://scripts/animation/site7_machine_sprite.gd:127)
       [1] _read_view (res://scripts/animation/site7_machine_sprite.gd:155)
       [2] warm (res://scripts/animation/site7_machine_sprite.gd:71)
       [3] warm_art (res://scripts/actors/enemy_actor.gd:469)
       [4] _warm_enemy_art (res://scripts/missions/story_stage_01.gd:262)
       [5] _load_mission (res://scripts/missions/story_stage_01.gd:218)
       [6] _ready (res://scripts/missions/story_stage_01.gd:94)
       [7] _replace_view (res://scripts/core/game_flow.gd:160)
       [8] deploy_mission (res://scripts/core/game_flow.gd:114)
       [9] <anonymous lambda> (res://scripts/core/game_flow.gd:103)
       [10] <anonymous lambda> (res://scripts/ui/briefing_screen.gd:221)
       [11] click (res://tests/smoke/run_contract_ui_smoke.gd:138)
WARNING: Loaded resource as image file, this will not work on export: 'res://assets/enemies/bulwark/authored_yaw8_v1/NE.png'. Instead, import the image file as an Image resource and load it normally as a resource.
   at: load_from_file (core/io/image.cpp:2780)
   GDScript backtrace (most recent call first):
       [0] _decode_view (res://scripts/animation/site7_machine_sprite.gd:127)
       [1] _read_view (res://scripts/animation/site7_machine_sprite.gd:155)
       [2] warm (res://scripts/animation/site7_machine_sprite.gd:71)
       [3] warm_art (res://scripts/actors/enemy_actor.gd:469)
       [4] _warm_enemy_art (res://scripts/missions/story_stage_01.gd:262)
       [5] _load_mission (res://scripts/missions/story_stage_01.gd:218)
       [6] _ready (res://scripts/missions/story_stage_01.gd:94)
       [7] _replace_view (res://scripts/core/game_flow.gd:160)
       [8] deploy_mission (res://scripts/core/game_flow.gd:114)
       [9] <anonymous lambda> (res://scripts/core/game_flow.gd:103)
       [10] <anonymous lambda> (res://scripts/ui/briefing_screen.gd:221)
       [11] click (res://tests/smoke/run_contract_ui_smoke.gd:138)
WARNING: Loaded resource as image file, this will not work on export: 'res://assets/enemies/signal_anchor_guardian/authored_core_v1/anchor.png'. Instead, import the image file as an Image resource and load it normally as a resource.
   at: load_from_file (core/io/image.cpp:2780)
   GDScript backtrace (most recent call first):
       [0] _decode_view (res://scripts/animation/site7_machine_sprite.gd:127)
       [1] _read_view (res://scripts/animation/site7_machine_sprite.gd:155)
       [2] warm (res://scripts/animation/site7_machine_sprite.gd:71)
       [3] warm_art (res://scripts/actors/enemy_actor.gd:469)
       [4] _warm_enemy_art (res://scripts/missions/story_stage_01.gd:262)
       [5] _load_mission (res://scripts/missions/story_stage_01.gd:218)
       [6] _ready (res://scripts/missions/story_stage_01.gd:94)
       [7] _replace_view (res://scripts/core/game_flow.gd:160)
       [8] deploy_mission (res://scripts/core/game_flow.gd:114)
       [9] <anonymous lambda> (res://scripts/core/game_flow.gd:103)
       [10] <anonymous lambda> (res://scripts/ui/briefing_screen.gd:221)
       [11] click (res://tests/smoke/run_contract_ui_smoke.gd:138)
M7_RASTER_QUARANTINED identity=aster status=partial chunks=2 encoded=20000 present=15000 declared=94718
M7_RASTER_QUARANTINED identity=aster status=partial chunks=2 encoded=20000 present=15000 declared=94718
ERROR: ContractPanel inside 1280×720
   at: push_error (core/variant/variant_utility.cpp:1023)
   GDScript backtrace (most recent call first):
       [0] check (res://tests/smoke/run_contract_ui_smoke.gd:162)
       [1] geometry (res://tests/smoke/run_contract_ui_smoke.gd:112)
       [2] run (res://tests/smoke/run_contract_ui_smoke.gd:62)
       [3] accept_key (res://tests/smoke/run_contract_ui_smoke.gd:148)
       [4] frames (res://tests/smoke/run_contract_ui_smoke.gd:159)
M7_RASTER_QUARANTINED identity=aster status=partial chunks=2 encoded=20000 present=15000 declared=94718
CONTRACT_RESULT_LAYOUT: body=[P: (34.0, 136.0), S: (540.0, 184.0)] minimum=(332.0, 170.0) contract=[P: (34.0, 326.0), S: (540.0, 40.0)] minimum=(307.0, 39.0)
WARNING: Loaded resource as image file, this will not work on export: 'res://assets/enemies/cinder_ram/authored_yaw8_v1/SE.png'. Instead, import the image file as an Image resource and load it normally as a resource.
WARNING: Loaded resource as image file, this will not work on export: 'res://assets/enemies/cinder_ram/authored_yaw8_v1/E.png'. Instead, import the image file as an Image resource and load it normally as a resource.
   at: load_from_file (core/io/image.cpp:2780)
   at: load_from_file (core/io/image.cpp:2780)
   GDScript backtrace (most recent call first):
       [0] _decode_view (res://scripts/animation/site7_machine_sprite.gd:127)
       [1] prepare_view (res://scripts/animation/site7_machine_sprite.gd:103)
       [2] <anonymous lambda> (res://scripts/core/deploy_warmer.gd:62)
       [3] <anonymous lambda> (res://scripts/core/deploy_warmer.gd:145)
   GDScript backtrace (most recent call first):
       [0] _decode_view (res://scripts/animation/site7_machine_sprite.gd:127)
       [1] prepare_view (res://scripts/animation/site7_machine_sprite.gd:103)
       [2] <anonymous lambda> (res://scripts/core/deploy_warmer.gd:62)
       [3] <anonymous lambda> (res://scripts/core/deploy_warmer.gd:145)
ERROR: ContractPanel inside 1280×720
   at: push_error (core/variant/variant_utility.cpp:1023)
   GDScript backtrace (most recent call first):
       [0] check (res://tests/smoke/run_contract_ui_smoke.gd:162)
       [1] geometry (res://tests/smoke/run_contract_ui_smoke.gd:112)
       [2] run (res://tests/smoke/run_contract_ui_smoke.gd:96)
       [3] frames (res://tests/smoke/run_contract_ui_smoke.gd:159)
WARNING: Loaded resource as image file, this will not work on export: 'res://assets/enemies/cinder_ram/authored_yaw8_v1/S.png'. Instead, import the image file as an Image resource and load it normally as a resource.
WARNING: Loaded resource as image file, this will not work on export: 'res://assets/enemies/cinder_ram/authored_yaw8_v1/SW.png'. Instead, import the image file as an Image resource and load it normally as a resource.
   at: load_from_file (core/io/image.cpp:2780)
   at: load_from_file (core/io/image.cpp:2780)
   GDScript backtrace (most recent call first):
       [0] _decode_view (res://scripts/animation/site7_machine_sprite.gd:127)
       [1] prepare_view (res://scripts/animation/site7_machine_sprite.gd:103)
       [2] <anonymous lambda> (res://scripts/core/deploy_warmer.gd:62)
       [3] <anonymous lambda> (res://scripts/core/deploy_warmer.gd:145)
   GDScript backtrace (most recent call first):
       [0] _decode_view (res://scripts/animation/site7_machine_sprite.gd:127)
       [1] prepare_view (res://scripts/animation/site7_machine_sprite.gd:103)
       [2] <anonymous lambda> (res://scripts/core/deploy_warmer.gd:62)
       [3] <anonymous lambda> (res://scripts/core/deploy_warmer.gd:145)
ERROR: ContractPanel inside 1280×720
   at: push_error (core/variant/variant_utility.cpp:1023)
   GDScript backtrace (most recent call first):
       [0] check (res://tests/smoke/run_contract_ui_smoke.gd:162)
       [1] geometry (res://tests/smoke/run_contract_ui_smoke.gd:112)
       [2] run (res://tests/smoke/run_contract_ui_smoke.gd:96)
       [3] frames (res://tests/smoke/run_contract_ui_smoke.gd:159)
ERROR: ContractPanel inside 1280×720
   at: push_error (core/variant/variant_utility.cpp:1023)
   GDScript backtrace (most recent call first):
       [0] check (res://tests/smoke/run_contract_ui_smoke.gd:162)
       [1] geometry (res://tests/smoke/run_contract_ui_smoke.gd:112)
       [2] run (res://tests/smoke/run_contract_ui_smoke.gd:96)
       [3] frames (res://tests/smoke/run_contract_ui_smoke.gd:159)
WARNING: Loaded resource as image file, this will not work on export: 'res://assets/enemies/cinder_ram/authored_yaw8_v1/W.png'. Instead, import the image file as an Image resource and load it normally as a resource.
WARNING: Loaded resource as image file, this will not work on export: 'res://assets/enemies/cinder_ram/authored_yaw8_v1/NW.png'. Instead, import the image file as an Image resource and load it normally as a resource.
   at: load_from_file (core/io/image.cpp:2780)
   at: load_from_file (core/io/image.cpp:2780)
   GDScript backtrace (most recent call first):
       [0] _decode_view (res://scripts/animation/site7_machine_sprite.gd:127)
       [1] prepare_view (res://scripts/animation/site7_machine_sprite.gd:103)
       [2] <anonymous lambda> (res://scripts/core/deploy_warmer.gd:62)
       [3] <anonymous lambda> (res://scripts/core/deploy_warmer.gd:145)
   GDScript backtrace (most recent call first):
       [0] _decode_view (res://scripts/animation/site7_machine_sprite.gd:127)
       [1] prepare_view (res://scripts/animation/site7_machine_sprite.gd:103)
       [2] <anonymous lambda> (res://scripts/core/deploy_warmer.gd:62)
       [3] <anonymous lambda> (res://scripts/core/deploy_warmer.gd:145)
ERROR: ContractPanel inside 1280×720
   at: push_error (core/variant/variant_utility.cpp:1023)
   GDScript backtrace (most recent call first):
       [0] check (res://tests/smoke/run_contract_ui_smoke.gd:162)
       [1] geometry (res://tests/smoke/run_contract_ui_smoke.gd:112)
       [2] run (res://tests/smoke/run_contract_ui_smoke.gd:96)
       [3] frames (res://tests/smoke/run_contract_ui_smoke.gd:159)
ERROR: ContractPanel inside 1280×720
   at: push_error (core/variant/variant_utility.cpp:1023)
   GDScript backtrace (most recent call first):
       [0] check (res://tests/smoke/run_contract_ui_smoke.gd:162)
       [1] geometry (res://tests/smoke/run_contract_ui_smoke.gd:112)
       [2] run (res://tests/smoke/run_contract_ui_smoke.gd:96)
       [3] frames (res://tests/smoke/run_contract_ui_smoke.gd:159)
WARNING: Loaded resource as image file, this will not work on export: 'res://assets/enemies/cinder_ram/authored_yaw8_v1/NE.png'. Instead, import the image file as an Image resource and load it normally as a resource.
WARNING: Loaded resource as image file, this will not work on export: 'res://assets/enemies/cinder_ram/authored_yaw8_v1/N.png'. Instead, import the image file as an Image resource and load it normally as a resource.
   at: load_from_file (core/io/image.cpp:2780)
   at: load_from_file (core/io/image.cpp:2780)
   GDScript backtrace (most recent call first):
       [0] _decode_view (res://scripts/animation/site7_machine_sprite.gd:127)
       [1] prepare_view (res://scripts/animation/site7_machine_sprite.gd:103)
       [2] <anonymous lambda> (res://scripts/core/deploy_warmer.gd:62)
       [3] <anonymous lambda> (res://scripts/core/deploy_warmer.gd:145)
   GDScript backtrace (most recent call first):
       [0] _decode_view (res://scripts/animation/site7_machine_sprite.gd:127)
       [1] prepare_view (res://scripts/animation/site7_machine_sprite.gd:103)
       [2] <anonymous lambda> (res://scripts/core/deploy_warmer.gd:62)
       [3] <anonymous lambda> (res://scripts/core/deploy_warmer.gd:145)
ERROR: ContractPanel inside 1280×720
   at: push_error (core/variant/variant_utility.cpp:1023)
   GDScript backtrace (most recent call first):
       [0] check (res://tests/smoke/run_contract_ui_smoke.gd:162)
       [1] geometry (res://tests/smoke/run_contract_ui_smoke.gd:112)
       [2] run (res://tests/smoke/run_contract_ui_smoke.gd:96)
       [3] frames (res://tests/smoke/run_contract_ui_smoke.gd:159)
ERROR: ContractPanel inside 1280×720
   at: push_error (core/variant/variant_utility.cpp:1023)
   GDScript backtrace (most recent call first):
       [0] check (res://tests/smoke/run_contract_ui_smoke.gd:162)
       [1] geometry (res://tests/smoke/run_contract_ui_smoke.gd:112)
       [2] run (res://tests/smoke/run_contract_ui_smoke.gd:96)
       [3] frames (res://tests/smoke/run_contract_ui_smoke.gd:159)
WARNING: Loaded resource as image file, this will not work on export: 'res://assets/enemies/stage2_relay_sentinel/authored_core_v1/RELAY_SENTINEL.png'. Instead, import the image file as an Image resource and load it normally as a resource.
   at: load_from_file (core/io/image.cpp:2780)
   GDScript backtrace (most recent call first):
       [0] _decode_view (res://scripts/animation/site7_machine_sprite.gd:127)
       [1] prepare_view (res://scripts/animation/site7_machine_sprite.gd:103)
       [2] <anonymous lambda> (res://scripts/core/deploy_warmer.gd:62)
       [3] <anonymous lambda> (res://scripts/core/deploy_warmer.gd:145)
ERROR: ContractPanel inside 1280×720
   at: push_error (core/variant/variant_utility.cpp:1023)
   GDScript backtrace (most recent call first):
       [0] check (res://tests/smoke/run_contract_ui_smoke.gd:162)
       [1] geometry (res://tests/smoke/run_contract_ui_smoke.gd:112)
       [2] run (res://tests/smoke/run_contract_ui_smoke.gd:96)
       [3] frames (res://tests/smoke/run_contract_ui_smoke.gd:159)
ERROR: ContractPanel inside 1280×720
   at: push_error (core/variant/variant_utility.cpp:1023)
   GDScript backtrace (most recent call first):
       [0] check (res://tests/smoke/run_contract_ui_smoke.gd:162)
       [1] geometry (res://tests/smoke/run_contract_ui_smoke.gd:112)
       [2] run (res://tests/smoke/run_contract_ui_smoke.gd:96)
       [3] frames (res://tests/smoke/run_contract_ui_smoke.gd:159)
ERROR: ContractPanel inside 1280×720
   at: push_error (core/variant/variant_utility.cpp:1023)
   GDScript backtrace (most recent call first):
       [0] check (res://tests/smoke/run_contract_ui_smoke.gd:162)
       [1] geometry (res://tests/smoke/run_contract_ui_smoke.gd:112)
       [2] run (res://tests/smoke/run_contract_ui_smoke.gd:96)
       [3] frames (res://tests/smoke/run_contract_ui_smoke.gd:159)
RUN_CONTRACT_UI_SMOKE: FAIL (484 checks)
