00:02.094  render           | Saved: 'D:\AI 종합 폴더\Games\Sable-circuit\art_src\characters\rook\fast_pipeline\motion\candidate_rook_c02_v15_two_bone_heel_plant_walk\blender_frames\E\idle\00.png'
00:02.235  render           | Saved: 'D:\AI 종합 폴더\Games\Sable-circuit\art_src\characters\rook\fast_pipeline\motion\candidate_rook_c02_v15_two_bone_heel_plant_walk\blender_frames\E\idle\01.png'
00:02.422  render           | Saved: 'D:\AI 종합 폴더\Games\Sable-circuit\art_src\characters\rook\fast_pipeline\motion\candidate_rook_c02_v15_two_bone_heel_plant_walk\blender_frames\E\idle\02.png'
00:02.594  render           | Saved: 'D:\AI 종합 폴더\Games\Sable-circuit\art_src\characters\rook\fast_pipeline\motion\candidate_rook_c02_v15_two_bone_heel_plant_walk\blender_frames\E\idle\03.png'
00:02.735  render           | Saved: 'D:\AI 종합 폴더\Games\Sable-circuit\art_src\characters\rook\fast_pipeline\motion\candidate_rook_c02_v15_two_bone_heel_plant_walk\blender_frames\E\move\00.png'
00:02.875  render           | Saved: 'D:\AI 종합 폴더\Games\Sable-circuit\art_src\characters\rook\fast_pipeline\motion\candidate_rook_c02_v15_two_bone_heel_plant_walk\blender_frames\E\move\01.png'
00:03.016  render           | Saved: 'D:\AI 종합 폴더\Games\Sable-circuit\art_src\characters\rook\fast_pipeline\motion\candidate_rook_c02_v15_two_bone_heel_plant_walk\blender_frames\E\move\02.png'
00:03.172  render           | Saved: 'D:\AI 종합 폴더\Games\Sable-circuit\art_src\characters\rook\fast_pipeline\motion\candidate_rook_c02_v15_two_bone_heel_plant_walk\blender_frames\E\move\03.png'
00:03.313  render           | Saved: 'D:\AI 종합 폴더\Games\Sable-circuit\art_src\characters\rook\fast_pipeline\motion\candidate_rook_c02_v15_two_bone_heel_plant_walk\blender_frames\E\move\04.png'
00:03.438  render           | Saved: 'D:\AI 종합 폴더\Games\Sable-circuit\art_src\characters\rook\fast_pipeline\motion\candidate_rook_c02_v15_two_bone_heel_plant_walk\blender_frames\E\move\05.png'
00:03.578  render           | Saved: 'D:\AI 종합 폴더\Games\Sable-circuit\art_src\characters\rook\fast_pipeline\motion\candidate_rook_c02_v15_two_bone_heel_plant_walk\blender_frames\E\move\06.png'
00:03.703  render           | Saved: 'D:\AI 종합 폴더\Games\Sable-circuit\art_src\characters\rook\fast_pipeline\motion\candidate_rook_c02_v15_two_bone_heel_plant_walk\blender_frames\E\move\07.png'
00:03.860  render           | Saved: 'D:\AI 종합 폴더\Games\Sable-circuit\art_src\characters\rook\fast_pipeline\motion\candidate_rook_c02_v15_two_bone_heel_plant_walk\blender_frames\E\move\08.png'
00:03.985  render           | Saved: 'D:\AI 종합 폴더\Games\Sable-circuit\art_src\characters\rook\fast_pipeline\motion\candidate_rook_c02_v15_two_bone_heel_plant_walk\blender_frames\E\move\09.png'
00:04.141  render           | Saved: 'D:\AI 종합 폴더\Games\Sable-circuit\art_src\characters\rook\fast_pipeline\motion\candidate_rook_c02_v15_two_bone_heel_plant_walk\blender_frames\E\move\10.png'
00:04.266  render           | Saved: 'D:\AI 종합 폴더\Games\Sable-circuit\art_src\characters\rook\fast_pipeline\motion\candidate_rook_c02_v15_two_bone_heel_plant_walk\blender_frames\E\move\11.png'
00:04.407  render           | Saved: 'D:\AI 종합 폴더\Games\Sable-circuit\art_src\characters\rook\fast_pipeline\motion\candidate_rook_c02_v15_two_bone_heel_plant_walk\blender_frames\E\move\12.png'
00:04.547  render           | Saved: 'D:\AI 종합 폴더\Games\Sable-circuit\art_src\characters\rook\fast_pipeline\motion\candidate_rook_c02_v15_two_bone_heel_plant_walk\blender_frames\E\move\13.png'
00:04.688  render           | Saved: 'D:\AI 종합 폴더\Games\Sable-circuit\art_src\characters\rook\fast_pipeline\motion\candidate_rook_c02_v15_two_bone_heel_plant_walk\blender_frames\E\move\14.png'
00:04.813  render           | Saved: 'D:\AI 종합 폴더\Games\Sable-circuit\art_src\characters\rook\fast_pipeline\motion\candidate_rook_c02_v15_two_bone_heel_plant_walk\blender_frames\E\move\15.png'
00:04.953  render           | Saved: 'D:\AI 종합 폴더\Games\Sable-circuit\art_src\characters\rook\fast_pipeline\motion\candidate_rook_c02_v15_two_bone_heel_plant_walk\blender_frames\E\move\16.png'
00:05.094  render           | Saved: 'D:\AI 종합 폴더\Games\Sable-circuit\art_src\characters\rook\fast_pipeline\motion\candidate_rook_c02_v15_two_bone_heel_plant_walk\blender_frames\E\move\17.png'
00:05.266  render           | Saved: 'D:\AI 종합 폴더\Games\Sable-circuit\art_src\characters\rook\fast_pipeline\motion\candidate_rook_c02_v15_two_bone_heel_plant_walk\blender_frames\E\move\18.png'
00:05.422  render           | Saved: 'D:\AI 종합 폴더\Games\Sable-circuit\art_src\characters\rook\fast_pipeline\motion\candidate_rook_c02_v15_two_bone_heel_plant_walk\blender_frames\E\move\19.png'
00:05.688  render           | Saved: 'D:\AI 종합 폴더\Games\Sable-circuit\art_src\characters\rook\fast_pipeline\motion\candidate_rook_c02_v15_two_bone_heel_plant_walk\blender_frames\E\move\20.png'
00:05.922  render           | Saved: 'D:\AI 종합 폴더\Games\Sable-circuit\art_src\characters\rook\fast_pipeline\motion\candidate_rook_c02_v15_two_bone_heel_plant_walk\blender_frames\E\move\21.png'
00:06.141  render           | Saved: 'D:\AI 종합 폴더\Games\Sable-circuit\art_src\characters\rook\fast_pipeline\motion\candidate_rook_c02_v15_two_bone_heel_plant_walk\blender_frames\E\move\22.png'
00:06.297  render           | Saved: 'D:\AI 종합 폴더\Games\Sable-circuit\art_src\characters\rook\fast_pipeline\motion\candidate_rook_c02_v15_two_bone_heel_plant_walk\blender_frames\E\move\23.png'
00:06.469  render           | Saved: 'D:\AI 종합 폴더\Games\Sable-circuit\art_src\characters\rook\fast_pipeline\motion\candidate_rook_c02_v15_two_bone_heel_plant_walk\blender_frames\E\fire\00.png'
00:06.610  render           | Saved: 'D:\AI 종합 폴더\Games\Sable-circuit\art_src\characters\rook\fast_pipeline\motion\candidate_rook_c02_v15_two_bone_heel_plant_walk\blender_frames\E\fire\01.png'
00:06.750  render           | Saved: 'D:\AI 종합 폴더\Games\Sable-circuit\art_src\characters\rook\fast_pipeline\motion\candidate_rook_c02_v15_two_bone_heel_plant_walk\blender_frames\E\fire\02.png'
00:06.891  render           | Saved: 'D:\AI 종합 폴더\Games\Sable-circuit\art_src\characters\rook\fast_pipeline\motion\candidate_rook_c02_v15_two_bone_heel_plant_walk\blender_frames\E\fire\03.png'
00:07.047  render           | Saved: 'D:\AI 종합 폴더\Games\Sable-circuit\art_src\characters\rook\fast_pipeline\motion\candidate_rook_c02_v15_two_bone_heel_plant_walk\blender_frames\E\fire\04.png'
00:07.188  render           | Saved: 'D:\AI 종합 폴더\Games\Sable-circuit\art_src\characters\rook\fast_pipeline\motion\candidate_rook_c02_v15_two_bone_heel_plant_walk\blender_frames\E\fire\05.png'
00:07.485  render           | Saved: 'D:\AI 종합 폴더\Games\Sable-circuit\art_src\characters\rook\fast_pipeline\motion\candidate_rook_c02_v15_two_bone_heel_plant_walk\blender_frames\SE\idle\00.png'
00:07.625  render           | Saved: 'D:\AI 종합 폴더\Games\Sable-circuit\art_src\characters\rook\fast_pipeline\motion\candidate_rook_c02_v15_two_bone_heel_plant_walk\blender_frames\SE\idle\01.png'
00:07.766  render           | Saved: 'D:\AI 종합 폴더\Games\Sable-circuit\art_src\characters\rook\fast_pipeline\motion\candidate_rook_c02_v15_two_bone_heel_plant_walk\blender_frames\SE\idle\02.png'
00:07.907  render           | Saved: 'D:\AI 종합 폴더\Games\Sable-circuit\art_src\characters\rook\fast_pipeline\motion\candidate_rook_c02_v15_two_bone_heel_plant_walk\blender_frames\SE\idle\03.png'
00:08.032  render           | Saved: 'D:\AI 종합 폴더\Games\Sable-circuit\art_src\characters\rook\fast_pipeline\motion\candidate_rook_c02_v15_two_bone_heel_plant_walk\blender_frames\SE\move\00.png'
00:08.172  render           | Saved: 'D:\AI 종합 폴더\Games\Sable-circuit\art_src\characters\rook\fast_pipeline\motion\candidate_rook_c02_v15_two_bone_heel_plant_walk\blender_frames\SE\move\01.png'
00:08.313  render           | Saved: 'D:\AI 종합 폴더\Games\Sable-circuit\art_src\characters\rook\fast_pipeline\motion\candidate_rook_c02_v15_two_bone_heel_plant_walk\blender_frames\SE\move\02.png'
00:08.438  render           | Saved: 'D:\AI 종합 폴더\Games\Sable-circuit\art_src\characters\rook\fast_pipeline\motion\candidate_rook_c02_v15_two_bone_heel_plant_walk\blender_frames\SE\move\03.png'
00:08.610  render           | Saved: 'D:\AI 종합 폴더\Games\Sable-circuit\art_src\characters\rook\fast_pipeline\motion\candidate_rook_c02_v15_two_bone_heel_plant_walk\blender_frames\SE\move\04.png'
00:08.735  render           | Saved: 'D:\AI 종합 폴더\Games\Sable-circuit\art_src\characters\rook\fast_pipeline\motion\candidate_rook_c02_v15_two_bone_heel_plant_walk\blender_frames\SE\move\05.png'
00:08.860  render           | Saved: 'D:\AI 종합 폴더\Games\Sable-circuit\art_src\characters\rook\fast_pipeline\motion\candidate_rook_c02_v15_two_bone_heel_plant_walk\blender_frames\SE\move\06.png'
00:08.985  render           | Saved: 'D:\AI 종합 폴더\Games\Sable-circuit\art_src\characters\rook\fast_pipeline\motion\candidate_rook_c02_v15_two_bone_heel_plant_walk\blender_frames\SE\move\07.png'
00:09.157  render           | Saved: 'D:\AI 종합 폴더\Games\Sable-circuit\art_src\characters\rook\fast_pipeline\motion\candidate_rook_c02_v15_two_bone_heel_plant_walk\blender_frames\SE\move\08.png'
00:09.297  render           | Saved: 'D:\AI 종합 폴더\Games\Sable-circuit\art_src\characters\rook\fast_pipeline\motion\candidate_rook_c02_v15_two_bone_heel_plant_walk\blender_frames\SE\move\09.png'
00:09.422  render           | Saved: 'D:\AI 종합 폴더\Games\Sable-circuit\art_src\characters\rook\fast_pipeline\motion\candidate_rook_c02_v15_two_bone_heel_plant_walk\blender_frames\SE\move\10.png'
00:09.563  render           | Saved: 'D:\AI 종합 폴더\Games\Sable-circuit\art_src\characters\rook\fast_pipeline\motion\candidate_rook_c02_v15_two_bone_heel_plant_walk\blender_frames\SE\move\11.png'
00:09.703  render           | Saved: 'D:\AI 종합 폴더\Games\Sable-circuit\art_src\characters\rook\fast_pipeline\motion\candidate_rook_c02_v15_two_bone_heel_plant_walk\blender_frames\SE\move\12.png'
00:09.828  render           | Saved: 'D:\AI 종합 폴더\Games\Sable-circuit\art_src\characters\rook\fast_pipeline\motion\candidate_rook_c02_v15_two_bone_heel_plant_walk\blender_frames\SE\move\13.png'
00:09.969  render           | Saved: 'D:\AI 종합 폴더\Games\Sable-circuit\art_src\characters\rook\fast_pipeline\motion\candidate_rook_c02_v15_two_bone_heel_plant_walk\blender_frames\SE\move\14.png'
00:10.110  render           | Saved: 'D:\AI 종합 폴더\Games\Sable-circuit\art_src\characters\rook\fast_pipeline\motion\candidate_rook_c02_v15_two_bone_heel_plant_walk\blender_frames\SE\move\15.png'
00:10.235  render           | Saved: 'D:\AI 종합 폴더\Games\Sable-circuit\art_src\characters\rook\fast_pipeline\motion\candidate_rook_c02_v15_two_bone_heel_plant_walk\blender_frames\SE\move\16.png'
00:10.360  render           | Saved: 'D:\AI 종합 폴더\Games\Sable-circuit\art_src\characters\rook\fast_pipeline\motion\candidate_rook_c02_v15_two_bone_heel_plant_walk\blender_frames\SE\move\17.png'
00:10.500  render           | Saved: 'D:\AI 종합 폴더\Games\Sable-circuit\art_src\characters\rook\fast_pipeline\motion\candidate_rook_c02_v15_two_bone_heel_plant_walk\blender_frames\SE\move\18.png'
00:10.657  render           | Saved: 'D:\AI 종합 폴더\Games\Sable-circuit\art_src\characters\rook\fast_pipeline\motion\candidate_rook_c02_v15_two_bone_heel_plant_walk\blender_frames\SE\move\19.png'
00:10.782  render           | Saved: 'D:\AI 종합 폴더\Games\Sable-circuit\art_src\characters\rook\fast_pipeline\motion\candidate_rook_c02_v15_two_bone_heel_plant_walk\blender_frames\SE\move\20.png'
00:10.907  render           | Saved: 'D:\AI 종합 폴더\Games\Sable-circuit\art_src\characters\rook\fast_pipeline\motion\candidate_rook_c02_v15_two_bone_heel_plant_walk\blender_frames\SE\move\21.png'
00:11.047  render           | Saved: 'D:\AI 종합 폴더\Games\Sable-circuit\art_src\characters\rook\fast_pipeline\motion\candidate_rook_c02_v15_two_bone_heel_plant_walk\blender_frames\SE\move\22.png'
00:11.188  render           | Saved: 'D:\AI 종합 폴더\Games\Sable-circuit\art_src\characters\rook\fast_pipeline\motion\candidate_rook_c02_v15_two_bone_heel_plant_walk\blender_frames\SE\move\23.png'
00:11.360  render           | Saved: 'D:\AI 종합 폴더\Games\Sable-circuit\art_src\characters\rook\fast_pipeline\motion\candidate_rook_c02_v15_two_bone_heel_plant_walk\blender_frames\SE\fire\00.png'
00:11.485  render           | Saved: 'D:\AI 종합 폴더\Games\Sable-circuit\art_src\characters\rook\fast_pipeline\motion\candidate_rook_c02_v15_two_bone_heel_plant_walk\blender_frames\SE\fire\01.png'
00:11.610  render           | Saved: 'D:\AI 종합 폴더\Games\Sable-circuit\art_src\characters\rook\fast_pipeline\motion\candidate_rook_c02_v15_two_bone_heel_plant_walk\blender_frames\SE\fire\02.png'
00:11.750  render           | Saved: 'D:\AI 종합 폴더\Games\Sable-circuit\art_src\characters\rook\fast_pipeline\motion\candidate_rook_c02_v15_two_bone_heel_plant_walk\blender_frames\SE\fire\03.png'
00:11.875  render           | Saved: 'D:\AI 종합 폴더\Games\Sable-circuit\art_src\characters\rook\fast_pipeline\motion\candidate_rook_c02_v15_two_bone_heel_plant_walk\blender_frames\SE\fire\04.png'
00:12.000  render           | Saved: 'D:\AI 종합 폴더\Games\Sable-circuit\art_src\characters\rook\fast_pipeline\motion\candidate_rook_c02_v15_two_bone_heel_plant_walk\blender_frames\SE\fire\05.png'
00:12.313  render           | Saved: 'D:\AI 종합 폴더\Games\Sable-circuit\art_src\characters\rook\fast_pipeline\motion\candidate_rook_c02_v15_two_bone_heel_plant_walk\blender_frames\S\idle\00.png'
00:12.469  render           | Saved: 'D:\AI 종합 폴더\Games\Sable-circuit\art_src\characters\rook\fast_pipeline\motion\candidate_rook_c02_v15_two_bone_heel_plant_walk\blender_frames\S\idle\01.png'
00:12.625  render           | Saved: 'D:\AI 종합 폴더\Games\Sable-circuit\art_src\characters\rook\fast_pipeline\motion\candidate_rook_c02_v15_two_bone_heel_plant_walk\blender_frames\S\idle\02.png'
00:12.766  render           | Saved: 'D:\AI 종합 폴더\Games\Sable-circuit\art_src\characters\rook\fast_pipeline\motion\candidate_rook_c02_v15_two_bone_heel_plant_walk\blender_frames\S\idle\03.png'
00:12.969  render           | Saved: 'D:\AI 종합 폴더\Games\Sable-circuit\art_src\characters\rook\fast_pipeline\motion\candidate_rook_c02_v15_two_bone_heel_plant_walk\blender_frames\S\move\00.png'
00:13.125  render           | Saved: 'D:\AI 종합 폴더\Games\Sable-circuit\art_src\characters\rook\fast_pipeline\motion\candidate_rook_c02_v15_two_bone_heel_plant_walk\blender_frames\S\move\01.png'
00:13.313  render           | Saved: 'D:\AI 종합 폴더\Games\Sable-circuit\art_src\characters\rook\fast_pipeline\motion\candidate_rook_c02_v15_two_bone_heel_plant_walk\blender_frames\S\move\02.png'
00:13.500  render           | Saved: 'D:\AI 종합 폴더\Games\Sable-circuit\art_src\characters\rook\fast_pipeline\motion\candidate_rook_c02_v15_two_bone_heel_plant_walk\blender_frames\S\move\03.png'
00:13.672  render           | Saved: 'D:\AI 종합 폴더\Games\Sable-circuit\art_src\characters\rook\fast_pipeline\motion\candidate_rook_c02_v15_two_bone_heel_plant_walk\blender_frames\S\move\04.png'
00:13.844  render           | Saved: 'D:\AI 종합 폴더\Games\Sable-circuit\art_src\characters\rook\fast_pipeline\motion\candidate_rook_c02_v15_two_bone_heel_plant_walk\blender_frames\S\move\05.png'
00:14.016  render           | Saved: 'D:\AI 종합 폴더\Games\Sable-circuit\art_src\characters\rook\fast_pipeline\motion\candidate_rook_c02_v15_two_bone_heel_plant_walk\blender_frames\S\move\06.png'
00:14.172  render           | Saved: 'D:\AI 종합 폴더\Games\Sable-circuit\art_src\characters\rook\fast_pipeline\motion\candidate_rook_c02_v15_two_bone_heel_plant_walk\blender_frames\S\move\07.png'
00:14.313  render           | Saved: 'D:\AI 종합 폴더\Games\Sable-circuit\art_src\characters\rook\fast_pipeline\motion\candidate_rook_c02_v15_two_bone_heel_plant_walk\blender_frames\S\move\08.png'
00:14.469  render           | Saved: 'D:\AI 종합 폴더\Games\Sable-circuit\art_src\characters\rook\fast_pipeline\motion\candidate_rook_c02_v15_two_bone_heel_plant_walk\blender_frames\S\move\09.png'
00:14.657  render           | Saved: 'D:\AI 종합 폴더\Games\Sable-circuit\art_src\characters\rook\fast_pipeline\motion\candidate_rook_c02_v15_two_bone_heel_plant_walk\blender_frames\S\move\10.png'
00:14.844  render           | Saved: 'D:\AI 종합 폴더\Games\Sable-circuit\art_src\characters\rook\fast_pipeline\motion\candidate_rook_c02_v15_two_bone_heel_plant_walk\blender_frames\S\move\11.png'
00:14.985  render           | Saved: 'D:\AI 종합 폴더\Games\Sable-circuit\art_src\characters\rook\fast_pipeline\motion\candidate_rook_c02_v15_two_bone_heel_plant_walk\blender_frames\S\move\12.png'
00:15.141  render           | Saved: 'D:\AI 종합 폴더\Games\Sable-circuit\art_src\characters\rook\fast_pipeline\motion\candidate_rook_c02_v15_two_bone_heel_plant_walk\blender_frames\S\move\13.png'
00:15.297  render           | Saved: 'D:\AI 종합 폴더\Games\Sable-circuit\art_src\characters\rook\fast_pipeline\motion\candidate_rook_c02_v15_two_bone_heel_plant_walk\blender_frames\S\move\14.png'
00:15.438  render           | Saved: 'D:\AI 종합 폴더\Games\Sable-circuit\art_src\characters\rook\fast_pipeline\motion\candidate_rook_c02_v15_two_bone_heel_plant_walk\blender_frames\S\move\15.png'
00:15.594  render           | Saved: 'D:\AI 종합 폴더\Games\Sable-circuit\art_src\characters\rook\fast_pipeline\motion\candidate_rook_c02_v15_two_bone_heel_plant_walk\blender_frames\S\move\16.png'
00:15.750  render           | Saved: 'D:\AI 종합 폴더\Games\Sable-circuit\art_src\characters\rook\fast_pipeline\motion\candidate_rook_c02_v15_two_bone_heel_plant_walk\blender_frames\S\move\17.png'
00:15.891  render           | Saved: 'D:\AI 종합 폴더\Games\Sable-circuit\art_src\characters\rook\fast_pipeline\motion\candidate_rook_c02_v15_two_bone_heel_plant_walk\blender_frames\S\move\18.png'
00:16.047  render           | Saved: 'D:\AI 종합 폴더\Games\Sable-circuit\art_src\characters\rook\fast_pipeline\motion\candidate_rook_c02_v15_two_bone_heel_plant_walk\blender_frames\S\move\19.png'
00:16.188  render           | Saved: 'D:\AI 종합 폴더\Games\Sable-circuit\art_src\characters\rook\fast_pipeline\motion\candidate_rook_c02_v15_two_bone_heel_plant_walk\blender_frames\S\move\20.png'
00:16.344  render           | Saved: 'D:\AI 종합 폴더\Games\Sable-circuit\art_src\characters\rook\fast_pipeline\motion\candidate_rook_c02_v15_two_bone_heel_plant_walk\blender_frames\S\move\21.png'
00:16.500  render           | Saved: 'D:\AI 종합 폴더\Games\Sable-circuit\art_src\characters\rook\fast_pipeline\motion\candidate_rook_c02_v15_two_bone_heel_plant_walk\blender_frames\S\move\22.png'
00:16.641  render           | Saved: 'D:\AI 종합 폴더\Games\Sable-circuit\art_src\characters\rook\fast_pipeline\motion\candidate_rook_c02_v15_two_bone_heel_plant_walk\blender_frames\S\move\23.png'
00:16.813  render           | Saved: 'D:\AI 종합 폴더\Games\Sable-circuit\art_src\characters\rook\fast_pipeline\motion\candidate_rook_c02_v15_two_bone_heel_plant_walk\blender_frames\S\fire\00.png'
00:16.953  render           | Saved: 'D:\AI 종합 폴더\Games\Sable-circuit\art_src\characters\rook\fast_pipeline\motion\candidate_rook_c02_v15_two_bone_heel_plant_walk\blender_frames\S\fire\01.png'
00:17.110  render           | Saved: 'D:\AI 종합 폴더\Games\Sable-circuit\art_src\characters\rook\fast_pipeline\motion\candidate_rook_c02_v15_two_bone_heel_plant_walk\blender_frames\S\fire\02.png'
00:17.282  render           | Saved: 'D:\AI 종합 폴더\Games\Sable-circuit\art_src\characters\rook\fast_pipeline\motion\candidate_rook_c02_v15_two_bone_heel_plant_walk\blender_frames\S\fire\03.png'
00:17.438  render           | Saved: 'D:\AI 종합 폴더\Games\Sable-circuit\art_src\characters\rook\fast_pipeline\motion\candidate_rook_c02_v15_two_bone_heel_plant_walk\blender_frames\S\fire\04.png'
00:17.594  render           | Saved: 'D:\AI 종합 폴더\Games\Sable-circuit\art_src\characters\rook\fast_pipeline\motion\candidate_rook_c02_v15_two_bone_heel_plant_walk\blender_frames\S\fire\05.png'
00:17.953  render           | Saved: 'D:\AI 종합 폴더\Games\Sable-circuit\art_src\characters\rook\fast_pipeline\motion\candidate_rook_c02_v15_two_bone_heel_plant_walk\blender_frames\SW\idle\00.png'
00:18.110  render           | Saved: 'D:\AI 종합 폴더\Games\Sable-circuit\art_src\characters\rook\fast_pipeline\motion\candidate_rook_c02_v15_two_bone_heel_plant_walk\blender_frames\SW\idle\01.png'
00:18.266  render           | Saved: 'D:\AI 종합 폴더\Games\Sable-circuit\art_src\characters\rook\fast_pipeline\motion\candidate_rook_c02_v15_two_bone_heel_plant_walk\blender_frames\SW\idle\02.png'
00:18.422  render           | Saved: 'D:\AI 종합 폴더\Games\Sable-circuit\art_src\characters\rook\fast_pipeline\motion\candidate_rook_c02_v15_two_bone_heel_plant_walk\blender_frames\SW\idle\03.png'
00:18.578  render           | Saved: 'D:\AI 종합 폴더\Games\Sable-circuit\art_src\characters\rook\fast_pipeline\motion\candidate_rook_c02_v15_two_bone_heel_plant_walk\blender_frames\SW\move\00.png'
00:18.719  render           | Saved: 'D:\AI 종합 폴더\Games\Sable-circuit\art_src\characters\rook\fast_pipeline\motion\candidate_rook_c02_v15_two_bone_heel_plant_walk\blender_frames\SW\move\01.png'
00:18.891  render           | Saved: 'D:\AI 종합 폴더\Games\Sable-circuit\art_src\characters\rook\fast_pipeline\motion\candidate_rook_c02_v15_two_bone_heel_plant_walk\blender_frames\SW\move\02.png'
00:19.047  render           | Saved: 'D:\AI 종합 폴더\Games\Sable-circuit\art_src\characters\rook\fast_pipeline\motion\candidate_rook_c02_v15_two_bone_heel_plant_walk\blender_frames\SW\move\03.png'
00:19.203  render           | Saved: 'D:\AI 종합 폴더\Games\Sable-circuit\art_src\characters\rook\fast_pipeline\motion\candidate_rook_c02_v15_two_bone_heel_plant_walk\blender_frames\SW\move\04.png'
00:19.375  render           | Saved: 'D:\AI 종합 폴더\Games\Sable-circuit\art_src\characters\rook\fast_pipeline\motion\candidate_rook_c02_v15_two_bone_heel_plant_walk\blender_frames\SW\move\05.png'
00:19.547  render           | Saved: 'D:\AI 종합 폴더\Games\Sable-circuit\art_src\characters\rook\fast_pipeline\motion\candidate_rook_c02_v15_two_bone_heel_plant_walk\blender_frames\SW\move\06.png'
00:19.703  render           | Saved: 'D:\AI 종합 폴더\Games\Sable-circuit\art_src\characters\rook\fast_pipeline\motion\candidate_rook_c02_v15_two_bone_heel_plant_walk\blender_frames\SW\move\07.png'
00:19.844  render           | Saved: 'D:\AI 종합 폴더\Games\Sable-circuit\art_src\characters\rook\fast_pipeline\motion\candidate_rook_c02_v15_two_bone_heel_plant_walk\blender_frames\SW\move\08.png'
00:20.000  render           | Saved: 'D:\AI 종합 폴더\Games\Sable-circuit\art_src\characters\rook\fast_pipeline\motion\candidate_rook_c02_v15_two_bone_heel_plant_walk\blender_frames\SW\move\09.png'
00:20.172  render           | Saved: 'D:\AI 종합 폴더\Games\Sable-circuit\art_src\characters\rook\fast_pipeline\motion\candidate_rook_c02_v15_two_bone_heel_plant_walk\blender_frames\SW\move\10.png'
00:20.344  render           | Saved: 'D:\AI 종합 폴더\Games\Sable-circuit\art_src\characters\rook\fast_pipeline\motion\candidate_rook_c02_v15_two_bone_heel_plant_walk\blender_frames\SW\move\11.png'
00:20.516  render           | Saved: 'D:\AI 종합 폴더\Games\Sable-circuit\art_src\characters\rook\fast_pipeline\motion\candidate_rook_c02_v15_two_bone_heel_plant_walk\blender_frames\SW\move\12.png'
00:20.657  render           | Saved: 'D:\AI 종합 폴더\Games\Sable-circuit\art_src\characters\rook\fast_pipeline\motion\candidate_rook_c02_v15_two_bone_heel_plant_walk\blender_frames\SW\move\13.png'
00:20.813  render           | Saved: 'D:\AI 종합 폴더\Games\Sable-circuit\art_src\characters\rook\fast_pipeline\motion\candidate_rook_c02_v15_two_bone_heel_plant_walk\blender_frames\SW\move\14.png'
00:20.969  render           | Saved: 'D:\AI 종합 폴더\Games\Sable-circuit\art_src\characters\rook\fast_pipeline\motion\candidate_rook_c02_v15_two_bone_heel_plant_walk\blender_frames\SW\move\15.png'
00:21.125  render           | Saved: 'D:\AI 종합 폴더\Games\Sable-circuit\art_src\characters\rook\fast_pipeline\motion\candidate_rook_c02_v15_two_bone_heel_plant_walk\blender_frames\SW\move\16.png'
00:21.297  render           | Saved: 'D:\AI 종합 폴더\Games\Sable-circuit\art_src\characters\rook\fast_pipeline\motion\candidate_rook_c02_v15_two_bone_heel_plant_walk\blender_frames\SW\move\17.png'
00:21.438  render           | Saved: 'D:\AI 종합 폴더\Games\Sable-circuit\art_src\characters\rook\fast_pipeline\motion\candidate_rook_c02_v15_two_bone_heel_plant_walk\blender_frames\SW\move\18.png'
00:21.594  render           | Saved: 'D:\AI 종합 폴더\Games\Sable-circuit\art_src\characters\rook\fast_pipeline\motion\candidate_rook_c02_v15_two_bone_heel_plant_walk\blender_frames\SW\move\19.png'
00:21.750  render           | Saved: 'D:\AI 종합 폴더\Games\Sable-circuit\art_src\characters\rook\fast_pipeline\motion\candidate_rook_c02_v15_two_bone_heel_plant_walk\blender_frames\SW\move\20.png'
00:21.891  render           | Saved: 'D:\AI 종합 폴더\Games\Sable-circuit\art_src\characters\rook\fast_pipeline\motion\candidate_rook_c02_v15_two_bone_heel_plant_walk\blender_frames\SW\move\21.png'
00:22.047  render           | Saved: 'D:\AI 종합 폴더\Games\Sable-circuit\art_src\characters\rook\fast_pipeline\motion\candidate_rook_c02_v15_two_bone_heel_plant_walk\blender_frames\SW\move\22.png'
00:22.219  render           | Saved: 'D:\AI 종합 폴더\Games\Sable-circuit\art_src\characters\rook\fast_pipeline\motion\candidate_rook_c02_v15_two_bone_heel_plant_walk\blender_frames\SW\move\23.png'
00:22.375  render           | Saved: 'D:\AI 종합 폴더\Games\Sable-circuit\art_src\characters\rook\fast_pipeline\motion\candidate_rook_c02_v15_two_bone_heel_plant_walk\blender_frames\SW\fire\00.png'
00:22.516  render           | Saved: 'D:\AI 종합 폴더\Games\Sable-circuit\art_src\characters\rook\fast_pipeline\motion\candidate_rook_c02_v15_two_bone_heel_plant_walk\blender_frames\SW\fire\01.png'
00:22.672  render           | Saved: 'D:\AI 종합 폴더\Games\Sable-circuit\art_src\characters\rook\fast_pipeline\motion\candidate_rook_c02_v15_two_bone_heel_plant_walk\blender_frames\SW\fire\02.png'
00:22.813  render           | Saved: 'D:\AI 종합 폴더\Games\Sable-circuit\art_src\characters\rook\fast_pipeline\motion\candidate_rook_c02_v15_two_bone_heel_plant_walk\blender_frames\SW\fire\03.png'
00:22.953  render           | Saved: 'D:\AI 종합 폴더\Games\Sable-circuit\art_src\characters\rook\fast_pipeline\motion\candidate_rook_c02_v15_two_bone_heel_plant_walk\blender_frames\SW\fire\04.png'
00:23.110  render           | Saved: 'D:\AI 종합 폴더\Games\Sable-circuit\art_src\characters\rook\fast_pipeline\motion\candidate_rook_c02_v15_two_bone_heel_plant_walk\blender_frames\SW\fire\05.png'
00:23.469  render           | Saved: 'D:\AI 종합 폴더\Games\Sable-circuit\art_src\characters\rook\fast_pipeline\motion\candidate_rook_c02_v15_two_bone_heel_plant_walk\blender_frames\W\idle\00.png'
00:23.625  render           | Saved: 'D:\AI 종합 폴더\Games\Sable-circuit\art_src\characters\rook\fast_pipeline\motion\candidate_rook_c02_v15_two_bone_heel_plant_walk\blender_frames\W\idle\01.png'
00:23.782  render           | Saved: 'D:\AI 종합 폴더\Games\Sable-circuit\art_src\characters\rook\fast_pipeline\motion\candidate_rook_c02_v15_two_bone_heel_plant_walk\blender_frames\W\idle\02.png'
00:23.938  render           | Saved: 'D:\AI 종합 폴더\Games\Sable-circuit\art_src\characters\rook\fast_pipeline\motion\candidate_rook_c02_v15_two_bone_heel_plant_walk\blender_frames\W\idle\03.png'
00:24.094  render           | Saved: 'D:\AI 종합 폴더\Games\Sable-circuit\art_src\characters\rook\fast_pipeline\motion\candidate_rook_c02_v15_two_bone_heel_plant_walk\blender_frames\W\move\00.png'
00:24.235  render           | Saved: 'D:\AI 종합 폴더\Games\Sable-circuit\art_src\characters\rook\fast_pipeline\motion\candidate_rook_c02_v15_two_bone_heel_plant_walk\blender_frames\W\move\01.png'
00:24.407  render           | Saved: 'D:\AI 종합 폴더\Games\Sable-circuit\art_src\characters\rook\fast_pipeline\motion\candidate_rook_c02_v15_two_bone_heel_plant_walk\blender_frames\W\move\02.png'
00:24.610  render           | Saved: 'D:\AI 종합 폴더\Games\Sable-circuit\art_src\characters\rook\fast_pipeline\motion\candidate_rook_c02_v15_two_bone_heel_plant_walk\blender_frames\W\move\03.png'
00:24.782  render           | Saved: 'D:\AI 종합 폴더\Games\Sable-circuit\art_src\characters\rook\fast_pipeline\motion\candidate_rook_c02_v15_two_bone_heel_plant_walk\blender_frames\W\move\04.png'
00:24.938  render           | Saved: 'D:\AI 종합 폴더\Games\Sable-circuit\art_src\characters\rook\fast_pipeline\motion\candidate_rook_c02_v15_two_bone_heel_plant_walk\blender_frames\W\move\05.png'
00:25.125  render           | Saved: 'D:\AI 종합 폴더\Games\Sable-circuit\art_src\characters\rook\fast_pipeline\motion\candidate_rook_c02_v15_two_bone_heel_plant_walk\blender_frames\W\move\06.png'
00:25.297  render           | Saved: 'D:\AI 종합 폴더\Games\Sable-circuit\art_src\characters\rook\fast_pipeline\motion\candidate_rook_c02_v15_two_bone_heel_plant_walk\blender_frames\W\move\07.png'
00:25.485  render           | Saved: 'D:\AI 종합 폴더\Games\Sable-circuit\art_src\characters\rook\fast_pipeline\motion\candidate_rook_c02_v15_two_bone_heel_plant_walk\blender_frames\W\move\08.png'
00:25.657  render           | Saved: 'D:\AI 종합 폴더\Games\Sable-circuit\art_src\characters\rook\fast_pipeline\motion\candidate_rook_c02_v15_two_bone_heel_plant_walk\blender_frames\W\move\09.png'
00:25.844  render           | Saved: 'D:\AI 종합 폴더\Games\Sable-circuit\art_src\characters\rook\fast_pipeline\motion\candidate_rook_c02_v15_two_bone_heel_plant_walk\blender_frames\W\move\10.png'
00:26.032  render           | Saved: 'D:\AI 종합 폴더\Games\Sable-circuit\art_src\characters\rook\fast_pipeline\motion\candidate_rook_c02_v15_two_bone_heel_plant_walk\blender_frames\W\move\11.png'
00:26.188  render           | Saved: 'D:\AI 종합 폴더\Games\Sable-circuit\art_src\characters\rook\fast_pipeline\motion\candidate_rook_c02_v15_two_bone_heel_plant_walk\blender_frames\W\move\12.png'
00:26.344  render           | Saved: 'D:\AI 종합 폴더\Games\Sable-circuit\art_src\characters\rook\fast_pipeline\motion\candidate_rook_c02_v15_two_bone_heel_plant_walk\blender_frames\W\move\13.png'
00:26.500  render           | Saved: 'D:\AI 종합 폴더\Games\Sable-circuit\art_src\characters\rook\fast_pipeline\motion\candidate_rook_c02_v15_two_bone_heel_plant_walk\blender_frames\W\move\14.png'
00:26.657  render           | Saved: 'D:\AI 종합 폴더\Games\Sable-circuit\art_src\characters\rook\fast_pipeline\motion\candidate_rook_c02_v15_two_bone_heel_plant_walk\blender_frames\W\move\15.png'
00:26.813  render           | Saved: 'D:\AI 종합 폴더\Games\Sable-circuit\art_src\characters\rook\fast_pipeline\motion\candidate_rook_c02_v15_two_bone_heel_plant_walk\blender_frames\W\move\16.png'
00:26.969  render           | Saved: 'D:\AI 종합 폴더\Games\Sable-circuit\art_src\characters\rook\fast_pipeline\motion\candidate_rook_c02_v15_two_bone_heel_plant_walk\blender_frames\W\move\17.png'
00:27.141  render           | Saved: 'D:\AI 종합 폴더\Games\Sable-circuit\art_src\characters\rook\fast_pipeline\motion\candidate_rook_c02_v15_two_bone_heel_plant_walk\blender_frames\W\move\18.png'
00:27.282  render           | Saved: 'D:\AI 종합 폴더\Games\Sable-circuit\art_src\characters\rook\fast_pipeline\motion\candidate_rook_c02_v15_two_bone_heel_plant_walk\blender_frames\W\move\19.png'
00:27.438  render           | Saved: 'D:\AI 종합 폴더\Games\Sable-circuit\art_src\characters\rook\fast_pipeline\motion\candidate_rook_c02_v15_two_bone_heel_plant_walk\blender_frames\W\move\20.png'
00:27.594  render           | Saved: 'D:\AI 종합 폴더\Games\Sable-circuit\art_src\characters\rook\fast_pipeline\motion\candidate_rook_c02_v15_two_bone_heel_plant_walk\blender_frames\W\move\21.png'
00:27.735  render           | Saved: 'D:\AI 종합 폴더\Games\Sable-circuit\art_src\characters\rook\fast_pipeline\motion\candidate_rook_c02_v15_two_bone_heel_plant_walk\blender_frames\W\move\22.png'
00:27.891  render           | Saved: 'D:\AI 종합 폴더\Games\Sable-circuit\art_src\characters\rook\fast_pipeline\motion\candidate_rook_c02_v15_two_bone_heel_plant_walk\blender_frames\W\move\23.png'
00:28.078  render           | Saved: 'D:\AI 종합 폴더\Games\Sable-circuit\art_src\characters\rook\fast_pipeline\motion\candidate_rook_c02_v15_two_bone_heel_plant_walk\blender_frames\W\fire\00.png'
00:28.266  render           | Saved: 'D:\AI 종합 폴더\Games\Sable-circuit\art_src\characters\rook\fast_pipeline\motion\candidate_rook_c02_v15_two_bone_heel_plant_walk\blender_frames\W\fire\01.png'
00:28.438  render           | Saved: 'D:\AI 종합 폴더\Games\Sable-circuit\art_src\characters\rook\fast_pipeline\motion\candidate_rook_c02_v15_two_bone_heel_plant_walk\blender_frames\W\fire\02.png'
00:28.625  render           | Saved: 'D:\AI 종합 폴더\Games\Sable-circuit\art_src\characters\rook\fast_pipeline\motion\candidate_rook_c02_v15_two_bone_heel_plant_walk\blender_frames\W\fire\03.png'
00:28.797  render           | Saved: 'D:\AI 종합 폴더\Games\Sable-circuit\art_src\characters\rook\fast_pipeline\motion\candidate_rook_c02_v15_two_bone_heel_plant_walk\blender_frames\W\fire\04.png'
00:28.953  render           | Saved: 'D:\AI 종합 폴더\Games\Sable-circuit\art_src\characters\rook\fast_pipeline\motion\candidate_rook_c02_v15_two_bone_heel_plant_walk\blender_frames\W\fire\05.png'
00:29.360  render           | Saved: 'D:\AI 종합 폴더\Games\Sable-circuit\art_src\characters\rook\fast_pipeline\motion\candidate_rook_c02_v15_two_bone_heel_plant_walk\blender_frames\NW\idle\00.png'
00:29.516  render           | Saved: 'D:\AI 종합 폴더\Games\Sable-circuit\art_src\characters\rook\fast_pipeline\motion\candidate_rook_c02_v15_two_bone_heel_plant_walk\blender_frames\NW\idle\01.png'
00:29.657  render           | Saved: 'D:\AI 종합 폴더\Games\Sable-circuit\art_src\characters\rook\fast_pipeline\motion\candidate_rook_c02_v15_two_bone_heel_plant_walk\blender_frames\NW\idle\02.png'
00:29.813  render           | Saved: 'D:\AI 종합 폴더\Games\Sable-circuit\art_src\characters\rook\fast_pipeline\motion\candidate_rook_c02_v15_two_bone_heel_plant_walk\blender_frames\NW\idle\03.png'
00:29.969  render           | Saved: 'D:\AI 종합 폴더\Games\Sable-circuit\art_src\characters\rook\fast_pipeline\motion\candidate_rook_c02_v15_two_bone_heel_plant_walk\blender_frames\NW\move\00.png'
00:30.125  render           | Saved: 'D:\AI 종합 폴더\Games\Sable-circuit\art_src\characters\rook\fast_pipeline\motion\candidate_rook_c02_v15_two_bone_heel_plant_walk\blender_frames\NW\move\01.png'
00:30.282  render           | Saved: 'D:\AI 종합 폴더\Games\Sable-circuit\art_src\characters\rook\fast_pipeline\motion\candidate_rook_c02_v15_two_bone_heel_plant_walk\blender_frames\NW\move\02.png'
00:30.438  render           | Saved: 'D:\AI 종합 폴더\Games\Sable-circuit\art_src\characters\rook\fast_pipeline\motion\candidate_rook_c02_v15_two_bone_heel_plant_walk\blender_frames\NW\move\03.png'
00:30.594  render           | Saved: 'D:\AI 종합 폴더\Games\Sable-circuit\art_src\characters\rook\fast_pipeline\motion\candidate_rook_c02_v15_two_bone_heel_plant_walk\blender_frames\NW\move\04.png'
00:30.750  render           | Saved: 'D:\AI 종합 폴더\Games\Sable-circuit\art_src\characters\rook\fast_pipeline\motion\candidate_rook_c02_v15_two_bone_heel_plant_walk\blender_frames\NW\move\05.png'
00:30.907  render           | Saved: 'D:\AI 종합 폴더\Games\Sable-circuit\art_src\characters\rook\fast_pipeline\motion\candidate_rook_c02_v15_two_bone_heel_plant_walk\blender_frames\NW\move\06.png'
00:31.063  render           | Saved: 'D:\AI 종합 폴더\Games\Sable-circuit\art_src\characters\rook\fast_pipeline\motion\candidate_rook_c02_v15_two_bone_heel_plant_walk\blender_frames\NW\move\07.png'
00:31.219  render           | Saved: 'D:\AI 종합 폴더\Games\Sable-circuit\art_src\characters\rook\fast_pipeline\motion\candidate_rook_c02_v15_two_bone_heel_plant_walk\blender_frames\NW\move\08.png'
00:31.375  render           | Saved: 'D:\AI 종합 폴더\Games\Sable-circuit\art_src\characters\rook\fast_pipeline\motion\candidate_rook_c02_v15_two_bone_heel_plant_walk\blender_frames\NW\move\09.png'
00:31.578  render           | Saved: 'D:\AI 종합 폴더\Games\Sable-circuit\art_src\characters\rook\fast_pipeline\motion\candidate_rook_c02_v15_two_bone_heel_plant_walk\blender_frames\NW\move\10.png'
00:31.735  render           | Saved: 'D:\AI 종합 폴더\Games\Sable-circuit\art_src\characters\rook\fast_pipeline\motion\candidate_rook_c02_v15_two_bone_heel_plant_walk\blender_frames\NW\move\11.png'
00:31.891  render           | Saved: 'D:\AI 종합 폴더\Games\Sable-circuit\art_src\characters\rook\fast_pipeline\motion\candidate_rook_c02_v15_two_bone_heel_plant_walk\blender_frames\NW\move\12.png'
00:32.047  render           | Saved: 'D:\AI 종합 폴더\Games\Sable-circuit\art_src\characters\rook\fast_pipeline\motion\candidate_rook_c02_v15_two_bone_heel_plant_walk\blender_frames\NW\move\13.png'
00:32.203  render           | Saved: 'D:\AI 종합 폴더\Games\Sable-circuit\art_src\characters\rook\fast_pipeline\motion\candidate_rook_c02_v15_two_bone_heel_plant_walk\blender_frames\NW\move\14.png'
00:32.360  render           | Saved: 'D:\AI 종합 폴더\Games\Sable-circuit\art_src\characters\rook\fast_pipeline\motion\candidate_rook_c02_v15_two_bone_heel_plant_walk\blender_frames\NW\move\15.png'
00:32.500  render           | Saved: 'D:\AI 종합 폴더\Games\Sable-circuit\art_src\characters\rook\fast_pipeline\motion\candidate_rook_c02_v15_two_bone_heel_plant_walk\blender_frames\NW\move\16.png'
00:32.657  render           | Saved: 'D:\AI 종합 폴더\Games\Sable-circuit\art_src\characters\rook\fast_pipeline\motion\candidate_rook_c02_v15_two_bone_heel_plant_walk\blender_frames\NW\move\17.png'
00:32.797  render           | Saved: 'D:\AI 종합 폴더\Games\Sable-circuit\art_src\characters\rook\fast_pipeline\motion\candidate_rook_c02_v15_two_bone_heel_plant_walk\blender_frames\NW\move\18.png'
00:32.953  render           | Saved: 'D:\AI 종합 폴더\Games\Sable-circuit\art_src\characters\rook\fast_pipeline\motion\candidate_rook_c02_v15_two_bone_heel_plant_walk\blender_frames\NW\move\19.png'
00:33.125  render           | Saved: 'D:\AI 종합 폴더\Games\Sable-circuit\art_src\characters\rook\fast_pipeline\motion\candidate_rook_c02_v15_two_bone_heel_plant_walk\blender_frames\NW\move\20.png'
00:33.313  render           | Saved: 'D:\AI 종합 폴더\Games\Sable-circuit\art_src\characters\rook\fast_pipeline\motion\candidate_rook_c02_v15_two_bone_heel_plant_walk\blender_frames\NW\move\21.png'
00:33.500  render           | Saved: 'D:\AI 종합 폴더\Games\Sable-circuit\art_src\characters\rook\fast_pipeline\motion\candidate_rook_c02_v15_two_bone_heel_plant_walk\blender_frames\NW\move\22.png'
00:33.672  render           | Saved: 'D:\AI 종합 폴더\Games\Sable-circuit\art_src\characters\rook\fast_pipeline\motion\candidate_rook_c02_v15_two_bone_heel_plant_walk\blender_frames\NW\move\23.png'
00:33.828  render           | Saved: 'D:\AI 종합 폴더\Games\Sable-circuit\art_src\characters\rook\fast_pipeline\motion\candidate_rook_c02_v15_two_bone_heel_plant_walk\blender_frames\NW\fire\00.png'
00:33.969  render           | Saved: 'D:\AI 종합 폴더\Games\Sable-circuit\art_src\characters\rook\fast_pipeline\motion\candidate_rook_c02_v15_two_bone_heel_plant_walk\blender_frames\NW\fire\01.png'
00:34.125  render           | Saved: 'D:\AI 종합 폴더\Games\Sable-circuit\art_src\characters\rook\fast_pipeline\motion\candidate_rook_c02_v15_two_bone_heel_plant_walk\blender_frames\NW\fire\02.png'
00:34.282  render           | Saved: 'D:\AI 종합 폴더\Games\Sable-circuit\art_src\characters\rook\fast_pipeline\motion\candidate_rook_c02_v15_two_bone_heel_plant_walk\blender_frames\NW\fire\03.png'
00:34.438  render           | Saved: 'D:\AI 종합 폴더\Games\Sable-circuit\art_src\characters\rook\fast_pipeline\motion\candidate_rook_c02_v15_two_bone_heel_plant_walk\blender_frames\NW\fire\04.png'
00:34.594  render           | Saved: 'D:\AI 종합 폴더\Games\Sable-circuit\art_src\characters\rook\fast_pipeline\motion\candidate_rook_c02_v15_two_bone_heel_plant_walk\blender_frames\NW\fire\05.png'
00:34.985  render           | Saved: 'D:\AI 종합 폴더\Games\Sable-circuit\art_src\characters\rook\fast_pipeline\motion\candidate_rook_c02_v15_two_bone_heel_plant_walk\blender_frames\N\idle\00.png'
00:35.125  render           | Saved: 'D:\AI 종합 폴더\Games\Sable-circuit\art_src\characters\rook\fast_pipeline\motion\candidate_rook_c02_v15_two_bone_heel_plant_walk\blender_frames\N\idle\01.png'
00:35.282  render           | Saved: 'D:\AI 종합 폴더\Games\Sable-circuit\art_src\characters\rook\fast_pipeline\motion\candidate_rook_c02_v15_two_bone_heel_plant_walk\blender_frames\N\idle\02.png'
00:35.422  render           | Saved: 'D:\AI 종합 폴더\Games\Sable-circuit\art_src\characters\rook\fast_pipeline\motion\candidate_rook_c02_v15_two_bone_heel_plant_walk\blender_frames\N\idle\03.png'
00:35.578  render           | Saved: 'D:\AI 종합 폴더\Games\Sable-circuit\art_src\characters\rook\fast_pipeline\motion\candidate_rook_c02_v15_two_bone_heel_plant_walk\blender_frames\N\move\00.png'
00:35.719  render           | Saved: 'D:\AI 종합 폴더\Games\Sable-circuit\art_src\characters\rook\fast_pipeline\motion\candidate_rook_c02_v15_two_bone_heel_plant_walk\blender_frames\N\move\01.png'
00:35.875  render           | Saved: 'D:\AI 종합 폴더\Games\Sable-circuit\art_src\characters\rook\fast_pipeline\motion\candidate_rook_c02_v15_two_bone_heel_plant_walk\blender_frames\N\move\02.png'
00:36.032  render           | Saved: 'D:\AI 종합 폴더\Games\Sable-circuit\art_src\characters\rook\fast_pipeline\motion\candidate_rook_c02_v15_two_bone_heel_plant_walk\blender_frames\N\move\03.png'
00:36.172  render           | Saved: 'D:\AI 종합 폴더\Games\Sable-circuit\art_src\characters\rook\fast_pipeline\motion\candidate_rook_c02_v15_two_bone_heel_plant_walk\blender_frames\N\move\04.png'
00:36.328  render           | Saved: 'D:\AI 종합 폴더\Games\Sable-circuit\art_src\characters\rook\fast_pipeline\motion\candidate_rook_c02_v15_two_bone_heel_plant_walk\blender_frames\N\move\05.png'
00:36.485  render           | Saved: 'D:\AI 종합 폴더\Games\Sable-circuit\art_src\characters\rook\fast_pipeline\motion\candidate_rook_c02_v15_two_bone_heel_plant_walk\blender_frames\N\move\06.png'
00:36.641  render           | Saved: 'D:\AI 종합 폴더\Games\Sable-circuit\art_src\characters\rook\fast_pipeline\motion\candidate_rook_c02_v15_two_bone_heel_plant_walk\blender_frames\N\move\07.png'
00:36.797  render           | Saved: 'D:\AI 종합 폴더\Games\Sable-circuit\art_src\characters\rook\fast_pipeline\motion\candidate_rook_c02_v15_two_bone_heel_plant_walk\blender_frames\N\move\08.png'
00:36.953  render           | Saved: 'D:\AI 종합 폴더\Games\Sable-circuit\art_src\characters\rook\fast_pipeline\motion\candidate_rook_c02_v15_two_bone_heel_plant_walk\blender_frames\N\move\09.png'
00:37.110  render           | Saved: 'D:\AI 종합 폴더\Games\Sable-circuit\art_src\characters\rook\fast_pipeline\motion\candidate_rook_c02_v15_two_bone_heel_plant_walk\blender_frames\N\move\10.png'
00:37.266  render           | Saved: 'D:\AI 종합 폴더\Games\Sable-circuit\art_src\characters\rook\fast_pipeline\motion\candidate_rook_c02_v15_two_bone_heel_plant_walk\blender_frames\N\move\11.png'
00:37.422  render           | Saved: 'D:\AI 종합 폴더\Games\Sable-circuit\art_src\characters\rook\fast_pipeline\motion\candidate_rook_c02_v15_two_bone_heel_plant_walk\blender_frames\N\move\12.png'
00:37.578  render           | Saved: 'D:\AI 종합 폴더\Games\Sable-circuit\art_src\characters\rook\fast_pipeline\motion\candidate_rook_c02_v15_two_bone_heel_plant_walk\blender_frames\N\move\13.png'
00:37.735  render           | Saved: 'D:\AI 종합 폴더\Games\Sable-circuit\art_src\characters\rook\fast_pipeline\motion\candidate_rook_c02_v15_two_bone_heel_plant_walk\blender_frames\N\move\14.png'
00:37.922  render           | Saved: 'D:\AI 종합 폴더\Games\Sable-circuit\art_src\characters\rook\fast_pipeline\motion\candidate_rook_c02_v15_two_bone_heel_plant_walk\blender_frames\N\move\15.png'
00:38.063  render           | Saved: 'D:\AI 종합 폴더\Games\Sable-circuit\art_src\characters\rook\fast_pipeline\motion\candidate_rook_c02_v15_two_bone_heel_plant_walk\blender_frames\N\move\16.png'
00:38.235  render           | Saved: 'D:\AI 종합 폴더\Games\Sable-circuit\art_src\characters\rook\fast_pipeline\motion\candidate_rook_c02_v15_two_bone_heel_plant_walk\blender_frames\N\move\17.png'
00:38.391  render           | Saved: 'D:\AI 종합 폴더\Games\Sable-circuit\art_src\characters\rook\fast_pipeline\motion\candidate_rook_c02_v15_two_bone_heel_plant_walk\blender_frames\N\move\18.png'
00:38.563  render           | Saved: 'D:\AI 종합 폴더\Games\Sable-circuit\art_src\characters\rook\fast_pipeline\motion\candidate_rook_c02_v15_two_bone_heel_plant_walk\blender_frames\N\move\19.png'
00:38.735  render           | Saved: 'D:\AI 종합 폴더\Games\Sable-circuit\art_src\characters\rook\fast_pipeline\motion\candidate_rook_c02_v15_two_bone_heel_plant_walk\blender_frames\N\move\20.png'
00:38.907  render           | Saved: 'D:\AI 종합 폴더\Games\Sable-circuit\art_src\characters\rook\fast_pipeline\motion\candidate_rook_c02_v15_two_bone_heel_plant_walk\blender_frames\N\move\21.png'
00:39.078  render           | Saved: 'D:\AI 종합 폴더\Games\Sable-circuit\art_src\characters\rook\fast_pipeline\motion\candidate_rook_c02_v15_two_bone_heel_plant_walk\blender_frames\N\move\22.png'
00:39.235  render           | Saved: 'D:\AI 종합 폴더\Games\Sable-circuit\art_src\characters\rook\fast_pipeline\motion\candidate_rook_c02_v15_two_bone_heel_plant_walk\blender_frames\N\move\23.png'
00:39.391  render           | Saved: 'D:\AI 종합 폴더\Games\Sable-circuit\art_src\characters\rook\fast_pipeline\motion\candidate_rook_c02_v15_two_bone_heel_plant_walk\blender_frames\N\fire\00.png'
00:39.532  render           | Saved: 'D:\AI 종합 폴더\Games\Sable-circuit\art_src\characters\rook\fast_pipeline\motion\candidate_rook_c02_v15_two_bone_heel_plant_walk\blender_frames\N\fire\01.png'
00:39.688  render           | Saved: 'D:\AI 종합 폴더\Games\Sable-circuit\art_src\characters\rook\fast_pipeline\motion\candidate_rook_c02_v15_two_bone_heel_plant_walk\blender_frames\N\fire\02.png'
00:39.828  render           | Saved: 'D:\AI 종합 폴더\Games\Sable-circuit\art_src\characters\rook\fast_pipeline\motion\candidate_rook_c02_v15_two_bone_heel_plant_walk\blender_frames\N\fire\03.png'
00:40.032  render           | Saved: 'D:\AI 종합 폴더\Games\Sable-circuit\art_src\characters\rook\fast_pipeline\motion\candidate_rook_c02_v15_two_bone_heel_plant_walk\blender_frames\N\fire\04.png'
00:40.235  render           | Saved: 'D:\AI 종합 폴더\Games\Sable-circuit\art_src\characters\rook\fast_pipeline\motion\candidate_rook_c02_v15_two_bone_heel_plant_walk\blender_frames\N\fire\05.png'
00:40.625  render           | Saved: 'D:\AI 종합 폴더\Games\Sable-circuit\art_src\characters\rook\fast_pipeline\motion\candidate_rook_c02_v15_two_bone_heel_plant_walk\blender_frames\NE\idle\00.png'
00:40.766  render           | Saved: 'D:\AI 종합 폴더\Games\Sable-circuit\art_src\characters\rook\fast_pipeline\motion\candidate_rook_c02_v15_two_bone_heel_plant_walk\blender_frames\NE\idle\01.png'
00:40.922  render           | Saved: 'D:\AI 종합 폴더\Games\Sable-circuit\art_src\characters\rook\fast_pipeline\motion\candidate_rook_c02_v15_two_bone_heel_plant_walk\blender_frames\NE\idle\02.png'
00:41.078  render           | Saved: 'D:\AI 종합 폴더\Games\Sable-circuit\art_src\characters\rook\fast_pipeline\motion\candidate_rook_c02_v15_two_bone_heel_plant_walk\blender_frames\NE\idle\03.png'
00:41.266  render           | Saved: 'D:\AI 종합 폴더\Games\Sable-circuit\art_src\characters\rook\fast_pipeline\motion\candidate_rook_c02_v15_two_bone_heel_plant_walk\blender_frames\NE\move\00.png'
00:41.422  render           | Saved: 'D:\AI 종합 폴더\Games\Sable-circuit\art_src\characters\rook\fast_pipeline\motion\candidate_rook_c02_v15_two_bone_heel_plant_walk\blender_frames\NE\move\01.png'
00:41.594  render           | Saved: 'D:\AI 종합 폴더\Games\Sable-circuit\art_src\characters\rook\fast_pipeline\motion\candidate_rook_c02_v15_two_bone_heel_plant_walk\blender_frames\NE\move\02.png'
00:41.750  render           | Saved: 'D:\AI 종합 폴더\Games\Sable-circuit\art_src\characters\rook\fast_pipeline\motion\candidate_rook_c02_v15_two_bone_heel_plant_walk\blender_frames\NE\move\03.png'
00:41.891  render           | Saved: 'D:\AI 종합 폴더\Games\Sable-circuit\art_src\characters\rook\fast_pipeline\motion\candidate_rook_c02_v15_two_bone_heel_plant_walk\blender_frames\NE\move\04.png'
00:42.047  render           | Saved: 'D:\AI 종합 폴더\Games\Sable-circuit\art_src\characters\rook\fast_pipeline\motion\candidate_rook_c02_v15_two_bone_heel_plant_walk\blender_frames\NE\move\05.png'
00:42.188  render           | Saved: 'D:\AI 종합 폴더\Games\Sable-circuit\art_src\characters\rook\fast_pipeline\motion\candidate_rook_c02_v15_two_bone_heel_plant_walk\blender_frames\NE\move\06.png'
00:42.375  render           | Saved: 'D:\AI 종합 폴더\Games\Sable-circuit\art_src\characters\rook\fast_pipeline\motion\candidate_rook_c02_v15_two_bone_heel_plant_walk\blender_frames\NE\move\07.png'
00:42.532  render           | Saved: 'D:\AI 종합 폴더\Games\Sable-circuit\art_src\characters\rook\fast_pipeline\motion\candidate_rook_c02_v15_two_bone_heel_plant_walk\blender_frames\NE\move\08.png'
00:42.735  render           | Saved: 'D:\AI 종합 폴더\Games\Sable-circuit\art_src\characters\rook\fast_pipeline\motion\candidate_rook_c02_v15_two_bone_heel_plant_walk\blender_frames\NE\move\09.png'
00:42.907  render           | Saved: 'D:\AI 종합 폴더\Games\Sable-circuit\art_src\characters\rook\fast_pipeline\motion\candidate_rook_c02_v15_two_bone_heel_plant_walk\blender_frames\NE\move\10.png'
00:43.063  render           | Saved: 'D:\AI 종합 폴더\Games\Sable-circuit\art_src\characters\rook\fast_pipeline\motion\candidate_rook_c02_v15_two_bone_heel_plant_walk\blender_frames\NE\move\11.png'
00:43.235  render           | Saved: 'D:\AI 종합 폴더\Games\Sable-circuit\art_src\characters\rook\fast_pipeline\motion\candidate_rook_c02_v15_two_bone_heel_plant_walk\blender_frames\NE\move\12.png'
00:43.407  render           | Saved: 'D:\AI 종합 폴더\Games\Sable-circuit\art_src\characters\rook\fast_pipeline\motion\candidate_rook_c02_v15_two_bone_heel_plant_walk\blender_frames\NE\move\13.png'
00:43.563  render           | Saved: 'D:\AI 종합 폴더\Games\Sable-circuit\art_src\characters\rook\fast_pipeline\motion\candidate_rook_c02_v15_two_bone_heel_plant_walk\blender_frames\NE\move\14.png'
00:43.750  render           | Saved: 'D:\AI 종합 폴더\Games\Sable-circuit\art_src\characters\rook\fast_pipeline\motion\candidate_rook_c02_v15_two_bone_heel_plant_walk\blender_frames\NE\move\15.png'
00:43.922  render           | Saved: 'D:\AI 종합 폴더\Games\Sable-circuit\art_src\characters\rook\fast_pipeline\motion\candidate_rook_c02_v15_two_bone_heel_plant_walk\blender_frames\NE\move\16.png'
00:44.078  render           | Saved: 'D:\AI 종합 폴더\Games\Sable-circuit\art_src\characters\rook\fast_pipeline\motion\candidate_rook_c02_v15_two_bone_heel_plant_walk\blender_frames\NE\move\17.png'
00:44.219  render           | Saved: 'D:\AI 종합 폴더\Games\Sable-circuit\art_src\characters\rook\fast_pipeline\motion\candidate_rook_c02_v15_two_bone_heel_plant_walk\blender_frames\NE\move\18.png'
00:44.375  render           | Saved: 'D:\AI 종합 폴더\Games\Sable-circuit\art_src\characters\rook\fast_pipeline\motion\candidate_rook_c02_v15_two_bone_heel_plant_walk\blender_frames\NE\move\19.png'
00:44.547  render           | Saved: 'D:\AI 종합 폴더\Games\Sable-circuit\art_src\characters\rook\fast_pipeline\motion\candidate_rook_c02_v15_two_bone_heel_plant_walk\blender_frames\NE\move\20.png'
00:44.719  render           | Saved: 'D:\AI 종합 폴더\Games\Sable-circuit\art_src\characters\rook\fast_pipeline\motion\candidate_rook_c02_v15_two_bone_heel_plant_walk\blender_frames\NE\move\21.png'
00:44.875  render           | Saved: 'D:\AI 종합 폴더\Games\Sable-circuit\art_src\characters\rook\fast_pipeline\motion\candidate_rook_c02_v15_two_bone_heel_plant_walk\blender_frames\NE\move\22.png'
00:45.047  render           | Saved: 'D:\AI 종합 폴더\Games\Sable-circuit\art_src\characters\rook\fast_pipeline\motion\candidate_rook_c02_v15_two_bone_heel_plant_walk\blender_frames\NE\move\23.png'
00:45.203  render           | Saved: 'D:\AI 종합 폴더\Games\Sable-circuit\art_src\characters\rook\fast_pipeline\motion\candidate_rook_c02_v15_two_bone_heel_plant_walk\blender_frames\NE\fire\00.png'
00:45.360  render           | Saved: 'D:\AI 종합 폴더\Games\Sable-circuit\art_src\characters\rook\fast_pipeline\motion\candidate_rook_c02_v15_two_bone_heel_plant_walk\blender_frames\NE\fire\01.png'
00:45.516  render           | Saved: 'D:\AI 종합 폴더\Games\Sable-circuit\art_src\characters\rook\fast_pipeline\motion\candidate_rook_c02_v15_two_bone_heel_plant_walk\blender_frames\NE\fire\02.png'
00:45.688  render           | Saved: 'D:\AI 종합 폴더\Games\Sable-circuit\art_src\characters\rook\fast_pipeline\motion\candidate_rook_c02_v15_two_bone_heel_plant_walk\blender_frames\NE\fire\03.png'
00:45.828  render           | Saved: 'D:\AI 종합 폴더\Games\Sable-circuit\art_src\characters\rook\fast_pipeline\motion\candidate_rook_c02_v15_two_bone_heel_plant_walk\blender_frames\NE\fire\04.png'
00:45.985  render           | Saved: 'D:\AI 종합 폴더\Games\Sable-circuit\art_src\characters\rook\fast_pipeline\motion\candidate_rook_c02_v15_two_bone_heel_plant_walk\blender_frames\NE\fire\05.png'
Blender 5.2.1 LTS (hash 9e2066aef7ef built 2026-08-25 02:38:20)
Info: Saved as "ROOK_C02_FAST_UAL_V1.blend"
ROOK_FAST_BLENDER_UAL_RENDER_PASS={"candidate": "art_src/characters/rook/fast_pipeline/motion/candidate_rook_c02_v15_two_bone_heel_plant_walk", "frames": 272, "manifest": "art_src/characters/rook/fast_pipeline/motion/candidate_rook_c02_v15_two_bone_heel_plant_walk/ROOK_C02_BLENDER_UAL_RENDER_MANIFEST.json"}
