Godot Engine v4.7.1.stable.official.a13da4feb - https://godotengine.org
OpenGL API 3.3.0 NVIDIA 591.86 - Compatibility - Using Device: NVIDIA - NVIDIA GeForce RTX 4070 SUPER

ERROR: Failed to read the root certificate store.
   at: get_system_ca_certificates (platform/windows/os_windows.cpp:2582)
WARNING: Loaded resource as image file, this will not work on export: 'res://assets/enemies/recon_drone/authored_yaw8_v1/E.png'. Instead, import the image file as an Image resource and load it normally as a resource.
   at: load_from_file (core/io/image.cpp:2780)
   GDScript backtrace (most recent call first):
       [0] _decode_view (res://scripts/animation/site7_machine_sprite.gd:122)
       [1] _read_view (res://scripts/animation/site7_machine_sprite.gd:142)
       [2] warm (res://scripts/animation/site7_machine_sprite.gd:66)
       [3] warm_art (res://scripts/actors/enemy_actor.gd:440)
       [4] _warm_enemy_art (res://scripts/missions/story_stage_01.gd:225)
       [5] _load_mission (res://scripts/missions/story_stage_01.gd:217)
       [6] _ready (res://scripts/missions/story_stage_01.gd:94)
       [7] run (res://.cache/diag/pilot_walk_graph_capture.gd:52)
WARNING: Loaded resource as image file, this will not work on export: 'res://assets/enemies/recon_drone/authored_yaw8_v1/SE.png'. Instead, import the image file as an Image resource and load it normally as a resource.
   at: load_from_file (core/io/image.cpp:2780)
   GDScript backtrace (most recent call first):
       [0] _decode_view (res://scripts/animation/site7_machine_sprite.gd:122)
       [1] _read_view (res://scripts/animation/site7_machine_sprite.gd:142)
       [2] warm (res://scripts/animation/site7_machine_sprite.gd:66)
       [3] warm_art (res://scripts/actors/enemy_actor.gd:440)
       [4] _warm_enemy_art (res://scripts/missions/story_stage_01.gd:225)
       [5] _load_mission (res://scripts/missions/story_stage_01.gd:217)
       [6] _ready (res://scripts/missions/story_stage_01.gd:94)
       [7] run (res://.cache/diag/pilot_walk_graph_capture.gd:52)
WARNING: Loaded resource as image file, this will not work on export: 'res://assets/enemies/recon_drone/authored_yaw8_v1/S.png'. Instead, import the image file as an Image resource and load it normally as a resource.
   at: load_from_file (core/io/image.cpp:2780)
   GDScript backtrace (most recent call first):
       [0] _decode_view (res://scripts/animation/site7_machine_sprite.gd:122)
       [1] _read_view (res://scripts/animation/site7_machine_sprite.gd:142)
       [2] warm (res://scripts/animation/site7_machine_sprite.gd:66)
       [3] warm_art (res://scripts/actors/enemy_actor.gd:440)
       [4] _warm_enemy_art (res://scripts/missions/story_stage_01.gd:225)
       [5] _load_mission (res://scripts/missions/story_stage_01.gd:217)
       [6] _ready (res://scripts/missions/story_stage_01.gd:94)
       [7] run (res://.cache/diag/pilot_walk_graph_capture.gd:52)
WARNING: Loaded resource as image file, this will not work on export: 'res://assets/enemies/recon_drone/authored_yaw8_v1/SW.png'. Instead, import the image file as an Image resource and load it normally as a resource.
   at: load_from_file (core/io/image.cpp:2780)
   GDScript backtrace (most recent call first):
       [0] _decode_view (res://scripts/animation/site7_machine_sprite.gd:122)
       [1] _read_view (res://scripts/animation/site7_machine_sprite.gd:142)
       [2] warm (res://scripts/animation/site7_machine_sprite.gd:66)
       [3] warm_art (res://scripts/actors/enemy_actor.gd:440)
       [4] _warm_enemy_art (res://scripts/missions/story_stage_01.gd:225)
       [5] _load_mission (res://scripts/missions/story_stage_01.gd:217)
       [6] _ready (res://scripts/missions/story_stage_01.gd:94)
       [7] run (res://.cache/diag/pilot_walk_graph_capture.gd:52)
WARNING: Loaded resource as image file, this will not work on export: 'res://assets/enemies/recon_drone/authored_yaw8_v1/W.png'. Instead, import the image file as an Image resource and load it normally as a resource.
   at: load_from_file (core/io/image.cpp:2780)
   GDScript backtrace (most recent call first):
       [0] _decode_view (res://scripts/animation/site7_machine_sprite.gd:122)
       [1] _read_view (res://scripts/animation/site7_machine_sprite.gd:142)
       [2] warm (res://scripts/animation/site7_machine_sprite.gd:66)
       [3] warm_art (res://scripts/actors/enemy_actor.gd:440)
       [4] _warm_enemy_art (res://scripts/missions/story_stage_01.gd:225)
       [5] _load_mission (res://scripts/missions/story_stage_01.gd:217)
       [6] _ready (res://scripts/missions/story_stage_01.gd:94)
       [7] run (res://.cache/diag/pilot_walk_graph_capture.gd:52)
WARNING: Loaded resource as image file, this will not work on export: 'res://assets/enemies/recon_drone/authored_yaw8_v1/NW.png'. Instead, import the image file as an Image resource and load it normally as a resource.
   at: load_from_file (core/io/image.cpp:2780)
   GDScript backtrace (most recent call first):
       [0] _decode_view (res://scripts/animation/site7_machine_sprite.gd:122)
       [1] _read_view (res://scripts/animation/site7_machine_sprite.gd:142)
       [2] warm (res://scripts/animation/site7_machine_sprite.gd:66)
       [3] warm_art (res://scripts/actors/enemy_actor.gd:440)
       [4] _warm_enemy_art (res://scripts/missions/story_stage_01.gd:225)
       [5] _load_mission (res://scripts/missions/story_stage_01.gd:217)
       [6] _ready (res://scripts/missions/story_stage_01.gd:94)
       [7] run (res://.cache/diag/pilot_walk_graph_capture.gd:52)
WARNING: Loaded resource as image file, this will not work on export: 'res://assets/enemies/recon_drone/authored_yaw8_v1/N.png'. Instead, import the image file as an Image resource and load it normally as a resource.
   at: load_from_file (core/io/image.cpp:2780)
   GDScript backtrace (most recent call first):
       [0] _decode_view (res://scripts/animation/site7_machine_sprite.gd:122)
       [1] _read_view (res://scripts/animation/site7_machine_sprite.gd:142)
       [2] warm (res://scripts/animation/site7_machine_sprite.gd:66)
       [3] warm_art (res://scripts/actors/enemy_actor.gd:440)
       [4] _warm_enemy_art (res://scripts/missions/story_stage_01.gd:225)
       [5] _load_mission (res://scripts/missions/story_stage_01.gd:217)
       [6] _ready (res://scripts/missions/story_stage_01.gd:94)
       [7] run (res://.cache/diag/pilot_walk_graph_capture.gd:52)
WARNING: Loaded resource as image file, this will not work on export: 'res://assets/enemies/recon_drone/authored_yaw8_v1/NE.png'. Instead, import the image file as an Image resource and load it normally as a resource.
   at: load_from_file (core/io/image.cpp:2780)
   GDScript backtrace (most recent call first):
       [0] _decode_view (res://scripts/animation/site7_machine_sprite.gd:122)
       [1] _read_view (res://scripts/animation/site7_machine_sprite.gd:142)
       [2] warm (res://scripts/animation/site7_machine_sprite.gd:66)
       [3] warm_art (res://scripts/actors/enemy_actor.gd:440)
       [4] _warm_enemy_art (res://scripts/missions/story_stage_01.gd:225)
       [5] _load_mission (res://scripts/missions/story_stage_01.gd:217)
       [6] _ready (res://scripts/missions/story_stage_01.gd:94)
       [7] run (res://.cache/diag/pilot_walk_graph_capture.gd:52)
WARNING: Loaded resource as image file, this will not work on export: 'res://assets/enemies/bulwark/authored_yaw8_v1/E.png'. Instead, import the image file as an Image resource and load it normally as a resource.
   at: load_from_file (core/io/image.cpp:2780)
   GDScript backtrace (most recent call first):
       [0] _decode_view (res://scripts/animation/site7_machine_sprite.gd:122)
       [1] _read_view (res://scripts/animation/site7_machine_sprite.gd:142)
       [2] warm (res://scripts/animation/site7_machine_sprite.gd:66)
       [3] warm_art (res://scripts/actors/enemy_actor.gd:440)
       [4] _warm_enemy_art (res://scripts/missions/story_stage_01.gd:225)
       [5] _load_mission (res://scripts/missions/story_stage_01.gd:217)
       [6] _ready (res://scripts/missions/story_stage_01.gd:94)
       [7] run (res://.cache/diag/pilot_walk_graph_capture.gd:52)
WARNING: Loaded resource as image file, this will not work on export: 'res://assets/enemies/bulwark/authored_yaw8_v1/SE.png'. Instead, import the image file as an Image resource and load it normally as a resource.
   at: load_from_file (core/io/image.cpp:2780)
   GDScript backtrace (most recent call first):
       [0] _decode_view (res://scripts/animation/site7_machine_sprite.gd:122)
       [1] _read_view (res://scripts/animation/site7_machine_sprite.gd:142)
       [2] warm (res://scripts/animation/site7_machine_sprite.gd:66)
       [3] warm_art (res://scripts/actors/enemy_actor.gd:440)
       [4] _warm_enemy_art (res://scripts/missions/story_stage_01.gd:225)
       [5] _load_mission (res://scripts/missions/story_stage_01.gd:217)
       [6] _ready (res://scripts/missions/story_stage_01.gd:94)
       [7] run (res://.cache/diag/pilot_walk_graph_capture.gd:52)
WARNING: Loaded resource as image file, this will not work on export: 'res://assets/enemies/bulwark/authored_yaw8_v1/S.png'. Instead, import the image file as an Image resource and load it normally as a resource.
   at: load_from_file (core/io/image.cpp:2780)
   GDScript backtrace (most recent call first):
       [0] _decode_view (res://scripts/animation/site7_machine_sprite.gd:122)
       [1] _read_view (res://scripts/animation/site7_machine_sprite.gd:142)
       [2] warm (res://scripts/animation/site7_machine_sprite.gd:66)
       [3] warm_art (res://scripts/actors/enemy_actor.gd:440)
       [4] _warm_enemy_art (res://scripts/missions/story_stage_01.gd:225)
       [5] _load_mission (res://scripts/missions/story_stage_01.gd:217)
       [6] _ready (res://scripts/missions/story_stage_01.gd:94)
       [7] run (res://.cache/diag/pilot_walk_graph_capture.gd:52)
WARNING: Loaded resource as image file, this will not work on export: 'res://assets/enemies/bulwark/authored_yaw8_v1/SW.png'. Instead, import the image file as an Image resource and load it normally as a resource.
   at: load_from_file (core/io/image.cpp:2780)
   GDScript backtrace (most recent call first):
       [0] _decode_view (res://scripts/animation/site7_machine_sprite.gd:122)
       [1] _read_view (res://scripts/animation/site7_machine_sprite.gd:142)
       [2] warm (res://scripts/animation/site7_machine_sprite.gd:66)
       [3] warm_art (res://scripts/actors/enemy_actor.gd:440)
       [4] _warm_enemy_art (res://scripts/missions/story_stage_01.gd:225)
       [5] _load_mission (res://scripts/missions/story_stage_01.gd:217)
       [6] _ready (res://scripts/missions/story_stage_01.gd:94)
       [7] run (res://.cache/diag/pilot_walk_graph_capture.gd:52)
WARNING: Loaded resource as image file, this will not work on export: 'res://assets/enemies/bulwark/authored_yaw8_v1/W.png'. Instead, import the image file as an Image resource and load it normally as a resource.
   at: load_from_file (core/io/image.cpp:2780)
   GDScript backtrace (most recent call first):
       [0] _decode_view (res://scripts/animation/site7_machine_sprite.gd:122)
       [1] _read_view (res://scripts/animation/site7_machine_sprite.gd:142)
       [2] warm (res://scripts/animation/site7_machine_sprite.gd:66)
       [3] warm_art (res://scripts/actors/enemy_actor.gd:440)
       [4] _warm_enemy_art (res://scripts/missions/story_stage_01.gd:225)
       [5] _load_mission (res://scripts/missions/story_stage_01.gd:217)
       [6] _ready (res://scripts/missions/story_stage_01.gd:94)
       [7] run (res://.cache/diag/pilot_walk_graph_capture.gd:52)
WARNING: Loaded resource as image file, this will not work on export: 'res://assets/enemies/bulwark/authored_yaw8_v1/NW.png'. Instead, import the image file as an Image resource and load it normally as a resource.
   at: load_from_file (core/io/image.cpp:2780)
   GDScript backtrace (most recent call first):
       [0] _decode_view (res://scripts/animation/site7_machine_sprite.gd:122)
       [1] _read_view (res://scripts/animation/site7_machine_sprite.gd:142)
       [2] warm (res://scripts/animation/site7_machine_sprite.gd:66)
       [3] warm_art (res://scripts/actors/enemy_actor.gd:440)
       [4] _warm_enemy_art (res://scripts/missions/story_stage_01.gd:225)
       [5] _load_mission (res://scripts/missions/story_stage_01.gd:217)
       [6] _ready (res://scripts/missions/story_stage_01.gd:94)
       [7] run (res://.cache/diag/pilot_walk_graph_capture.gd:52)
WARNING: Loaded resource as image file, this will not work on export: 'res://assets/enemies/bulwark/authored_yaw8_v1/N.png'. Instead, import the image file as an Image resource and load it normally as a resource.
   at: load_from_file (core/io/image.cpp:2780)
   GDScript backtrace (most recent call first):
       [0] _decode_view (res://scripts/animation/site7_machine_sprite.gd:122)
       [1] _read_view (res://scripts/animation/site7_machine_sprite.gd:142)
       [2] warm (res://scripts/animation/site7_machine_sprite.gd:66)
       [3] warm_art (res://scripts/actors/enemy_actor.gd:440)
       [4] _warm_enemy_art (res://scripts/missions/story_stage_01.gd:225)
       [5] _load_mission (res://scripts/missions/story_stage_01.gd:217)
       [6] _ready (res://scripts/missions/story_stage_01.gd:94)
       [7] run (res://.cache/diag/pilot_walk_graph_capture.gd:52)
WARNING: Loaded resource as image file, this will not work on export: 'res://assets/enemies/bulwark/authored_yaw8_v1/NE.png'. Instead, import the image file as an Image resource and load it normally as a resource.
   at: load_from_file (core/io/image.cpp:2780)
   GDScript backtrace (most recent call first):
       [0] _decode_view (res://scripts/animation/site7_machine_sprite.gd:122)
       [1] _read_view (res://scripts/animation/site7_machine_sprite.gd:142)
       [2] warm (res://scripts/animation/site7_machine_sprite.gd:66)
       [3] warm_art (res://scripts/actors/enemy_actor.gd:440)
       [4] _warm_enemy_art (res://scripts/missions/story_stage_01.gd:225)
       [5] _load_mission (res://scripts/missions/story_stage_01.gd:217)
       [6] _ready (res://scripts/missions/story_stage_01.gd:94)
       [7] run (res://.cache/diag/pilot_walk_graph_capture.gd:52)
WARNING: Loaded resource as image file, this will not work on export: 'res://assets/enemies/signal_anchor_guardian/authored_core_v1/anchor.png'. Instead, import the image file as an Image resource and load it normally as a resource.
   at: load_from_file (core/io/image.cpp:2780)
   GDScript backtrace (most recent call first):
       [0] _decode_view (res://scripts/animation/site7_machine_sprite.gd:122)
       [1] _read_view (res://scripts/animation/site7_machine_sprite.gd:142)
       [2] warm (res://scripts/animation/site7_machine_sprite.gd:66)
       [3] warm_art (res://scripts/actors/enemy_actor.gd:440)
       [4] _warm_enemy_art (res://scripts/missions/story_stage_01.gd:225)
       [5] _load_mission (res://scripts/missions/story_stage_01.gd:217)
       [6] _ready (res://scripts/missions/story_stage_01.gd:94)
       [7] run (res://.cache/diag/pilot_walk_graph_capture.gd:52)
M7_RASTER_QUARANTINED identity=aster status=partial chunks=2 encoded=20000 present=15000 declared=94718
JOIN_GAPS {"0_a":0.0,"0_b":0.0,"1_a":0.0,"1_b":0.0,"2_a":0.0,"2_b":0.0,"3_a":0.0,"3_b":0.0,"4_a":0.0,"4_b":0.0,"5_a":0.0,"5_b":0.0,"6_a":0.0,"6_b":0.0}
WALK_SHOT 01_00_ENV_S01_OUTER_GATE room=R01_ENTRY pos=(1680.0, 470.0)
WALK_SHOT 01_01_ENV_S01_DECON room=R02_CORRIDOR pos=(3754.6, -463.9)
WALK_SHOT 01_02_ENV_S01_ARCHIVE room=R03_ARCHIVE pos=(5678.3, -1035.9)
WALK_SHOT 01_03_ENV_S01_CONTAINMENT room=R04_CONTAINMENT pos=(7673.5, -1516.5)
WALK_SHOT 01_04_ENV_S01_CORE room=R05_CORE pos=(9533.2, -2011.8)
WALK_SHOT 01_05_ENV_S01_LIFT room=R06_EXTRACTION pos=(11330.8, -2488.9)
WALK_SHOT 01_06_ENV_S01_STORES room=O01_SUPPLY pos=(7331.3, -544.6)
WALK_SHOT 01_07_ENV_S01_SIGNAL room=O02_RESEARCH pos=(9264.3, -1232.6)
WALK_SHOT 01_08_ENV_S01_GATE_DECON room= pos=(2703.6, 103.1)
WALK_SHOT 01_09_ENV_S01_DECON_ARCHIVE room= pos=(4762.6, -816.1)
WALK_SHOT 01_10_ENV_S01_ARCHIVE_CONTAINMENT room= pos=(6644.0, -1346.9)
WALK_SHOT 01_11_ENV_S01_CONTAINMENT_CORE room= pos=(8467.3, -1759.0)
WALK_SHOT 01_12_ENV_S01_CORE_LIFT room= pos=(10556.6, -2285.2)
WALK_SHOT 01_13_ENV_S01_ARCHIVE_STORES room= pos=(6528.2, -726.3)
WALK_SHOT 01_14_ENV_S01_CONTAINMENT_SIGNAL room= pos=(8338.6, -1429.9)
