✔ An authored profile ignores leftover character-specific fire and leg-warp bundles (2.6484ms)
✔ Shared authored route keeps identical leg phases with and without fire (0.7206ms)
✔ Authored contact timing holds planted steps while preserving phase order (0.4646ms)
✔ Shared recoil transform cannot move support feet (0.5821ms)
✔ Full-body walk AND run select all six phases, never recoil recovery frame 5 (1.6769ms)
✔ Locomotion is distance phase driven, not wall-clock or firing cadence (0.175ms)
✔ Live Actor → full-body renderer traverses walk/run cycles at 30/60/120 Hz (13.4765ms)
✔ A cursor between the character and illustrated muzzle cannot make a bullet fly behind the facing (3.0688ms)
✔ Turning throughout held moving fire keeps every projectile and rendered facing on one aim at 30/60/120 Hz (27.818ms)
✔ A fresh movement chord can take aim during held mouse fire and the next mouse move can take it back (3.1594ms)
✔ An exactly centred cursor retains the previous aim instead of forcing east (0.2491ms)
✔ One muzzle-aware solution preserves actual cursor hits and body/shot alignment throughout a turn (3.5225ms)
✔ A target inside weapon reach cannot turn only the bullet backwards (0.28ms)
✔ Rapid aim commits without advancing gait, recoil, ammo or cooldown; old projectiles do not home (0.6007ms)
✔ 30/60/120 Hz rapid reversals use the latest sample at the first eligible shot without changing cadence (10.5166ms)
✔ All four WASD diagonals work in either press order, with Korean/English/Shift/IME event values (8.0735ms)
✔ Arrow key pairs drive all four diagonals through the same actor (0.4912ms)
✔ Releasing one key returns to the remaining direction; opposite-key and alias chords do not stick (0.3573ms)
✔ A new movement chord takes facing from an idle pointer, but key repeat does not cancel active mouse aim (0.2643ms)
✔ Shift and Space continue to work with diagonal motion and independent mouse firing (0.59ms)
✔ Settings controls allow WASD without swallowing text editing or native slider/checkbox keys (1.0354ms)
✔ Keyboard movement, reload, and fire all clear on focus loss (0.2111ms)
✔ A click shorter than one render frame fires once without a held button (5.9216ms)
✔ All eight movement directions and all eight independent firing facings, at three display rates (23.9066ms)
✔ Diagonal keys do not create a speed advantage (0.3951ms)
✔ Stop, resume and speed switch retain a valid continuous locomotion phase (0.6626ms)
✔ Held fire consumes ammunition, automatically reloads, and remains rate independent (4.4514ms)
✔ Reload prevents shots and restores the magazine only when complete (0.4777ms)
✔ Obstacles and world bounds constrain actual position (1.8285ms)
✔ Swept projectile collision catches thin targets between ticks (0.2693ms)
ℹ tests 30
ℹ suites 0
ℹ pass 30
ℹ fail 0
ℹ cancelled 0
ℹ skipped 0
ℹ todo 0
ℹ duration_ms 189.5281

