Godot Engine v4.7.1.stable.official.a13da4feb - https://godotengine.org
OpenGL API 3.3.0 NVIDIA 591.86 - Compatibility - Using Device: NVIDIA - NVIDIA GeForce RTX 4070 SUPER

M7_RASTER_QUARANTINED identity=aster status=partial chunks=2 encoded=20000 present=15000 declared=94718
ERROR: Stage2 step1 squad spawn0 outside cover
   at: push_error (core/variant/variant_utility.cpp:1023)
   GDScript backtrace (most recent call first):
       [0] check (res://tests/render/site7_campaign_capture.gd:14)
       [1] run (res://tests/render/site7_campaign_capture.gd:49)
       [2] settle (res://tests/render/site7_campaign_capture.gd:16)
ERROR: Stage2 step1 squad spawn1 outside cover
   at: push_error (core/variant/variant_utility.cpp:1023)
   GDScript backtrace (most recent call first):
       [0] check (res://tests/render/site7_campaign_capture.gd:14)
       [1] run (res://tests/render/site7_campaign_capture.gd:49)
       [2] settle (res://tests/render/site7_campaign_capture.gd:16)
ERROR: Stage2 step1 squad spawn2 outside cover
   at: push_error (core/variant/variant_utility.cpp:1023)
   GDScript backtrace (most recent call first):
       [0] check (res://tests/render/site7_campaign_capture.gd:14)
       [1] run (res://tests/render/site7_campaign_capture.gd:49)
       [2] settle (res://tests/render/site7_campaign_capture.gd:16)
ERROR: Stage2 step3 squad spawn0 outside cover
   at: push_error (core/variant/variant_utility.cpp:1023)
   GDScript backtrace (most recent call first):
       [0] check (res://tests/render/site7_campaign_capture.gd:14)
       [1] run (res://tests/render/site7_campaign_capture.gd:49)
       [2] settle (res://tests/render/site7_campaign_capture.gd:16)
ERROR: Stage2 step3 squad spawn1 outside cover
   at: push_error (core/variant/variant_utility.cpp:1023)
   GDScript backtrace (most recent call first):
       [0] check (res://tests/render/site7_campaign_capture.gd:14)
       [1] run (res://tests/render/site7_campaign_capture.gd:49)
       [2] settle (res://tests/render/site7_campaign_capture.gd:16)
ERROR: Stage2 step4 squad spawn1 outside cover
   at: push_error (core/variant/variant_utility.cpp:1023)
   GDScript backtrace (most recent call first):
       [0] check (res://tests/render/site7_campaign_capture.gd:14)
       [1] run (res://tests/render/site7_campaign_capture.gd:49)
       [2] settle (res://tests/render/site7_campaign_capture.gd:16)
M7_RASTER_QUARANTINED identity=aster status=partial chunks=2 encoded=20000 present=15000 declared=94718
ERROR: Stage3 step1 squad spawn0 outside cover
   at: push_error (core/variant/variant_utility.cpp:1023)
   GDScript backtrace (most recent call first):
       [0] check (res://tests/render/site7_campaign_capture.gd:14)
       [1] run (res://tests/render/site7_campaign_capture.gd:49)
       [2] settle (res://tests/render/site7_campaign_capture.gd:16)
ERROR: Stage3 step1 squad spawn1 outside cover
   at: push_error (core/variant/variant_utility.cpp:1023)
   GDScript backtrace (most recent call first):
       [0] check (res://tests/render/site7_campaign_capture.gd:14)
       [1] run (res://tests/render/site7_campaign_capture.gd:49)
       [2] settle (res://tests/render/site7_campaign_capture.gd:16)
ERROR: Stage3 step1 enemy outside cover
   at: push_error (core/variant/variant_utility.cpp:1023)
   GDScript backtrace (most recent call first):
       [0] check (res://tests/render/site7_campaign_capture.gd:14)
       [1] run (res://tests/render/site7_campaign_capture.gd:54)
       [2] settle (res://tests/render/site7_campaign_capture.gd:16)
ERROR: Stage3 step3 squad spawn0 outside cover
   at: push_error (core/variant/variant_utility.cpp:1023)
   GDScript backtrace (most recent call first):
       [0] check (res://tests/render/site7_campaign_capture.gd:14)
       [1] run (res://tests/render/site7_campaign_capture.gd:49)
       [2] settle (res://tests/render/site7_campaign_capture.gd:16)
ERROR: Stage3 step3 enemy outside cover
   at: push_error (core/variant/variant_utility.cpp:1023)
   GDScript backtrace (most recent call first):
       [0] check (res://tests/render/site7_campaign_capture.gd:14)
       [1] run (res://tests/render/site7_campaign_capture.gd:54)
       [2] settle (res://tests/render/site7_campaign_capture.gd:16)
ERROR: Stage3 step4 squad spawn2 outside cover
   at: push_error (core/variant/variant_utility.cpp:1023)
   GDScript backtrace (most recent call first):
       [0] check (res://tests/render/site7_campaign_capture.gd:14)
       [1] run (res://tests/render/site7_campaign_capture.gd:49)
       [2] settle (res://tests/render/site7_campaign_capture.gd:16)
SITE7_CAMPAIGN_CAPTURE FAIL res://qa/campaign_20260919/native_1789815621_813
