Godot Engine v4.7.1.stable.official.a13da4feb - https://godotengine.org

M7_RASTER_QUARANTINED identity=aster status=partial chunks=2 encoded=20000 present=15000 declared=94718
FULL_OPERATION_TRACE {"ammo":24,"health":[96.0,138.0,112.0],"position":[410.0,390.0],"remaining":0,"step":0,"tick":0,"wave":0}
FULL_OPERATION_TRACE {"ammo":24,"health":[96.0,138.0,112.0],"position":[329.0068359375,495.9140625],"remaining":0,"step":1,"tick":32,"wave":0}
FULL_OPERATION_TRACE {"ammo":4,"health":[82.0,138.0,105.0],"position":[785.378173828125,305.830017089844],"remaining":0,"step":2,"tick":456,"wave":0}
FULL_OPERATION_TRACE {"ammo":24,"health":[96.0,138.0,112.0],"position":[1028.47241210938,620.856140136719],"remaining":0,"step":2,"tick":600,"wave":0}
FULL_OPERATION_TRACE {"ammo":24,"health":[96.0,138.0,112.0],"position":[1030.0234375,612.668395996094],"remaining":0,"step":3,"tick":604,"wave":0}
FULL_OPERATION_TRACE {"ammo":0,"health":[82.0,138.0,112.0],"position":[1397.5908203125,254.024627685547],"remaining":1,"step":3,"tick":1200,"wave":0}
FULL_OPERATION_TRACE {"ammo":21,"health":[82.0,138.0,112.0],"position":[1496.94079589844,314.311584472656],"remaining":0,"step":4,"tick":1262,"wave":0}
FULL_OPERATION_TRACE {"ammo":1,"health":[0.0,118.0,68.0],"position":[1766.53686523438,439.508056640625],"remaining":1,"step":4,"tick":1800,"wave":0}
FULL_OPERATION_TRACE {"ammo":1,"health":[0.0,98.0,44.0],"position":[1863.31481933594,359.968566894531],"remaining":0,"step":4,"tick":2400,"wave":0}
FULL_OPERATION_TRACE {"ammo":1,"health":[0.0,98.0,44.0],"position":[1863.31481933594,359.968566894531],"remaining":0,"step":4,"tick":3000,"wave":0}
FULL_OPERATION_TRACE {"ammo":1,"health":[0.0,98.0,44.0],"position":[1863.31481933594,359.968566894531],"remaining":0,"step":4,"tick":3600,"wave":0}
FULL_OPERATION_TRACE {"ammo":1,"health":[0.0,98.0,44.0],"position":[1863.31481933594,359.968566894531],"remaining":0,"step":4,"tick":4200,"wave":0}
FULL_OPERATION_TRACE {"ammo":1,"health":[0.0,98.0,44.0],"position":[1863.31481933594,359.968566894531],"remaining":0,"step":4,"tick":4800,"wave":0}
FULL_OPERATION_TRACE {"ammo":1,"health":[0.0,98.0,44.0],"position":[1863.31481933594,359.968566894531],"remaining":0,"step":4,"tick":5400,"wave":0}
FULL_OPERATION_TRACE {"ammo":1,"health":[0.0,98.0,44.0],"position":[1863.31481933594,359.968566894531],"remaining":0,"step":4,"tick":6000,"wave":0}
FULL_OPERATION_TRACE {"ammo":1,"health":[0.0,98.0,44.0],"position":[1863.31481933594,359.968566894531],"remaining":0,"step":4,"tick":6600,"wave":0}
FULL_OPERATION_TRACE {"ammo":1,"health":[0.0,98.0,44.0],"position":[1863.31481933594,359.968566894531],"remaining":0,"step":4,"tick":7200,"wave":0}
FULL_OPERATION_TRACE {"ammo":1,"health":[0.0,98.0,44.0],"position":[1863.31481933594,359.968566894531],"remaining":0,"step":4,"tick":7800,"wave":0}
FULL_OPERATION_TRACE {"ammo":1,"health":[0.0,98.0,44.0],"position":[1863.31481933594,359.968566894531],"remaining":0,"step":4,"tick":8400,"wave":0}
FULL_OPERATION_TRACE {"ammo":1,"health":[0.0,98.0,44.0],"position":[1863.31481933594,359.968566894531],"remaining":0,"step":4,"tick":9000,"wave":0}
FULL_OPERATION_TRACE {"ammo":1,"health":[0.0,98.0,44.0],"position":[1863.31481933594,359.968566894531],"remaining":0,"step":4,"tick":9600,"wave":0}
FULL_OPERATION_TRACE {"ammo":1,"health":[0.0,98.0,44.0],"position":[1863.31481933594,359.968566894531],"remaining":0,"step":4,"tick":10200,"wave":0}
FULL_OPERATION_TRACE {"ammo":1,"health":[0.0,98.0,44.0],"position":[1863.31481933594,359.968566894531],"remaining":0,"step":4,"tick":10800,"wave":0}
FULL_OPERATION_TRACE {"ammo":1,"health":[0.0,98.0,44.0],"position":[1863.31481933594,359.968566894531],"remaining":0,"step":4,"tick":11400,"wave":0}
FULL_OPERATION_TRACE {"ammo":1,"health":[0.0,98.0,44.0],"position":[1863.31481933594,359.968566894531],"remaining":0,"step":4,"tick":12000,"wave":0}
FULL_OPERATION_TRACE {"ammo":1,"health":[0.0,98.0,44.0],"position":[1863.31481933594,359.968566894531],"remaining":0,"step":4,"tick":12600,"wave":0}
FULL_OPERATION_TRACE {"ammo":1,"health":[0.0,98.0,44.0],"position":[1863.31481933594,359.968566894531],"remaining":0,"step":4,"tick":13200,"wave":0}
FULL_OPERATION_TRACE {"ammo":1,"health":[0.0,98.0,44.0],"position":[1863.31481933594,359.968566894531],"remaining":0,"step":4,"tick":13800,"wave":0}
FULL_OPERATION_TRACE {"ammo":1,"health":[0.0,98.0,44.0],"position":[1863.31481933594,359.968566894531],"remaining":0,"step":4,"tick":14400,"wave":0}
FULL_OPERATION_TRACE {"ammo":1,"health":[0.0,98.0,44.0],"position":[1863.31481933594,359.968566894531],"remaining":0,"step":4,"tick":15000,"wave":0}
FULL_OPERATION_TRACE {"ammo":1,"health":[0.0,98.0,44.0],"position":[1863.31481933594,359.968566894531],"remaining":0,"step":4,"tick":15600,"wave":0}
FULL_OPERATION_TRACE {"ammo":1,"health":[0.0,98.0,44.0],"position":[1863.31481933594,359.968566894531],"remaining":0,"step":4,"tick":16200,"wave":0}
FULL_OPERATION_TRACE {"ammo":1,"health":[0.0,98.0,44.0],"position":[1863.31481933594,359.968566894531],"remaining":0,"step":4,"tick":16800,"wave":0}
FULL_OPERATION_TRACE {"ammo":1,"health":[0.0,98.0,44.0],"position":[1863.31481933594,359.968566894531],"remaining":0,"step":4,"tick":17400,"wave":0}
FULL_OPERATION_TRACE {"ammo":1,"health":[0.0,98.0,44.0],"position":[1863.31481933594,359.968566894531],"remaining":0,"step":4,"tick":18000,"wave":0}
FULL_OPERATION_TRACE {"ammo":1,"health":[0.0,98.0,44.0],"position":[1863.31481933594,359.968566894531],"remaining":0,"step":4,"tick":18600,"wave":0}
FULL_OPERATION_TRACE {"ammo":1,"health":[0.0,98.0,44.0],"position":[1863.31481933594,359.968566894531],"remaining":0,"step":4,"tick":19200,"wave":0}
FULL_OPERATION_TRACE {"ammo":1,"health":[0.0,98.0,44.0],"position":[1863.31481933594,359.968566894531],"remaining":0,"step":4,"tick":19800,"wave":0}
FULL_OPERATION_TRACE {"ammo":1,"health":[0.0,98.0,44.0],"position":[1863.31481933594,359.968566894531],"remaining":0,"step":4,"tick":20400,"wave":0}
FULL_OPERATION_TRACE {"ammo":1,"health":[0.0,98.0,44.0],"position":[1863.31481933594,359.968566894531],"remaining":0,"step":4,"tick":21000,"wave":0}
FULL_OPERATION_TRACE {"ammo":1,"health":[0.0,98.0,44.0],"position":[1863.31481933594,359.968566894531],"remaining":0,"step":4,"tick":21600,"wave":0}
FULL_OPERATION_TRACE {"ammo":1,"health":[0.0,98.0,44.0],"position":[1863.31481933594,359.968566894531],"remaining":0,"step":4,"tick":22200,"wave":0}
FULL_OPERATION_TRACE {"ammo":1,"health":[0.0,98.0,44.0],"position":[1863.31481933594,359.968566894531],"remaining":0,"step":4,"tick":22800,"wave":0}
FULL_OPERATION_TRACE {"ammo":1,"health":[0.0,98.0,44.0],"position":[1863.31481933594,359.968566894531],"remaining":0,"step":4,"tick":23400,"wave":0}
FULL_OPERATION_TRACE {"ammo":1,"health":[0.0,98.0,44.0],"position":[1863.31481933594,359.968566894531],"remaining":0,"step":4,"tick":24000,"wave":0}
FULL_OPERATION_TRACE {"ammo":1,"health":[0.0,98.0,44.0],"position":[1863.31481933594,359.968566894531],"remaining":0,"step":4,"tick":24600,"wave":0}
FULL_OPERATION_TRACE {"ammo":1,"health":[0.0,98.0,44.0],"position":[1863.31481933594,359.968566894531],"remaining":0,"step":4,"tick":25200,"wave":0}
FULL_OPERATION_TRACE {"ammo":1,"health":[0.0,98.0,44.0],"position":[1863.31481933594,359.968566894531],"remaining":0,"step":4,"tick":25800,"wave":0}
FULL_OPERATION_TRACE {"ammo":1,"health":[0.0,98.0,44.0],"position":[1863.31481933594,359.968566894531],"remaining":0,"step":4,"tick":26400,"wave":0}
FULL_OPERATION_TRACE {"ammo":1,"health":[0.0,98.0,44.0],"position":[1863.31481933594,359.968566894531],"remaining":0,"step":4,"tick":27000,"wave":0}
FULL_OPERATION_TRACE {"ammo":1,"health":[0.0,98.0,44.0],"position":[1863.31481933594,359.968566894531],"remaining":0,"step":4,"tick":27600,"wave":0}
FULL_OPERATION_TRACE {"ammo":1,"health":[0.0,98.0,44.0],"position":[1863.31481933594,359.968566894531],"remaining":0,"step":4,"tick":28200,"wave":0}
FULL_OPERATION_TRACE {"ammo":1,"health":[0.0,98.0,44.0],"position":[1863.31481933594,359.968566894531],"remaining":0,"step":4,"tick":28800,"wave":0}
FULL_OPERATION_TRACE {"ammo":1,"health":[0.0,98.0,44.0],"position":[1863.31481933594,359.968566894531],"remaining":0,"step":4,"tick":29400,"wave":0}
FULL_OPERATION_TRACE {"ammo":1,"health":[0.0,98.0,44.0],"position":[1863.31481933594,359.968566894531],"remaining":0,"step":4,"tick":30000,"wave":0}
FULL_OPERATION_TRACE {"ammo":1,"health":[0.0,98.0,44.0],"position":[1863.31481933594,359.968566894531],"remaining":0,"step":4,"tick":30600,"wave":0}
FULL_OPERATION_TRACE {"ammo":1,"health":[0.0,98.0,44.0],"position":[1863.31481933594,359.968566894531],"remaining":0,"step":4,"tick":31200,"wave":0}
FULL_OPERATION_TRACE {"ammo":1,"health":[0.0,98.0,44.0],"position":[1863.31481933594,359.968566894531],"remaining":0,"step":4,"tick":31800,"wave":0}
FULL_OPERATION_TRACE {"ammo":1,"health":[0.0,98.0,44.0],"position":[1863.31481933594,359.968566894531],"remaining":0,"step":4,"tick":32400,"wave":0}
FULL_OPERATION_TRACE {"ammo":1,"health":[0.0,98.0,44.0],"position":[1863.31481933594,359.968566894531],"remaining":0,"step":4,"tick":33000,"wave":0}
FULL_OPERATION_TRACE {"ammo":1,"health":[0.0,98.0,44.0],"position":[1863.31481933594,359.968566894531],"remaining":0,"step":4,"tick":33600,"wave":0}
FULL_OPERATION_TRACE {"ammo":1,"health":[0.0,98.0,44.0],"position":[1863.31481933594,359.968566894531],"remaining":0,"step":4,"tick":34200,"wave":0}
FULL_OPERATION_TRACE {"ammo":1,"health":[0.0,98.0,44.0],"position":[1863.31481933594,359.968566894531],"remaining":0,"step":4,"tick":34800,"wave":0}
FULL_OPERATION_TRACE {"ammo":1,"health":[0.0,98.0,44.0],"position":[1863.31481933594,359.968566894531],"remaining":0,"step":4,"tick":35400,"wave":0}
ERROR: Route finishes within technical playthrough bound
   at: push_error (core/variant/variant_utility.cpp:1023)
   GDScript backtrace (most recent call first):
       [0] check (res://tests/smoke/site7_full_operation_smoke.gd:64)
       [1] run (res://tests/smoke/site7_full_operation_smoke.gd:142)
ERROR: Live combat and extraction succeed without cheats
   at: push_error (core/variant/variant_utility.cpp:1023)
   GDScript backtrace (most recent call first):
       [0] check (res://tests/smoke/site7_full_operation_smoke.gd:64)
       [1] run (res://tests/smoke/site7_full_operation_smoke.gd:143)
ERROR: All six rooms reached; not early extraction
   at: push_error (core/variant/variant_utility.cpp:1023)
   GDScript backtrace (most recent call first):
       [0] check (res://tests/smoke/site7_full_operation_smoke.gd:64)
       [1] run (res://tests/smoke/site7_full_operation_smoke.gd:144)
ERROR: Ledger acquired through interaction
   at: push_error (core/variant/variant_utility.cpp:1023)
   GDScript backtrace (most recent call first):
       [0] check (res://tests/smoke/site7_full_operation_smoke.gd:64)
       [1] run (res://tests/smoke/site7_full_operation_smoke.gd:145)
ERROR: Both optional rooms recovered
   at: push_error (core/variant/variant_utility.cpp:1023)
   GDScript backtrace (most recent call first):
       [0] check (res://tests/smoke/site7_full_operation_smoke.gd:64)
       [1] run (res://tests/smoke/site7_full_operation_smoke.gd:146)
ERROR: All authored waves and boss defeated through real damage
   at: push_error (core/variant/variant_utility.cpp:1023)
   GDScript backtrace (most recent call first):
       [0] check (res://tests/smoke/site7_full_operation_smoke.gd:64)
       [1] run (res://tests/smoke/site7_full_operation_smoke.gd:147)
SITE7_FULL_OPERATION_SMOKE: FAIL
