Godot Engine v4.7.1.stable.official.a13da4feb - https://godotengine.org

PASS: same run ID produces identical M11 contract
PASS: M11 contract preserves authoritative run ID
PASS: M11 contract always selects one hazard and one opportunity
PASS: different run IDs produce more than one hazard
PASS: different run IDs produce more than one opportunity
M7_RASTER_QUARANTINED identity=aster status=partial chunks=2 encoded=20000 present=15000 declared=94718
PASS: StoryStage owns the issued run contract
PASS: M11 smoke resolves current authored drone hostile
PASS: enemy receives run health multiplier
PASS: enemy receives run damage multiplier
PASS: enemy receives run speed multiplier
PASS: enemy receives run attack interval multiplier
PASS: authored drone HP is multiplied exactly once by run contract
PASS: run contract multiplies secured research reward
PASS: run contract multiplies secured salvage reward
PASS: run contract multiplies secured signal reward
PASS: O01 activates FIELD STIM run-only boost
PASS: FIELD STIM grants +10 percent operator speed
PASS: FIELD STIM grants 10 percent incoming damage reduction
PASS: FIELD STIM changes actual incoming damage authority
PASS: same optional-room boost cannot stack twice
PASS: repeated boost attempt leaves speed multiplier unchanged
PASS: O02 activates OVERCHARGE CELL run-only boost
PASS: OVERCHARGE CELL grants primary damage multiplier
PASS: OVERCHARGE CELL grants +20 percent actual squad energy gain
PASS: stage records active run-only boosts in activation order
PASS: mission summary explicitly marks run-only boost expiration
PASS: mission summary audits active run-only boosts
PASS: M11 summary still commits through normal campaign transaction
PASS: CampaignProgression never persists run contract or run-only boost list
PASS: CampaignProgression never persists tactical run multipliers
M7_RASTER_QUARANTINED identity=aster status=partial chunks=2 encoded=20000 present=15000 declared=94718
PASS: new deployment does not inherit prior FIELD STIM
PASS: new deployment does not inherit prior OVERCHARGE CELL
PASS: new deployment resets run energy multiplier
PASS: legacy/neutral configure path preserves authored enemy HP
M11_RUN_CONTRACT_SMOKE: PASS
