Godot Engine v4.7.1.stable.official.a13da4feb - https://godotengine.org

M7_RASTER_QUARANTINED identity=aster status=partial chunks=2 encoded=20000 present=15000 declared=94718
PASS: GameFlow deployment creates stage
PASS: ASTER injected burst
PASS: ROOK injected shotgun
PASS: MICA injected special
PASS: burst fires
PASS: burst consumes 3 ammo
PASS: burst spawns 3 projectiles
PASS: burst projectile spec
PASS: burst projectile spec
PASS: burst projectile spec
PASS: shotgun fires
PASS: shotgun consumes one shell
PASS: shotgun spawns five pellets
PASS: special fires
PASS: special one cell/one projectile
PASS: special projectile spec
PASS: burst blocks partial trigger
PASS: burst shortage starts reload
M13_WEAPON_RUNTIME_SMOKE: PASS
