Godot Engine v4.7.1.stable.official.a13da4feb - https://godotengine.org

M7_RASTER_QUARANTINED identity=aster status=partial chunks=2 encoded=20000 present=15000 declared=94718
FULL_OPERATION_TRACE {"ammo":24,"health":[96.0,138.0,112.0],"position":[410.0,390.0],"remaining":0,"step":0,"tick":0,"wave":0}
FULL_OPERATION_TRACE {"ammo":24,"health":[96.0,138.0,112.0],"position":[329.0068359375,495.9140625],"remaining":0,"step":1,"tick":32,"wave":0}
FULL_OPERATION_TRACE {"ammo":20,"health":[96.0,138.0,112.0],"position":[703.335815429688,219.706024169922],"remaining":0,"step":2,"tick":346,"wave":0}
FULL_OPERATION_TRACE {"ammo":20,"health":[96.0,138.0,112.0],"position":[987.703063964844,709.857116699219],"remaining":0,"step":3,"tick":484,"wave":0}
FULL_OPERATION_TRACE {"ammo":24,"health":[96.0,138.0,112.0],"position":[1373.58410644531,795.4296875],"remaining":0,"step":3,"tick":600,"wave":0}
FULL_OPERATION_TRACE {"ammo":15,"health":[54.0,138.0,112.0],"position":[1675.98779296875,237.430953979492],"remaining":1,"step":3,"tick":1200,"wave":0}
FULL_OPERATION_TRACE {"ammo":0,"health":[54.0,138.0,112.0],"position":[1675.98779296875,237.430953979492],"remaining":1,"step":3,"tick":1800,"wave":0}
FULL_OPERATION_TRACE {"ammo":4,"health":[54.0,138.0,112.0],"position":[1675.98779296875,237.430953979492],"remaining":1,"step":3,"tick":2400,"wave":0}
FULL_OPERATION_TRACE {"ammo":14,"health":[54.0,138.0,112.0],"position":[1675.98779296875,237.430953979492],"remaining":1,"step":3,"tick":3000,"wave":0}
FULL_OPERATION_TRACE {"ammo":0,"health":[54.0,138.0,112.0],"position":[1675.98779296875,237.430953979492],"remaining":1,"step":3,"tick":3600,"wave":0}
FULL_OPERATION_TRACE {"ammo":3,"health":[54.0,138.0,112.0],"position":[1675.98779296875,237.430953979492],"remaining":1,"step":3,"tick":4200,"wave":0}
FULL_OPERATION_TRACE {"ammo":13,"health":[54.0,138.0,112.0],"position":[1675.98779296875,237.430953979492],"remaining":1,"step":3,"tick":4800,"wave":0}
FULL_OPERATION_TRACE {"ammo":23,"health":[54.0,138.0,112.0],"position":[1675.98779296875,237.430953979492],"remaining":1,"step":3,"tick":5400,"wave":0}
FULL_OPERATION_TRACE {"ammo":2,"health":[54.0,138.0,112.0],"position":[1675.98779296875,237.430953979492],"remaining":1,"step":3,"tick":6000,"wave":0}
FULL_OPERATION_TRACE {"ammo":12,"health":[54.0,138.0,112.0],"position":[1675.98779296875,237.430953979492],"remaining":1,"step":3,"tick":6600,"wave":0}
FULL_OPERATION_TRACE {"ammo":22,"health":[54.0,138.0,112.0],"position":[1675.98779296875,237.430953979492],"remaining":1,"step":3,"tick":7200,"wave":0}
FULL_OPERATION_TRACE {"ammo":1,"health":[54.0,138.0,112.0],"position":[1675.98779296875,237.430953979492],"remaining":1,"step":3,"tick":7800,"wave":0}
FULL_OPERATION_TRACE {"ammo":11,"health":[54.0,138.0,112.0],"position":[1675.98779296875,237.430953979492],"remaining":1,"step":3,"tick":8400,"wave":0}
FULL_OPERATION_TRACE {"ammo":21,"health":[54.0,138.0,112.0],"position":[1675.98779296875,237.430953979492],"remaining":1,"step":3,"tick":9000,"wave":0}
FULL_OPERATION_TRACE {"ammo":0,"health":[54.0,138.0,112.0],"position":[1675.98779296875,237.430953979492],"remaining":1,"step":3,"tick":9600,"wave":0}
FULL_OPERATION_TRACE {"ammo":10,"health":[54.0,138.0,112.0],"position":[1675.98779296875,237.430953979492],"remaining":1,"step":3,"tick":10200,"wave":0}
FULL_OPERATION_TRACE {"ammo":20,"health":[54.0,138.0,112.0],"position":[1675.98779296875,237.430953979492],"remaining":1,"step":3,"tick":10800,"wave":0}
FULL_OPERATION_TRACE {"ammo":0,"health":[54.0,138.0,112.0],"position":[1675.98779296875,237.430953979492],"remaining":1,"step":3,"tick":11400,"wave":0}
FULL_OPERATION_TRACE {"ammo":9,"health":[54.0,138.0,112.0],"position":[1675.98779296875,237.430953979492],"remaining":1,"step":3,"tick":12000,"wave":0}
FULL_OPERATION_TRACE {"ammo":19,"health":[54.0,138.0,112.0],"position":[1675.98779296875,237.430953979492],"remaining":1,"step":3,"tick":12600,"wave":0}
FULL_OPERATION_TRACE {"ammo":0,"health":[54.0,138.0,112.0],"position":[1675.98779296875,237.430953979492],"remaining":1,"step":3,"tick":13200,"wave":0}
FULL_OPERATION_TRACE {"ammo":7,"health":[54.0,138.0,112.0],"position":[1675.98779296875,237.430953979492],"remaining":1,"step":3,"tick":13800,"wave":0}
FULL_OPERATION_TRACE {"ammo":18,"health":[54.0,138.0,112.0],"position":[1675.98779296875,237.430953979492],"remaining":1,"step":3,"tick":14400,"wave":0}
FULL_OPERATION_TRACE {"ammo":0,"health":[54.0,138.0,112.0],"position":[1675.98779296875,237.430953979492],"remaining":1,"step":3,"tick":15000,"wave":0}
FULL_OPERATION_TRACE {"ammo":6,"health":[54.0,138.0,112.0],"position":[1675.98779296875,237.430953979492],"remaining":1,"step":3,"tick":15600,"wave":0}
FULL_OPERATION_TRACE {"ammo":17,"health":[54.0,138.0,112.0],"position":[1675.98779296875,237.430953979492],"remaining":1,"step":3,"tick":16200,"wave":0}
FULL_OPERATION_TRACE {"ammo":0,"health":[54.0,138.0,112.0],"position":[1675.98779296875,237.430953979492],"remaining":1,"step":3,"tick":16800,"wave":0}
FULL_OPERATION_TRACE {"ammo":5,"health":[54.0,138.0,112.0],"position":[1675.98779296875,237.430953979492],"remaining":1,"step":3,"tick":17400,"wave":0}
FULL_OPERATION_TRACE {"ammo":15,"health":[54.0,138.0,112.0],"position":[1675.98779296875,237.430953979492],"remaining":1,"step":3,"tick":18000,"wave":0}
FULL_OPERATION_TRACE {"ammo":0,"health":[54.0,138.0,112.0],"position":[1675.98779296875,237.430953979492],"remaining":1,"step":3,"tick":18600,"wave":0}
FULL_OPERATION_TRACE {"ammo":4,"health":[54.0,138.0,112.0],"position":[1675.98779296875,237.430953979492],"remaining":1,"step":3,"tick":19200,"wave":0}
FULL_OPERATION_TRACE {"ammo":14,"health":[54.0,138.0,112.0],"position":[1675.98779296875,237.430953979492],"remaining":1,"step":3,"tick":19800,"wave":0}
FULL_OPERATION_TRACE {"ammo":0,"health":[54.0,138.0,112.0],"position":[1675.98779296875,237.430953979492],"remaining":1,"step":3,"tick":20400,"wave":0}
FULL_OPERATION_TRACE {"ammo":3,"health":[54.0,138.0,112.0],"position":[1675.98779296875,237.430953979492],"remaining":1,"step":3,"tick":21000,"wave":0}
FULL_OPERATION_TRACE {"ammo":13,"health":[54.0,138.0,112.0],"position":[1675.98779296875,237.430953979492],"remaining":1,"step":3,"tick":21600,"wave":0}
FULL_OPERATION_TRACE {"ammo":23,"health":[54.0,138.0,112.0],"position":[1675.98779296875,237.430953979492],"remaining":1,"step":3,"tick":22200,"wave":0}
FULL_OPERATION_TRACE {"ammo":2,"health":[54.0,138.0,112.0],"position":[1675.98779296875,237.430953979492],"remaining":1,"step":3,"tick":22800,"wave":0}
FULL_OPERATION_TRACE {"ammo":12,"health":[54.0,138.0,112.0],"position":[1675.98779296875,237.430953979492],"remaining":1,"step":3,"tick":23400,"wave":0}
FULL_OPERATION_TRACE {"ammo":22,"health":[54.0,138.0,112.0],"position":[1675.98779296875,237.430953979492],"remaining":1,"step":3,"tick":24000,"wave":0}
FULL_OPERATION_TRACE {"ammo":1,"health":[54.0,138.0,112.0],"position":[1675.98779296875,237.430953979492],"remaining":1,"step":3,"tick":24600,"wave":0}
FULL_OPERATION_TRACE {"ammo":11,"health":[54.0,138.0,112.0],"position":[1675.98779296875,237.430953979492],"remaining":1,"step":3,"tick":25200,"wave":0}
FULL_OPERATION_TRACE {"ammo":21,"health":[54.0,138.0,112.0],"position":[1675.98779296875,237.430953979492],"remaining":1,"step":3,"tick":25800,"wave":0}
FULL_OPERATION_TRACE {"ammo":0,"health":[54.0,138.0,112.0],"position":[1675.98779296875,237.430953979492],"remaining":1,"step":3,"tick":26400,"wave":0}
FULL_OPERATION_TRACE {"ammo":10,"health":[54.0,138.0,112.0],"position":[1675.98779296875,237.430953979492],"remaining":1,"step":3,"tick":27000,"wave":0}
FULL_OPERATION_TRACE {"ammo":20,"health":[54.0,138.0,112.0],"position":[1675.98779296875,237.430953979492],"remaining":1,"step":3,"tick":27600,"wave":0}
FULL_OPERATION_TRACE {"ammo":0,"health":[54.0,138.0,112.0],"position":[1675.98779296875,237.430953979492],"remaining":1,"step":3,"tick":28200,"wave":0}
FULL_OPERATION_TRACE {"ammo":9,"health":[54.0,138.0,112.0],"position":[1675.98779296875,237.430953979492],"remaining":1,"step":3,"tick":28800,"wave":0}
FULL_OPERATION_TRACE {"ammo":19,"health":[54.0,138.0,112.0],"position":[1675.98779296875,237.430953979492],"remaining":1,"step":3,"tick":29400,"wave":0}
FULL_OPERATION_TRACE {"ammo":0,"health":[54.0,138.0,112.0],"position":[1675.98779296875,237.430953979492],"remaining":1,"step":3,"tick":30000,"wave":0}
FULL_OPERATION_TRACE {"ammo":7,"health":[54.0,138.0,112.0],"position":[1675.98779296875,237.430953979492],"remaining":1,"step":3,"tick":30600,"wave":0}
FULL_OPERATION_TRACE {"ammo":18,"health":[54.0,138.0,112.0],"position":[1675.98779296875,237.430953979492],"remaining":1,"step":3,"tick":31200,"wave":0}
FULL_OPERATION_TRACE {"ammo":0,"health":[54.0,138.0,112.0],"position":[1675.98779296875,237.430953979492],"remaining":1,"step":3,"tick":31800,"wave":0}
FULL_OPERATION_TRACE {"ammo":6,"health":[54.0,138.0,112.0],"position":[1675.98779296875,237.430953979492],"remaining":1,"step":3,"tick":32400,"wave":0}
FULL_OPERATION_TRACE {"ammo":17,"health":[54.0,138.0,112.0],"position":[1675.98779296875,237.430953979492],"remaining":1,"step":3,"tick":33000,"wave":0}
FULL_OPERATION_TRACE {"ammo":0,"health":[54.0,138.0,112.0],"position":[1675.98779296875,237.430953979492],"remaining":1,"step":3,"tick":33600,"wave":0}
FULL_OPERATION_TRACE {"ammo":5,"health":[54.0,138.0,112.0],"position":[1675.98779296875,237.430953979492],"remaining":1,"step":3,"tick":34200,"wave":0}
FULL_OPERATION_TRACE {"ammo":15,"health":[54.0,138.0,112.0],"position":[1675.98779296875,237.430953979492],"remaining":1,"step":3,"tick":34800,"wave":0}
FULL_OPERATION_TRACE {"ammo":0,"health":[54.0,138.0,112.0],"position":[1675.98779296875,237.430953979492],"remaining":1,"step":3,"tick":35400,"wave":0}
ERROR: Route finishes within technical playthrough bound
   at: push_error (core/variant/variant_utility.cpp:1023)
   GDScript backtrace (most recent call first):
       [0] check (res://tests/smoke/site7_full_operation_smoke.gd:64)
       [1] run (res://tests/smoke/site7_full_operation_smoke.gd:152)
ERROR: Live combat and extraction succeed without cheats
   at: push_error (core/variant/variant_utility.cpp:1023)
   GDScript backtrace (most recent call first):
       [0] check (res://tests/smoke/site7_full_operation_smoke.gd:64)
       [1] run (res://tests/smoke/site7_full_operation_smoke.gd:153)
ERROR: All six rooms reached; not early extraction
   at: push_error (core/variant/variant_utility.cpp:1023)
   GDScript backtrace (most recent call first):
       [0] check (res://tests/smoke/site7_full_operation_smoke.gd:64)
       [1] run (res://tests/smoke/site7_full_operation_smoke.gd:154)
ERROR: Ledger acquired through interaction
   at: push_error (core/variant/variant_utility.cpp:1023)
   GDScript backtrace (most recent call first):
       [0] check (res://tests/smoke/site7_full_operation_smoke.gd:64)
       [1] run (res://tests/smoke/site7_full_operation_smoke.gd:155)
ERROR: Both optional rooms recovered
   at: push_error (core/variant/variant_utility.cpp:1023)
   GDScript backtrace (most recent call first):
       [0] check (res://tests/smoke/site7_full_operation_smoke.gd:64)
       [1] run (res://tests/smoke/site7_full_operation_smoke.gd:156)
ERROR: All authored waves and boss defeated through real damage
   at: push_error (core/variant/variant_utility.cpp:1023)
   GDScript backtrace (most recent call first):
       [0] check (res://tests/smoke/site7_full_operation_smoke.gd:64)
       [1] run (res://tests/smoke/site7_full_operation_smoke.gd:157)
SITE7_FULL_OPERATION_SMOKE: FAIL
