Godot Engine v4.7.1.stable.official.a13da4feb - https://godotengine.org

M7_RASTER_QUARANTINED identity=aster status=partial chunks=2 encoded=20000 present=15000 declared=94718
FULL_OPERATION_TRACE {"ammo":24,"health":[96.0,138.0,112.0],"position":[410.0,390.0],"remaining":0,"step":0,"tick":0,"wave":0}
FULL_OPERATION_TRACE {"ammo":24,"health":[96.0,138.0,112.0],"position":[329.0068359375,495.9140625],"remaining":0,"step":1,"tick":32,"wave":0}
FULL_OPERATION_TRACE {"ammo":16,"health":[96.0,138.0,112.0],"position":[635.55908203125,214.998489379883],"remaining":2,"step":1,"tick":600,"wave":0}
FULL_OPERATION_TRACE {"ammo":0,"health":[96.0,138.0,112.0],"position":[635.280883789063,215.136672973633],"remaining":2,"step":1,"tick":1200,"wave":0}
FULL_OPERATION_TRACE {"ammo":4,"health":[96.0,138.0,112.0],"position":[673.056274414063,370.071960449219],"remaining":2,"step":1,"tick":1800,"wave":0}
FULL_OPERATION_TRACE {"ammo":14,"health":[96.0,138.0,112.0],"position":[660.730529785156,377.152374267578],"remaining":2,"step":1,"tick":2400,"wave":0}
FULL_OPERATION_TRACE {"ammo":0,"health":[96.0,138.0,112.0],"position":[637.229797363281,213.958267211914],"remaining":2,"step":1,"tick":3000,"wave":0}
FULL_OPERATION_TRACE {"ammo":3,"health":[96.0,138.0,112.0],"position":[637.237426757813,213.942764282227],"remaining":2,"step":1,"tick":3600,"wave":0}
FULL_OPERATION_TRACE {"ammo":13,"health":[96.0,138.0,112.0],"position":[656.626586914063,379.505859375],"remaining":2,"step":1,"tick":4200,"wave":0}
FULL_OPERATION_TRACE {"ammo":24,"health":[96.0,138.0,112.0],"position":[662.819641113281,375.951568603516],"remaining":2,"step":1,"tick":4800,"wave":0}
FULL_OPERATION_TRACE {"ammo":2,"health":[96.0,138.0,112.0],"position":[639.873901367188,212.365585327148],"remaining":2,"step":1,"tick":5400,"wave":0}
FULL_OPERATION_TRACE {"ammo":12,"health":[96.0,138.0,112.0],"position":[636.507019042969,214.406402587891],"remaining":2,"step":1,"tick":6000,"wave":0}
FULL_OPERATION_TRACE {"ammo":22,"health":[96.0,138.0,112.0],"position":[673.600341796875,369.771606445313],"remaining":2,"step":1,"tick":6600,"wave":0}
FULL_OPERATION_TRACE {"ammo":1,"health":[96.0,138.0,112.0],"position":[674.219909667969,369.5615234375],"remaining":2,"step":1,"tick":7200,"wave":0}
FULL_OPERATION_TRACE {"ammo":11,"health":[96.0,138.0,112.0],"position":[639.074584960938,212.841873168945],"remaining":2,"step":1,"tick":7800,"wave":0}
FULL_OPERATION_TRACE {"ammo":21,"health":[96.0,138.0,112.0],"position":[678.3076171875,189.095657348633],"remaining":2,"step":1,"tick":8400,"wave":0}
FULL_OPERATION_TRACE {"ammo":0,"health":[96.0,138.0,112.0],"position":[687.75927734375,361.659606933594],"remaining":2,"step":1,"tick":9000,"wave":0}
FULL_OPERATION_TRACE {"ammo":10,"health":[96.0,138.0,112.0],"position":[663.722717285156,375.436431884766],"remaining":2,"step":1,"tick":9600,"wave":0}
FULL_OPERATION_TRACE {"ammo":20,"health":[96.0,138.0,112.0],"position":[695.482055664063,178.717208862305],"remaining":2,"step":1,"tick":10200,"wave":0}
FULL_OPERATION_TRACE {"ammo":0,"health":[96.0,138.0,112.0],"position":[637.087463378906,214.044830322266],"remaining":2,"step":1,"tick":10800,"wave":0}
FULL_OPERATION_TRACE {"ammo":9,"health":[96.0,138.0,112.0],"position":[659.599304199219,377.147094726563],"remaining":2,"step":1,"tick":11400,"wave":0}
FULL_OPERATION_TRACE {"ammo":19,"health":[96.0,138.0,112.0],"position":[658.506774902344,378.437042236328],"remaining":2,"step":1,"tick":12000,"wave":0}
FULL_OPERATION_TRACE {"ammo":0,"health":[96.0,138.0,112.0],"position":[678.800476074219,188.797973632813],"remaining":2,"step":1,"tick":12600,"wave":0}
FULL_OPERATION_TRACE {"ammo":8,"health":[96.0,138.0,112.0],"position":[637.853332519531,213.582305908203],"remaining":2,"step":1,"tick":13200,"wave":0}
FULL_OPERATION_TRACE {"ammo":18,"health":[96.0,138.0,112.0],"position":[673.339416503906,369.921325683594],"remaining":2,"step":1,"tick":13800,"wave":0}
FULL_OPERATION_TRACE {"ammo":0,"health":[96.0,138.0,112.0],"position":[667.083190917969,373.508392333984],"remaining":2,"step":1,"tick":14400,"wave":0}
FULL_OPERATION_TRACE {"ammo":6,"health":[96.0,138.0,112.0],"position":[636.967407226563,214.152801513672],"remaining":2,"step":1,"tick":15000,"wave":0}
FULL_OPERATION_TRACE {"ammo":17,"health":[96.0,138.0,112.0],"position":[635.523071289063,214.929016113281],"remaining":2,"step":1,"tick":15600,"wave":0}
FULL_OPERATION_TRACE {"ammo":0,"health":[96.0,138.0,112.0],"position":[664.023193359375,375.271575927734],"remaining":2,"step":1,"tick":16200,"wave":0}
FULL_OPERATION_TRACE {"ammo":5,"health":[96.0,138.0,112.0],"position":[659.4716796875,377.873870849609],"remaining":2,"step":1,"tick":16800,"wave":0}
FULL_OPERATION_TRACE {"ammo":16,"health":[96.0,138.0,112.0],"position":[642.455993652344,211.439727783203],"remaining":2,"step":1,"tick":17400,"wave":0}
FULL_OPERATION_TRACE {"ammo":0,"health":[96.0,138.0,112.0],"position":[638.529663085938,213.174057006836],"remaining":2,"step":1,"tick":18000,"wave":0}
FULL_OPERATION_TRACE {"ammo":4,"health":[96.0,138.0,112.0],"position":[679.943603515625,365.861206054688],"remaining":2,"step":1,"tick":18600,"wave":0}
FULL_OPERATION_TRACE {"ammo":14,"health":[96.0,138.0,112.0],"position":[684.818420410156,363.397521972656],"remaining":2,"step":1,"tick":19200,"wave":0}
FULL_OPERATION_TRACE {"ammo":0,"health":[96.0,138.0,112.0],"position":[635.358032226563,215.088760375977],"remaining":2,"step":1,"tick":19800,"wave":0}
FULL_OPERATION_TRACE {"ammo":3,"health":[96.0,138.0,112.0],"position":[637.569396972656,213.753646850586],"remaining":2,"step":1,"tick":20400,"wave":0}
FULL_OPERATION_TRACE {"ammo":13,"health":[96.0,138.0,112.0],"position":[673.776245117188,369.66796875],"remaining":2,"step":1,"tick":21000,"wave":0}
FULL_OPERATION_TRACE {"ammo":24,"health":[96.0,138.0,112.0],"position":[675.871826171875,368.454742431641],"remaining":2,"step":1,"tick":21600,"wave":0}
FULL_OPERATION_TRACE {"ammo":2,"health":[96.0,138.0,112.0],"position":[637.307861328125,213.911834716797],"remaining":2,"step":1,"tick":22200,"wave":0}
FULL_OPERATION_TRACE {"ammo":12,"health":[96.0,138.0,112.0],"position":[678.126708984375,189.202438354492],"remaining":2,"step":1,"tick":22800,"wave":0}
FULL_OPERATION_TRACE {"ammo":22,"health":[96.0,138.0,112.0],"position":[691.84765625,359.306915283203],"remaining":2,"step":1,"tick":23400,"wave":0}
FULL_OPERATION_TRACE {"ammo":1,"health":[96.0,138.0,112.0],"position":[694.746887207031,357.685607910156],"remaining":2,"step":1,"tick":24000,"wave":0}
FULL_OPERATION_TRACE {"ammo":11,"health":[96.0,138.0,112.0],"position":[641.369262695313,211.480606079102],"remaining":2,"step":1,"tick":24600,"wave":0}
FULL_OPERATION_TRACE {"ammo":21,"health":[96.0,138.0,112.0],"position":[635.761047363281,214.847763061523],"remaining":2,"step":1,"tick":25200,"wave":0}
FULL_OPERATION_TRACE {"ammo":0,"health":[96.0,138.0,112.0],"position":[672.098022460938,370.575286865234],"remaining":2,"step":1,"tick":25800,"wave":0}
FULL_OPERATION_TRACE {"ammo":10,"health":[96.0,138.0,112.0],"position":[666.184997558594,374.0244140625],"remaining":2,"step":1,"tick":26400,"wave":0}
FULL_OPERATION_TRACE {"ammo":20,"health":[96.0,138.0,112.0],"position":[634.272033691406,215.672836303711],"remaining":2,"step":1,"tick":27000,"wave":0}
FULL_OPERATION_TRACE {"ammo":0,"health":[96.0,138.0,112.0],"position":[635.8544921875,214.789993286133],"remaining":2,"step":1,"tick":27600,"wave":0}
FULL_OPERATION_TRACE {"ammo":9,"health":[96.0,138.0,112.0],"position":[676.076477050781,368.352020263672],"remaining":2,"step":1,"tick":28200,"wave":0}
FULL_OPERATION_TRACE {"ammo":19,"health":[96.0,138.0,112.0],"position":[690.526000976563,360.064849853516],"remaining":2,"step":1,"tick":28800,"wave":0}
FULL_OPERATION_TRACE {"ammo":0,"health":[96.0,138.0,112.0],"position":[638.580444335938,213.161468505859],"remaining":2,"step":1,"tick":29400,"wave":0}
FULL_OPERATION_TRACE {"ammo":8,"health":[96.0,138.0,112.0],"position":[637.12939453125,214.019546508789],"remaining":2,"step":1,"tick":30000,"wave":0}
FULL_OPERATION_TRACE {"ammo":18,"health":[96.0,138.0,112.0],"position":[673.540344238281,369.844848632813],"remaining":2,"step":1,"tick":30600,"wave":0}
FULL_OPERATION_TRACE {"ammo":0,"health":[96.0,138.0,112.0],"position":[667.086303710938,373.507476806641],"remaining":2,"step":1,"tick":31200,"wave":0}
FULL_OPERATION_TRACE {"ammo":6,"health":[96.0,138.0,112.0],"position":[635.56494140625,214.963760375977],"remaining":2,"step":1,"tick":31800,"wave":0}
FULL_OPERATION_TRACE {"ammo":17,"health":[96.0,138.0,112.0],"position":[678.439208984375,189.01318359375],"remaining":2,"step":1,"tick":32400,"wave":0}
FULL_OPERATION_TRACE {"ammo":0,"health":[96.0,138.0,112.0],"position":[689.483825683594,360.664764404297],"remaining":2,"step":1,"tick":33000,"wave":0}
FULL_OPERATION_TRACE {"ammo":5,"health":[96.0,138.0,112.0],"position":[673.913818359375,369.573913574219],"remaining":2,"step":1,"tick":33600,"wave":0}
FULL_OPERATION_TRACE {"ammo":16,"health":[96.0,138.0,112.0],"position":[635.728576660156,214.869140625],"remaining":2,"step":1,"tick":34200,"wave":0}
FULL_OPERATION_TRACE {"ammo":0,"health":[96.0,138.0,112.0],"position":[676.076782226563,190.444778442383],"remaining":2,"step":1,"tick":34800,"wave":0}
FULL_OPERATION_TRACE {"ammo":4,"health":[96.0,138.0,112.0],"position":[665.214660644531,374.581207275391],"remaining":2,"step":1,"tick":35400,"wave":0}
ERROR: Route finishes within technical playthrough bound
   at: push_error (core/variant/variant_utility.cpp:1023)
   GDScript backtrace (most recent call first):
       [0] check (res://tests/smoke/site7_full_operation_smoke.gd:64)
       [1] run (res://tests/smoke/site7_full_operation_smoke.gd:148)
ERROR: Live combat and extraction succeed without cheats
   at: push_error (core/variant/variant_utility.cpp:1023)
   GDScript backtrace (most recent call first):
       [0] check (res://tests/smoke/site7_full_operation_smoke.gd:64)
       [1] run (res://tests/smoke/site7_full_operation_smoke.gd:149)
ERROR: All six rooms reached; not early extraction
   at: push_error (core/variant/variant_utility.cpp:1023)
   GDScript backtrace (most recent call first):
       [0] check (res://tests/smoke/site7_full_operation_smoke.gd:64)
       [1] run (res://tests/smoke/site7_full_operation_smoke.gd:150)
ERROR: Ledger acquired through interaction
   at: push_error (core/variant/variant_utility.cpp:1023)
   GDScript backtrace (most recent call first):
       [0] check (res://tests/smoke/site7_full_operation_smoke.gd:64)
       [1] run (res://tests/smoke/site7_full_operation_smoke.gd:151)
ERROR: Both optional rooms recovered
   at: push_error (core/variant/variant_utility.cpp:1023)
   GDScript backtrace (most recent call first):
       [0] check (res://tests/smoke/site7_full_operation_smoke.gd:64)
       [1] run (res://tests/smoke/site7_full_operation_smoke.gd:152)
ERROR: All authored waves and boss defeated through real damage
   at: push_error (core/variant/variant_utility.cpp:1023)
   GDScript backtrace (most recent call first):
       [0] check (res://tests/smoke/site7_full_operation_smoke.gd:64)
       [1] run (res://tests/smoke/site7_full_operation_smoke.gd:153)
ERROR: Observe actual hostile projectiles during the operation
   at: push_error (core/variant/variant_utility.cpp:1023)
   GDScript backtrace (most recent call first):
       [0] check (res://tests/smoke/site7_full_operation_smoke.gd:64)
       [1] check_emissions (res://tests/smoke/site7_full_operation_smoke.gd:34)
       [2] run (res://tests/smoke/site7_full_operation_smoke.gd:154)
SITE7_FULL_OPERATION_SMOKE: FAIL
