Godot Engine v4.7.1.stable.official.a13da4feb - https://godotengine.org

PASS: M10 extraction commits intel exactly once
PASS: M10 deposits all three secured intel families
PASS: duplicate run cannot duplicate intel samples
PASS: Lab analyzes SECURITY arc-gap sample
PASS: SECURITY analysis deducts 120 research and two samples
PASS: SECURITY analysis unlocks PRISM FOCUS
PASS: SECURITY analysis unlocks security weakness knowledge
PASS: module cannot be equipped by the wrong operator
PASS: ASTER equips PRISM FOCUS
PASS: Lab analyzes ABERRANT joint map
PASS: ROOK equips BREACH LINER
PASS: Lab analyzes ANCHOR signal model
PASS: MICA equips SENSOR ARRAY
PASS: M10 persists all three operator loadouts
PASS: all three analyses deduct their exact research costs
M7_RASTER_QUARANTINED identity=aster status=partial chunks=2 encoded=20000 present=15000 declared=94718
PASS: next deployment injects ASTER module
PASS: next deployment injects ROOK module
PASS: next deployment injects MICA module
PASS: PRISM FOCUS changes ASTER skill authority
PASS: BREACH LINER changes ROOK damage and stagger authority
PASS: SENSOR ARRAY changes MICA scan range and duration authority
PASS: field intel awards one sample per unique enemy identity
PASS: field HUD exposes unsecured intel cargo
PASS: deliberate extraction secures all intel samples
PASS: extraction loses no intel samples
PASS: wipe secures zero intel samples
PASS: wipe loses all four unsecured intel samples
PASS: Archive Annex actual node opens extraction window
PASS: Archive continue advances to Containment Junction
PASS: Containment Junction actual node opens extraction window
PASS: Containment continue advances to Core C
PASS: Current Stage 1 Core C proceeds to the final lift (two early windows)
PASS: M10 module smoke resolves live SECURITY target
PASS: SENSOR ARRAY reaches target beyond vanilla 420 range
PASS: SENSOR ARRAY applies extended EXPOSED duration
PASS: PRISM FOCUS casts against analyzed SECURITY target
PASS: PRISM FOCUS adds 15 percent to EXPOSED security Prism damage
PASS: BREACH LINER consumes EXPOSED
PASS: BREACH LINER applies boosted damage and 3 second stagger
M10_INTEL_LOADOUT_SMOKE: PASS
