Godot Engine v4.7.1.stable.official.a13da4feb - https://godotengine.org

SCRIPT ERROR: Parse Error: Cannot infer the type of "point" variable because the value doesn't have a set type.
   at: GDScript::reload (res://scripts/combat/site7_enemy_tactics.gd:214)
SCRIPT ERROR: Compile Error: Failed to compile depended scripts.
   at: GDScript::reload (res://scripts/actors/enemy_actor.gd:0)
ERROR: Failed to load script "res://scripts/actors/enemy_actor.gd" with error "Compilation failed".
   at: load (modules/gdscript/gdscript_resource_format.cpp:46)
M7_RASTER_QUARANTINED identity=aster status=partial chunks=2 encoded=20000 present=15000 declared=94718
SCRIPT ERROR: Invalid call. Nonexistent function 'new' in base 'GDScript'.
   at: EnemyActor._ready (res://scripts/actors/enemy_actor.gd:61)
   GDScript backtrace (most recent call first):
       [0] _ready (res://scripts/actors/enemy_actor.gd:61)
       [1] _spawn_wave (res://scripts/missions/story_stage_01.gd:339)
       [2] _spawn_combat (res://scripts/missions/story_stage_01.gd:319)
       [3] debug_spawn_encounter_for_step (res://scripts/missions/story_stage_01.gd:624)
       [4] start_battle_preview (res://scripts/missions/story_stage_01.gd:130)
       [5] run (res://tests/render/enemy_cover_navigation_regression.gd:19)
       [6] settle (res://tests/render/enemy_cover_navigation_regression.gd:11)
SCRIPT ERROR: Invalid call. Nonexistent function 'new' in base 'GDScript'.
   at: EnemyActor._ready (res://scripts/actors/enemy_actor.gd:61)
   GDScript backtrace (most recent call first):
       [0] _ready (res://scripts/actors/enemy_actor.gd:61)
       [1] _spawn_wave (res://scripts/missions/story_stage_01.gd:339)
       [2] _spawn_combat (res://scripts/missions/story_stage_01.gd:319)
       [3] debug_spawn_encounter_for_step (res://scripts/missions/story_stage_01.gd:624)
       [4] start_battle_preview (res://scripts/missions/story_stage_01.gd:130)
       [5] run (res://tests/render/enemy_cover_navigation_regression.gd:19)
       [6] settle (res://tests/render/enemy_cover_navigation_regression.gd:11)
SCRIPT ERROR: Invalid call. Nonexistent function 'new' in base 'GDScript'.
   at: EnemyActor._ready (res://scripts/actors/enemy_actor.gd:61)
   GDScript backtrace (most recent call first):
       [0] _ready (res://scripts/actors/enemy_actor.gd:61)
       [1] _spawn_wave (res://scripts/missions/story_stage_01.gd:339)
       [2] _spawn_combat (res://scripts/missions/story_stage_01.gd:319)
       [3] debug_spawn_encounter_for_step (res://scripts/missions/story_stage_01.gd:624)
       [4] start_battle_preview (res://scripts/missions/story_stage_01.gd:130)
       [5] run (res://tests/render/enemy_cover_navigation_regression.gd:19)
       [6] settle (res://tests/render/enemy_cover_navigation_regression.gd:11)
SCRIPT ERROR: Invalid assignment of property or key 'state' with value of type 'String' on a base object of type 'Nil'.
   at: run (res://tests/render/enemy_cover_navigation_regression.gd:35)
   GDScript backtrace (most recent call first):
       [0] run (res://tests/render/enemy_cover_navigation_regression.gd:35)
       [1] settle (res://tests/render/enemy_cover_navigation_regression.gd:11)
