D:\AI 종합 폴더\Games\Sable-circuit\tools\environment\render_karchive_props.py:38: DeprecationWarning: 'World.use_nodes' is expected to be removed in Blender 6.0
  scene.world.use_nodes=True
19:00:20 | INFO: Data are loaded, start creating Blender stuff
19:00:20 | INFO: Blender create Mesh node Mesh_0
19:00:20 | INFO: glTF import finished in 0.02s
KARCHIVE_PROP_DONE crate
D:\AI 종합 폴더\Games\Sable-circuit\tools\environment\render_karchive_props.py:38: DeprecationWarning: 'World.use_nodes' is expected to be removed in Blender 6.0
  scene.world.use_nodes=True
19:00:20 | INFO: Data are loaded, start creating Blender stuff
19:00:20 | INFO: Blender create Mesh node Mesh_0
19:00:20 | INFO: glTF import finished in 0.02s
KARCHIVE_PROP_DONE barrier
19:00:20 | INFO: Data are loaded, start creating Blender stuff
19:00:20 | INFO: Blender create Mesh node Mesh_0
19:00:20 | INFO: glTF import finished in 0.03s
KARCHIVE_PROP_DONE generator
19:00:20 | INFO: Data are loaded, start creating Blender stuff
19:00:20 | INFO: Blender create Mesh node Mesh_0
19:00:20 | INFO: glTF import finished in 0.03s
KARCHIVE_PROP_DONE cabinet
Blender 5.2.1 LTS (hash 9e2066aef7ef built 2026-08-25 02:38:20)

Blender quit
