D:\AI 종합 폴더\Games\Sable-circuit\tools\environment\render_karchive_props.py:37: DeprecationWarning: 'World.use_nodes' is expected to be removed in Blender 6.0
  scene.world.use_nodes=True
18:57:08 | INFO: Data are loaded, start creating Blender stuff
18:57:08 | INFO: Blender create Mesh node Mesh_0
18:57:08 | INFO: glTF import finished in 0.02s
00:16.953  render           | Saved: 'D:\AI 종합 폴더\Games\Sable-circuit\assets\environments\site7\karchive_props_v1\crate.png'
KARCHIVE_PROP_DONE crate
D:\AI 종합 폴더\Games\Sable-circuit\tools\environment\render_karchive_props.py:37: DeprecationWarning: 'World.use_nodes' is expected to be removed in Blender 6.0
  scene.world.use_nodes=True
18:57:24 | INFO: Data are loaded, start creating Blender stuff
18:57:24 | INFO: Blender create Mesh node Mesh_0
18:57:24 | INFO: glTF import finished in 0.03s
00:32.547  render           | Saved: 'D:\AI 종합 폴더\Games\Sable-circuit\assets\environments\site7\karchive_props_v1\barrier.png'
KARCHIVE_PROP_DONE barrier
18:57:40 | INFO: Data are loaded, start creating Blender stuff
18:57:40 | INFO: Blender create Mesh node Mesh_0
18:57:40 | INFO: glTF import finished in 0.03s
00:48.109  render           | Saved: 'D:\AI 종합 폴더\Games\Sable-circuit\assets\environments\site7\karchive_props_v1\generator.png'
KARCHIVE_PROP_DONE generator
18:57:56 | INFO: Data are loaded, start creating Blender stuff
18:57:56 | INFO: Blender create Mesh node Mesh_0
18:57:56 | INFO: glTF import finished in 0.03s
01:03.375  render           | Saved: 'D:\AI 종합 폴더\Games\Sable-circuit\assets\environments\site7\karchive_props_v1\cabinet.png'
KARCHIVE_PROP_DONE cabinet
Blender 5.2.1 LTS (hash 9e2066aef7ef built 2026-08-25 02:38:20)

Blender quit
