Godot Engine v4.7.1.stable.official.a13da4feb - https://godotengine.org

M7_RASTER_QUARANTINED identity=aster status=partial chunks=2 encoded=20000 present=15000 declared=94718
FULL_OPERATION_TRACE {"ammo":24,"health":[96.0,138.0,112.0],"hostiles":[],"position":[410.0,390.0],"remaining":0,"step":0,"tick":0,"wave":0}
FULL_OPERATION_TRACE {"ammo":24,"health":[96.0,138.0,112.0],"hostiles":[],"position":[318.021026611328,515.599975585938],"remaining":0,"step":1,"tick":31,"wave":0}
FULL_OPERATION_TRACE {"ammo":8,"health":[46.0,102.0,94.0],"hostiles":[{"hp":116.0,"id":"ENM_SITE7_MORTAR_01","position":"(919.0754, 229.4259)"},{"hp":217.5,"id":"ENM_SITE7_BULWARK_01","position":"(813.7386, 172.9029)"}],"position":[713.076416015625,175.628662109375],"remaining":2,"step":1,"tick":600,"wave":0}
FULL_OPERATION_TRACE {"ammo":1,"health":[33.6,68.0,94.0],"hostiles":[{"hp":116.0,"id":"ENM_SITE7_MORTAR_01","position":"(919.0754, 229.4259)"},{"hp":205.25,"id":"ENM_SITE7_BULWARK_01","position":"(813.7386, 172.9029)"}],"position":[727.8017578125,167.264602661133],"remaining":2,"step":1,"tick":1200,"wave":0}
FULL_OPERATION_TRACE {"ammo":7,"health":[33.6,0.0,94.0],"hostiles":[{"hp":116.0,"id":"ENM_SITE7_MORTAR_01","position":"(919.0754, 229.4259)"},{"hp":152.05,"id":"ENM_SITE7_BULWARK_01","position":"(798.2388, 172.9744)"}],"position":[955.279052734375,21.4201812744141],"remaining":2,"step":1,"tick":1800,"wave":0}
FULL_OPERATION_TRACE {"ammo":7,"health":[33.6,0.0,94.0],"hostiles":[{"hp":116.0,"id":"ENM_SITE7_MORTAR_01","position":"(919.0754, 229.4259)"},{"hp":28.8499999999998,"id":"ENM_SITE7_BULWARK_01","position":"(798.2388, 172.9744)"}],"position":[956.921081542969,20.5554885864258],"remaining":2,"step":1,"tick":2400,"wave":0}
FULL_OPERATION_TRACE {"ammo":7,"health":[33.6,0.0,94.0],"hostiles":[{"hp":116.0,"id":"ENM_SITE7_MORTAR_01","position":"(919.0754, 229.4259)"}],"position":[1169.96984863281,85.9089660644531],"remaining":1,"step":1,"tick":3000,"wave":0}
FULL_OPERATION_TRACE {"ammo":7,"health":[33.6,0.0,94.0],"hostiles":[{"hp":116.0,"id":"ENM_SITE7_MORTAR_01","position":"(919.0754, 229.4259)"}],"position":[1168.7705078125,86.5956420898438],"remaining":1,"step":1,"tick":3600,"wave":0}
FULL_OPERATION_TRACE {"ammo":7,"health":[15.6,0.0,94.0],"hostiles":[{"hp":116.0,"id":"ENM_SITE7_MORTAR_01","position":"(919.0754, 229.4259)"}],"position":[956.875183105469,20.4545745849609],"remaining":1,"step":1,"tick":4200,"wave":0}
FULL_OPERATION_TRACE {"ammo":11,"health":[0.0,48.3,58.0],"hostiles":[{"hp":116.0,"id":"ENM_SITE7_MORTAR_01","position":"(919.0754, 229.4259)"}],"position":[667.081176757813,373.483154296875],"remaining":1,"step":1,"tick":4800,"wave":0}
FULL_OPERATION_TRACE {"ammo":11,"health":[0.0,48.3,22.0],"hostiles":[{"hp":116.0,"id":"ENM_SITE7_MORTAR_01","position":"(919.0754, 229.4259)"}],"position":[710.125610351563,169.807250976563],"remaining":1,"step":1,"tick":5400,"wave":0}
FULL_OPERATION_TRACE {"ammo":11,"health":[0.0,48.3,22.0],"hostiles":[{"hp":116.0,"id":"ENM_SITE7_MORTAR_01","position":"(919.0754, 229.4259)"}],"position":[711.034057617188,169.680786132813],"remaining":1,"step":1,"tick":6000,"wave":0}
FULL_OPERATION_TRACE {"ammo":11,"health":[0.0,48.3,22.0],"hostiles":[{"hp":116.0,"id":"ENM_SITE7_MORTAR_01","position":"(919.0754, 229.4259)"}],"position":[669.47216796875,372.122161865234],"remaining":1,"step":1,"tick":6600,"wave":0}
FULL_OPERATION_TRACE {"ammo":11,"health":[0.0,48.3,22.0],"hostiles":[{"hp":116.0,"id":"ENM_SITE7_MORTAR_01","position":"(919.0754, 229.4259)"}],"position":[668.250183105469,372.839965820313],"remaining":1,"step":1,"tick":7200,"wave":0}
FULL_OPERATION_TRACE {"ammo":11,"health":[0.0,48.3,22.0],"hostiles":[{"hp":116.0,"id":"ENM_SITE7_MORTAR_01","position":"(919.0754, 229.4259)"}],"position":[710.230346679688,169.597747802734],"remaining":1,"step":1,"tick":7800,"wave":0}
FULL_OPERATION_TRACE {"ammo":11,"health":[0.0,48.3,22.0],"hostiles":[{"hp":116.0,"id":"ENM_SITE7_MORTAR_01","position":"(919.0754, 229.4259)"}],"position":[709.978881835938,169.758804321289],"remaining":1,"step":1,"tick":8400,"wave":0}
FULL_OPERATION_TRACE {"ammo":8,"health":[0.0,48.3,0.0],"hostiles":[{"hp":116.0,"id":"ENM_SITE7_MORTAR_01","position":"(919.0754, 229.4259)"}],"position":[431.444854736328,507.275177001953],"remaining":1,"step":1,"tick":9000,"wave":0}
FULL_OPERATION_TRACE {"ammo":8,"health":[0.0,30.3,32.9],"hostiles":[{"hp":116.0,"id":"ENM_SITE7_MORTAR_01","position":"(919.0754, 229.4259)"}],"position":[668.689208984375,372.588226318359],"remaining":1,"step":1,"tick":9600,"wave":0}
FULL_OPERATION_TRACE {"ammo":11,"health":[0.0,0.0,32.9],"hostiles":[{"hp":116.0,"id":"ENM_SITE7_MORTAR_01","position":"(919.0754, 229.4259)"}],"position":[624.230529785156,256.565155029297],"remaining":1,"step":1,"tick":10200,"wave":0}
FULL_OPERATION_TRACE {"ammo":11,"health":[0.0,48.3,14.9],"hostiles":[{"hp":116.0,"id":"ENM_SITE7_MORTAR_01","position":"(919.0754, 229.4259)"}],"position":[710.126525878906,169.806732177734],"remaining":1,"step":1,"tick":10800,"wave":0}
FULL_OPERATION_TRACE {"ammo":11,"health":[0.0,48.3,14.9],"hostiles":[{"hp":116.0,"id":"ENM_SITE7_MORTAR_01","position":"(919.0754, 229.4259)"}],"position":[667.956481933594,373.007476806641],"remaining":1,"step":1,"tick":11400,"wave":0}
FULL_OPERATION_TRACE {"ammo":11,"health":[0.0,48.3,14.9],"hostiles":[{"hp":116.0,"id":"ENM_SITE7_MORTAR_01","position":"(919.0754, 229.4259)"}],"position":[665.539001464844,374.394836425781],"remaining":1,"step":1,"tick":12000,"wave":0}
FULL_OPERATION_TRACE {"ammo":11,"health":[0.0,48.3,14.9],"hostiles":[{"hp":116.0,"id":"ENM_SITE7_MORTAR_01","position":"(919.0754, 229.4259)"}],"position":[710.504028320313,169.577926635742],"remaining":1,"step":1,"tick":12600,"wave":0}
FULL_OPERATION_TRACE {"ammo":11,"health":[0.0,48.3,14.9],"hostiles":[{"hp":116.0,"id":"ENM_SITE7_MORTAR_01","position":"(919.0754, 229.4259)"}],"position":[710.011779785156,169.785522460938],"remaining":1,"step":1,"tick":13200,"wave":0}
FULL_OPERATION_TRACE {"ammo":8,"health":[0.0,48.3,0.0],"hostiles":[{"hp":116.0,"id":"ENM_SITE7_MORTAR_01","position":"(919.0754, 229.4259)"}],"position":[635.74462890625,289.085388183594],"remaining":1,"step":1,"tick":13800,"wave":0}
FULL_OPERATION_TRACE {"ammo":8,"health":[0.0,30.3,39.2],"hostiles":[{"hp":116.0,"id":"ENM_SITE7_MORTAR_01","position":"(919.0754, 229.4259)"}],"position":[668.467712402344,372.462707519531],"remaining":1,"step":1,"tick":14400,"wave":0}
FULL_OPERATION_TRACE {"ammo":11,"health":[0.0,0.0,39.2],"hostiles":[{"hp":116.0,"id":"ENM_SITE7_MORTAR_01","position":"(919.0754, 229.4259)"}],"position":[621.874877929688,274.503448486328],"remaining":1,"step":1,"tick":15000,"wave":0}
FULL_OPERATION_TRACE {"ammo":11,"health":[0.0,48.3,21.2],"hostiles":[{"hp":116.0,"id":"ENM_SITE7_MORTAR_01","position":"(919.0754, 229.4259)"}],"position":[708.652587890625,170.730392456055],"remaining":1,"step":1,"tick":15600,"wave":0}
