Godot Engine v4.7.1.stable.official.a13da4feb - https://godotengine.org

M7_RASTER_QUARANTINED identity=aster status=partial chunks=2 encoded=20000 present=15000 declared=94718
FULL_OPERATION_TRACE {"ammo":24,"health":[96.0,138.0,112.0],"hostiles":[],"position":[410.0,390.0],"remaining":0,"step":0,"tick":0,"wave":0}
FULL_OPERATION_TRACE {"ammo":24,"health":[96.0,138.0,112.0],"hostiles":[],"position":[329.0068359375,495.9140625],"remaining":0,"step":1,"tick":32,"wave":0}
FULL_OPERATION_TRACE {"ammo":6,"health":[78.0,138.0,112.0],"hostiles":[{"hp":116.0,"id":"ENM_SITE7_MORTAR_01","position":"(919.0754, 229.4259)"},{"hp":235.0,"id":"ENM_SITE7_BULWARK_01","position":"(828.2052, 172.836)"}],"position":[699.644714355469,180.054153442383],"remaining":2,"step":1,"tick":600,"wave":0}
FULL_OPERATION_TRACE {"ammo":8,"health":[0.0,138.0,112.0],"hostiles":[{"hp":116.0,"id":"ENM_SITE7_MORTAR_01","position":"(919.0754, 229.4259)"},{"hp":235.0,"id":"ENM_SITE7_BULWARK_01","position":"(819.9386, 172.8742)"}],"position":[675.973205566406,269.454223632813],"remaining":2,"step":1,"tick":1200,"wave":0}
FULL_OPERATION_TRACE {"ammo":0,"health":[15.6,36.0,112.0],"hostiles":[{"hp":116.0,"id":"ENM_SITE7_MORTAR_01","position":"(919.0754, 229.4259)"},{"hp":154.15,"id":"ENM_SITE7_BULWARK_01","position":"(819.9386, 172.8742)"}],"position":[716.161071777344,175.95085144043],"remaining":2,"step":1,"tick":1800,"wave":0}
FULL_OPERATION_TRACE {"ammo":1,"health":[0.0,48.3,94.0],"hostiles":[{"hp":116.0,"id":"ENM_SITE7_MORTAR_01","position":"(919.0754, 229.4259)"},{"hp":143.65,"id":"ENM_SITE7_BULWARK_01","position":"(837.8052, 186.5767)"}],"position":[897.359741210938,118.011054992676],"remaining":2,"step":1,"tick":2400,"wave":0}
FULL_OPERATION_TRACE {"ammo":10,"health":[0.0,30.3,94.0],"hostiles":[{"hp":116.0,"id":"ENM_SITE7_MORTAR_01","position":"(919.0754, 229.4259)"},{"hp":143.65,"id":"ENM_SITE7_BULWARK_01","position":"(837.8052, 186.5767)"}],"position":[1035.80187988281,162.663528442383],"remaining":2,"step":1,"tick":3000,"wave":0}
FULL_OPERATION_TRACE {"ammo":3,"health":[33.6,0.0,94.0],"hostiles":[{"hp":116.0,"id":"ENM_SITE7_MORTAR_01","position":"(919.0754, 229.4259)"},{"hp":135.25,"id":"ENM_SITE7_BULWARK_01","position":"(837.8052, 173.1432)"}],"position":[1110.24145507813,29.6113586425781],"remaining":2,"step":1,"tick":3600,"wave":0}
FULL_OPERATION_TRACE {"ammo":18,"health":[33.6,0.0,58.0],"hostiles":[{"hp":116.0,"id":"ENM_SITE7_MORTAR_01","position":"(919.0754, 229.4259)"},{"hp":76.4500000000004,"id":"ENM_SITE7_BULWARK_01","position":"(842.3508, 126.8661)"}],"position":[1038.28039550781,-20.158031463623],"remaining":2,"step":1,"tick":4200,"wave":0}
FULL_OPERATION_TRACE {"ammo":7,"health":[33.6,0.0,40.0],"hostiles":[{"hp":116.0,"id":"ENM_SITE7_MORTAR_01","position":"(919.0754, 229.4259)"}],"position":[956.7158203125,20.5509643554688],"remaining":1,"step":1,"tick":4800,"wave":0}
FULL_OPERATION_TRACE {"ammo":7,"health":[15.6,0.0,22.0],"hostiles":[{"hp":116.0,"id":"ENM_SITE7_MORTAR_01","position":"(919.0754, 229.4259)"}],"position":[1172.63940429688,84.3231887817383],"remaining":1,"step":1,"tick":5400,"wave":0}
FULL_OPERATION_TRACE {"ammo":7,"health":[33.6,0.0,22.0],"hostiles":[{"hp":116.0,"id":"ENM_SITE7_MORTAR_01","position":"(919.0754, 229.4259)"}],"position":[1160.27697753906,72.4622573852539],"remaining":1,"step":1,"tick":6000,"wave":0}
FULL_OPERATION_TRACE {"ammo":7,"health":[15.6,0.0,22.0],"hostiles":[{"hp":116.0,"id":"ENM_SITE7_MORTAR_01","position":"(919.0754, 229.4259)"}],"position":[959.0166015625,19.1746006011963],"remaining":1,"step":1,"tick":6600,"wave":0}
FULL_OPERATION_TRACE {"ammo":7,"health":[0.0,0.0,22.0],"hostiles":[{"hp":116.0,"id":"ENM_SITE7_MORTAR_01","position":"(919.0754, 229.4259)"}],"position":[956.63671875,20.5988235473633],"remaining":1,"step":1,"tick":7200,"wave":0}
FULL_OPERATION_TRACE {"ammo":7,"health":[33.6,0.0,22.0],"hostiles":[{"hp":116.0,"id":"ENM_SITE7_MORTAR_01","position":"(919.0754, 229.4259)"}],"position":[1172.50720214844,84.4577789306641],"remaining":1,"step":1,"tick":7800,"wave":0}
FULL_OPERATION_TRACE {"ammo":7,"health":[33.6,0.0,22.0],"hostiles":[{"hp":116.0,"id":"ENM_SITE7_MORTAR_01","position":"(919.0754, 229.4259)"}],"position":[1171.68151855469,84.9301223754883],"remaining":1,"step":1,"tick":8400,"wave":0}
FULL_OPERATION_TRACE {"ammo":7,"health":[33.6,0.0,4.0],"hostiles":[{"hp":116.0,"id":"ENM_SITE7_MORTAR_01","position":"(919.0754, 229.4259)"}],"position":[958.731140136719,19.4819717407227],"remaining":1,"step":1,"tick":9000,"wave":0}
FULL_OPERATION_TRACE {"ammo":24,"health":[15.6,0.0,39.2],"hostiles":[{"hp":116.0,"id":"ENM_SITE7_MORTAR_01","position":"(919.0754, 229.4259)"}],"position":[1010.87762451172,-6.98723888397217],"remaining":1,"step":1,"tick":9600,"wave":0}
FULL_OPERATION_TRACE {"ammo":7,"health":[33.6,0.0,32.9],"hostiles":[{"hp":116.0,"id":"ENM_SITE7_MORTAR_01","position":"(919.0754, 229.4259)"}],"position":[1169.58386230469,86.1307754516602],"remaining":1,"step":1,"tick":10200,"wave":0}
FULL_OPERATION_TRACE {"ammo":7,"health":[15.6,0.0,32.9],"hostiles":[{"hp":116.0,"id":"ENM_SITE7_MORTAR_01","position":"(919.0754, 229.4259)"}],"position":[1171.90222167969,84.6074295043945],"remaining":1,"step":1,"tick":10800,"wave":0}
FULL_OPERATION_TRACE {"ammo":7,"health":[33.6,0.0,32.9],"hostiles":[{"hp":116.0,"id":"ENM_SITE7_MORTAR_01","position":"(919.0754, 229.4259)"}],"position":[957.634460449219,19.9976654052734],"remaining":1,"step":1,"tick":11400,"wave":0}
FULL_OPERATION_TRACE {"ammo":7,"health":[33.6,0.0,32.9],"hostiles":[{"hp":116.0,"id":"ENM_SITE7_MORTAR_01","position":"(919.0754, 229.4259)"}],"position":[956.485046386719,20.9735069274902],"remaining":1,"step":1,"tick":12000,"wave":0}
FULL_OPERATION_TRACE {"ammo":7,"health":[33.6,0.0,32.9],"hostiles":[{"hp":116.0,"id":"ENM_SITE7_MORTAR_01","position":"(919.0754, 229.4259)"}],"position":[1170.44262695313,85.6390151977539],"remaining":1,"step":1,"tick":12600,"wave":0}
FULL_OPERATION_TRACE {"ammo":7,"health":[33.6,0.0,32.9],"hostiles":[{"hp":116.0,"id":"ENM_SITE7_MORTAR_01","position":"(919.0754, 229.4259)"}],"position":[1172.1884765625,84.6400527954102],"remaining":1,"step":1,"tick":13200,"wave":0}
FULL_OPERATION_TRACE {"ammo":7,"health":[15.6,0.0,14.9],"hostiles":[{"hp":116.0,"id":"ENM_SITE7_MORTAR_01","position":"(919.0754, 229.4259)"}],"position":[958.765991210938,19.3981533050537],"remaining":1,"step":1,"tick":13800,"wave":0}
ERROR: Live combat and extraction succeed without cheats
   at: push_error (core/variant/variant_utility.cpp:1023)
   GDScript backtrace (most recent call first):
       [0] check (res://tests/smoke/site7_full_operation_smoke.gd:100)
       [1] run (res://tests/smoke/site7_full_operation_smoke.gd:199)
ERROR: All six rooms reached; not early extraction
   at: push_error (core/variant/variant_utility.cpp:1023)
   GDScript backtrace (most recent call first):
       [0] check (res://tests/smoke/site7_full_operation_smoke.gd:100)
       [1] run (res://tests/smoke/site7_full_operation_smoke.gd:200)
ERROR: Ledger acquired through interaction
   at: push_error (core/variant/variant_utility.cpp:1023)
   GDScript backtrace (most recent call first):
       [0] check (res://tests/smoke/site7_full_operation_smoke.gd:100)
       [1] run (res://tests/smoke/site7_full_operation_smoke.gd:201)
ERROR: Both optional rooms recovered
   at: push_error (core/variant/variant_utility.cpp:1023)
   GDScript backtrace (most recent call first):
       [0] check (res://tests/smoke/site7_full_operation_smoke.gd:100)
       [1] run (res://tests/smoke/site7_full_operation_smoke.gd:202)
ERROR: All authored waves and boss defeated through real damage
   at: push_error (core/variant/variant_utility.cpp:1023)
   GDScript backtrace (most recent call first):
       [0] check (res://tests/smoke/site7_full_operation_smoke.gd:100)
       [1] run (res://tests/smoke/site7_full_operation_smoke.gd:203)
SITE7_FULL_OPERATION_SMOKE: FAIL
