Godot Engine v4.7.1.stable.official.a13da4feb - https://godotengine.org

M7_RASTER_QUARANTINED identity=aster status=partial chunks=2 encoded=20000 present=15000 declared=94718
ERROR: EnemyDetailOverlayPresentation missing identity mapping: ENM_SITE7_BULWARK_01
   at: push_error (core/variant/variant_utility.cpp:1023)
   GDScript backtrace (most recent call first):
       [0] _bind (res://scripts/animation/enemy_detail_overlay_presentation.gd:20)
ERROR: EnemyDetailOverlayPresentation missing identity mapping: ENM_SITE7_RAM_01
   at: push_error (core/variant/variant_utility.cpp:1023)
   GDScript backtrace (most recent call first):
       [0] _bind (res://scripts/animation/enemy_detail_overlay_presentation.gd:20)
ERROR: EnemyDetailOverlayPresentation missing identity mapping: ENM_SITE7_MORTAR_01
   at: push_error (core/variant/variant_utility.cpp:1023)
   GDScript backtrace (most recent call first):
       [0] _bind (res://scripts/animation/enemy_detail_overlay_presentation.gd:20)
ERROR: EnemyDetailOverlayPresentation missing identity mapping: ENM_SITE7_RAM_01
   at: push_error (core/variant/variant_utility.cpp:1023)
   GDScript backtrace (most recent call first):
       [0] _bind (res://scripts/animation/enemy_detail_overlay_presentation.gd:20)
ERROR: EnemyDetailOverlayPresentation missing identity mapping: ENM_SITE7_MORTAR_01
   at: push_error (core/variant/variant_utility.cpp:1023)
   GDScript backtrace (most recent call first):
       [0] _bind (res://scripts/animation/enemy_detail_overlay_presentation.gd:20)
SITE7_NEW_ROBOTS PASS 5056 res://qa/stage_enemies_20260919/native_1789818665_36
