Godot Engine v4.7.1.stable.official.a13da4feb - https://godotengine.org

M7_RASTER_QUARANTINED identity=aster status=partial chunks=2 encoded=20000 present=15000 declared=94718
FULL_OPERATION_TRACE {"ammo":24,"health":[96.0,138.0,112.0],"hostiles":[],"position":[410.0,390.0],"remaining":0,"step":0,"tick":0,"wave":0}
FULL_OPERATION_TRACE {"ammo":24,"health":[96.0,138.0,112.0],"hostiles":[],"position":[329.0068359375,495.9140625],"remaining":0,"step":1,"tick":32,"wave":0}
FULL_OPERATION_TRACE {"ammo":8,"health":[46.0,138.0,112.0],"hostiles":[{"hp":116.0,"id":"ENM_SITE7_MORTAR_01","position":"(919.0754, 229.4259)"}],"position":[652.566589355469,369.676361083984],"remaining":1,"step":1,"tick":600,"wave":0}
FULL_OPERATION_TRACE {"ammo":8,"health":[46.0,120.0,112.0],"hostiles":[{"hp":116.0,"id":"ENM_SITE7_MORTAR_01","position":"(919.0754, 229.4259)"}],"position":[721.953918457031,163.555892944336],"remaining":1,"step":1,"tick":1200,"wave":0}
FULL_OPERATION_TRACE {"ammo":8,"health":[46.0,120.0,112.0],"hostiles":[{"hp":116.0,"id":"ENM_SITE7_MORTAR_01","position":"(919.0754, 229.4259)"}],"position":[667.001708984375,373.555999755859],"remaining":1,"step":1,"tick":1800,"wave":0}
FULL_OPERATION_TRACE {"ammo":8,"health":[46.0,120.0,112.0],"hostiles":[{"hp":116.0,"id":"ENM_SITE7_MORTAR_01","position":"(919.0754, 229.4259)"}],"position":[666.603454589844,373.784362792969],"remaining":1,"step":1,"tick":2400,"wave":0}
FULL_OPERATION_TRACE {"ammo":8,"health":[46.0,120.0,112.0],"hostiles":[{"hp":116.0,"id":"ENM_SITE7_MORTAR_01","position":"(919.0754, 229.4259)"}],"position":[708.123352050781,171.08219909668],"remaining":1,"step":1,"tick":3000,"wave":0}
FULL_OPERATION_TRACE {"ammo":8,"health":[46.0,102.0,112.0],"hostiles":[{"hp":116.0,"id":"ENM_SITE7_MORTAR_01","position":"(919.0754, 229.4259)"}],"position":[721.623901367188,162.895385742188],"remaining":1,"step":1,"tick":3600,"wave":0}
FULL_OPERATION_TRACE {"ammo":8,"health":[28.0,84.0,94.0],"hostiles":[{"hp":116.0,"id":"ENM_SITE7_MORTAR_01","position":"(919.0754, 229.4259)"}],"position":[665.960571289063,373.850189208984],"remaining":1,"step":1,"tick":4200,"wave":0}
FULL_OPERATION_TRACE {"ammo":1,"health":[0.0,84.0,76.0],"hostiles":[{"hp":116.0,"id":"ENM_SITE7_MORTAR_01","position":"(919.0754, 229.4259)"}],"position":[666.790100097656,373.624786376953],"remaining":1,"step":1,"tick":4800,"wave":0}
FULL_OPERATION_TRACE {"ammo":1,"health":[27.3,30.0,58.0],"hostiles":[{"hp":116.0,"id":"ENM_SITE7_MORTAR_01","position":"(919.0754, 229.4259)"}],"position":[705.671936035156,172.505676269531],"remaining":1,"step":1,"tick":5400,"wave":0}
FULL_OPERATION_TRACE {"ammo":1,"health":[27.3,12.0,40.0],"hostiles":[{"hp":116.0,"id":"ENM_SITE7_MORTAR_01","position":"(919.0754, 229.4259)"}],"position":[720.481018066406,163.716125488281],"remaining":1,"step":1,"tick":6000,"wave":0}
FULL_OPERATION_TRACE {"ammo":1,"health":[27.3,12.0,40.0],"hostiles":[{"hp":116.0,"id":"ENM_SITE7_MORTAR_01","position":"(919.0754, 229.4259)"}],"position":[664.988708496094,348.098510742188],"remaining":1,"step":1,"tick":6600,"wave":0}
FULL_OPERATION_TRACE {"ammo":1,"health":[27.3,12.0,40.0],"hostiles":[{"hp":116.0,"id":"ENM_SITE7_MORTAR_01","position":"(919.0754, 229.4259)"}],"position":[667.964233398438,373.002166748047],"remaining":1,"step":1,"tick":7200,"wave":0}
FULL_OPERATION_TRACE {"ammo":1,"health":[27.3,12.0,40.0],"hostiles":[{"hp":116.0,"id":"ENM_SITE7_MORTAR_01","position":"(919.0754, 229.4259)"}],"position":[706.126892089844,172.231430053711],"remaining":1,"step":1,"tick":7800,"wave":0}
FULL_OPERATION_TRACE {"ammo":1,"health":[27.3,12.0,40.0],"hostiles":[{"hp":116.0,"id":"ENM_SITE7_MORTAR_01","position":"(919.0754, 229.4259)"}],"position":[720.629089355469,163.63069152832],"remaining":1,"step":1,"tick":8400,"wave":0}
FULL_OPERATION_TRACE {"ammo":8,"health":[27.3,0.0,22.0],"hostiles":[{"hp":116.0,"id":"ENM_SITE7_MORTAR_01","position":"(919.0754, 229.4259)"}],"position":[467.95703125,487.562469482422],"remaining":1,"step":1,"tick":9000,"wave":0}
FULL_OPERATION_TRACE {"ammo":8,"health":[9.29999999999999,48.3,4.0],"hostiles":[{"hp":116.0,"id":"ENM_SITE7_MORTAR_01","position":"(919.0754, 229.4259)"}],"position":[666.580017089844,373.650421142578],"remaining":1,"step":1,"tick":9600,"wave":0}
FULL_OPERATION_TRACE {"ammo":1,"health":[15.6,12.3,4.0],"hostiles":[{"hp":116.0,"id":"ENM_SITE7_MORTAR_01","position":"(919.0754, 229.4259)"}],"position":[709.287170410156,170.315383911133],"remaining":1,"step":1,"tick":10200,"wave":0}
FULL_OPERATION_TRACE {"ammo":8,"health":[15.6,48.3,4.0],"hostiles":[{"hp":116.0,"id":"ENM_SITE7_MORTAR_01","position":"(919.0754, 229.4259)"}],"position":[711.444885253906,169.007675170898],"remaining":1,"step":1,"tick":10800,"wave":0}
FULL_OPERATION_TRACE {"ammo":8,"health":[15.6,48.3,4.0],"hostiles":[{"hp":116.0,"id":"ENM_SITE7_MORTAR_01","position":"(919.0754, 229.4259)"}],"position":[667.800048828125,373.097808837891],"remaining":1,"step":1,"tick":11400,"wave":0}
FULL_OPERATION_TRACE {"ammo":8,"health":[15.6,48.3,4.0],"hostiles":[{"hp":116.0,"id":"ENM_SITE7_MORTAR_01","position":"(919.0754, 229.4259)"}],"position":[665.568786621094,374.377777099609],"remaining":1,"step":1,"tick":12000,"wave":0}
FULL_OPERATION_TRACE {"ammo":8,"health":[15.6,48.3,4.0],"hostiles":[{"hp":116.0,"id":"ENM_SITE7_MORTAR_01","position":"(919.0754, 229.4259)"}],"position":[711.301818847656,169.093933105469],"remaining":1,"step":1,"tick":12600,"wave":0}
FULL_OPERATION_TRACE {"ammo":8,"health":[15.6,48.3,0.0],"hostiles":[{"hp":116.0,"id":"ENM_SITE7_MORTAR_01","position":"(919.0754, 229.4259)"}],"position":[718.408874511719,165.925765991211],"remaining":1,"step":1,"tick":13200,"wave":0}
FULL_OPERATION_TRACE {"ammo":1,"health":[0.0,48.3,21.2],"hostiles":[{"hp":116.0,"id":"ENM_SITE7_MORTAR_01","position":"(919.0754, 229.4259)"}],"position":[955.411560058594,21.340030670166],"remaining":1,"step":1,"tick":13800,"wave":0}
FULL_OPERATION_TRACE {"ammo":1,"health":[0.0,30.3,3.2],"hostiles":[{"hp":116.0,"id":"ENM_SITE7_MORTAR_01","position":"(919.0754, 229.4259)"}],"position":[956.936767578125,20.4173374176025],"remaining":1,"step":1,"tick":14400,"wave":0}
FULL_OPERATION_TRACE {"ammo":1,"health":[0.0,12.3,0.0],"hostiles":[{"hp":116.0,"id":"ENM_SITE7_MORTAR_01","position":"(919.0754, 229.4259)"}],"position":[1164.91467285156,78.0287322998047],"remaining":1,"step":1,"tick":15000,"wave":0}
FULL_OPERATION_TRACE {"ammo":1,"health":[0.0,12.3,0.0],"hostiles":[{"hp":116.0,"id":"ENM_SITE7_MORTAR_01","position":"(919.0754, 229.4259)"}],"position":[1171.7177734375,84.909423828125],"remaining":1,"step":1,"tick":15600,"wave":0}
FULL_OPERATION_TRACE {"ammo":1,"health":[0.0,12.3,0.0],"hostiles":[{"hp":116.0,"id":"ENM_SITE7_MORTAR_01","position":"(919.0754, 229.4259)"}],"position":[982.895812988281,4.7138090133667],"remaining":1,"step":1,"tick":16200,"wave":0}
FULL_OPERATION_TRACE {"ammo":1,"health":[0.0,12.3,0.0],"hostiles":[{"hp":116.0,"id":"ENM_SITE7_MORTAR_01","position":"(919.0754, 229.4259)"}],"position":[954.833435058594,21.6870670318604],"remaining":1,"step":1,"tick":16800,"wave":0}
FULL_OPERATION_TRACE {"ammo":1,"health":[0.0,12.3,0.0],"hostiles":[{"hp":116.0,"id":"ENM_SITE7_MORTAR_01","position":"(919.0754, 229.4259)"}],"position":[1164.77685546875,77.8408660888672],"remaining":1,"step":1,"tick":17400,"wave":0}
FULL_OPERATION_TRACE {"ammo":1,"health":[0.0,12.3,0.0],"hostiles":[{"hp":116.0,"id":"ENM_SITE7_MORTAR_01","position":"(919.0754, 229.4259)"}],"position":[1171.40173339844,85.0902481079102],"remaining":1,"step":1,"tick":18000,"wave":0}
ERROR: Live combat and extraction succeed without cheats
   at: push_error (core/variant/variant_utility.cpp:1023)
   GDScript backtrace (most recent call first):
       [0] check (res://tests/smoke/site7_full_operation_smoke.gd:100)
       [1] run (res://tests/smoke/site7_full_operation_smoke.gd:199)
ERROR: All six rooms reached; not early extraction
   at: push_error (core/variant/variant_utility.cpp:1023)
   GDScript backtrace (most recent call first):
       [0] check (res://tests/smoke/site7_full_operation_smoke.gd:100)
       [1] run (res://tests/smoke/site7_full_operation_smoke.gd:200)
ERROR: Ledger acquired through interaction
   at: push_error (core/variant/variant_utility.cpp:1023)
   GDScript backtrace (most recent call first):
       [0] check (res://tests/smoke/site7_full_operation_smoke.gd:100)
       [1] run (res://tests/smoke/site7_full_operation_smoke.gd:201)
ERROR: Both optional rooms recovered
   at: push_error (core/variant/variant_utility.cpp:1023)
   GDScript backtrace (most recent call first):
       [0] check (res://tests/smoke/site7_full_operation_smoke.gd:100)
       [1] run (res://tests/smoke/site7_full_operation_smoke.gd:202)
ERROR: All authored waves and boss defeated through real damage
   at: push_error (core/variant/variant_utility.cpp:1023)
   GDScript backtrace (most recent call first):
       [0] check (res://tests/smoke/site7_full_operation_smoke.gd:100)
       [1] run (res://tests/smoke/site7_full_operation_smoke.gd:203)
SITE7_FULL_OPERATION_SMOKE: FAIL
