Godot Engine v4.7.1.stable.official.a13da4feb - https://godotengine.org

M7_RASTER_QUARANTINED identity=aster status=partial chunks=2 encoded=20000 present=15000 declared=94718
PASS: M7 loads eight expanded room art plates
PASS: M7 widened triangular echelon is authoritative
PASS: M7 echelon reserves the firing lane
PASS: M7 rear operator separation is expanded
PASS: ASTER current Motion Studio package activates in the game scene
PASS: ASTER Motion Studio runtime loads all eight directions
PASS: ASTER Motion Studio source is map-scaled to the 129.6px operator height
PASS: ASTER owns authored raster staging layer
PASS: ASTER raster staging has no malformed/decode-error state
PASS: ASTER partial raster is quarantined before image decode
PASS: ASTER partial raster exposes RIFF declared/present byte gap
PASS: ASTER partial raster never activates
PASS: ASTER Motion Studio runtime exclusively replaces the visible vector layer
PASS: ROOK owns authored raster staging layer
PASS: ROOK raster staging has no malformed/decode-error state
PASS: ROOK legacy raster stays inactive beside FastCharacterRuntime
PASS: ROOK FastCharacterRuntime supersession is not a malformed payload
PASS: MICA current Motion Studio package activates in the game scene
PASS: MICA Motion Studio runtime loads all eight directions
PASS: MICA Motion Studio source is map-scaled to the 129.6px operator height
PASS: MICA owns authored raster staging layer
PASS: MICA raster staging has no malformed/decode-error state
PASS: MICA missing raster remains on validated vector rendering
PASS: MICA Motion Studio runtime replaces the missing-raster fallback layer
PASS: M7 target-aware camera exists
PASS: M7 camera contract is active
PASS: camera frames actual hostile group
PASS: camera reserves enemy-side screen space
PASS: camera owns dedicated boss safe framing
PASS: boss framing uses authoritative live-enemy scan
PASS: boss framing is independent from combat targetability
PASS: boss framing owns a dedicated zoom-out
PASS: boss framing reserves additional target space
PASS: boss framing zooms out enough for giant silhouette clearance
PASS: boss zoom materially differs from normal traversal zoom
PASS: Core C has dedicated boss arena presentation
PASS: Core C owns four authored pylon anchors
PASS: Phase 1 pylons stay dormant
PASS: Phase 2 activates two opposing pylons
PASS: Phase 3 activates all four pylons
PASS: Phase 3 uses four readable arena wedges
PASS: Phase 3 exposes the authored weakpoint core
PASS: Phase 3 keeps the boss body readable
PASS: Phase 3 preserves movement gaps
PASS: Phase 3 telegraphs remain on the floor plane
PASS: boss arena renders behind combatants
PASS: M7 boss spawns in Core C
PASS: boss body is grounded inside the actual Core C plate
PASS: boss telegraphs follow the actual encounter anchor
PASS: M7 boss reaches Phase 3
PASS: Phase 3 keeps five separated lanes
PASS: Phase 3 body remains visually readable
PASS: boss arena follows boss into Phase 3
PASS: Phase 3 runtime has four active pylons
PASS: Phase 3 runtime exposes the weakpoint
PASS: Phase 3 targetability guard temporarily removes boss from combat target group
PASS: camera retains boss focus while Phase 3 targetability guard is active
PASS: Phase 3 runtime activates giant-boss zoom-out
PASS: camera priority scan resolves the authoritative live boss
PASS: M7 preserves true diagonal movement
PASS: M7 preserves independent aim
PASS: M7 attaches eight-sector silhouette presentation
PASS: M7 attaches directional scale normalization
PASS: direction scale guard forbids head-size pumping
PASS: profile replacement head is normalized to frontal gameplay scale
PASS: rear replacement head is normalized to frontal gameplay scale
PASS: sector 0 resolves as a true profile silhouette
PASS: profile body width is visibly compressed
PASS: profile shoulders collapse into side depth
PASS: profile face is narrowed instead of front-facing
PASS: profile sector uses authored directional identity plates
PASS: profile replacement owns layered head torso and identity detail
PASS: profile sector suppresses the baked frontal head
PASS: profile sector cannot leak frontal core art
PASS: directional plates preserve operator identity
PASS: front sector restores full body width
PASS: front sector restores authored frontal head
PASS: sector 6 resolves as rear presentation
PASS: rear sector keeps full rear silhouette width
PASS: rear sector uses authored rear identity plates
PASS: rear replacement owns layered hair backplate and rear armor
PASS: rear sector removes baked facial art
PASS: rear sector cannot leak frontal core art
PASS: front/profile silhouettes differ materially
M7_AUTHORED_VISUAL_SMOKE: PASS
