✔ An authored profile ignores leftover character-specific fire and leg-warp bundles (2.8238ms)
✔ Shared authored route keeps identical leg phases with and without fire (0.8545ms)
✔ Authored contact timing holds planted steps while preserving phase order (0.5907ms)
✔ Shared recoil transform cannot move support feet (0.797ms)
✔ Full-body walk AND run select all six phases, never recoil recovery frame 5 (2.0152ms)
✔ Locomotion is distance phase driven, not wall-clock or firing cadence (0.1862ms)
✔ Live Actor → full-body renderer traverses walk/run cycles at 30/60/120 Hz (17.3522ms)
✔ A cursor between the character and illustrated muzzle cannot make a bullet fly behind the facing (3.5707ms)
✔ Turning throughout held moving fire keeps every projectile and rendered facing on one aim at 30/60/120 Hz (34.5698ms)
✔ A fresh movement chord can take aim during held mouse fire and the next mouse move can take it back (0.804ms)
✔ An exactly centred cursor retains the previous aim instead of forcing east (0.1899ms)
✔ One muzzle-aware solution preserves actual cursor hits and body/shot alignment throughout a turn (5.8984ms)
✔ A target inside weapon reach cannot turn only the bullet backwards (0.3031ms)
✔ All four WASD diagonals work in either press order, with Korean/English/Shift/IME event values (16.2309ms)
✔ Arrow key pairs drive all four diagonals through the same actor (0.6912ms)
✔ Releasing one key returns to the remaining direction; opposite-key and alias chords do not stick (0.5506ms)
✔ A new movement chord takes facing from an idle pointer, but key repeat does not cancel active mouse aim (0.2421ms)
✔ Shift and Space continue to work with diagonal motion and independent mouse firing (1.1081ms)
✔ Settings controls allow WASD without swallowing text editing or native slider/checkbox keys (0.2687ms)
✔ Keyboard movement, reload, and fire all clear on focus loss (1.7093ms)
✔ A click shorter than one render frame fires once without a held button (4.6208ms)
✔ All eight movement directions and all eight independent firing facings, at three display rates (42.5118ms)
✔ Diagonal keys do not create a speed advantage (0.707ms)
✔ Stop, resume and speed switch retain a valid continuous locomotion phase (1.8282ms)
✔ Held fire consumes ammunition, automatically reloads, and remains rate independent (6.9006ms)
✔ Reload prevents shots and restores the magazine only when complete (0.6208ms)
✔ Obstacles and world bounds constrain actual position (2.9104ms)
✔ Swept projectile collision catches thin targets between ticks (0.3959ms)
ℹ tests 28
ℹ suites 0
ℹ pass 28
ℹ fail 0
ℹ cancelled 0
ℹ skipped 0
ℹ todo 0
ℹ duration_ms 252.2353

