Godot Engine v4.7.1.stable.official.a13da4feb - https://godotengine.org

M7_RASTER_QUARANTINED identity=aster status=partial chunks=2 encoded=20000 present=15000 declared=94718
MODULE_EXPANSION_SMOKE: FAIL (86 checks)
WARNING: Loaded resource as image file, this will not work on export: 'res://assets/enemies/recon_drone/authored_yaw8_v1/E.png'. Instead, import the image file as an Image resource and load it normally as a resource.
   at: load_from_file (core/io/image.cpp:2780)
   GDScript backtrace (most recent call first):
       [0] _decode_view (res://scripts/animation/site7_machine_sprite.gd:127)
       [1] _read_view (res://scripts/animation/site7_machine_sprite.gd:155)
       [2] configure (res://scripts/animation/site7_machine_sprite.gd:198)
       [3] preview_machine_source (res://scripts/actors/enemy_actor.gd:423)
       [4] _load_reviewed_machine_source (res://scripts/actors/enemy_actor.gd:440)
       [5] _ready (res://scripts/actors/enemy_actor.gd:94)
       [6] run (res://.cache/diag/expansion_item3_20261006/module_controls/ECHO_RELAY/test.gd:36)
WARNING: Loaded resource as image file, this will not work on export: 'res://assets/enemies/recon_drone/authored_yaw8_v1/SE.png'. Instead, import the image file as an Image resource and load it normally as a resource.
   at: load_from_file (core/io/image.cpp:2780)
   GDScript backtrace (most recent call first):
       [0] _decode_view (res://scripts/animation/site7_machine_sprite.gd:127)
       [1] _read_view (res://scripts/animation/site7_machine_sprite.gd:155)
       [2] configure (res://scripts/animation/site7_machine_sprite.gd:198)
       [3] preview_machine_source (res://scripts/actors/enemy_actor.gd:423)
       [4] _load_reviewed_machine_source (res://scripts/actors/enemy_actor.gd:440)
       [5] _ready (res://scripts/actors/enemy_actor.gd:94)
       [6] run (res://.cache/diag/expansion_item3_20261006/module_controls/ECHO_RELAY/test.gd:36)
WARNING: Loaded resource as image file, this will not work on export: 'res://assets/enemies/recon_drone/authored_yaw8_v1/S.png'. Instead, import the image file as an Image resource and load it normally as a resource.
   at: load_from_file (core/io/image.cpp:2780)
   GDScript backtrace (most recent call first):
       [0] _decode_view (res://scripts/animation/site7_machine_sprite.gd:127)
       [1] _read_view (res://scripts/animation/site7_machine_sprite.gd:155)
       [2] configure (res://scripts/animation/site7_machine_sprite.gd:198)
       [3] preview_machine_source (res://scripts/actors/enemy_actor.gd:423)
       [4] _load_reviewed_machine_source (res://scripts/actors/enemy_actor.gd:440)
       [5] _ready (res://scripts/actors/enemy_actor.gd:94)
       [6] run (res://.cache/diag/expansion_item3_20261006/module_controls/ECHO_RELAY/test.gd:36)
WARNING: Loaded resource as image file, this will not work on export: 'res://assets/enemies/recon_drone/authored_yaw8_v1/SW.png'. Instead, import the image file as an Image resource and load it normally as a resource.
   at: load_from_file (core/io/image.cpp:2780)
   GDScript backtrace (most recent call first):
       [0] _decode_view (res://scripts/animation/site7_machine_sprite.gd:127)
       [1] _read_view (res://scripts/animation/site7_machine_sprite.gd:155)
       [2] configure (res://scripts/animation/site7_machine_sprite.gd:198)
       [3] preview_machine_source (res://scripts/actors/enemy_actor.gd:423)
       [4] _load_reviewed_machine_source (res://scripts/actors/enemy_actor.gd:440)
       [5] _ready (res://scripts/actors/enemy_actor.gd:94)
       [6] run (res://.cache/diag/expansion_item3_20261006/module_controls/ECHO_RELAY/test.gd:36)
WARNING: Loaded resource as image file, this will not work on export: 'res://assets/enemies/recon_drone/authored_yaw8_v1/W.png'. Instead, import the image file as an Image resource and load it normally as a resource.
   at: load_from_file (core/io/image.cpp:2780)
   GDScript backtrace (most recent call first):
       [0] _decode_view (res://scripts/animation/site7_machine_sprite.gd:127)
       [1] _read_view (res://scripts/animation/site7_machine_sprite.gd:155)
       [2] configure (res://scripts/animation/site7_machine_sprite.gd:198)
       [3] preview_machine_source (res://scripts/actors/enemy_actor.gd:423)
       [4] _load_reviewed_machine_source (res://scripts/actors/enemy_actor.gd:440)
       [5] _ready (res://scripts/actors/enemy_actor.gd:94)
       [6] run (res://.cache/diag/expansion_item3_20261006/module_controls/ECHO_RELAY/test.gd:36)
WARNING: Loaded resource as image file, this will not work on export: 'res://assets/enemies/recon_drone/authored_yaw8_v1/NW.png'. Instead, import the image file as an Image resource and load it normally as a resource.
   at: load_from_file (core/io/image.cpp:2780)
   GDScript backtrace (most recent call first):
       [0] _decode_view (res://scripts/animation/site7_machine_sprite.gd:127)
       [1] _read_view (res://scripts/animation/site7_machine_sprite.gd:155)
       [2] configure (res://scripts/animation/site7_machine_sprite.gd:198)
       [3] preview_machine_source (res://scripts/actors/enemy_actor.gd:423)
       [4] _load_reviewed_machine_source (res://scripts/actors/enemy_actor.gd:440)
       [5] _ready (res://scripts/actors/enemy_actor.gd:94)
       [6] run (res://.cache/diag/expansion_item3_20261006/module_controls/ECHO_RELAY/test.gd:36)
WARNING: Loaded resource as image file, this will not work on export: 'res://assets/enemies/recon_drone/authored_yaw8_v1/N.png'. Instead, import the image file as an Image resource and load it normally as a resource.
   at: load_from_file (core/io/image.cpp:2780)
   GDScript backtrace (most recent call first):
       [0] _decode_view (res://scripts/animation/site7_machine_sprite.gd:127)
       [1] _read_view (res://scripts/animation/site7_machine_sprite.gd:155)
       [2] configure (res://scripts/animation/site7_machine_sprite.gd:198)
       [3] preview_machine_source (res://scripts/actors/enemy_actor.gd:423)
       [4] _load_reviewed_machine_source (res://scripts/actors/enemy_actor.gd:440)
       [5] _ready (res://scripts/actors/enemy_actor.gd:94)
       [6] run (res://.cache/diag/expansion_item3_20261006/module_controls/ECHO_RELAY/test.gd:36)
WARNING: Loaded resource as image file, this will not work on export: 'res://assets/enemies/recon_drone/authored_yaw8_v1/NE.png'. Instead, import the image file as an Image resource and load it normally as a resource.
   at: load_from_file (core/io/image.cpp:2780)
   GDScript backtrace (most recent call first):
       [0] _decode_view (res://scripts/animation/site7_machine_sprite.gd:127)
       [1] _read_view (res://scripts/animation/site7_machine_sprite.gd:155)
       [2] configure (res://scripts/animation/site7_machine_sprite.gd:198)
       [3] preview_machine_source (res://scripts/actors/enemy_actor.gd:423)
       [4] _load_reviewed_machine_source (res://scripts/actors/enemy_actor.gd:440)
       [5] _ready (res://scripts/actors/enemy_actor.gd:94)
       [6] run (res://.cache/diag/expansion_item3_20261006/module_controls/ECHO_RELAY/test.gd:36)
ERROR: MOD_ECHO_RELAY actual effect and debug authority agree exactly once
   at: push_error (core/variant/variant_utility.cpp:1023)
   GDScript backtrace (most recent call first):
       [0] check (res://.cache/diag/expansion_item3_20261006/module_controls/ECHO_RELAY/test.gd:112)
       [1] run (res://.cache/diag/expansion_item3_20261006/module_controls/ECHO_RELAY/test.gd:50)
