D:\AI 종합 폴더\Games\Sable-circuit\qa\karchive_asset_intake_20260919\render_shortlist.py:29: DeprecationWarning: 'World.use_nodes' is expected to be removed in Blender 6.0
  scene.world.use_nodes = True
18:01:12 | INFO: Data are loaded, start creating Blender stuff
18:01:12 | INFO: Blender create Mesh node Mesh_0
18:01:12 | INFO: glTF import finished in 0.04s
00:17.375  render           | Saved: 'D:\AI 종합 폴더\Games\Sable-circuit\qa\karchive_asset_intake_20260919\renders\01_angular-apocalypse-supply-crate-closed.png'
KARCHIVE_RENDER_COMPLETE 1/12 angular-apocalypse-supply-crate-closed
D:\AI 종합 폴더\Games\Sable-circuit\qa\karchive_asset_intake_20260919\render_shortlist.py:29: DeprecationWarning: 'World.use_nodes' is expected to be removed in Blender 6.0
  scene.world.use_nodes = True
18:01:27 | INFO: Data are loaded, start creating Blender stuff
18:01:27 | INFO: Blender create Mesh node Mesh_0
18:01:27 | INFO: glTF import finished in 0.03s
00:29.719  render           | Saved: 'D:\AI 종합 폴더\Games\Sable-circuit\qa\karchive_asset_intake_20260919\renders\02_angular-apocalypse-supply-crate-open-tools.png'
KARCHIVE_RENDER_COMPLETE 2/12 angular-apocalypse-supply-crate-open-tools
18:01:39 | INFO: Data are loaded, start creating Blender stuff
18:01:39 | INFO: Blender create Mesh node Mesh_0
18:01:39 | INFO: glTF import finished in 0.02s
00:41.125  render           | Saved: 'D:\AI 종합 폴더\Games\Sable-circuit\qa\karchive_asset_intake_20260919\renders\03_angular-apocalypse-portable-generator-ready.png'
KARCHIVE_RENDER_COMPLETE 3/12 angular-apocalypse-portable-generator-ready
18:01:51 | INFO: Data are loaded, start creating Blender stuff
18:01:51 | INFO: Blender create Mesh node Mesh_0
18:01:51 | INFO: glTF import finished in 0.03s
00:51.547  render           | Saved: 'D:\AI 종합 폴더\Games\Sable-circuit\qa\karchive_asset_intake_20260919\renders\04_angular-apocalypse-battery-bank-full-batteries.png'
KARCHIVE_RENDER_COMPLETE 4/12 angular-apocalypse-battery-bank-full-batteries
18:02:01 | INFO: Data are loaded, start creating Blender stuff
18:02:01 | INFO: Blender create Mesh node Mesh_0
18:02:01 | INFO: glTF import finished in 0.02s
01:01.985  render           | Saved: 'D:\AI 종합 폴더\Games\Sable-circuit\qa\karchive_asset_intake_20260919\renders\05_angular-apocalypse-medical-cabinet-open-supplies.png'
KARCHIVE_RENDER_COMPLETE 5/12 angular-apocalypse-medical-cabinet-open-supplies
18:02:12 | INFO: Data are loaded, start creating Blender stuff
18:02:12 | INFO: Blender create Mesh node Mesh_0
18:02:12 | INFO: glTF import finished in 0.03s
01:12.938  render           | Saved: 'D:\AI 종합 폴더\Games\Sable-circuit\qa\karchive_asset_intake_20260919\renders\06_angular-apocalypse-radio-desk-ready.png'
KARCHIVE_RENDER_COMPLETE 6/12 angular-apocalypse-radio-desk-ready
18:02:22 | INFO: Data are loaded, start creating Blender stuff
18:02:22 | INFO: Blender create Mesh node Mesh_0
18:02:22 | INFO: glTF import finished in 0.03s
01:25.157  render           | Saved: 'D:\AI 종합 폴더\Games\Sable-circuit\qa\karchive_asset_intake_20260919\renders\07_angular-apocalypse-concrete-roadblock.png'
KARCHIVE_RENDER_COMPLETE 7/12 angular-apocalypse-concrete-roadblock
18:02:35 | INFO: Data are loaded, start creating Blender stuff
18:02:35 | INFO: Blender create Mesh node Mesh_0
18:02:35 | INFO: glTF import finished in 0.04s
01:38.625  render           | Saved: 'D:\AI 종합 폴더\Games\Sable-circuit\qa\karchive_asset_intake_20260919\renders\08_angular-apocalypse-sandbag-barricade.png'
KARCHIVE_RENDER_COMPLETE 8/12 angular-apocalypse-sandbag-barricade
18:02:48 | INFO: Data are loaded, start creating Blender stuff
18:02:48 | INFO: Blender create Mesh node Mesh_0
18:02:48 | INFO: glTF import finished in 0.04s
01:53.172  render           | Saved: 'D:\AI 종합 폴더\Games\Sable-circuit\qa\karchive_asset_intake_20260919\renders\09_angular-apocalypse-fuel-drum-rack-two-drums.png'
KARCHIVE_RENDER_COMPLETE 9/12 angular-apocalypse-fuel-drum-rack-two-drums
18:03:03 | INFO: Data are loaded, start creating Blender stuff
18:03:03 | INFO: Blender create Mesh node Mesh_0
18:03:03 | INFO: glTF import finished in 0.04s
02:06.235  render           | Saved: 'D:\AI 종합 폴더\Games\Sable-circuit\qa\karchive_asset_intake_20260919\renders\10_angular-apocalypse-locker-cache-open-stocked.png'
KARCHIVE_RENDER_COMPLETE 10/12 angular-apocalypse-locker-cache-open-stocked
18:03:16 | INFO: Data are loaded, start creating Blender stuff
18:03:16 | INFO: Blender create Mesh node Mesh_0
18:03:16 | INFO: glTF import finished in 0.04s
02:17.360  render           | Saved: 'D:\AI 종합 폴더\Games\Sable-circuit\qa\karchive_asset_intake_20260919\renders\11_angular-apocalypse-shelter-door-unit-closed.png'
KARCHIVE_RENDER_COMPLETE 11/12 angular-apocalypse-shelter-door-unit-closed
18:03:27 | INFO: Data are loaded, start creating Blender stuff
18:03:27 | INFO: Blender create Mesh node Mesh_0
18:03:27 | INFO: glTF import finished in 0.03s
02:28.938  render           | Saved: 'D:\AI 종합 폴더\Games\Sable-circuit\qa\karchive_asset_intake_20260919\renders\12_angular-common-infrastructure-electrical-junction-cabinet-industrial-normal.png'
KARCHIVE_RENDER_COMPLETE 12/12 angular-common-infrastructure-electrical-junction-cabinet-industrial-normal
Blender 5.2.1 LTS (hash 9e2066aef7ef built 2026-08-25 02:38:20)

Blender quit
