00:02.359  render           | Saved: 'D:\AI 종합 폴더\Games\Sable-circuit\art_src\characters\rook\fast_pipeline\motion\candidate_rook_c02_v21_continuous_two_bone_walk\blender_frames\E\idle\00.png'
00:02.531  render           | Saved: 'D:\AI 종합 폴더\Games\Sable-circuit\art_src\characters\rook\fast_pipeline\motion\candidate_rook_c02_v21_continuous_two_bone_walk\blender_frames\E\idle\01.png'
00:02.734  render           | Saved: 'D:\AI 종합 폴더\Games\Sable-circuit\art_src\characters\rook\fast_pipeline\motion\candidate_rook_c02_v21_continuous_two_bone_walk\blender_frames\E\idle\02.png'
00:02.906  render           | Saved: 'D:\AI 종합 폴더\Games\Sable-circuit\art_src\characters\rook\fast_pipeline\motion\candidate_rook_c02_v21_continuous_two_bone_walk\blender_frames\E\idle\03.png'
00:03.172  render           | Saved: 'D:\AI 종합 폴더\Games\Sable-circuit\art_src\characters\rook\fast_pipeline\motion\candidate_rook_c02_v21_continuous_two_bone_walk\blender_frames\E\move\00.png'
00:03.453  render           | Saved: 'D:\AI 종합 폴더\Games\Sable-circuit\art_src\characters\rook\fast_pipeline\motion\candidate_rook_c02_v21_continuous_two_bone_walk\blender_frames\E\move\01.png'
00:03.719  render           | Saved: 'D:\AI 종합 폴더\Games\Sable-circuit\art_src\characters\rook\fast_pipeline\motion\candidate_rook_c02_v21_continuous_two_bone_walk\blender_frames\E\move\02.png'
00:03.937  render           | Saved: 'D:\AI 종합 폴더\Games\Sable-circuit\art_src\characters\rook\fast_pipeline\motion\candidate_rook_c02_v21_continuous_two_bone_walk\blender_frames\E\move\03.png'
00:04.172  render           | Saved: 'D:\AI 종합 폴더\Games\Sable-circuit\art_src\characters\rook\fast_pipeline\motion\candidate_rook_c02_v21_continuous_two_bone_walk\blender_frames\E\move\04.png'
00:04.422  render           | Saved: 'D:\AI 종합 폴더\Games\Sable-circuit\art_src\characters\rook\fast_pipeline\motion\candidate_rook_c02_v21_continuous_two_bone_walk\blender_frames\E\move\05.png'
00:04.719  render           | Saved: 'D:\AI 종합 폴더\Games\Sable-circuit\art_src\characters\rook\fast_pipeline\motion\candidate_rook_c02_v21_continuous_two_bone_walk\blender_frames\E\move\06.png'
00:05.000  render           | Saved: 'D:\AI 종합 폴더\Games\Sable-circuit\art_src\characters\rook\fast_pipeline\motion\candidate_rook_c02_v21_continuous_two_bone_walk\blender_frames\E\move\07.png'
00:05.344  render           | Saved: 'D:\AI 종합 폴더\Games\Sable-circuit\art_src\characters\rook\fast_pipeline\motion\candidate_rook_c02_v21_continuous_two_bone_walk\blender_frames\E\move\08.png'
00:05.609  render           | Saved: 'D:\AI 종합 폴더\Games\Sable-circuit\art_src\characters\rook\fast_pipeline\motion\candidate_rook_c02_v21_continuous_two_bone_walk\blender_frames\E\move\09.png'
00:05.875  render           | Saved: 'D:\AI 종합 폴더\Games\Sable-circuit\art_src\characters\rook\fast_pipeline\motion\candidate_rook_c02_v21_continuous_two_bone_walk\blender_frames\E\move\10.png'
00:06.109  render           | Saved: 'D:\AI 종합 폴더\Games\Sable-circuit\art_src\characters\rook\fast_pipeline\motion\candidate_rook_c02_v21_continuous_two_bone_walk\blender_frames\E\move\11.png'
00:06.375  render           | Saved: 'D:\AI 종합 폴더\Games\Sable-circuit\art_src\characters\rook\fast_pipeline\motion\candidate_rook_c02_v21_continuous_two_bone_walk\blender_frames\E\move\12.png'
00:06.687  render           | Saved: 'D:\AI 종합 폴더\Games\Sable-circuit\art_src\characters\rook\fast_pipeline\motion\candidate_rook_c02_v21_continuous_two_bone_walk\blender_frames\E\move\13.png'
00:06.922  render           | Saved: 'D:\AI 종합 폴더\Games\Sable-circuit\art_src\characters\rook\fast_pipeline\motion\candidate_rook_c02_v21_continuous_two_bone_walk\blender_frames\E\move\14.png'
00:07.125  render           | Saved: 'D:\AI 종합 폴더\Games\Sable-circuit\art_src\characters\rook\fast_pipeline\motion\candidate_rook_c02_v21_continuous_two_bone_walk\blender_frames\E\move\15.png'
00:07.344  render           | Saved: 'D:\AI 종합 폴더\Games\Sable-circuit\art_src\characters\rook\fast_pipeline\motion\candidate_rook_c02_v21_continuous_two_bone_walk\blender_frames\E\move\16.png'
00:07.578  render           | Saved: 'D:\AI 종합 폴더\Games\Sable-circuit\art_src\characters\rook\fast_pipeline\motion\candidate_rook_c02_v21_continuous_two_bone_walk\blender_frames\E\move\17.png'
00:07.797  render           | Saved: 'D:\AI 종합 폴더\Games\Sable-circuit\art_src\characters\rook\fast_pipeline\motion\candidate_rook_c02_v21_continuous_two_bone_walk\blender_frames\E\move\18.png'
00:08.015  render           | Saved: 'D:\AI 종합 폴더\Games\Sable-circuit\art_src\characters\rook\fast_pipeline\motion\candidate_rook_c02_v21_continuous_two_bone_walk\blender_frames\E\move\19.png'
00:08.234  render           | Saved: 'D:\AI 종합 폴더\Games\Sable-circuit\art_src\characters\rook\fast_pipeline\motion\candidate_rook_c02_v21_continuous_two_bone_walk\blender_frames\E\move\20.png'
00:08.453  render           | Saved: 'D:\AI 종합 폴더\Games\Sable-circuit\art_src\characters\rook\fast_pipeline\motion\candidate_rook_c02_v21_continuous_two_bone_walk\blender_frames\E\move\21.png'
00:08.703  render           | Saved: 'D:\AI 종합 폴더\Games\Sable-circuit\art_src\characters\rook\fast_pipeline\motion\candidate_rook_c02_v21_continuous_two_bone_walk\blender_frames\E\move\22.png'
00:08.937  render           | Saved: 'D:\AI 종합 폴더\Games\Sable-circuit\art_src\characters\rook\fast_pipeline\motion\candidate_rook_c02_v21_continuous_two_bone_walk\blender_frames\E\move\23.png'
00:09.094  render           | Saved: 'D:\AI 종합 폴더\Games\Sable-circuit\art_src\characters\rook\fast_pipeline\motion\candidate_rook_c02_v21_continuous_two_bone_walk\blender_frames\E\fire\00.png'
00:09.234  render           | Saved: 'D:\AI 종합 폴더\Games\Sable-circuit\art_src\characters\rook\fast_pipeline\motion\candidate_rook_c02_v21_continuous_two_bone_walk\blender_frames\E\fire\01.png'
00:09.390  render           | Saved: 'D:\AI 종합 폴더\Games\Sable-circuit\art_src\characters\rook\fast_pipeline\motion\candidate_rook_c02_v21_continuous_two_bone_walk\blender_frames\E\fire\02.png'
00:09.578  render           | Saved: 'D:\AI 종합 폴더\Games\Sable-circuit\art_src\characters\rook\fast_pipeline\motion\candidate_rook_c02_v21_continuous_two_bone_walk\blender_frames\E\fire\03.png'
00:09.734  render           | Saved: 'D:\AI 종합 폴더\Games\Sable-circuit\art_src\characters\rook\fast_pipeline\motion\candidate_rook_c02_v21_continuous_two_bone_walk\blender_frames\E\fire\04.png'
00:09.875  render           | Saved: 'D:\AI 종합 폴더\Games\Sable-circuit\art_src\characters\rook\fast_pipeline\motion\candidate_rook_c02_v21_continuous_two_bone_walk\blender_frames\E\fire\05.png'
00:10.375  render           | Saved: 'D:\AI 종합 폴더\Games\Sable-circuit\art_src\characters\rook\fast_pipeline\motion\candidate_rook_c02_v21_continuous_two_bone_walk\blender_frames\SE\idle\00.png'
00:10.515  render           | Saved: 'D:\AI 종합 폴더\Games\Sable-circuit\art_src\characters\rook\fast_pipeline\motion\candidate_rook_c02_v21_continuous_two_bone_walk\blender_frames\SE\idle\01.png'
00:10.672  render           | Saved: 'D:\AI 종합 폴더\Games\Sable-circuit\art_src\characters\rook\fast_pipeline\motion\candidate_rook_c02_v21_continuous_two_bone_walk\blender_frames\SE\idle\02.png'
00:10.812  render           | Saved: 'D:\AI 종합 폴더\Games\Sable-circuit\art_src\characters\rook\fast_pipeline\motion\candidate_rook_c02_v21_continuous_two_bone_walk\blender_frames\SE\idle\03.png'
00:11.015  render           | Saved: 'D:\AI 종합 폴더\Games\Sable-circuit\art_src\characters\rook\fast_pipeline\motion\candidate_rook_c02_v21_continuous_two_bone_walk\blender_frames\SE\move\00.png'
00:11.203  render           | Saved: 'D:\AI 종합 폴더\Games\Sable-circuit\art_src\characters\rook\fast_pipeline\motion\candidate_rook_c02_v21_continuous_two_bone_walk\blender_frames\SE\move\01.png'
00:11.422  render           | Saved: 'D:\AI 종합 폴더\Games\Sable-circuit\art_src\characters\rook\fast_pipeline\motion\candidate_rook_c02_v21_continuous_two_bone_walk\blender_frames\SE\move\02.png'
00:11.625  render           | Saved: 'D:\AI 종합 폴더\Games\Sable-circuit\art_src\characters\rook\fast_pipeline\motion\candidate_rook_c02_v21_continuous_two_bone_walk\blender_frames\SE\move\03.png'
00:11.828  render           | Saved: 'D:\AI 종합 폴더\Games\Sable-circuit\art_src\characters\rook\fast_pipeline\motion\candidate_rook_c02_v21_continuous_two_bone_walk\blender_frames\SE\move\04.png'
00:12.062  render           | Saved: 'D:\AI 종합 폴더\Games\Sable-circuit\art_src\characters\rook\fast_pipeline\motion\candidate_rook_c02_v21_continuous_two_bone_walk\blender_frames\SE\move\05.png'
00:12.281  render           | Saved: 'D:\AI 종합 폴더\Games\Sable-circuit\art_src\characters\rook\fast_pipeline\motion\candidate_rook_c02_v21_continuous_two_bone_walk\blender_frames\SE\move\06.png'
00:12.500  render           | Saved: 'D:\AI 종합 폴더\Games\Sable-circuit\art_src\characters\rook\fast_pipeline\motion\candidate_rook_c02_v21_continuous_two_bone_walk\blender_frames\SE\move\07.png'
00:12.734  render           | Saved: 'D:\AI 종합 폴더\Games\Sable-circuit\art_src\characters\rook\fast_pipeline\motion\candidate_rook_c02_v21_continuous_two_bone_walk\blender_frames\SE\move\08.png'
00:12.984  render           | Saved: 'D:\AI 종합 폴더\Games\Sable-circuit\art_src\characters\rook\fast_pipeline\motion\candidate_rook_c02_v21_continuous_two_bone_walk\blender_frames\SE\move\09.png'
00:13.219  render           | Saved: 'D:\AI 종합 폴더\Games\Sable-circuit\art_src\characters\rook\fast_pipeline\motion\candidate_rook_c02_v21_continuous_two_bone_walk\blender_frames\SE\move\10.png'
00:13.437  render           | Saved: 'D:\AI 종합 폴더\Games\Sable-circuit\art_src\characters\rook\fast_pipeline\motion\candidate_rook_c02_v21_continuous_two_bone_walk\blender_frames\SE\move\11.png'
00:13.640  render           | Saved: 'D:\AI 종합 폴더\Games\Sable-circuit\art_src\characters\rook\fast_pipeline\motion\candidate_rook_c02_v21_continuous_two_bone_walk\blender_frames\SE\move\12.png'
00:13.828  render           | Saved: 'D:\AI 종합 폴더\Games\Sable-circuit\art_src\characters\rook\fast_pipeline\motion\candidate_rook_c02_v21_continuous_two_bone_walk\blender_frames\SE\move\13.png'
00:14.031  render           | Saved: 'D:\AI 종합 폴더\Games\Sable-circuit\art_src\characters\rook\fast_pipeline\motion\candidate_rook_c02_v21_continuous_two_bone_walk\blender_frames\SE\move\14.png'
00:14.234  render           | Saved: 'D:\AI 종합 폴더\Games\Sable-circuit\art_src\characters\rook\fast_pipeline\motion\candidate_rook_c02_v21_continuous_two_bone_walk\blender_frames\SE\move\15.png'
00:14.437  render           | Saved: 'D:\AI 종합 폴더\Games\Sable-circuit\art_src\characters\rook\fast_pipeline\motion\candidate_rook_c02_v21_continuous_two_bone_walk\blender_frames\SE\move\16.png'
00:14.640  render           | Saved: 'D:\AI 종합 폴더\Games\Sable-circuit\art_src\characters\rook\fast_pipeline\motion\candidate_rook_c02_v21_continuous_two_bone_walk\blender_frames\SE\move\17.png'
00:14.844  render           | Saved: 'D:\AI 종합 폴더\Games\Sable-circuit\art_src\characters\rook\fast_pipeline\motion\candidate_rook_c02_v21_continuous_two_bone_walk\blender_frames\SE\move\18.png'
00:15.047  render           | Saved: 'D:\AI 종합 폴더\Games\Sable-circuit\art_src\characters\rook\fast_pipeline\motion\candidate_rook_c02_v21_continuous_two_bone_walk\blender_frames\SE\move\19.png'
00:15.250  render           | Saved: 'D:\AI 종합 폴더\Games\Sable-circuit\art_src\characters\rook\fast_pipeline\motion\candidate_rook_c02_v21_continuous_two_bone_walk\blender_frames\SE\move\20.png'
00:15.437  render           | Saved: 'D:\AI 종합 폴더\Games\Sable-circuit\art_src\characters\rook\fast_pipeline\motion\candidate_rook_c02_v21_continuous_two_bone_walk\blender_frames\SE\move\21.png'
00:15.640  render           | Saved: 'D:\AI 종합 폴더\Games\Sable-circuit\art_src\characters\rook\fast_pipeline\motion\candidate_rook_c02_v21_continuous_two_bone_walk\blender_frames\SE\move\22.png'
00:15.828  render           | Saved: 'D:\AI 종합 폴더\Games\Sable-circuit\art_src\characters\rook\fast_pipeline\motion\candidate_rook_c02_v21_continuous_two_bone_walk\blender_frames\SE\move\23.png'
00:15.953  render           | Saved: 'D:\AI 종합 폴더\Games\Sable-circuit\art_src\characters\rook\fast_pipeline\motion\candidate_rook_c02_v21_continuous_two_bone_walk\blender_frames\SE\fire\00.png'
00:16.094  render           | Saved: 'D:\AI 종합 폴더\Games\Sable-circuit\art_src\characters\rook\fast_pipeline\motion\candidate_rook_c02_v21_continuous_two_bone_walk\blender_frames\SE\fire\01.png'
00:16.234  render           | Saved: 'D:\AI 종합 폴더\Games\Sable-circuit\art_src\characters\rook\fast_pipeline\motion\candidate_rook_c02_v21_continuous_two_bone_walk\blender_frames\SE\fire\02.png'
00:16.359  render           | Saved: 'D:\AI 종합 폴더\Games\Sable-circuit\art_src\characters\rook\fast_pipeline\motion\candidate_rook_c02_v21_continuous_two_bone_walk\blender_frames\SE\fire\03.png'
00:16.500  render           | Saved: 'D:\AI 종합 폴더\Games\Sable-circuit\art_src\characters\rook\fast_pipeline\motion\candidate_rook_c02_v21_continuous_two_bone_walk\blender_frames\SE\fire\04.png'
00:16.625  render           | Saved: 'D:\AI 종합 폴더\Games\Sable-circuit\art_src\characters\rook\fast_pipeline\motion\candidate_rook_c02_v21_continuous_two_bone_walk\blender_frames\SE\fire\05.png'
00:17.047  render           | Saved: 'D:\AI 종합 폴더\Games\Sable-circuit\art_src\characters\rook\fast_pipeline\motion\candidate_rook_c02_v21_continuous_two_bone_walk\blender_frames\S\idle\00.png'
00:17.187  render           | Saved: 'D:\AI 종합 폴더\Games\Sable-circuit\art_src\characters\rook\fast_pipeline\motion\candidate_rook_c02_v21_continuous_two_bone_walk\blender_frames\S\idle\01.png'
00:17.312  render           | Saved: 'D:\AI 종합 폴더\Games\Sable-circuit\art_src\characters\rook\fast_pipeline\motion\candidate_rook_c02_v21_continuous_two_bone_walk\blender_frames\S\idle\02.png'
00:17.453  render           | Saved: 'D:\AI 종합 폴더\Games\Sable-circuit\art_src\characters\rook\fast_pipeline\motion\candidate_rook_c02_v21_continuous_two_bone_walk\blender_frames\S\idle\03.png'
00:17.656  render           | Saved: 'D:\AI 종합 폴더\Games\Sable-circuit\art_src\characters\rook\fast_pipeline\motion\candidate_rook_c02_v21_continuous_two_bone_walk\blender_frames\S\move\00.png'
00:17.828  render           | Saved: 'D:\AI 종합 폴더\Games\Sable-circuit\art_src\characters\rook\fast_pipeline\motion\candidate_rook_c02_v21_continuous_two_bone_walk\blender_frames\S\move\01.png'
00:18.031  render           | Saved: 'D:\AI 종합 폴더\Games\Sable-circuit\art_src\characters\rook\fast_pipeline\motion\candidate_rook_c02_v21_continuous_two_bone_walk\blender_frames\S\move\02.png'
00:18.234  render           | Saved: 'D:\AI 종합 폴더\Games\Sable-circuit\art_src\characters\rook\fast_pipeline\motion\candidate_rook_c02_v21_continuous_two_bone_walk\blender_frames\S\move\03.png'
00:18.437  render           | Saved: 'D:\AI 종합 폴더\Games\Sable-circuit\art_src\characters\rook\fast_pipeline\motion\candidate_rook_c02_v21_continuous_two_bone_walk\blender_frames\S\move\04.png'
00:18.625  render           | Saved: 'D:\AI 종합 폴더\Games\Sable-circuit\art_src\characters\rook\fast_pipeline\motion\candidate_rook_c02_v21_continuous_two_bone_walk\blender_frames\S\move\05.png'
00:18.844  render           | Saved: 'D:\AI 종합 폴더\Games\Sable-circuit\art_src\characters\rook\fast_pipeline\motion\candidate_rook_c02_v21_continuous_two_bone_walk\blender_frames\S\move\06.png'
00:19.031  render           | Saved: 'D:\AI 종합 폴더\Games\Sable-circuit\art_src\characters\rook\fast_pipeline\motion\candidate_rook_c02_v21_continuous_two_bone_walk\blender_frames\S\move\07.png'
00:19.219  render           | Saved: 'D:\AI 종합 폴더\Games\Sable-circuit\art_src\characters\rook\fast_pipeline\motion\candidate_rook_c02_v21_continuous_two_bone_walk\blender_frames\S\move\08.png'
00:19.422  render           | Saved: 'D:\AI 종합 폴더\Games\Sable-circuit\art_src\characters\rook\fast_pipeline\motion\candidate_rook_c02_v21_continuous_two_bone_walk\blender_frames\S\move\09.png'
00:19.609  render           | Saved: 'D:\AI 종합 폴더\Games\Sable-circuit\art_src\characters\rook\fast_pipeline\motion\candidate_rook_c02_v21_continuous_two_bone_walk\blender_frames\S\move\10.png'
00:19.812  render           | Saved: 'D:\AI 종합 폴더\Games\Sable-circuit\art_src\characters\rook\fast_pipeline\motion\candidate_rook_c02_v21_continuous_two_bone_walk\blender_frames\S\move\11.png'
00:20.000  render           | Saved: 'D:\AI 종합 폴더\Games\Sable-circuit\art_src\characters\rook\fast_pipeline\motion\candidate_rook_c02_v21_continuous_two_bone_walk\blender_frames\S\move\12.png'
00:20.203  render           | Saved: 'D:\AI 종합 폴더\Games\Sable-circuit\art_src\characters\rook\fast_pipeline\motion\candidate_rook_c02_v21_continuous_two_bone_walk\blender_frames\S\move\13.png'
00:20.375  render           | Saved: 'D:\AI 종합 폴더\Games\Sable-circuit\art_src\characters\rook\fast_pipeline\motion\candidate_rook_c02_v21_continuous_two_bone_walk\blender_frames\S\move\14.png'
00:20.562  render           | Saved: 'D:\AI 종합 폴더\Games\Sable-circuit\art_src\characters\rook\fast_pipeline\motion\candidate_rook_c02_v21_continuous_two_bone_walk\blender_frames\S\move\15.png'
00:20.734  render           | Saved: 'D:\AI 종합 폴더\Games\Sable-circuit\art_src\characters\rook\fast_pipeline\motion\candidate_rook_c02_v21_continuous_two_bone_walk\blender_frames\S\move\16.png'
00:20.937  render           | Saved: 'D:\AI 종합 폴더\Games\Sable-circuit\art_src\characters\rook\fast_pipeline\motion\candidate_rook_c02_v21_continuous_two_bone_walk\blender_frames\S\move\17.png'
00:21.109  render           | Saved: 'D:\AI 종합 폴더\Games\Sable-circuit\art_src\characters\rook\fast_pipeline\motion\candidate_rook_c02_v21_continuous_two_bone_walk\blender_frames\S\move\18.png'
00:21.281  render           | Saved: 'D:\AI 종합 폴더\Games\Sable-circuit\art_src\characters\rook\fast_pipeline\motion\candidate_rook_c02_v21_continuous_two_bone_walk\blender_frames\S\move\19.png'
00:21.484  render           | Saved: 'D:\AI 종합 폴더\Games\Sable-circuit\art_src\characters\rook\fast_pipeline\motion\candidate_rook_c02_v21_continuous_two_bone_walk\blender_frames\S\move\20.png'
00:21.672  render           | Saved: 'D:\AI 종합 폴더\Games\Sable-circuit\art_src\characters\rook\fast_pipeline\motion\candidate_rook_c02_v21_continuous_two_bone_walk\blender_frames\S\move\21.png'
00:21.859  render           | Saved: 'D:\AI 종합 폴더\Games\Sable-circuit\art_src\characters\rook\fast_pipeline\motion\candidate_rook_c02_v21_continuous_two_bone_walk\blender_frames\S\move\22.png'
00:22.047  render           | Saved: 'D:\AI 종합 폴더\Games\Sable-circuit\art_src\characters\rook\fast_pipeline\motion\candidate_rook_c02_v21_continuous_two_bone_walk\blender_frames\S\move\23.png'
00:22.156  render           | Saved: 'D:\AI 종합 폴더\Games\Sable-circuit\art_src\characters\rook\fast_pipeline\motion\candidate_rook_c02_v21_continuous_two_bone_walk\blender_frames\S\fire\00.png'
00:22.281  render           | Saved: 'D:\AI 종합 폴더\Games\Sable-circuit\art_src\characters\rook\fast_pipeline\motion\candidate_rook_c02_v21_continuous_two_bone_walk\blender_frames\S\fire\01.png'
00:22.422  render           | Saved: 'D:\AI 종합 폴더\Games\Sable-circuit\art_src\characters\rook\fast_pipeline\motion\candidate_rook_c02_v21_continuous_two_bone_walk\blender_frames\S\fire\02.png'
00:22.547  render           | Saved: 'D:\AI 종합 폴더\Games\Sable-circuit\art_src\characters\rook\fast_pipeline\motion\candidate_rook_c02_v21_continuous_two_bone_walk\blender_frames\S\fire\03.png'
00:22.687  render           | Saved: 'D:\AI 종합 폴더\Games\Sable-circuit\art_src\characters\rook\fast_pipeline\motion\candidate_rook_c02_v21_continuous_two_bone_walk\blender_frames\S\fire\04.png'
00:22.844  render           | Saved: 'D:\AI 종합 폴더\Games\Sable-circuit\art_src\characters\rook\fast_pipeline\motion\candidate_rook_c02_v21_continuous_two_bone_walk\blender_frames\S\fire\05.png'
00:23.297  render           | Saved: 'D:\AI 종합 폴더\Games\Sable-circuit\art_src\characters\rook\fast_pipeline\motion\candidate_rook_c02_v21_continuous_two_bone_walk\blender_frames\SW\idle\00.png'
00:23.406  render           | Saved: 'D:\AI 종합 폴더\Games\Sable-circuit\art_src\characters\rook\fast_pipeline\motion\candidate_rook_c02_v21_continuous_two_bone_walk\blender_frames\SW\idle\01.png'
00:23.531  render           | Saved: 'D:\AI 종합 폴더\Games\Sable-circuit\art_src\characters\rook\fast_pipeline\motion\candidate_rook_c02_v21_continuous_two_bone_walk\blender_frames\SW\idle\02.png'
00:23.656  render           | Saved: 'D:\AI 종합 폴더\Games\Sable-circuit\art_src\characters\rook\fast_pipeline\motion\candidate_rook_c02_v21_continuous_two_bone_walk\blender_frames\SW\idle\03.png'
00:23.844  render           | Saved: 'D:\AI 종합 폴더\Games\Sable-circuit\art_src\characters\rook\fast_pipeline\motion\candidate_rook_c02_v21_continuous_two_bone_walk\blender_frames\SW\move\00.png'
00:24.031  render           | Saved: 'D:\AI 종합 폴더\Games\Sable-circuit\art_src\characters\rook\fast_pipeline\motion\candidate_rook_c02_v21_continuous_two_bone_walk\blender_frames\SW\move\01.png'
00:24.219  render           | Saved: 'D:\AI 종합 폴더\Games\Sable-circuit\art_src\characters\rook\fast_pipeline\motion\candidate_rook_c02_v21_continuous_two_bone_walk\blender_frames\SW\move\02.png'
00:24.390  render           | Saved: 'D:\AI 종합 폴더\Games\Sable-circuit\art_src\characters\rook\fast_pipeline\motion\candidate_rook_c02_v21_continuous_two_bone_walk\blender_frames\SW\move\03.png'
00:24.578  render           | Saved: 'D:\AI 종합 폴더\Games\Sable-circuit\art_src\characters\rook\fast_pipeline\motion\candidate_rook_c02_v21_continuous_two_bone_walk\blender_frames\SW\move\04.png'
00:24.750  render           | Saved: 'D:\AI 종합 폴더\Games\Sable-circuit\art_src\characters\rook\fast_pipeline\motion\candidate_rook_c02_v21_continuous_two_bone_walk\blender_frames\SW\move\05.png'
00:24.937  render           | Saved: 'D:\AI 종합 폴더\Games\Sable-circuit\art_src\characters\rook\fast_pipeline\motion\candidate_rook_c02_v21_continuous_two_bone_walk\blender_frames\SW\move\06.png'
00:25.125  render           | Saved: 'D:\AI 종합 폴더\Games\Sable-circuit\art_src\characters\rook\fast_pipeline\motion\candidate_rook_c02_v21_continuous_two_bone_walk\blender_frames\SW\move\07.png'
00:25.328  render           | Saved: 'D:\AI 종합 폴더\Games\Sable-circuit\art_src\characters\rook\fast_pipeline\motion\candidate_rook_c02_v21_continuous_two_bone_walk\blender_frames\SW\move\08.png'
00:25.500  render           | Saved: 'D:\AI 종합 폴더\Games\Sable-circuit\art_src\characters\rook\fast_pipeline\motion\candidate_rook_c02_v21_continuous_two_bone_walk\blender_frames\SW\move\09.png'
00:25.687  render           | Saved: 'D:\AI 종합 폴더\Games\Sable-circuit\art_src\characters\rook\fast_pipeline\motion\candidate_rook_c02_v21_continuous_two_bone_walk\blender_frames\SW\move\10.png'
00:25.875  render           | Saved: 'D:\AI 종합 폴더\Games\Sable-circuit\art_src\characters\rook\fast_pipeline\motion\candidate_rook_c02_v21_continuous_two_bone_walk\blender_frames\SW\move\11.png'
00:26.094  render           | Saved: 'D:\AI 종합 폴더\Games\Sable-circuit\art_src\characters\rook\fast_pipeline\motion\candidate_rook_c02_v21_continuous_two_bone_walk\blender_frames\SW\move\12.png'
00:26.281  render           | Saved: 'D:\AI 종합 폴더\Games\Sable-circuit\art_src\characters\rook\fast_pipeline\motion\candidate_rook_c02_v21_continuous_two_bone_walk\blender_frames\SW\move\13.png'
00:26.453  render           | Saved: 'D:\AI 종합 폴더\Games\Sable-circuit\art_src\characters\rook\fast_pipeline\motion\candidate_rook_c02_v21_continuous_two_bone_walk\blender_frames\SW\move\14.png'
00:26.656  render           | Saved: 'D:\AI 종합 폴더\Games\Sable-circuit\art_src\characters\rook\fast_pipeline\motion\candidate_rook_c02_v21_continuous_two_bone_walk\blender_frames\SW\move\15.png'
00:26.890  render           | Saved: 'D:\AI 종합 폴더\Games\Sable-circuit\art_src\characters\rook\fast_pipeline\motion\candidate_rook_c02_v21_continuous_two_bone_walk\blender_frames\SW\move\16.png'
00:27.078  render           | Saved: 'D:\AI 종합 폴더\Games\Sable-circuit\art_src\characters\rook\fast_pipeline\motion\candidate_rook_c02_v21_continuous_two_bone_walk\blender_frames\SW\move\17.png'
00:27.250  render           | Saved: 'D:\AI 종합 폴더\Games\Sable-circuit\art_src\characters\rook\fast_pipeline\motion\candidate_rook_c02_v21_continuous_two_bone_walk\blender_frames\SW\move\18.png'
00:27.437  render           | Saved: 'D:\AI 종합 폴더\Games\Sable-circuit\art_src\characters\rook\fast_pipeline\motion\candidate_rook_c02_v21_continuous_two_bone_walk\blender_frames\SW\move\19.png'
00:27.625  render           | Saved: 'D:\AI 종합 폴더\Games\Sable-circuit\art_src\characters\rook\fast_pipeline\motion\candidate_rook_c02_v21_continuous_two_bone_walk\blender_frames\SW\move\20.png'
00:27.812  render           | Saved: 'D:\AI 종합 폴더\Games\Sable-circuit\art_src\characters\rook\fast_pipeline\motion\candidate_rook_c02_v21_continuous_two_bone_walk\blender_frames\SW\move\21.png'
00:28.015  render           | Saved: 'D:\AI 종합 폴더\Games\Sable-circuit\art_src\characters\rook\fast_pipeline\motion\candidate_rook_c02_v21_continuous_two_bone_walk\blender_frames\SW\move\22.png'
00:28.203  render           | Saved: 'D:\AI 종합 폴더\Games\Sable-circuit\art_src\characters\rook\fast_pipeline\motion\candidate_rook_c02_v21_continuous_two_bone_walk\blender_frames\SW\move\23.png'
00:28.328  render           | Saved: 'D:\AI 종합 폴더\Games\Sable-circuit\art_src\characters\rook\fast_pipeline\motion\candidate_rook_c02_v21_continuous_two_bone_walk\blender_frames\SW\fire\00.png'
00:28.453  render           | Saved: 'D:\AI 종합 폴더\Games\Sable-circuit\art_src\characters\rook\fast_pipeline\motion\candidate_rook_c02_v21_continuous_two_bone_walk\blender_frames\SW\fire\01.png'
00:28.578  render           | Saved: 'D:\AI 종합 폴더\Games\Sable-circuit\art_src\characters\rook\fast_pipeline\motion\candidate_rook_c02_v21_continuous_two_bone_walk\blender_frames\SW\fire\02.png'
00:28.703  render           | Saved: 'D:\AI 종합 폴더\Games\Sable-circuit\art_src\characters\rook\fast_pipeline\motion\candidate_rook_c02_v21_continuous_two_bone_walk\blender_frames\SW\fire\03.png'
00:28.828  render           | Saved: 'D:\AI 종합 폴더\Games\Sable-circuit\art_src\characters\rook\fast_pipeline\motion\candidate_rook_c02_v21_continuous_two_bone_walk\blender_frames\SW\fire\04.png'
00:28.953  render           | Saved: 'D:\AI 종합 폴더\Games\Sable-circuit\art_src\characters\rook\fast_pipeline\motion\candidate_rook_c02_v21_continuous_two_bone_walk\blender_frames\SW\fire\05.png'
00:29.422  render           | Saved: 'D:\AI 종합 폴더\Games\Sable-circuit\art_src\characters\rook\fast_pipeline\motion\candidate_rook_c02_v21_continuous_two_bone_walk\blender_frames\W\idle\00.png'
00:29.547  render           | Saved: 'D:\AI 종합 폴더\Games\Sable-circuit\art_src\characters\rook\fast_pipeline\motion\candidate_rook_c02_v21_continuous_two_bone_walk\blender_frames\W\idle\01.png'
00:29.672  render           | Saved: 'D:\AI 종합 폴더\Games\Sable-circuit\art_src\characters\rook\fast_pipeline\motion\candidate_rook_c02_v21_continuous_two_bone_walk\blender_frames\W\idle\02.png'
00:29.797  render           | Saved: 'D:\AI 종합 폴더\Games\Sable-circuit\art_src\characters\rook\fast_pipeline\motion\candidate_rook_c02_v21_continuous_two_bone_walk\blender_frames\W\idle\03.png'
00:30.000  render           | Saved: 'D:\AI 종합 폴더\Games\Sable-circuit\art_src\characters\rook\fast_pipeline\motion\candidate_rook_c02_v21_continuous_two_bone_walk\blender_frames\W\move\00.png'
00:30.172  render           | Saved: 'D:\AI 종합 폴더\Games\Sable-circuit\art_src\characters\rook\fast_pipeline\motion\candidate_rook_c02_v21_continuous_two_bone_walk\blender_frames\W\move\01.png'
00:30.375  render           | Saved: 'D:\AI 종합 폴더\Games\Sable-circuit\art_src\characters\rook\fast_pipeline\motion\candidate_rook_c02_v21_continuous_two_bone_walk\blender_frames\W\move\02.png'
00:30.562  render           | Saved: 'D:\AI 종합 폴더\Games\Sable-circuit\art_src\characters\rook\fast_pipeline\motion\candidate_rook_c02_v21_continuous_two_bone_walk\blender_frames\W\move\03.png'
00:30.781  render           | Saved: 'D:\AI 종합 폴더\Games\Sable-circuit\art_src\characters\rook\fast_pipeline\motion\candidate_rook_c02_v21_continuous_two_bone_walk\blender_frames\W\move\04.png'
00:31.031  render           | Saved: 'D:\AI 종합 폴더\Games\Sable-circuit\art_src\characters\rook\fast_pipeline\motion\candidate_rook_c02_v21_continuous_two_bone_walk\blender_frames\W\move\05.png'
00:31.203  render           | Saved: 'D:\AI 종합 폴더\Games\Sable-circuit\art_src\characters\rook\fast_pipeline\motion\candidate_rook_c02_v21_continuous_two_bone_walk\blender_frames\W\move\06.png'
00:31.390  render           | Saved: 'D:\AI 종합 폴더\Games\Sable-circuit\art_src\characters\rook\fast_pipeline\motion\candidate_rook_c02_v21_continuous_two_bone_walk\blender_frames\W\move\07.png'
00:31.578  render           | Saved: 'D:\AI 종합 폴더\Games\Sable-circuit\art_src\characters\rook\fast_pipeline\motion\candidate_rook_c02_v21_continuous_two_bone_walk\blender_frames\W\move\08.png'
00:31.765  render           | Saved: 'D:\AI 종합 폴더\Games\Sable-circuit\art_src\characters\rook\fast_pipeline\motion\candidate_rook_c02_v21_continuous_two_bone_walk\blender_frames\W\move\09.png'
00:31.953  render           | Saved: 'D:\AI 종합 폴더\Games\Sable-circuit\art_src\characters\rook\fast_pipeline\motion\candidate_rook_c02_v21_continuous_two_bone_walk\blender_frames\W\move\10.png'
00:32.140  render           | Saved: 'D:\AI 종합 폴더\Games\Sable-circuit\art_src\characters\rook\fast_pipeline\motion\candidate_rook_c02_v21_continuous_two_bone_walk\blender_frames\W\move\11.png'
00:32.344  render           | Saved: 'D:\AI 종합 폴더\Games\Sable-circuit\art_src\characters\rook\fast_pipeline\motion\candidate_rook_c02_v21_continuous_two_bone_walk\blender_frames\W\move\12.png'
00:32.531  render           | Saved: 'D:\AI 종합 폴더\Games\Sable-circuit\art_src\characters\rook\fast_pipeline\motion\candidate_rook_c02_v21_continuous_two_bone_walk\blender_frames\W\move\13.png'
00:32.719  render           | Saved: 'D:\AI 종합 폴더\Games\Sable-circuit\art_src\characters\rook\fast_pipeline\motion\candidate_rook_c02_v21_continuous_two_bone_walk\blender_frames\W\move\14.png'
00:32.922  render           | Saved: 'D:\AI 종합 폴더\Games\Sable-circuit\art_src\characters\rook\fast_pipeline\motion\candidate_rook_c02_v21_continuous_two_bone_walk\blender_frames\W\move\15.png'
00:33.109  render           | Saved: 'D:\AI 종합 폴더\Games\Sable-circuit\art_src\characters\rook\fast_pipeline\motion\candidate_rook_c02_v21_continuous_two_bone_walk\blender_frames\W\move\16.png'
00:33.297  render           | Saved: 'D:\AI 종합 폴더\Games\Sable-circuit\art_src\characters\rook\fast_pipeline\motion\candidate_rook_c02_v21_continuous_two_bone_walk\blender_frames\W\move\17.png'
00:33.484  render           | Saved: 'D:\AI 종합 폴더\Games\Sable-circuit\art_src\characters\rook\fast_pipeline\motion\candidate_rook_c02_v21_continuous_two_bone_walk\blender_frames\W\move\18.png'
00:33.687  render           | Saved: 'D:\AI 종합 폴더\Games\Sable-circuit\art_src\characters\rook\fast_pipeline\motion\candidate_rook_c02_v21_continuous_two_bone_walk\blender_frames\W\move\19.png'
00:33.875  render           | Saved: 'D:\AI 종합 폴더\Games\Sable-circuit\art_src\characters\rook\fast_pipeline\motion\candidate_rook_c02_v21_continuous_two_bone_walk\blender_frames\W\move\20.png'
00:34.062  render           | Saved: 'D:\AI 종합 폴더\Games\Sable-circuit\art_src\characters\rook\fast_pipeline\motion\candidate_rook_c02_v21_continuous_two_bone_walk\blender_frames\W\move\21.png'
00:34.250  render           | Saved: 'D:\AI 종합 폴더\Games\Sable-circuit\art_src\characters\rook\fast_pipeline\motion\candidate_rook_c02_v21_continuous_two_bone_walk\blender_frames\W\move\22.png'
00:34.437  render           | Saved: 'D:\AI 종합 폴더\Games\Sable-circuit\art_src\characters\rook\fast_pipeline\motion\candidate_rook_c02_v21_continuous_two_bone_walk\blender_frames\W\move\23.png'
00:34.562  render           | Saved: 'D:\AI 종합 폴더\Games\Sable-circuit\art_src\characters\rook\fast_pipeline\motion\candidate_rook_c02_v21_continuous_two_bone_walk\blender_frames\W\fire\00.png'
00:34.703  render           | Saved: 'D:\AI 종합 폴더\Games\Sable-circuit\art_src\characters\rook\fast_pipeline\motion\candidate_rook_c02_v21_continuous_two_bone_walk\blender_frames\W\fire\01.png'
00:34.828  render           | Saved: 'D:\AI 종합 폴더\Games\Sable-circuit\art_src\characters\rook\fast_pipeline\motion\candidate_rook_c02_v21_continuous_two_bone_walk\blender_frames\W\fire\02.png'
00:34.953  render           | Saved: 'D:\AI 종합 폴더\Games\Sable-circuit\art_src\characters\rook\fast_pipeline\motion\candidate_rook_c02_v21_continuous_two_bone_walk\blender_frames\W\fire\03.png'
00:35.078  render           | Saved: 'D:\AI 종합 폴더\Games\Sable-circuit\art_src\characters\rook\fast_pipeline\motion\candidate_rook_c02_v21_continuous_two_bone_walk\blender_frames\W\fire\04.png'
00:35.234  render           | Saved: 'D:\AI 종합 폴더\Games\Sable-circuit\art_src\characters\rook\fast_pipeline\motion\candidate_rook_c02_v21_continuous_two_bone_walk\blender_frames\W\fire\05.png'
00:35.687  render           | Saved: 'D:\AI 종합 폴더\Games\Sable-circuit\art_src\characters\rook\fast_pipeline\motion\candidate_rook_c02_v21_continuous_two_bone_walk\blender_frames\NW\idle\00.png'
00:35.812  render           | Saved: 'D:\AI 종합 폴더\Games\Sable-circuit\art_src\characters\rook\fast_pipeline\motion\candidate_rook_c02_v21_continuous_two_bone_walk\blender_frames\NW\idle\01.png'
00:35.937  render           | Saved: 'D:\AI 종합 폴더\Games\Sable-circuit\art_src\characters\rook\fast_pipeline\motion\candidate_rook_c02_v21_continuous_two_bone_walk\blender_frames\NW\idle\02.png'
00:36.062  render           | Saved: 'D:\AI 종합 폴더\Games\Sable-circuit\art_src\characters\rook\fast_pipeline\motion\candidate_rook_c02_v21_continuous_two_bone_walk\blender_frames\NW\idle\03.png'
00:36.265  render           | Saved: 'D:\AI 종합 폴더\Games\Sable-circuit\art_src\characters\rook\fast_pipeline\motion\candidate_rook_c02_v21_continuous_two_bone_walk\blender_frames\NW\move\00.png'
00:36.453  render           | Saved: 'D:\AI 종합 폴더\Games\Sable-circuit\art_src\characters\rook\fast_pipeline\motion\candidate_rook_c02_v21_continuous_two_bone_walk\blender_frames\NW\move\01.png'
00:36.656  render           | Saved: 'D:\AI 종합 폴더\Games\Sable-circuit\art_src\characters\rook\fast_pipeline\motion\candidate_rook_c02_v21_continuous_two_bone_walk\blender_frames\NW\move\02.png'
00:36.844  render           | Saved: 'D:\AI 종합 폴더\Games\Sable-circuit\art_src\characters\rook\fast_pipeline\motion\candidate_rook_c02_v21_continuous_two_bone_walk\blender_frames\NW\move\03.png'
00:37.031  render           | Saved: 'D:\AI 종합 폴더\Games\Sable-circuit\art_src\characters\rook\fast_pipeline\motion\candidate_rook_c02_v21_continuous_two_bone_walk\blender_frames\NW\move\04.png'
00:37.203  render           | Saved: 'D:\AI 종합 폴더\Games\Sable-circuit\art_src\characters\rook\fast_pipeline\motion\candidate_rook_c02_v21_continuous_two_bone_walk\blender_frames\NW\move\05.png'
00:37.390  render           | Saved: 'D:\AI 종합 폴더\Games\Sable-circuit\art_src\characters\rook\fast_pipeline\motion\candidate_rook_c02_v21_continuous_two_bone_walk\blender_frames\NW\move\06.png'
00:37.578  render           | Saved: 'D:\AI 종합 폴더\Games\Sable-circuit\art_src\characters\rook\fast_pipeline\motion\candidate_rook_c02_v21_continuous_two_bone_walk\blender_frames\NW\move\07.png'
00:37.797  render           | Saved: 'D:\AI 종합 폴더\Games\Sable-circuit\art_src\characters\rook\fast_pipeline\motion\candidate_rook_c02_v21_continuous_two_bone_walk\blender_frames\NW\move\08.png'
00:38.000  render           | Saved: 'D:\AI 종합 폴더\Games\Sable-circuit\art_src\characters\rook\fast_pipeline\motion\candidate_rook_c02_v21_continuous_two_bone_walk\blender_frames\NW\move\09.png'
00:38.203  render           | Saved: 'D:\AI 종합 폴더\Games\Sable-circuit\art_src\characters\rook\fast_pipeline\motion\candidate_rook_c02_v21_continuous_two_bone_walk\blender_frames\NW\move\10.png'
00:38.390  render           | Saved: 'D:\AI 종합 폴더\Games\Sable-circuit\art_src\characters\rook\fast_pipeline\motion\candidate_rook_c02_v21_continuous_two_bone_walk\blender_frames\NW\move\11.png'
00:38.594  render           | Saved: 'D:\AI 종합 폴더\Games\Sable-circuit\art_src\characters\rook\fast_pipeline\motion\candidate_rook_c02_v21_continuous_two_bone_walk\blender_frames\NW\move\12.png'
00:38.781  render           | Saved: 'D:\AI 종합 폴더\Games\Sable-circuit\art_src\characters\rook\fast_pipeline\motion\candidate_rook_c02_v21_continuous_two_bone_walk\blender_frames\NW\move\13.png'
00:38.969  render           | Saved: 'D:\AI 종합 폴더\Games\Sable-circuit\art_src\characters\rook\fast_pipeline\motion\candidate_rook_c02_v21_continuous_two_bone_walk\blender_frames\NW\move\14.png'
00:39.187  render           | Saved: 'D:\AI 종합 폴더\Games\Sable-circuit\art_src\characters\rook\fast_pipeline\motion\candidate_rook_c02_v21_continuous_two_bone_walk\blender_frames\NW\move\15.png'
00:39.375  render           | Saved: 'D:\AI 종합 폴더\Games\Sable-circuit\art_src\characters\rook\fast_pipeline\motion\candidate_rook_c02_v21_continuous_two_bone_walk\blender_frames\NW\move\16.png'
00:39.562  render           | Saved: 'D:\AI 종합 폴더\Games\Sable-circuit\art_src\characters\rook\fast_pipeline\motion\candidate_rook_c02_v21_continuous_two_bone_walk\blender_frames\NW\move\17.png'
00:39.781  render           | Saved: 'D:\AI 종합 폴더\Games\Sable-circuit\art_src\characters\rook\fast_pipeline\motion\candidate_rook_c02_v21_continuous_two_bone_walk\blender_frames\NW\move\18.png'
00:39.984  render           | Saved: 'D:\AI 종합 폴더\Games\Sable-circuit\art_src\characters\rook\fast_pipeline\motion\candidate_rook_c02_v21_continuous_two_bone_walk\blender_frames\NW\move\19.png'
00:40.172  render           | Saved: 'D:\AI 종합 폴더\Games\Sable-circuit\art_src\characters\rook\fast_pipeline\motion\candidate_rook_c02_v21_continuous_two_bone_walk\blender_frames\NW\move\20.png'
00:40.359  render           | Saved: 'D:\AI 종합 폴더\Games\Sable-circuit\art_src\characters\rook\fast_pipeline\motion\candidate_rook_c02_v21_continuous_two_bone_walk\blender_frames\NW\move\21.png'
00:40.562  render           | Saved: 'D:\AI 종합 폴더\Games\Sable-circuit\art_src\characters\rook\fast_pipeline\motion\candidate_rook_c02_v21_continuous_two_bone_walk\blender_frames\NW\move\22.png'
00:40.765  render           | Saved: 'D:\AI 종합 폴더\Games\Sable-circuit\art_src\characters\rook\fast_pipeline\motion\candidate_rook_c02_v21_continuous_two_bone_walk\blender_frames\NW\move\23.png'
00:40.906  render           | Saved: 'D:\AI 종합 폴더\Games\Sable-circuit\art_src\characters\rook\fast_pipeline\motion\candidate_rook_c02_v21_continuous_two_bone_walk\blender_frames\NW\fire\00.png'
00:41.062  render           | Saved: 'D:\AI 종합 폴더\Games\Sable-circuit\art_src\characters\rook\fast_pipeline\motion\candidate_rook_c02_v21_continuous_two_bone_walk\blender_frames\NW\fire\01.png'
00:41.203  render           | Saved: 'D:\AI 종합 폴더\Games\Sable-circuit\art_src\characters\rook\fast_pipeline\motion\candidate_rook_c02_v21_continuous_two_bone_walk\blender_frames\NW\fire\02.png'
00:41.328  render           | Saved: 'D:\AI 종합 폴더\Games\Sable-circuit\art_src\characters\rook\fast_pipeline\motion\candidate_rook_c02_v21_continuous_two_bone_walk\blender_frames\NW\fire\03.png'
00:41.469  render           | Saved: 'D:\AI 종합 폴더\Games\Sable-circuit\art_src\characters\rook\fast_pipeline\motion\candidate_rook_c02_v21_continuous_two_bone_walk\blender_frames\NW\fire\04.png'
00:41.609  render           | Saved: 'D:\AI 종합 폴더\Games\Sable-circuit\art_src\characters\rook\fast_pipeline\motion\candidate_rook_c02_v21_continuous_two_bone_walk\blender_frames\NW\fire\05.png'
00:42.062  render           | Saved: 'D:\AI 종합 폴더\Games\Sable-circuit\art_src\characters\rook\fast_pipeline\motion\candidate_rook_c02_v21_continuous_two_bone_walk\blender_frames\N\idle\00.png'
00:42.203  render           | Saved: 'D:\AI 종합 폴더\Games\Sable-circuit\art_src\characters\rook\fast_pipeline\motion\candidate_rook_c02_v21_continuous_two_bone_walk\blender_frames\N\idle\01.png'
00:42.328  render           | Saved: 'D:\AI 종합 폴더\Games\Sable-circuit\art_src\characters\rook\fast_pipeline\motion\candidate_rook_c02_v21_continuous_two_bone_walk\blender_frames\N\idle\02.png'
00:42.453  render           | Saved: 'D:\AI 종합 폴더\Games\Sable-circuit\art_src\characters\rook\fast_pipeline\motion\candidate_rook_c02_v21_continuous_two_bone_walk\blender_frames\N\idle\03.png'
00:42.656  render           | Saved: 'D:\AI 종합 폴더\Games\Sable-circuit\art_src\characters\rook\fast_pipeline\motion\candidate_rook_c02_v21_continuous_two_bone_walk\blender_frames\N\move\00.png'
00:42.859  render           | Saved: 'D:\AI 종합 폴더\Games\Sable-circuit\art_src\characters\rook\fast_pipeline\motion\candidate_rook_c02_v21_continuous_two_bone_walk\blender_frames\N\move\01.png'
00:43.031  render           | Saved: 'D:\AI 종합 폴더\Games\Sable-circuit\art_src\characters\rook\fast_pipeline\motion\candidate_rook_c02_v21_continuous_two_bone_walk\blender_frames\N\move\02.png'
00:43.250  render           | Saved: 'D:\AI 종합 폴더\Games\Sable-circuit\art_src\characters\rook\fast_pipeline\motion\candidate_rook_c02_v21_continuous_two_bone_walk\blender_frames\N\move\03.png'
00:43.437  render           | Saved: 'D:\AI 종합 폴더\Games\Sable-circuit\art_src\characters\rook\fast_pipeline\motion\candidate_rook_c02_v21_continuous_two_bone_walk\blender_frames\N\move\04.png'
00:43.625  render           | Saved: 'D:\AI 종합 폴더\Games\Sable-circuit\art_src\characters\rook\fast_pipeline\motion\candidate_rook_c02_v21_continuous_two_bone_walk\blender_frames\N\move\05.png'
00:43.812  render           | Saved: 'D:\AI 종합 폴더\Games\Sable-circuit\art_src\characters\rook\fast_pipeline\motion\candidate_rook_c02_v21_continuous_two_bone_walk\blender_frames\N\move\06.png'
00:44.000  render           | Saved: 'D:\AI 종합 폴더\Games\Sable-circuit\art_src\characters\rook\fast_pipeline\motion\candidate_rook_c02_v21_continuous_two_bone_walk\blender_frames\N\move\07.png'
00:44.187  render           | Saved: 'D:\AI 종합 폴더\Games\Sable-circuit\art_src\characters\rook\fast_pipeline\motion\candidate_rook_c02_v21_continuous_two_bone_walk\blender_frames\N\move\08.png'
00:44.375  render           | Saved: 'D:\AI 종합 폴더\Games\Sable-circuit\art_src\characters\rook\fast_pipeline\motion\candidate_rook_c02_v21_continuous_two_bone_walk\blender_frames\N\move\09.png'
00:44.562  render           | Saved: 'D:\AI 종합 폴더\Games\Sable-circuit\art_src\characters\rook\fast_pipeline\motion\candidate_rook_c02_v21_continuous_two_bone_walk\blender_frames\N\move\10.png'
00:44.765  render           | Saved: 'D:\AI 종합 폴더\Games\Sable-circuit\art_src\characters\rook\fast_pipeline\motion\candidate_rook_c02_v21_continuous_two_bone_walk\blender_frames\N\move\11.png'
00:44.984  render           | Saved: 'D:\AI 종합 폴더\Games\Sable-circuit\art_src\characters\rook\fast_pipeline\motion\candidate_rook_c02_v21_continuous_two_bone_walk\blender_frames\N\move\12.png'
00:45.187  render           | Saved: 'D:\AI 종합 폴더\Games\Sable-circuit\art_src\characters\rook\fast_pipeline\motion\candidate_rook_c02_v21_continuous_two_bone_walk\blender_frames\N\move\13.png'
00:45.375  render           | Saved: 'D:\AI 종합 폴더\Games\Sable-circuit\art_src\characters\rook\fast_pipeline\motion\candidate_rook_c02_v21_continuous_two_bone_walk\blender_frames\N\move\14.png'
00:45.562  render           | Saved: 'D:\AI 종합 폴더\Games\Sable-circuit\art_src\characters\rook\fast_pipeline\motion\candidate_rook_c02_v21_continuous_two_bone_walk\blender_frames\N\move\15.png'
00:45.750  render           | Saved: 'D:\AI 종합 폴더\Games\Sable-circuit\art_src\characters\rook\fast_pipeline\motion\candidate_rook_c02_v21_continuous_two_bone_walk\blender_frames\N\move\16.png'
00:45.953  render           | Saved: 'D:\AI 종합 폴더\Games\Sable-circuit\art_src\characters\rook\fast_pipeline\motion\candidate_rook_c02_v21_continuous_two_bone_walk\blender_frames\N\move\17.png'
00:46.156  render           | Saved: 'D:\AI 종합 폴더\Games\Sable-circuit\art_src\characters\rook\fast_pipeline\motion\candidate_rook_c02_v21_continuous_two_bone_walk\blender_frames\N\move\18.png'
00:46.344  render           | Saved: 'D:\AI 종합 폴더\Games\Sable-circuit\art_src\characters\rook\fast_pipeline\motion\candidate_rook_c02_v21_continuous_two_bone_walk\blender_frames\N\move\19.png'
00:46.531  render           | Saved: 'D:\AI 종합 폴더\Games\Sable-circuit\art_src\characters\rook\fast_pipeline\motion\candidate_rook_c02_v21_continuous_two_bone_walk\blender_frames\N\move\20.png'
00:46.734  render           | Saved: 'D:\AI 종합 폴더\Games\Sable-circuit\art_src\characters\rook\fast_pipeline\motion\candidate_rook_c02_v21_continuous_two_bone_walk\blender_frames\N\move\21.png'
00:46.922  render           | Saved: 'D:\AI 종합 폴더\Games\Sable-circuit\art_src\characters\rook\fast_pipeline\motion\candidate_rook_c02_v21_continuous_two_bone_walk\blender_frames\N\move\22.png'
00:47.109  render           | Saved: 'D:\AI 종합 폴더\Games\Sable-circuit\art_src\characters\rook\fast_pipeline\motion\candidate_rook_c02_v21_continuous_two_bone_walk\blender_frames\N\move\23.png'
00:47.234  render           | Saved: 'D:\AI 종합 폴더\Games\Sable-circuit\art_src\characters\rook\fast_pipeline\motion\candidate_rook_c02_v21_continuous_two_bone_walk\blender_frames\N\fire\00.png'
00:47.375  render           | Saved: 'D:\AI 종합 폴더\Games\Sable-circuit\art_src\characters\rook\fast_pipeline\motion\candidate_rook_c02_v21_continuous_two_bone_walk\blender_frames\N\fire\01.png'
00:47.515  render           | Saved: 'D:\AI 종합 폴더\Games\Sable-circuit\art_src\characters\rook\fast_pipeline\motion\candidate_rook_c02_v21_continuous_two_bone_walk\blender_frames\N\fire\02.png'
00:47.640  render           | Saved: 'D:\AI 종합 폴더\Games\Sable-circuit\art_src\characters\rook\fast_pipeline\motion\candidate_rook_c02_v21_continuous_two_bone_walk\blender_frames\N\fire\03.png'
00:47.812  render           | Saved: 'D:\AI 종합 폴더\Games\Sable-circuit\art_src\characters\rook\fast_pipeline\motion\candidate_rook_c02_v21_continuous_two_bone_walk\blender_frames\N\fire\04.png'
00:47.969  render           | Saved: 'D:\AI 종합 폴더\Games\Sable-circuit\art_src\characters\rook\fast_pipeline\motion\candidate_rook_c02_v21_continuous_two_bone_walk\blender_frames\N\fire\05.png'
00:48.484  render           | Saved: 'D:\AI 종합 폴더\Games\Sable-circuit\art_src\characters\rook\fast_pipeline\motion\candidate_rook_c02_v21_continuous_two_bone_walk\blender_frames\NE\idle\00.png'
00:48.609  render           | Saved: 'D:\AI 종합 폴더\Games\Sable-circuit\art_src\characters\rook\fast_pipeline\motion\candidate_rook_c02_v21_continuous_two_bone_walk\blender_frames\NE\idle\01.png'
00:48.750  render           | Saved: 'D:\AI 종합 폴더\Games\Sable-circuit\art_src\characters\rook\fast_pipeline\motion\candidate_rook_c02_v21_continuous_two_bone_walk\blender_frames\NE\idle\02.png'
00:48.890  render           | Saved: 'D:\AI 종합 폴더\Games\Sable-circuit\art_src\characters\rook\fast_pipeline\motion\candidate_rook_c02_v21_continuous_two_bone_walk\blender_frames\NE\idle\03.png'
00:49.062  render           | Saved: 'D:\AI 종합 폴더\Games\Sable-circuit\art_src\characters\rook\fast_pipeline\motion\candidate_rook_c02_v21_continuous_two_bone_walk\blender_frames\NE\move\00.png'
00:49.250  render           | Saved: 'D:\AI 종합 폴더\Games\Sable-circuit\art_src\characters\rook\fast_pipeline\motion\candidate_rook_c02_v21_continuous_two_bone_walk\blender_frames\NE\move\01.png'
00:49.437  render           | Saved: 'D:\AI 종합 폴더\Games\Sable-circuit\art_src\characters\rook\fast_pipeline\motion\candidate_rook_c02_v21_continuous_two_bone_walk\blender_frames\NE\move\02.png'
00:49.625  render           | Saved: 'D:\AI 종합 폴더\Games\Sable-circuit\art_src\characters\rook\fast_pipeline\motion\candidate_rook_c02_v21_continuous_two_bone_walk\blender_frames\NE\move\03.png'
00:49.797  render           | Saved: 'D:\AI 종합 폴더\Games\Sable-circuit\art_src\characters\rook\fast_pipeline\motion\candidate_rook_c02_v21_continuous_two_bone_walk\blender_frames\NE\move\04.png'
00:49.984  render           | Saved: 'D:\AI 종합 폴더\Games\Sable-circuit\art_src\characters\rook\fast_pipeline\motion\candidate_rook_c02_v21_continuous_two_bone_walk\blender_frames\NE\move\05.png'
00:50.172  render           | Saved: 'D:\AI 종합 폴더\Games\Sable-circuit\art_src\characters\rook\fast_pipeline\motion\candidate_rook_c02_v21_continuous_two_bone_walk\blender_frames\NE\move\06.png'
00:50.344  render           | Saved: 'D:\AI 종합 폴더\Games\Sable-circuit\art_src\characters\rook\fast_pipeline\motion\candidate_rook_c02_v21_continuous_two_bone_walk\blender_frames\NE\move\07.png'
00:50.531  render           | Saved: 'D:\AI 종합 폴더\Games\Sable-circuit\art_src\characters\rook\fast_pipeline\motion\candidate_rook_c02_v21_continuous_two_bone_walk\blender_frames\NE\move\08.png'
00:50.734  render           | Saved: 'D:\AI 종합 폴더\Games\Sable-circuit\art_src\characters\rook\fast_pipeline\motion\candidate_rook_c02_v21_continuous_two_bone_walk\blender_frames\NE\move\09.png'
00:50.922  render           | Saved: 'D:\AI 종합 폴더\Games\Sable-circuit\art_src\characters\rook\fast_pipeline\motion\candidate_rook_c02_v21_continuous_two_bone_walk\blender_frames\NE\move\10.png'
00:51.125  render           | Saved: 'D:\AI 종합 폴더\Games\Sable-circuit\art_src\characters\rook\fast_pipeline\motion\candidate_rook_c02_v21_continuous_two_bone_walk\blender_frames\NE\move\11.png'
00:51.297  render           | Saved: 'D:\AI 종합 폴더\Games\Sable-circuit\art_src\characters\rook\fast_pipeline\motion\candidate_rook_c02_v21_continuous_two_bone_walk\blender_frames\NE\move\12.png'
00:51.500  render           | Saved: 'D:\AI 종합 폴더\Games\Sable-circuit\art_src\characters\rook\fast_pipeline\motion\candidate_rook_c02_v21_continuous_two_bone_walk\blender_frames\NE\move\13.png'
00:51.672  render           | Saved: 'D:\AI 종합 폴더\Games\Sable-circuit\art_src\characters\rook\fast_pipeline\motion\candidate_rook_c02_v21_continuous_two_bone_walk\blender_frames\NE\move\14.png'
00:51.875  render           | Saved: 'D:\AI 종합 폴더\Games\Sable-circuit\art_src\characters\rook\fast_pipeline\motion\candidate_rook_c02_v21_continuous_two_bone_walk\blender_frames\NE\move\15.png'
00:52.062  render           | Saved: 'D:\AI 종합 폴더\Games\Sable-circuit\art_src\characters\rook\fast_pipeline\motion\candidate_rook_c02_v21_continuous_two_bone_walk\blender_frames\NE\move\16.png'
00:52.250  render           | Saved: 'D:\AI 종합 폴더\Games\Sable-circuit\art_src\characters\rook\fast_pipeline\motion\candidate_rook_c02_v21_continuous_two_bone_walk\blender_frames\NE\move\17.png'
00:52.437  render           | Saved: 'D:\AI 종합 폴더\Games\Sable-circuit\art_src\characters\rook\fast_pipeline\motion\candidate_rook_c02_v21_continuous_two_bone_walk\blender_frames\NE\move\18.png'
00:52.625  render           | Saved: 'D:\AI 종합 폴더\Games\Sable-circuit\art_src\characters\rook\fast_pipeline\motion\candidate_rook_c02_v21_continuous_two_bone_walk\blender_frames\NE\move\19.png'
00:52.812  render           | Saved: 'D:\AI 종합 폴더\Games\Sable-circuit\art_src\characters\rook\fast_pipeline\motion\candidate_rook_c02_v21_continuous_two_bone_walk\blender_frames\NE\move\20.png'
00:53.015  render           | Saved: 'D:\AI 종합 폴더\Games\Sable-circuit\art_src\characters\rook\fast_pipeline\motion\candidate_rook_c02_v21_continuous_two_bone_walk\blender_frames\NE\move\21.png'
00:53.203  render           | Saved: 'D:\AI 종합 폴더\Games\Sable-circuit\art_src\characters\rook\fast_pipeline\motion\candidate_rook_c02_v21_continuous_two_bone_walk\blender_frames\NE\move\22.png'
00:53.390  render           | Saved: 'D:\AI 종합 폴더\Games\Sable-circuit\art_src\characters\rook\fast_pipeline\motion\candidate_rook_c02_v21_continuous_two_bone_walk\blender_frames\NE\move\23.png'
00:53.531  render           | Saved: 'D:\AI 종합 폴더\Games\Sable-circuit\art_src\characters\rook\fast_pipeline\motion\candidate_rook_c02_v21_continuous_two_bone_walk\blender_frames\NE\fire\00.png'
00:53.656  render           | Saved: 'D:\AI 종합 폴더\Games\Sable-circuit\art_src\characters\rook\fast_pipeline\motion\candidate_rook_c02_v21_continuous_two_bone_walk\blender_frames\NE\fire\01.png'
00:53.797  render           | Saved: 'D:\AI 종합 폴더\Games\Sable-circuit\art_src\characters\rook\fast_pipeline\motion\candidate_rook_c02_v21_continuous_two_bone_walk\blender_frames\NE\fire\02.png'
00:53.922  render           | Saved: 'D:\AI 종합 폴더\Games\Sable-circuit\art_src\characters\rook\fast_pipeline\motion\candidate_rook_c02_v21_continuous_two_bone_walk\blender_frames\NE\fire\03.png'
00:54.062  render           | Saved: 'D:\AI 종합 폴더\Games\Sable-circuit\art_src\characters\rook\fast_pipeline\motion\candidate_rook_c02_v21_continuous_two_bone_walk\blender_frames\NE\fire\04.png'
00:54.187  render           | Saved: 'D:\AI 종합 폴더\Games\Sable-circuit\art_src\characters\rook\fast_pipeline\motion\candidate_rook_c02_v21_continuous_two_bone_walk\blender_frames\NE\fire\05.png'
Blender 5.2.1 LTS (hash 9e2066aef7ef built 2026-08-25 02:38:20)
Info: Saved as "ROOK_C02_FAST_UAL_V1.blend"
ROOK_FAST_BLENDER_UAL_RENDER_PASS={"candidate": "art_src/characters/rook/fast_pipeline/motion/candidate_rook_c02_v21_continuous_two_bone_walk", "frames": 272, "manifest": "art_src/characters/rook/fast_pipeline/motion/candidate_rook_c02_v21_continuous_two_bone_walk/ROOK_C02_BLENDER_UAL_RENDER_MANIFEST.json"}
