Godot Engine v4.7.1.stable.official.a13da4feb - https://godotengine.org
OpenGL API 3.3.0 NVIDIA 591.86 - Compatibility - Using Device: NVIDIA - NVIDIA GeForce RTX 4070 SUPER

WARNING: Loaded resource as image file, this will not work on export: 'res://assets/enemies/recon_drone/authored_yaw8_v1/E.png'. Instead, import the image file as an Image resource and load it normally as a resource.
   at: load_from_file (core/io/image.cpp:2780)
   GDScript backtrace (most recent call first):
       [0] _decode_view (res://scripts/animation/site7_machine_sprite.gd:122)
       [1] _read_view (res://scripts/animation/site7_machine_sprite.gd:142)
       [2] warm (res://scripts/animation/site7_machine_sprite.gd:66)
       [3] warm_art (res://scripts/actors/enemy_actor.gd:440)
       [4] _warm_enemy_art (res://scripts/missions/story_stage_01.gd:225)
       [5] _load_mission (res://scripts/missions/story_stage_01.gd:217)
       [6] _ready (res://scripts/missions/story_stage_01.gd:94)
       [7] run (res://qa/site7_map_kit_v2_20260927_stage1/capture_scripts/site7_walk_graph_capture.gd:52)
WARNING: Loaded resource as image file, this will not work on export: 'res://assets/enemies/recon_drone/authored_yaw8_v1/SE.png'. Instead, import the image file as an Image resource and load it normally as a resource.
   at: load_from_file (core/io/image.cpp:2780)
   GDScript backtrace (most recent call first):
       [0] _decode_view (res://scripts/animation/site7_machine_sprite.gd:122)
       [1] _read_view (res://scripts/animation/site7_machine_sprite.gd:142)
       [2] warm (res://scripts/animation/site7_machine_sprite.gd:66)
       [3] warm_art (res://scripts/actors/enemy_actor.gd:440)
       [4] _warm_enemy_art (res://scripts/missions/story_stage_01.gd:225)
       [5] _load_mission (res://scripts/missions/story_stage_01.gd:217)
       [6] _ready (res://scripts/missions/story_stage_01.gd:94)
       [7] run (res://qa/site7_map_kit_v2_20260927_stage1/capture_scripts/site7_walk_graph_capture.gd:52)
WARNING: Loaded resource as image file, this will not work on export: 'res://assets/enemies/recon_drone/authored_yaw8_v1/S.png'. Instead, import the image file as an Image resource and load it normally as a resource.
   at: load_from_file (core/io/image.cpp:2780)
   GDScript backtrace (most recent call first):
       [0] _decode_view (res://scripts/animation/site7_machine_sprite.gd:122)
       [1] _read_view (res://scripts/animation/site7_machine_sprite.gd:142)
       [2] warm (res://scripts/animation/site7_machine_sprite.gd:66)
       [3] warm_art (res://scripts/actors/enemy_actor.gd:440)
       [4] _warm_enemy_art (res://scripts/missions/story_stage_01.gd:225)
       [5] _load_mission (res://scripts/missions/story_stage_01.gd:217)
       [6] _ready (res://scripts/missions/story_stage_01.gd:94)
       [7] run (res://qa/site7_map_kit_v2_20260927_stage1/capture_scripts/site7_walk_graph_capture.gd:52)
WARNING: Loaded resource as image file, this will not work on export: 'res://assets/enemies/recon_drone/authored_yaw8_v1/SW.png'. Instead, import the image file as an Image resource and load it normally as a resource.
   at: load_from_file (core/io/image.cpp:2780)
   GDScript backtrace (most recent call first):
       [0] _decode_view (res://scripts/animation/site7_machine_sprite.gd:122)
       [1] _read_view (res://scripts/animation/site7_machine_sprite.gd:142)
       [2] warm (res://scripts/animation/site7_machine_sprite.gd:66)
       [3] warm_art (res://scripts/actors/enemy_actor.gd:440)
       [4] _warm_enemy_art (res://scripts/missions/story_stage_01.gd:225)
       [5] _load_mission (res://scripts/missions/story_stage_01.gd:217)
       [6] _ready (res://scripts/missions/story_stage_01.gd:94)
       [7] run (res://qa/site7_map_kit_v2_20260927_stage1/capture_scripts/site7_walk_graph_capture.gd:52)
WARNING: Loaded resource as image file, this will not work on export: 'res://assets/enemies/recon_drone/authored_yaw8_v1/W.png'. Instead, import the image file as an Image resource and load it normally as a resource.
   at: load_from_file (core/io/image.cpp:2780)
   GDScript backtrace (most recent call first):
       [0] _decode_view (res://scripts/animation/site7_machine_sprite.gd:122)
       [1] _read_view (res://scripts/animation/site7_machine_sprite.gd:142)
       [2] warm (res://scripts/animation/site7_machine_sprite.gd:66)
       [3] warm_art (res://scripts/actors/enemy_actor.gd:440)
       [4] _warm_enemy_art (res://scripts/missions/story_stage_01.gd:225)
       [5] _load_mission (res://scripts/missions/story_stage_01.gd:217)
       [6] _ready (res://scripts/missions/story_stage_01.gd:94)
       [7] run (res://qa/site7_map_kit_v2_20260927_stage1/capture_scripts/site7_walk_graph_capture.gd:52)
WARNING: Loaded resource as image file, this will not work on export: 'res://assets/enemies/recon_drone/authored_yaw8_v1/NW.png'. Instead, import the image file as an Image resource and load it normally as a resource.
   at: load_from_file (core/io/image.cpp:2780)
   GDScript backtrace (most recent call first):
       [0] _decode_view (res://scripts/animation/site7_machine_sprite.gd:122)
       [1] _read_view (res://scripts/animation/site7_machine_sprite.gd:142)
       [2] warm (res://scripts/animation/site7_machine_sprite.gd:66)
       [3] warm_art (res://scripts/actors/enemy_actor.gd:440)
       [4] _warm_enemy_art (res://scripts/missions/story_stage_01.gd:225)
       [5] _load_mission (res://scripts/missions/story_stage_01.gd:217)
       [6] _ready (res://scripts/missions/story_stage_01.gd:94)
       [7] run (res://qa/site7_map_kit_v2_20260927_stage1/capture_scripts/site7_walk_graph_capture.gd:52)
WARNING: Loaded resource as image file, this will not work on export: 'res://assets/enemies/recon_drone/authored_yaw8_v1/N.png'. Instead, import the image file as an Image resource and load it normally as a resource.
   at: load_from_file (core/io/image.cpp:2780)
   GDScript backtrace (most recent call first):
       [0] _decode_view (res://scripts/animation/site7_machine_sprite.gd:122)
       [1] _read_view (res://scripts/animation/site7_machine_sprite.gd:142)
       [2] warm (res://scripts/animation/site7_machine_sprite.gd:66)
       [3] warm_art (res://scripts/actors/enemy_actor.gd:440)
       [4] _warm_enemy_art (res://scripts/missions/story_stage_01.gd:225)
       [5] _load_mission (res://scripts/missions/story_stage_01.gd:217)
       [6] _ready (res://scripts/missions/story_stage_01.gd:94)
       [7] run (res://qa/site7_map_kit_v2_20260927_stage1/capture_scripts/site7_walk_graph_capture.gd:52)
WARNING: Loaded resource as image file, this will not work on export: 'res://assets/enemies/recon_drone/authored_yaw8_v1/NE.png'. Instead, import the image file as an Image resource and load it normally as a resource.
   at: load_from_file (core/io/image.cpp:2780)
   GDScript backtrace (most recent call first):
       [0] _decode_view (res://scripts/animation/site7_machine_sprite.gd:122)
       [1] _read_view (res://scripts/animation/site7_machine_sprite.gd:142)
       [2] warm (res://scripts/animation/site7_machine_sprite.gd:66)
       [3] warm_art (res://scripts/actors/enemy_actor.gd:440)
       [4] _warm_enemy_art (res://scripts/missions/story_stage_01.gd:225)
       [5] _load_mission (res://scripts/missions/story_stage_01.gd:217)
       [6] _ready (res://scripts/missions/story_stage_01.gd:94)
       [7] run (res://qa/site7_map_kit_v2_20260927_stage1/capture_scripts/site7_walk_graph_capture.gd:52)
WARNING: Loaded resource as image file, this will not work on export: 'res://assets/enemies/bulwark/authored_yaw8_v1/E.png'. Instead, import the image file as an Image resource and load it normally as a resource.
   at: load_from_file (core/io/image.cpp:2780)
   GDScript backtrace (most recent call first):
       [0] _decode_view (res://scripts/animation/site7_machine_sprite.gd:122)
       [1] _read_view (res://scripts/animation/site7_machine_sprite.gd:142)
       [2] warm (res://scripts/animation/site7_machine_sprite.gd:66)
       [3] warm_art (res://scripts/actors/enemy_actor.gd:440)
       [4] _warm_enemy_art (res://scripts/missions/story_stage_01.gd:225)
       [5] _load_mission (res://scripts/missions/story_stage_01.gd:217)
       [6] _ready (res://scripts/missions/story_stage_01.gd:94)
       [7] run (res://qa/site7_map_kit_v2_20260927_stage1/capture_scripts/site7_walk_graph_capture.gd:52)
WARNING: Loaded resource as image file, this will not work on export: 'res://assets/enemies/bulwark/authored_yaw8_v1/SE.png'. Instead, import the image file as an Image resource and load it normally as a resource.
   at: load_from_file (core/io/image.cpp:2780)
   GDScript backtrace (most recent call first):
       [0] _decode_view (res://scripts/animation/site7_machine_sprite.gd:122)
       [1] _read_view (res://scripts/animation/site7_machine_sprite.gd:142)
       [2] warm (res://scripts/animation/site7_machine_sprite.gd:66)
       [3] warm_art (res://scripts/actors/enemy_actor.gd:440)
       [4] _warm_enemy_art (res://scripts/missions/story_stage_01.gd:225)
       [5] _load_mission (res://scripts/missions/story_stage_01.gd:217)
       [6] _ready (res://scripts/missions/story_stage_01.gd:94)
       [7] run (res://qa/site7_map_kit_v2_20260927_stage1/capture_scripts/site7_walk_graph_capture.gd:52)
WARNING: Loaded resource as image file, this will not work on export: 'res://assets/enemies/bulwark/authored_yaw8_v1/S.png'. Instead, import the image file as an Image resource and load it normally as a resource.
   at: load_from_file (core/io/image.cpp:2780)
   GDScript backtrace (most recent call first):
       [0] _decode_view (res://scripts/animation/site7_machine_sprite.gd:122)
       [1] _read_view (res://scripts/animation/site7_machine_sprite.gd:142)
       [2] warm (res://scripts/animation/site7_machine_sprite.gd:66)
       [3] warm_art (res://scripts/actors/enemy_actor.gd:440)
       [4] _warm_enemy_art (res://scripts/missions/story_stage_01.gd:225)
       [5] _load_mission (res://scripts/missions/story_stage_01.gd:217)
       [6] _ready (res://scripts/missions/story_stage_01.gd:94)
       [7] run (res://qa/site7_map_kit_v2_20260927_stage1/capture_scripts/site7_walk_graph_capture.gd:52)
WARNING: Loaded resource as image file, this will not work on export: 'res://assets/enemies/bulwark/authored_yaw8_v1/SW.png'. Instead, import the image file as an Image resource and load it normally as a resource.
   at: load_from_file (core/io/image.cpp:2780)
   GDScript backtrace (most recent call first):
       [0] _decode_view (res://scripts/animation/site7_machine_sprite.gd:122)
       [1] _read_view (res://scripts/animation/site7_machine_sprite.gd:142)
       [2] warm (res://scripts/animation/site7_machine_sprite.gd:66)
       [3] warm_art (res://scripts/actors/enemy_actor.gd:440)
       [4] _warm_enemy_art (res://scripts/missions/story_stage_01.gd:225)
       [5] _load_mission (res://scripts/missions/story_stage_01.gd:217)
       [6] _ready (res://scripts/missions/story_stage_01.gd:94)
       [7] run (res://qa/site7_map_kit_v2_20260927_stage1/capture_scripts/site7_walk_graph_capture.gd:52)
WARNING: Loaded resource as image file, this will not work on export: 'res://assets/enemies/bulwark/authored_yaw8_v1/W.png'. Instead, import the image file as an Image resource and load it normally as a resource.
   at: load_from_file (core/io/image.cpp:2780)
   GDScript backtrace (most recent call first):
       [0] _decode_view (res://scripts/animation/site7_machine_sprite.gd:122)
       [1] _read_view (res://scripts/animation/site7_machine_sprite.gd:142)
       [2] warm (res://scripts/animation/site7_machine_sprite.gd:66)
       [3] warm_art (res://scripts/actors/enemy_actor.gd:440)
       [4] _warm_enemy_art (res://scripts/missions/story_stage_01.gd:225)
       [5] _load_mission (res://scripts/missions/story_stage_01.gd:217)
       [6] _ready (res://scripts/missions/story_stage_01.gd:94)
       [7] run (res://qa/site7_map_kit_v2_20260927_stage1/capture_scripts/site7_walk_graph_capture.gd:52)
WARNING: Loaded resource as image file, this will not work on export: 'res://assets/enemies/bulwark/authored_yaw8_v1/NW.png'. Instead, import the image file as an Image resource and load it normally as a resource.
   at: load_from_file (core/io/image.cpp:2780)
   GDScript backtrace (most recent call first):
       [0] _decode_view (res://scripts/animation/site7_machine_sprite.gd:122)
       [1] _read_view (res://scripts/animation/site7_machine_sprite.gd:142)
       [2] warm (res://scripts/animation/site7_machine_sprite.gd:66)
       [3] warm_art (res://scripts/actors/enemy_actor.gd:440)
       [4] _warm_enemy_art (res://scripts/missions/story_stage_01.gd:225)
       [5] _load_mission (res://scripts/missions/story_stage_01.gd:217)
       [6] _ready (res://scripts/missions/story_stage_01.gd:94)
       [7] run (res://qa/site7_map_kit_v2_20260927_stage1/capture_scripts/site7_walk_graph_capture.gd:52)
WARNING: Loaded resource as image file, this will not work on export: 'res://assets/enemies/bulwark/authored_yaw8_v1/N.png'. Instead, import the image file as an Image resource and load it normally as a resource.
   at: load_from_file (core/io/image.cpp:2780)
   GDScript backtrace (most recent call first):
       [0] _decode_view (res://scripts/animation/site7_machine_sprite.gd:122)
       [1] _read_view (res://scripts/animation/site7_machine_sprite.gd:142)
       [2] warm (res://scripts/animation/site7_machine_sprite.gd:66)
       [3] warm_art (res://scripts/actors/enemy_actor.gd:440)
       [4] _warm_enemy_art (res://scripts/missions/story_stage_01.gd:225)
       [5] _load_mission (res://scripts/missions/story_stage_01.gd:217)
       [6] _ready (res://scripts/missions/story_stage_01.gd:94)
       [7] run (res://qa/site7_map_kit_v2_20260927_stage1/capture_scripts/site7_walk_graph_capture.gd:52)
WARNING: Loaded resource as image file, this will not work on export: 'res://assets/enemies/bulwark/authored_yaw8_v1/NE.png'. Instead, import the image file as an Image resource and load it normally as a resource.
   at: load_from_file (core/io/image.cpp:2780)
   GDScript backtrace (most recent call first):
       [0] _decode_view (res://scripts/animation/site7_machine_sprite.gd:122)
       [1] _read_view (res://scripts/animation/site7_machine_sprite.gd:142)
       [2] warm (res://scripts/animation/site7_machine_sprite.gd:66)
       [3] warm_art (res://scripts/actors/enemy_actor.gd:440)
       [4] _warm_enemy_art (res://scripts/missions/story_stage_01.gd:225)
       [5] _load_mission (res://scripts/missions/story_stage_01.gd:217)
       [6] _ready (res://scripts/missions/story_stage_01.gd:94)
       [7] run (res://qa/site7_map_kit_v2_20260927_stage1/capture_scripts/site7_walk_graph_capture.gd:52)
WARNING: Loaded resource as image file, this will not work on export: 'res://assets/enemies/cinder_ram/authored_yaw8_v1/E.png'. Instead, import the image file as an Image resource and load it normally as a resource.
   at: load_from_file (core/io/image.cpp:2780)
   GDScript backtrace (most recent call first):
       [0] _decode_view (res://scripts/animation/site7_machine_sprite.gd:122)
       [1] _read_view (res://scripts/animation/site7_machine_sprite.gd:142)
       [2] warm (res://scripts/animation/site7_machine_sprite.gd:66)
       [3] warm_art (res://scripts/actors/enemy_actor.gd:440)
       [4] _warm_enemy_art (res://scripts/missions/story_stage_01.gd:225)
       [5] _load_mission (res://scripts/missions/story_stage_01.gd:217)
       [6] _ready (res://scripts/missions/story_stage_01.gd:94)
       [7] run (res://qa/site7_map_kit_v2_20260927_stage1/capture_scripts/site7_walk_graph_capture.gd:52)
WARNING: Loaded resource as image file, this will not work on export: 'res://assets/enemies/cinder_ram/authored_yaw8_v1/SE.png'. Instead, import the image file as an Image resource and load it normally as a resource.
   at: load_from_file (core/io/image.cpp:2780)
   GDScript backtrace (most recent call first):
       [0] _decode_view (res://scripts/animation/site7_machine_sprite.gd:122)
       [1] _read_view (res://scripts/animation/site7_machine_sprite.gd:142)
       [2] warm (res://scripts/animation/site7_machine_sprite.gd:66)
       [3] warm_art (res://scripts/actors/enemy_actor.gd:440)
       [4] _warm_enemy_art (res://scripts/missions/story_stage_01.gd:225)
       [5] _load_mission (res://scripts/missions/story_stage_01.gd:217)
       [6] _ready (res://scripts/missions/story_stage_01.gd:94)
       [7] run (res://qa/site7_map_kit_v2_20260927_stage1/capture_scripts/site7_walk_graph_capture.gd:52)
WARNING: Loaded resource as image file, this will not work on export: 'res://assets/enemies/cinder_ram/authored_yaw8_v1/S.png'. Instead, import the image file as an Image resource and load it normally as a resource.
   at: load_from_file (core/io/image.cpp:2780)
   GDScript backtrace (most recent call first):
       [0] _decode_view (res://scripts/animation/site7_machine_sprite.gd:122)
       [1] _read_view (res://scripts/animation/site7_machine_sprite.gd:142)
       [2] warm (res://scripts/animation/site7_machine_sprite.gd:66)
       [3] warm_art (res://scripts/actors/enemy_actor.gd:440)
       [4] _warm_enemy_art (res://scripts/missions/story_stage_01.gd:225)
       [5] _load_mission (res://scripts/missions/story_stage_01.gd:217)
       [6] _ready (res://scripts/missions/story_stage_01.gd:94)
       [7] run (res://qa/site7_map_kit_v2_20260927_stage1/capture_scripts/site7_walk_graph_capture.gd:52)
WARNING: Loaded resource as image file, this will not work on export: 'res://assets/enemies/cinder_ram/authored_yaw8_v1/SW.png'. Instead, import the image file as an Image resource and load it normally as a resource.
   at: load_from_file (core/io/image.cpp:2780)
   GDScript backtrace (most recent call first):
       [0] _decode_view (res://scripts/animation/site7_machine_sprite.gd:122)
       [1] _read_view (res://scripts/animation/site7_machine_sprite.gd:142)
       [2] warm (res://scripts/animation/site7_machine_sprite.gd:66)
       [3] warm_art (res://scripts/actors/enemy_actor.gd:440)
       [4] _warm_enemy_art (res://scripts/missions/story_stage_01.gd:225)
       [5] _load_mission (res://scripts/missions/story_stage_01.gd:217)
       [6] _ready (res://scripts/missions/story_stage_01.gd:94)
       [7] run (res://qa/site7_map_kit_v2_20260927_stage1/capture_scripts/site7_walk_graph_capture.gd:52)
WARNING: Loaded resource as image file, this will not work on export: 'res://assets/enemies/cinder_ram/authored_yaw8_v1/W.png'. Instead, import the image file as an Image resource and load it normally as a resource.
   at: load_from_file (core/io/image.cpp:2780)
   GDScript backtrace (most recent call first):
       [0] _decode_view (res://scripts/animation/site7_machine_sprite.gd:122)
       [1] _read_view (res://scripts/animation/site7_machine_sprite.gd:142)
       [2] warm (res://scripts/animation/site7_machine_sprite.gd:66)
       [3] warm_art (res://scripts/actors/enemy_actor.gd:440)
       [4] _warm_enemy_art (res://scripts/missions/story_stage_01.gd:225)
       [5] _load_mission (res://scripts/missions/story_stage_01.gd:217)
       [6] _ready (res://scripts/missions/story_stage_01.gd:94)
       [7] run (res://qa/site7_map_kit_v2_20260927_stage1/capture_scripts/site7_walk_graph_capture.gd:52)
WARNING: Loaded resource as image file, this will not work on export: 'res://assets/enemies/cinder_ram/authored_yaw8_v1/NW.png'. Instead, import the image file as an Image resource and load it normally as a resource.
   at: load_from_file (core/io/image.cpp:2780)
   GDScript backtrace (most recent call first):
       [0] _decode_view (res://scripts/animation/site7_machine_sprite.gd:122)
       [1] _read_view (res://scripts/animation/site7_machine_sprite.gd:142)
       [2] warm (res://scripts/animation/site7_machine_sprite.gd:66)
       [3] warm_art (res://scripts/actors/enemy_actor.gd:440)
       [4] _warm_enemy_art (res://scripts/missions/story_stage_01.gd:225)
       [5] _load_mission (res://scripts/missions/story_stage_01.gd:217)
       [6] _ready (res://scripts/missions/story_stage_01.gd:94)
       [7] run (res://qa/site7_map_kit_v2_20260927_stage1/capture_scripts/site7_walk_graph_capture.gd:52)
WARNING: Loaded resource as image file, this will not work on export: 'res://assets/enemies/cinder_ram/authored_yaw8_v1/N.png'. Instead, import the image file as an Image resource and load it normally as a resource.
   at: load_from_file (core/io/image.cpp:2780)
   GDScript backtrace (most recent call first):
       [0] _decode_view (res://scripts/animation/site7_machine_sprite.gd:122)
       [1] _read_view (res://scripts/animation/site7_machine_sprite.gd:142)
       [2] warm (res://scripts/animation/site7_machine_sprite.gd:66)
       [3] warm_art (res://scripts/actors/enemy_actor.gd:440)
       [4] _warm_enemy_art (res://scripts/missions/story_stage_01.gd:225)
       [5] _load_mission (res://scripts/missions/story_stage_01.gd:217)
       [6] _ready (res://scripts/missions/story_stage_01.gd:94)
       [7] run (res://qa/site7_map_kit_v2_20260927_stage1/capture_scripts/site7_walk_graph_capture.gd:52)
WARNING: Loaded resource as image file, this will not work on export: 'res://assets/enemies/cinder_ram/authored_yaw8_v1/NE.png'. Instead, import the image file as an Image resource and load it normally as a resource.
   at: load_from_file (core/io/image.cpp:2780)
   GDScript backtrace (most recent call first):
       [0] _decode_view (res://scripts/animation/site7_machine_sprite.gd:122)
       [1] _read_view (res://scripts/animation/site7_machine_sprite.gd:142)
       [2] warm (res://scripts/animation/site7_machine_sprite.gd:66)
       [3] warm_art (res://scripts/actors/enemy_actor.gd:440)
       [4] _warm_enemy_art (res://scripts/missions/story_stage_01.gd:225)
       [5] _load_mission (res://scripts/missions/story_stage_01.gd:217)
       [6] _ready (res://scripts/missions/story_stage_01.gd:94)
       [7] run (res://qa/site7_map_kit_v2_20260927_stage1/capture_scripts/site7_walk_graph_capture.gd:52)
WARNING: Loaded resource as image file, this will not work on export: 'res://assets/enemies/signal_anchor_guardian/authored_core_v1/anchor.png'. Instead, import the image file as an Image resource and load it normally as a resource.
   at: load_from_file (core/io/image.cpp:2780)
   GDScript backtrace (most recent call first):
       [0] _decode_view (res://scripts/animation/site7_machine_sprite.gd:122)
       [1] _read_view (res://scripts/animation/site7_machine_sprite.gd:142)
       [2] warm (res://scripts/animation/site7_machine_sprite.gd:66)
       [3] warm_art (res://scripts/actors/enemy_actor.gd:440)
       [4] _warm_enemy_art (res://scripts/missions/story_stage_01.gd:225)
       [5] _load_mission (res://scripts/missions/story_stage_01.gd:217)
       [6] _ready (res://scripts/missions/story_stage_01.gd:94)
       [7] run (res://qa/site7_map_kit_v2_20260927_stage1/capture_scripts/site7_walk_graph_capture.gd:52)
M7_RASTER_QUARANTINED identity=aster status=partial chunks=2 encoded=20000 present=15000 declared=94718
JOIN_GAPS {"0_a":0.0,"0_b":0.0,"1_a":0.0,"1_b":0.0,"2_a":0.0,"2_b":0.0,"3_a":0.0,"3_b":0.0,"4_a":0.0,"4_b":0.0,"5_a":0.0,"5_b":0.0,"6_a":0.0,"6_b":0.0}
WALK_SHOT 02_00_ENV_S02_REENTRY room=R01_REENTRY pos=(1680.0, 470.0)
WALK_SHOT 02_01_ENV_S02_MAINTENANCE room=R02_MAINTENANCE pos=(3868.0, -567.5)
WALK_SHOT 02_02_ENV_S02_RELAY_ARCHIVE room=R03_RELAY_ARCHIVE pos=(6044.0, -1555.5)
WALK_SHOT 02_03_ENV_S02_QUARANTINE room=R04_QUARANTINE pos=(8261.0, -2535.5)
WALK_SHOT 02_04_ENV_S02_RELAY room=R05_RELAY pos=(10473.0, -3525.5)
WALK_SHOT 02_05_ENV_S02_SERVICE_LIFT room=R06_EVAC pos=(12610.0, -4515.5)
WALK_SHOT 02_06_ENV_S02_FIELD_CACHE room=O01_SUPPLY pos=(8037.0, -556.5)
WALK_SHOT 02_07_ENV_S02_ECHO_RECORDER room=O02_RESEARCH pos=(10254.0, -1554.5)
WALK_SHOT 02_08_ENV_S02_REENTRY_MAINTENANCE room= pos=(2725.0, -6.0)
WALK_SHOT 02_09_ENV_S02_MAINTENANCE_ARCHIVE room= pos=(4942.0, -995.0)
WALK_SHOT 02_10_ENV_S02_ARCHIVE_QUARANTINE room= pos=(7159.0, -1975.0)
WALK_SHOT 02_11_ENV_S02_QUARANTINE_RELAY room= pos=(9376.0, -2955.0)
WALK_SHOT 02_12_ENV_S02_RELAY_LIFT room= pos=(11538.0, -3945.0)
WALK_SHOT 02_13_ENV_S02_ARCHIVE_CACHE room= pos=(7085.0, -992.0)
WALK_SHOT 02_14_ENV_S02_QUARANTINE_ECHO room= pos=(9302.0, -1979.0)
