Godot Engine v4.7.1.stable.official.a13da4feb - https://godotengine.org
OpenGL API 3.3.0 NVIDIA 591.86 - Compatibility - Using Device: NVIDIA - NVIDIA GeForce RTX 4070 SUPER

Movie Maker mode enabled, recording movie in 1280×720 @ 60 FPS...
M7_RASTER_QUARANTINED identity=aster status=partial chunks=2 encoded=20000 present=15000 declared=94718
WARNING: Loaded resource as image file, this will not work on export: 'res://assets/enemies/recon_drone/authored_yaw8_v1/E.png'. Instead, import the image file as an Image resource and load it normally as a resource.
   at: load_from_file (core/io/image.cpp:2780)
   GDScript backtrace (most recent call first):
       [0] _read_view (res://scripts/animation/site7_machine_sprite.gd:77)
       [1] configure (res://scripts/animation/site7_machine_sprite.gd:117)
       [2] preview_machine_source (res://scripts/actors/enemy_actor.gd:358)
       [3] _load_reviewed_machine_source (res://scripts/actors/enemy_actor.gd:379)
       [4] _ready (res://scripts/actors/enemy_actor.gd:67)
       [5] _spawn_wave (res://scripts/missions/story_stage_01.gd:432)
       [6] _spawn_combat (res://scripts/missions/story_stage_01.gd:407)
       [7] debug_spawn_encounter_for_step (res://scripts/missions/story_stage_01.gd:727)
       [8] start_battle_preview (res://scripts/missions/story_stage_01.gd:159)
       [9] run (res://tests/render/stage_battle_video_10s_capture.gd:107)
WARNING: Loaded resource as image file, this will not work on export: 'res://assets/enemies/recon_drone/authored_yaw8_v1/SE.png'. Instead, import the image file as an Image resource and load it normally as a resource.
   at: load_from_file (core/io/image.cpp:2780)
   GDScript backtrace (most recent call first):
       [0] _read_view (res://scripts/animation/site7_machine_sprite.gd:77)
       [1] configure (res://scripts/animation/site7_machine_sprite.gd:117)
       [2] preview_machine_source (res://scripts/actors/enemy_actor.gd:358)
       [3] _load_reviewed_machine_source (res://scripts/actors/enemy_actor.gd:379)
       [4] _ready (res://scripts/actors/enemy_actor.gd:67)
       [5] _spawn_wave (res://scripts/missions/story_stage_01.gd:432)
       [6] _spawn_combat (res://scripts/missions/story_stage_01.gd:407)
       [7] debug_spawn_encounter_for_step (res://scripts/missions/story_stage_01.gd:727)
       [8] start_battle_preview (res://scripts/missions/story_stage_01.gd:159)
       [9] run (res://tests/render/stage_battle_video_10s_capture.gd:107)
WARNING: Loaded resource as image file, this will not work on export: 'res://assets/enemies/recon_drone/authored_yaw8_v1/S.png'. Instead, import the image file as an Image resource and load it normally as a resource.
   at: load_from_file (core/io/image.cpp:2780)
   GDScript backtrace (most recent call first):
       [0] _read_view (res://scripts/animation/site7_machine_sprite.gd:77)
       [1] configure (res://scripts/animation/site7_machine_sprite.gd:117)
       [2] preview_machine_source (res://scripts/actors/enemy_actor.gd:358)
       [3] _load_reviewed_machine_source (res://scripts/actors/enemy_actor.gd:379)
       [4] _ready (res://scripts/actors/enemy_actor.gd:67)
       [5] _spawn_wave (res://scripts/missions/story_stage_01.gd:432)
       [6] _spawn_combat (res://scripts/missions/story_stage_01.gd:407)
       [7] debug_spawn_encounter_for_step (res://scripts/missions/story_stage_01.gd:727)
       [8] start_battle_preview (res://scripts/missions/story_stage_01.gd:159)
       [9] run (res://tests/render/stage_battle_video_10s_capture.gd:107)
WARNING: Loaded resource as image file, this will not work on export: 'res://assets/enemies/recon_drone/authored_yaw8_v1/SW.png'. Instead, import the image file as an Image resource and load it normally as a resource.
   at: load_from_file (core/io/image.cpp:2780)
   GDScript backtrace (most recent call first):
       [0] _read_view (res://scripts/animation/site7_machine_sprite.gd:77)
       [1] configure (res://scripts/animation/site7_machine_sprite.gd:117)
       [2] preview_machine_source (res://scripts/actors/enemy_actor.gd:358)
       [3] _load_reviewed_machine_source (res://scripts/actors/enemy_actor.gd:379)
       [4] _ready (res://scripts/actors/enemy_actor.gd:67)
       [5] _spawn_wave (res://scripts/missions/story_stage_01.gd:432)
       [6] _spawn_combat (res://scripts/missions/story_stage_01.gd:407)
       [7] debug_spawn_encounter_for_step (res://scripts/missions/story_stage_01.gd:727)
       [8] start_battle_preview (res://scripts/missions/story_stage_01.gd:159)
       [9] run (res://tests/render/stage_battle_video_10s_capture.gd:107)
WARNING: Loaded resource as image file, this will not work on export: 'res://assets/enemies/recon_drone/authored_yaw8_v1/W.png'. Instead, import the image file as an Image resource and load it normally as a resource.
   at: load_from_file (core/io/image.cpp:2780)
   GDScript backtrace (most recent call first):
       [0] _read_view (res://scripts/animation/site7_machine_sprite.gd:77)
       [1] configure (res://scripts/animation/site7_machine_sprite.gd:117)
       [2] preview_machine_source (res://scripts/actors/enemy_actor.gd:358)
       [3] _load_reviewed_machine_source (res://scripts/actors/enemy_actor.gd:379)
       [4] _ready (res://scripts/actors/enemy_actor.gd:67)
       [5] _spawn_wave (res://scripts/missions/story_stage_01.gd:432)
       [6] _spawn_combat (res://scripts/missions/story_stage_01.gd:407)
       [7] debug_spawn_encounter_for_step (res://scripts/missions/story_stage_01.gd:727)
       [8] start_battle_preview (res://scripts/missions/story_stage_01.gd:159)
       [9] run (res://tests/render/stage_battle_video_10s_capture.gd:107)
WARNING: Loaded resource as image file, this will not work on export: 'res://assets/enemies/recon_drone/authored_yaw8_v1/NW.png'. Instead, import the image file as an Image resource and load it normally as a resource.
   at: load_from_file (core/io/image.cpp:2780)
   GDScript backtrace (most recent call first):
       [0] _read_view (res://scripts/animation/site7_machine_sprite.gd:77)
       [1] configure (res://scripts/animation/site7_machine_sprite.gd:117)
       [2] preview_machine_source (res://scripts/actors/enemy_actor.gd:358)
       [3] _load_reviewed_machine_source (res://scripts/actors/enemy_actor.gd:379)
       [4] _ready (res://scripts/actors/enemy_actor.gd:67)
       [5] _spawn_wave (res://scripts/missions/story_stage_01.gd:432)
       [6] _spawn_combat (res://scripts/missions/story_stage_01.gd:407)
       [7] debug_spawn_encounter_for_step (res://scripts/missions/story_stage_01.gd:727)
       [8] start_battle_preview (res://scripts/missions/story_stage_01.gd:159)
       [9] run (res://tests/render/stage_battle_video_10s_capture.gd:107)
WARNING: Loaded resource as image file, this will not work on export: 'res://assets/enemies/recon_drone/authored_yaw8_v1/N.png'. Instead, import the image file as an Image resource and load it normally as a resource.
   at: load_from_file (core/io/image.cpp:2780)
   GDScript backtrace (most recent call first):
       [0] _read_view (res://scripts/animation/site7_machine_sprite.gd:77)
       [1] configure (res://scripts/animation/site7_machine_sprite.gd:117)
       [2] preview_machine_source (res://scripts/actors/enemy_actor.gd:358)
       [3] _load_reviewed_machine_source (res://scripts/actors/enemy_actor.gd:379)
       [4] _ready (res://scripts/actors/enemy_actor.gd:67)
       [5] _spawn_wave (res://scripts/missions/story_stage_01.gd:432)
       [6] _spawn_combat (res://scripts/missions/story_stage_01.gd:407)
       [7] debug_spawn_encounter_for_step (res://scripts/missions/story_stage_01.gd:727)
       [8] start_battle_preview (res://scripts/missions/story_stage_01.gd:159)
       [9] run (res://tests/render/stage_battle_video_10s_capture.gd:107)
WARNING: Loaded resource as image file, this will not work on export: 'res://assets/enemies/recon_drone/authored_yaw8_v1/NE.png'. Instead, import the image file as an Image resource and load it normally as a resource.
   at: load_from_file (core/io/image.cpp:2780)
   GDScript backtrace (most recent call first):
       [0] _read_view (res://scripts/animation/site7_machine_sprite.gd:77)
       [1] configure (res://scripts/animation/site7_machine_sprite.gd:117)
       [2] preview_machine_source (res://scripts/actors/enemy_actor.gd:358)
       [3] _load_reviewed_machine_source (res://scripts/actors/enemy_actor.gd:379)
       [4] _ready (res://scripts/actors/enemy_actor.gd:67)
       [5] _spawn_wave (res://scripts/missions/story_stage_01.gd:432)
       [6] _spawn_combat (res://scripts/missions/story_stage_01.gd:407)
       [7] debug_spawn_encounter_for_step (res://scripts/missions/story_stage_01.gd:727)
       [8] start_battle_preview (res://scripts/missions/story_stage_01.gd:159)
       [9] run (res://tests/render/stage_battle_video_10s_capture.gd:107)
WARNING: Loaded resource as image file, this will not work on export: 'res://assets/enemies/bulwark/authored_yaw8_v1/E.png'. Instead, import the image file as an Image resource and load it normally as a resource.
   at: load_from_file (core/io/image.cpp:2780)
   GDScript backtrace (most recent call first):
       [0] _read_view (res://scripts/animation/site7_machine_sprite.gd:77)
       [1] configure (res://scripts/animation/site7_machine_sprite.gd:117)
       [2] preview_machine_source (res://scripts/actors/enemy_actor.gd:358)
       [3] _load_reviewed_machine_source (res://scripts/actors/enemy_actor.gd:379)
       [4] _ready (res://scripts/actors/enemy_actor.gd:67)
       [5] _spawn_wave (res://scripts/missions/story_stage_01.gd:432)
       [6] _spawn_combat (res://scripts/missions/story_stage_01.gd:407)
       [7] debug_spawn_encounter_for_step (res://scripts/missions/story_stage_01.gd:727)
       [8] start_battle_preview (res://scripts/missions/story_stage_01.gd:159)
       [9] run (res://tests/render/stage_battle_video_10s_capture.gd:107)
WARNING: Loaded resource as image file, this will not work on export: 'res://assets/enemies/bulwark/authored_yaw8_v1/SE.png'. Instead, import the image file as an Image resource and load it normally as a resource.
   at: load_from_file (core/io/image.cpp:2780)
   GDScript backtrace (most recent call first):
       [0] _read_view (res://scripts/animation/site7_machine_sprite.gd:77)
       [1] configure (res://scripts/animation/site7_machine_sprite.gd:117)
       [2] preview_machine_source (res://scripts/actors/enemy_actor.gd:358)
       [3] _load_reviewed_machine_source (res://scripts/actors/enemy_actor.gd:379)
       [4] _ready (res://scripts/actors/enemy_actor.gd:67)
       [5] _spawn_wave (res://scripts/missions/story_stage_01.gd:432)
       [6] _spawn_combat (res://scripts/missions/story_stage_01.gd:407)
       [7] debug_spawn_encounter_for_step (res://scripts/missions/story_stage_01.gd:727)
       [8] start_battle_preview (res://scripts/missions/story_stage_01.gd:159)
       [9] run (res://tests/render/stage_battle_video_10s_capture.gd:107)
WARNING: Loaded resource as image file, this will not work on export: 'res://assets/enemies/bulwark/authored_yaw8_v1/S.png'. Instead, import the image file as an Image resource and load it normally as a resource.
   at: load_from_file (core/io/image.cpp:2780)
   GDScript backtrace (most recent call first):
       [0] _read_view (res://scripts/animation/site7_machine_sprite.gd:77)
       [1] configure (res://scripts/animation/site7_machine_sprite.gd:117)
       [2] preview_machine_source (res://scripts/actors/enemy_actor.gd:358)
       [3] _load_reviewed_machine_source (res://scripts/actors/enemy_actor.gd:379)
       [4] _ready (res://scripts/actors/enemy_actor.gd:67)
       [5] _spawn_wave (res://scripts/missions/story_stage_01.gd:432)
       [6] _spawn_combat (res://scripts/missions/story_stage_01.gd:407)
       [7] debug_spawn_encounter_for_step (res://scripts/missions/story_stage_01.gd:727)
       [8] start_battle_preview (res://scripts/missions/story_stage_01.gd:159)
       [9] run (res://tests/render/stage_battle_video_10s_capture.gd:107)
WARNING: Loaded resource as image file, this will not work on export: 'res://assets/enemies/bulwark/authored_yaw8_v1/SW.png'. Instead, import the image file as an Image resource and load it normally as a resource.
   at: load_from_file (core/io/image.cpp:2780)
   GDScript backtrace (most recent call first):
       [0] _read_view (res://scripts/animation/site7_machine_sprite.gd:77)
       [1] configure (res://scripts/animation/site7_machine_sprite.gd:117)
       [2] preview_machine_source (res://scripts/actors/enemy_actor.gd:358)
       [3] _load_reviewed_machine_source (res://scripts/actors/enemy_actor.gd:379)
       [4] _ready (res://scripts/actors/enemy_actor.gd:67)
       [5] _spawn_wave (res://scripts/missions/story_stage_01.gd:432)
       [6] _spawn_combat (res://scripts/missions/story_stage_01.gd:407)
       [7] debug_spawn_encounter_for_step (res://scripts/missions/story_stage_01.gd:727)
       [8] start_battle_preview (res://scripts/missions/story_stage_01.gd:159)
       [9] run (res://tests/render/stage_battle_video_10s_capture.gd:107)
WARNING: Loaded resource as image file, this will not work on export: 'res://assets/enemies/bulwark/authored_yaw8_v1/W.png'. Instead, import the image file as an Image resource and load it normally as a resource.
   at: load_from_file (core/io/image.cpp:2780)
   GDScript backtrace (most recent call first):
       [0] _read_view (res://scripts/animation/site7_machine_sprite.gd:77)
       [1] configure (res://scripts/animation/site7_machine_sprite.gd:117)
       [2] preview_machine_source (res://scripts/actors/enemy_actor.gd:358)
       [3] _load_reviewed_machine_source (res://scripts/actors/enemy_actor.gd:379)
       [4] _ready (res://scripts/actors/enemy_actor.gd:67)
       [5] _spawn_wave (res://scripts/missions/story_stage_01.gd:432)
       [6] _spawn_combat (res://scripts/missions/story_stage_01.gd:407)
       [7] debug_spawn_encounter_for_step (res://scripts/missions/story_stage_01.gd:727)
       [8] start_battle_preview (res://scripts/missions/story_stage_01.gd:159)
       [9] run (res://tests/render/stage_battle_video_10s_capture.gd:107)
WARNING: Loaded resource as image file, this will not work on export: 'res://assets/enemies/bulwark/authored_yaw8_v1/NW.png'. Instead, import the image file as an Image resource and load it normally as a resource.
   at: load_from_file (core/io/image.cpp:2780)
   GDScript backtrace (most recent call first):
       [0] _read_view (res://scripts/animation/site7_machine_sprite.gd:77)
       [1] configure (res://scripts/animation/site7_machine_sprite.gd:117)
       [2] preview_machine_source (res://scripts/actors/enemy_actor.gd:358)
       [3] _load_reviewed_machine_source (res://scripts/actors/enemy_actor.gd:379)
       [4] _ready (res://scripts/actors/enemy_actor.gd:67)
       [5] _spawn_wave (res://scripts/missions/story_stage_01.gd:432)
       [6] _spawn_combat (res://scripts/missions/story_stage_01.gd:407)
       [7] debug_spawn_encounter_for_step (res://scripts/missions/story_stage_01.gd:727)
       [8] start_battle_preview (res://scripts/missions/story_stage_01.gd:159)
       [9] run (res://tests/render/stage_battle_video_10s_capture.gd:107)
WARNING: Loaded resource as image file, this will not work on export: 'res://assets/enemies/bulwark/authored_yaw8_v1/N.png'. Instead, import the image file as an Image resource and load it normally as a resource.
   at: load_from_file (core/io/image.cpp:2780)
   GDScript backtrace (most recent call first):
       [0] _read_view (res://scripts/animation/site7_machine_sprite.gd:77)
       [1] configure (res://scripts/animation/site7_machine_sprite.gd:117)
       [2] preview_machine_source (res://scripts/actors/enemy_actor.gd:358)
       [3] _load_reviewed_machine_source (res://scripts/actors/enemy_actor.gd:379)
       [4] _ready (res://scripts/actors/enemy_actor.gd:67)
       [5] _spawn_wave (res://scripts/missions/story_stage_01.gd:432)
       [6] _spawn_combat (res://scripts/missions/story_stage_01.gd:407)
       [7] debug_spawn_encounter_for_step (res://scripts/missions/story_stage_01.gd:727)
       [8] start_battle_preview (res://scripts/missions/story_stage_01.gd:159)
       [9] run (res://tests/render/stage_battle_video_10s_capture.gd:107)
WARNING: Loaded resource as image file, this will not work on export: 'res://assets/enemies/bulwark/authored_yaw8_v1/NE.png'. Instead, import the image file as an Image resource and load it normally as a resource.
   at: load_from_file (core/io/image.cpp:2780)
   GDScript backtrace (most recent call first):
       [0] _read_view (res://scripts/animation/site7_machine_sprite.gd:77)
       [1] configure (res://scripts/animation/site7_machine_sprite.gd:117)
       [2] preview_machine_source (res://scripts/actors/enemy_actor.gd:358)
       [3] _load_reviewed_machine_source (res://scripts/actors/enemy_actor.gd:379)
       [4] _ready (res://scripts/actors/enemy_actor.gd:67)
       [5] _spawn_wave (res://scripts/missions/story_stage_01.gd:432)
       [6] _spawn_combat (res://scripts/missions/story_stage_01.gd:407)
       [7] debug_spawn_encounter_for_step (res://scripts/missions/story_stage_01.gd:727)
       [8] start_battle_preview (res://scripts/missions/story_stage_01.gd:159)
       [9] run (res://tests/render/stage_battle_video_10s_capture.gd:107)
STAGE_CAPTURE_FRAME MIS_CH01_01 0/600
STAGE_CAPTURE_FRAME MIS_CH01_01 120/600
STAGE_CAPTURE_FRAME MIS_CH01_01 240/600
STAGE_CAPTURE_FRAME MIS_CH01_01 360/600
STAGE_CAPTURE_FRAME MIS_CH01_01 480/600
STAGE_BATTLE_VIDEO_CAPTURE_COMPLETE mission=MIS_CH01_01 shots=185 seen=["ENM_SITE7_BULWARK_01", "ENM_SITE7_DRONE_01"]
