Godot Engine v4.7.1.stable.official.a13da4feb - https://godotengine.org

INTEL_SUPPLY_SMOKE: FAIL (83 checks)
ERROR: exact eight ordered keys
   at: push_error (core/variant/variant_utility.cpp:1023)
   GDScript backtrace (most recent call first):
       [0] check (res://.cache/diag/expansion_item3_20261006/intel_controls/missing_origin_key/test.gd:66)
       [1] run (res://.cache/diag/expansion_item3_20261006/intel_controls/missing_origin_key/test.gd:14)
ERROR: inventory and cargo initialize all eight keys
   at: push_error (core/variant/variant_utility.cpp:1023)
   GDScript backtrace (most recent call first):
       [0] check (res://.cache/diag/expansion_item3_20261006/intel_controls/missing_origin_key/test.gd:66)
       [1] run (res://.cache/diag/expansion_item3_20261006/intel_controls/missing_origin_key/test.gd:15)
ERROR: wipe loses and counts all eight keys
   at: push_error (core/variant/variant_utility.cpp:1023)
   GDScript backtrace (most recent call first):
       [0] check (res://.cache/diag/expansion_item3_20261006/intel_controls/missing_origin_key/test.gd:66)
       [1] run (res://.cache/diag/expansion_item3_20261006/intel_controls/missing_origin_key/test.gd:49)
ERROR: wipe loses and counts all eight keys
   at: push_error (core/variant/variant_utility.cpp:1023)
   GDScript backtrace (most recent call first):
       [0] check (res://.cache/diag/expansion_item3_20261006/intel_controls/missing_origin_key/test.gd:66)
       [1] run (res://.cache/diag/expansion_item3_20261006/intel_controls/missing_origin_key/test.gd:49)
ERROR: wipe loses and counts all eight keys
   at: push_error (core/variant/variant_utility.cpp:1023)
   GDScript backtrace (most recent call first):
       [0] check (res://.cache/diag/expansion_item3_20261006/intel_controls/missing_origin_key/test.gd:66)
       [1] run (res://.cache/diag/expansion_item3_20261006/intel_controls/missing_origin_key/test.gd:49)
ERROR: wipe loses and counts all eight keys
   at: push_error (core/variant/variant_utility.cpp:1023)
   GDScript backtrace (most recent call first):
       [0] check (res://.cache/diag/expansion_item3_20261006/intel_controls/missing_origin_key/test.gd:66)
       [1] run (res://.cache/diag/expansion_item3_20261006/intel_controls/missing_origin_key/test.gd:49)
ERROR: wipe loses and counts all eight keys
   at: push_error (core/variant/variant_utility.cpp:1023)
   GDScript backtrace (most recent call first):
       [0] check (res://.cache/diag/expansion_item3_20261006/intel_controls/missing_origin_key/test.gd:66)
       [1] run (res://.cache/diag/expansion_item3_20261006/intel_controls/missing_origin_key/test.gd:49)
ERROR: all keys sanitized without unknown or negative values
   at: push_error (core/variant/variant_utility.cpp:1023)
   GDScript backtrace (most recent call first):
       [0] check (res://.cache/diag/expansion_item3_20261006/intel_controls/missing_origin_key/test.gd:66)
       [1] run (res://.cache/diag/expansion_item3_20261006/intel_controls/missing_origin_key/test.gd:54)
