Godot Engine v4.7.1.stable.official.a13da4feb - https://godotengine.org

[   0% ] [90m[1mfirst_scan_filesystem[22m | Started 프로젝트 초기화 (5 steps)[39m[0m
[   0% ] [90m[1mfirst_scan_filesystem[22m | 파일 구조 스캔 중...[39m[0m
[  16% ] [90m[1mfirst_scan_filesystem[22m | 전역 클래스 이름을 불러오는 중...[39m[0m
[  33% ] [90m[1mfirst_scan_filesystem[22m | GDExtensions 검증 중...[39m[0m
[  50% ] [90m[1mfirst_scan_filesystem[22m | 오토로드 스크립트를 만드는 중...[39m[0m
[  66% ] [90m[1mfirst_scan_filesystem[22m | 플러그인을 초기화 중...[39m[0m
[  83% ] [90m[1mfirst_scan_filesystem[22m | 파일 스캔 시작 중...[39m[0m
[92m[ DONE ][39m [1mfirst_scan_filesystem[22m
[0m
[   0% ] [90m[1m_update_scan_actions[22m | Started 액션 스캔 중... (4 steps)[39m[0m
[   0% ] [90m[1m_update_scan_actions[22m | S6_R02_GAME.png[39m[0m
[  20% ] [90m[1m_update_scan_actions[22m | S9_C06_GAME.png[39m[0m
[  40% ] [90m[1m_update_scan_actions[22m | S9_C07_GAME.png[39m[0m
[  60% ] [90m[1m_update_scan_actions[22m | fps_bgm_06_sniper_ridge.wav[39m[0m
[92m[ DONE ][39m [1m_update_scan_actions[22m
[0m
[   0% ] [90m[1mreimport[22m | Started 애셋 (다시) 가져오는 중 (4 steps)[39m[0m
[   0% ] [90m[1mreimport[22m | 다시 가져올 파일을 준비 중...[39m[0m
[  20% ] [90m[1mreimport[22m | 다시 가져올 파일을 준비 중...[39m[0m
[  40% ] [90m[1mreimport[22m | 다시 가져올 파일을 준비 중...[39m[0m
[  60% ] [90m[1mreimport[22m | 다시 가져올 파일을 준비 중...[39m[0m
[   0% ] [90m[1mreimport[22m | 다시 가져오기 전 작업을 수행 중...[39m[0m
[   0% ] [90m[1mreimport[22m | S9_C06_GAME.png[39m[0m
[  20% ] [90m[1mreimport[22m | S9_C07_GAME.png[39m[0m
[  40% ] [90m[1mreimport[22m | S6_R02_GAME.png[39m[0m
WARNING: IDAT: CRC error
   at: check_error (drivers/png/png_driver_common.cpp:57)
ERROR: Condition "!success" is true. Returning: ERR_FILE_CORRUPT
   at: png_to_image (drivers/png/png_driver_common.cpp:120)
ERROR: Error loading image: 'res://assets/environments/site7_v2/stage06/S6_R02/S6_R02_GAME.png'.
   at: load_image (core/io/image_loader.cpp:102)
ERROR: Error importing 'res://assets/environments/site7_v2/stage06/S6_R02/S6_R02_GAME.png'.
   at: _reimport_file (editor/file_system/editor_file_system.cpp:3093)
[  60% ] [90m[1mreimport[22m | fps_bgm_06_sniper_ridge.wav[39m[0m
ERROR: Not a WAV file. File should start with 'RIFF', but found 'ÿû°D', in file of size 2833135 bytes
   at: load_from_buffer (scene/resources/audio_stream_wav.cpp:673)
ERROR: Can't save empty resource to path 'res://.godot/imported/fps_bgm_06_sniper_ridge.wav-9675d9ef4cadfe2cc61a5e8a42442713.sample'.
   at: save (core/io/resource_saver.cpp:103)
ERROR: Condition "f.is_null()" is true. Continuing.
   at: get_multiple_md5 (core/io/file_access.cpp:967)
[  80% ] [90m[1mreimport[22m | 애셋 가져오기 마무리 중...[39m[0m
[92m[ DONE ][39m [1mreimport[22m
[0m
[   0% ] [90m[1mreimport[22m | Started 애셋 (다시) 가져오는 중 (4 steps)[39m[0m
[   0% ] [90m[1mreimport[22m | 다시 가져오기 후 작업을 수행 중...[39m[0m
[92m[ DONE ][39m [1mreimport[22m
[0m
[   0% ] [90m[1mloading_editor_layout[22m | Started 편집기를 불러오는 중 (5 steps)[39m[0m
[   0% ] [90m[1mloading_editor_layout[22m | 편집기 레이아웃을 불러오는 중...[39m[0m
[  16% ] [90m[1mloading_editor_layout[22m | 독을 불러오는 중...[39m[0m
[  33% ] [90m[1mloading_editor_layout[22m | 씬을 다시 여는 중...[39m[0m
[  50% ] [90m[1mloading_editor_layout[22m | 중앙 편집기 레이아웃을 불러오는 중...[39m[0m
[  66% ] [90m[1mloading_editor_layout[22m | 플러그인 창 레이아웃을 불러오는 중...[39m[0m
[  83% ] [90m[1mloading_editor_layout[22m | 편집기 레이아웃이 준비되었습니다.[39m[0m
[92m[ DONE ][39m [1mloading_editor_layout[22m
[0m
