Godot Engine v4.7.1.stable.official.a13da4feb - https://godotengine.org
OpenGL API 3.3.0 NVIDIA 591.86 - Compatibility - Using Device: NVIDIA - NVIDIA GeForce RTX 4070 SUPER

M7_RASTER_QUARANTINED identity=aster status=partial chunks=2 encoded=20000 present=15000 declared=94718
SEAM_CAPTURE res://.cache/diag/site7_ops_d/runtime_capture_corrected/MIS_CH01_09_C0.png (1920, 1080) masks=2 cap=0.1
SEAM_CAPTURE res://.cache/diag/site7_ops_d/runtime_capture_corrected/MIS_CH01_09_C1.png (1920, 1080) masks=2 cap=0.1
SEAM_CAPTURE res://.cache/diag/site7_ops_d/runtime_capture_corrected/MIS_CH01_09_C2.png (1920, 1080) masks=2 cap=0.1
SEAM_CAPTURE res://.cache/diag/site7_ops_d/runtime_capture_corrected/MIS_CH01_09_C3.png (1920, 1080) masks=2 cap=0.1
SEAM_CAPTURE res://.cache/diag/site7_ops_d/runtime_capture_corrected/MIS_CH01_09_C4.png (1920, 1080) masks=2 cap=0.1
SEAM_CAPTURE res://.cache/diag/site7_ops_d/runtime_capture_corrected/MIS_CH01_09_C5.png (1920, 1080) masks=2 cap=0.1
SEAM_CAPTURE res://.cache/diag/site7_ops_d/runtime_capture_corrected/MIS_CH01_09_C6.png (1920, 1080) masks=3 cap=0.1
SEAM_CAPTURE res://.cache/diag/site7_ops_d/runtime_capture_corrected/MIS_CH01_09_R01_ANTECHAMBER_a.png
SEAM_CAPTURE res://.cache/diag/site7_ops_d/runtime_capture_corrected/MIS_CH01_09_R01_ANTECHAMBER_b.png
SEAM_CAPTURE res://.cache/diag/site7_ops_d/runtime_capture_corrected/MIS_CH01_09_R02_NAVE_a.png
SEAM_CAPTURE res://.cache/diag/site7_ops_d/runtime_capture_corrected/MIS_CH01_09_R02_NAVE_b.png
SEAM_CAPTURE res://.cache/diag/site7_ops_d/runtime_capture_corrected/MIS_CH01_09_R03_CHAPEL_a.png
SEAM_CAPTURE res://.cache/diag/site7_ops_d/runtime_capture_corrected/MIS_CH01_09_R03_CHAPEL_b.png
SEAM_CAPTURE res://.cache/diag/site7_ops_d/runtime_capture_corrected/MIS_CH01_09_R04_GALLERY_a.png
SEAM_CAPTURE res://.cache/diag/site7_ops_d/runtime_capture_corrected/MIS_CH01_09_R04_GALLERY_b.png
SEAM_CAPTURE res://.cache/diag/site7_ops_d/runtime_capture_corrected/MIS_CH01_09_R05_STACKS_a.png
SEAM_CAPTURE res://.cache/diag/site7_ops_d/runtime_capture_corrected/MIS_CH01_09_R05_STACKS_b.png
SEAM_CAPTURE res://.cache/diag/site7_ops_d/runtime_capture_corrected/MIS_CH01_09_R06_LIFT_a.png
SEAM_CAPTURE res://.cache/diag/site7_ops_d/runtime_capture_corrected/MIS_CH01_09_R06_LIFT_b.png
SEAM_CAPTURE res://.cache/diag/site7_ops_d/runtime_capture_corrected/MIS_CH01_09_O01_BLADES_a.png
SEAM_CAPTURE res://.cache/diag/site7_ops_d/runtime_capture_corrected/MIS_CH01_09_O01_BLADES_b.png
SEAM_CAPTURE res://.cache/diag/site7_ops_d/runtime_capture_corrected/MIS_CH01_09_O02_RESTORE_a.png
SEAM_CAPTURE res://.cache/diag/site7_ops_d/runtime_capture_corrected/MIS_CH01_09_O02_RESTORE_b.png
