Godot Engine v4.7.1.stable.official.a13da4feb - https://godotengine.org

WARNING: Loaded resource as image file, this will not work on export: 'res://assets/enemies/recon_drone/authored_yaw8_v1/E.png'. Instead, import the image file as an Image resource and load it normally as a resource.
   at: load_from_file (core/io/image.cpp:2780)
   GDScript backtrace (most recent call first):
       [0] _decode_view (res://scripts/animation/site7_machine_sprite.gd:127)
       [1] _read_view (res://scripts/animation/site7_machine_sprite.gd:155)
       [2] warm (res://scripts/animation/site7_machine_sprite.gd:71)
       [3] warm_art (res://scripts/actors/enemy_actor.gd:440)
       [4] _warm_enemy_art (res://scripts/missions/story_stage_01.gd:262)
       [5] _load_mission (res://scripts/missions/story_stage_01.gd:218)
       [6] _ready (res://scripts/missions/story_stage_01.gd:94)
       [7] run (res://tools/environment/settle_cover_on_floor.gd:151)
WARNING: Loaded resource as image file, this will not work on export: 'res://assets/enemies/recon_drone/authored_yaw8_v1/SE.png'. Instead, import the image file as an Image resource and load it normally as a resource.
   at: load_from_file (core/io/image.cpp:2780)
   GDScript backtrace (most recent call first):
       [0] _decode_view (res://scripts/animation/site7_machine_sprite.gd:127)
       [1] _read_view (res://scripts/animation/site7_machine_sprite.gd:155)
       [2] warm (res://scripts/animation/site7_machine_sprite.gd:71)
       [3] warm_art (res://scripts/actors/enemy_actor.gd:440)
       [4] _warm_enemy_art (res://scripts/missions/story_stage_01.gd:262)
       [5] _load_mission (res://scripts/missions/story_stage_01.gd:218)
       [6] _ready (res://scripts/missions/story_stage_01.gd:94)
       [7] run (res://tools/environment/settle_cover_on_floor.gd:151)
WARNING: Loaded resource as image file, this will not work on export: 'res://assets/enemies/recon_drone/authored_yaw8_v1/S.png'. Instead, import the image file as an Image resource and load it normally as a resource.
   at: load_from_file (core/io/image.cpp:2780)
   GDScript backtrace (most recent call first):
       [0] _decode_view (res://scripts/animation/site7_machine_sprite.gd:127)
       [1] _read_view (res://scripts/animation/site7_machine_sprite.gd:155)
       [2] warm (res://scripts/animation/site7_machine_sprite.gd:71)
       [3] warm_art (res://scripts/actors/enemy_actor.gd:440)
       [4] _warm_enemy_art (res://scripts/missions/story_stage_01.gd:262)
       [5] _load_mission (res://scripts/missions/story_stage_01.gd:218)
       [6] _ready (res://scripts/missions/story_stage_01.gd:94)
       [7] run (res://tools/environment/settle_cover_on_floor.gd:151)
WARNING: Loaded resource as image file, this will not work on export: 'res://assets/enemies/recon_drone/authored_yaw8_v1/SW.png'. Instead, import the image file as an Image resource and load it normally as a resource.
   at: load_from_file (core/io/image.cpp:2780)
   GDScript backtrace (most recent call first):
       [0] _decode_view (res://scripts/animation/site7_machine_sprite.gd:127)
       [1] _read_view (res://scripts/animation/site7_machine_sprite.gd:155)
       [2] warm (res://scripts/animation/site7_machine_sprite.gd:71)
       [3] warm_art (res://scripts/actors/enemy_actor.gd:440)
       [4] _warm_enemy_art (res://scripts/missions/story_stage_01.gd:262)
       [5] _load_mission (res://scripts/missions/story_stage_01.gd:218)
       [6] _ready (res://scripts/missions/story_stage_01.gd:94)
       [7] run (res://tools/environment/settle_cover_on_floor.gd:151)
WARNING: Loaded resource as image file, this will not work on export: 'res://assets/enemies/recon_drone/authored_yaw8_v1/W.png'. Instead, import the image file as an Image resource and load it normally as a resource.
   at: load_from_file (core/io/image.cpp:2780)
   GDScript backtrace (most recent call first):
       [0] _decode_view (res://scripts/animation/site7_machine_sprite.gd:127)
       [1] _read_view (res://scripts/animation/site7_machine_sprite.gd:155)
       [2] warm (res://scripts/animation/site7_machine_sprite.gd:71)
       [3] warm_art (res://scripts/actors/enemy_actor.gd:440)
       [4] _warm_enemy_art (res://scripts/missions/story_stage_01.gd:262)
       [5] _load_mission (res://scripts/missions/story_stage_01.gd:218)
       [6] _ready (res://scripts/missions/story_stage_01.gd:94)
       [7] run (res://tools/environment/settle_cover_on_floor.gd:151)
WARNING: Loaded resource as image file, this will not work on export: 'res://assets/enemies/recon_drone/authored_yaw8_v1/NW.png'. Instead, import the image file as an Image resource and load it normally as a resource.
   at: load_from_file (core/io/image.cpp:2780)
   GDScript backtrace (most recent call first):
       [0] _decode_view (res://scripts/animation/site7_machine_sprite.gd:127)
       [1] _read_view (res://scripts/animation/site7_machine_sprite.gd:155)
       [2] warm (res://scripts/animation/site7_machine_sprite.gd:71)
       [3] warm_art (res://scripts/actors/enemy_actor.gd:440)
       [4] _warm_enemy_art (res://scripts/missions/story_stage_01.gd:262)
       [5] _load_mission (res://scripts/missions/story_stage_01.gd:218)
       [6] _ready (res://scripts/missions/story_stage_01.gd:94)
       [7] run (res://tools/environment/settle_cover_on_floor.gd:151)
WARNING: Loaded resource as image file, this will not work on export: 'res://assets/enemies/recon_drone/authored_yaw8_v1/N.png'. Instead, import the image file as an Image resource and load it normally as a resource.
   at: load_from_file (core/io/image.cpp:2780)
   GDScript backtrace (most recent call first):
       [0] _decode_view (res://scripts/animation/site7_machine_sprite.gd:127)
       [1] _read_view (res://scripts/animation/site7_machine_sprite.gd:155)
       [2] warm (res://scripts/animation/site7_machine_sprite.gd:71)
       [3] warm_art (res://scripts/actors/enemy_actor.gd:440)
       [4] _warm_enemy_art (res://scripts/missions/story_stage_01.gd:262)
       [5] _load_mission (res://scripts/missions/story_stage_01.gd:218)
       [6] _ready (res://scripts/missions/story_stage_01.gd:94)
       [7] run (res://tools/environment/settle_cover_on_floor.gd:151)
WARNING: Loaded resource as image file, this will not work on export: 'res://assets/enemies/recon_drone/authored_yaw8_v1/NE.png'. Instead, import the image file as an Image resource and load it normally as a resource.
   at: load_from_file (core/io/image.cpp:2780)
   GDScript backtrace (most recent call first):
       [0] _decode_view (res://scripts/animation/site7_machine_sprite.gd:127)
       [1] _read_view (res://scripts/animation/site7_machine_sprite.gd:155)
       [2] warm (res://scripts/animation/site7_machine_sprite.gd:71)
       [3] warm_art (res://scripts/actors/enemy_actor.gd:440)
       [4] _warm_enemy_art (res://scripts/missions/story_stage_01.gd:262)
       [5] _load_mission (res://scripts/missions/story_stage_01.gd:218)
       [6] _ready (res://scripts/missions/story_stage_01.gd:94)
       [7] run (res://tools/environment/settle_cover_on_floor.gd:151)
WARNING: Loaded resource as image file, this will not work on export: 'res://assets/enemies/bulwark/authored_yaw8_v1/E.png'. Instead, import the image file as an Image resource and load it normally as a resource.
   at: load_from_file (core/io/image.cpp:2780)
   GDScript backtrace (most recent call first):
       [0] _decode_view (res://scripts/animation/site7_machine_sprite.gd:127)
       [1] _read_view (res://scripts/animation/site7_machine_sprite.gd:155)
       [2] warm (res://scripts/animation/site7_machine_sprite.gd:71)
       [3] warm_art (res://scripts/actors/enemy_actor.gd:440)
       [4] _warm_enemy_art (res://scripts/missions/story_stage_01.gd:262)
       [5] _load_mission (res://scripts/missions/story_stage_01.gd:218)
       [6] _ready (res://scripts/missions/story_stage_01.gd:94)
       [7] run (res://tools/environment/settle_cover_on_floor.gd:151)
WARNING: Loaded resource as image file, this will not work on export: 'res://assets/enemies/bulwark/authored_yaw8_v1/SE.png'. Instead, import the image file as an Image resource and load it normally as a resource.
   at: load_from_file (core/io/image.cpp:2780)
   GDScript backtrace (most recent call first):
       [0] _decode_view (res://scripts/animation/site7_machine_sprite.gd:127)
       [1] _read_view (res://scripts/animation/site7_machine_sprite.gd:155)
       [2] warm (res://scripts/animation/site7_machine_sprite.gd:71)
       [3] warm_art (res://scripts/actors/enemy_actor.gd:440)
       [4] _warm_enemy_art (res://scripts/missions/story_stage_01.gd:262)
       [5] _load_mission (res://scripts/missions/story_stage_01.gd:218)
       [6] _ready (res://scripts/missions/story_stage_01.gd:94)
       [7] run (res://tools/environment/settle_cover_on_floor.gd:151)
WARNING: Loaded resource as image file, this will not work on export: 'res://assets/enemies/bulwark/authored_yaw8_v1/S.png'. Instead, import the image file as an Image resource and load it normally as a resource.
   at: load_from_file (core/io/image.cpp:2780)
   GDScript backtrace (most recent call first):
       [0] _decode_view (res://scripts/animation/site7_machine_sprite.gd:127)
       [1] _read_view (res://scripts/animation/site7_machine_sprite.gd:155)
       [2] warm (res://scripts/animation/site7_machine_sprite.gd:71)
       [3] warm_art (res://scripts/actors/enemy_actor.gd:440)
       [4] _warm_enemy_art (res://scripts/missions/story_stage_01.gd:262)
       [5] _load_mission (res://scripts/missions/story_stage_01.gd:218)
       [6] _ready (res://scripts/missions/story_stage_01.gd:94)
       [7] run (res://tools/environment/settle_cover_on_floor.gd:151)
WARNING: Loaded resource as image file, this will not work on export: 'res://assets/enemies/bulwark/authored_yaw8_v1/SW.png'. Instead, import the image file as an Image resource and load it normally as a resource.
   at: load_from_file (core/io/image.cpp:2780)
   GDScript backtrace (most recent call first):
       [0] _decode_view (res://scripts/animation/site7_machine_sprite.gd:127)
       [1] _read_view (res://scripts/animation/site7_machine_sprite.gd:155)
       [2] warm (res://scripts/animation/site7_machine_sprite.gd:71)
       [3] warm_art (res://scripts/actors/enemy_actor.gd:440)
       [4] _warm_enemy_art (res://scripts/missions/story_stage_01.gd:262)
       [5] _load_mission (res://scripts/missions/story_stage_01.gd:218)
       [6] _ready (res://scripts/missions/story_stage_01.gd:94)
       [7] run (res://tools/environment/settle_cover_on_floor.gd:151)
WARNING: Loaded resource as image file, this will not work on export: 'res://assets/enemies/bulwark/authored_yaw8_v1/W.png'. Instead, import the image file as an Image resource and load it normally as a resource.
   at: load_from_file (core/io/image.cpp:2780)
   GDScript backtrace (most recent call first):
       [0] _decode_view (res://scripts/animation/site7_machine_sprite.gd:127)
       [1] _read_view (res://scripts/animation/site7_machine_sprite.gd:155)
       [2] warm (res://scripts/animation/site7_machine_sprite.gd:71)
       [3] warm_art (res://scripts/actors/enemy_actor.gd:440)
       [4] _warm_enemy_art (res://scripts/missions/story_stage_01.gd:262)
       [5] _load_mission (res://scripts/missions/story_stage_01.gd:218)
       [6] _ready (res://scripts/missions/story_stage_01.gd:94)
       [7] run (res://tools/environment/settle_cover_on_floor.gd:151)
WARNING: Loaded resource as image file, this will not work on export: 'res://assets/enemies/bulwark/authored_yaw8_v1/NW.png'. Instead, import the image file as an Image resource and load it normally as a resource.
   at: load_from_file (core/io/image.cpp:2780)
   GDScript backtrace (most recent call first):
       [0] _decode_view (res://scripts/animation/site7_machine_sprite.gd:127)
       [1] _read_view (res://scripts/animation/site7_machine_sprite.gd:155)
       [2] warm (res://scripts/animation/site7_machine_sprite.gd:71)
       [3] warm_art (res://scripts/actors/enemy_actor.gd:440)
       [4] _warm_enemy_art (res://scripts/missions/story_stage_01.gd:262)
       [5] _load_mission (res://scripts/missions/story_stage_01.gd:218)
       [6] _ready (res://scripts/missions/story_stage_01.gd:94)
       [7] run (res://tools/environment/settle_cover_on_floor.gd:151)
WARNING: Loaded resource as image file, this will not work on export: 'res://assets/enemies/bulwark/authored_yaw8_v1/N.png'. Instead, import the image file as an Image resource and load it normally as a resource.
   at: load_from_file (core/io/image.cpp:2780)
   GDScript backtrace (most recent call first):
       [0] _decode_view (res://scripts/animation/site7_machine_sprite.gd:127)
       [1] _read_view (res://scripts/animation/site7_machine_sprite.gd:155)
       [2] warm (res://scripts/animation/site7_machine_sprite.gd:71)
       [3] warm_art (res://scripts/actors/enemy_actor.gd:440)
       [4] _warm_enemy_art (res://scripts/missions/story_stage_01.gd:262)
       [5] _load_mission (res://scripts/missions/story_stage_01.gd:218)
       [6] _ready (res://scripts/missions/story_stage_01.gd:94)
       [7] run (res://tools/environment/settle_cover_on_floor.gd:151)
WARNING: Loaded resource as image file, this will not work on export: 'res://assets/enemies/bulwark/authored_yaw8_v1/NE.png'. Instead, import the image file as an Image resource and load it normally as a resource.
   at: load_from_file (core/io/image.cpp:2780)
   GDScript backtrace (most recent call first):
       [0] _decode_view (res://scripts/animation/site7_machine_sprite.gd:127)
       [1] _read_view (res://scripts/animation/site7_machine_sprite.gd:155)
       [2] warm (res://scripts/animation/site7_machine_sprite.gd:71)
       [3] warm_art (res://scripts/actors/enemy_actor.gd:440)
       [4] _warm_enemy_art (res://scripts/missions/story_stage_01.gd:262)
       [5] _load_mission (res://scripts/missions/story_stage_01.gd:218)
       [6] _ready (res://scripts/missions/story_stage_01.gd:94)
       [7] run (res://tools/environment/settle_cover_on_floor.gd:151)
WARNING: Loaded resource as image file, this will not work on export: 'res://assets/enemies/signal_anchor_guardian/authored_core_v1/anchor.png'. Instead, import the image file as an Image resource and load it normally as a resource.
   at: load_from_file (core/io/image.cpp:2780)
   GDScript backtrace (most recent call first):
       [0] _decode_view (res://scripts/animation/site7_machine_sprite.gd:127)
       [1] _read_view (res://scripts/animation/site7_machine_sprite.gd:155)
       [2] warm (res://scripts/animation/site7_machine_sprite.gd:71)
       [3] warm_art (res://scripts/actors/enemy_actor.gd:440)
       [4] _warm_enemy_art (res://scripts/missions/story_stage_01.gd:262)
       [5] _load_mission (res://scripts/missions/story_stage_01.gd:218)
       [6] _ready (res://scripts/missions/story_stage_01.gd:94)
       [7] run (res://tools/environment/settle_cover_on_floor.gd:151)
M7_RASTER_QUARANTINED identity=aster status=partial chunks=2 encoded=20000 present=15000 declared=94718
WARNING: Loaded resource as image file, this will not work on export: 'res://assets/enemies/cinder_ram/authored_yaw8_v1/E.png'. Instead, import the image file as an Image resource and load it normally as a resource.
   at: load_from_file (core/io/image.cpp:2780)
   GDScript backtrace (most recent call first):
       [0] _decode_view (res://scripts/animation/site7_machine_sprite.gd:127)
       [1] _read_view (res://scripts/animation/site7_machine_sprite.gd:155)
       [2] warm (res://scripts/animation/site7_machine_sprite.gd:71)
       [3] warm_art (res://scripts/actors/enemy_actor.gd:440)
       [4] _warm_enemy_art (res://scripts/missions/story_stage_01.gd:262)
       [5] _load_mission (res://scripts/missions/story_stage_01.gd:218)
       [6] _ready (res://scripts/missions/story_stage_01.gd:94)
       [7] run (res://tools/environment/settle_cover_on_floor.gd:151)
WARNING: Loaded resource as image file, this will not work on export: 'res://assets/enemies/cinder_ram/authored_yaw8_v1/SE.png'. Instead, import the image file as an Image resource and load it normally as a resource.
   at: load_from_file (core/io/image.cpp:2780)
   GDScript backtrace (most recent call first):
       [0] _decode_view (res://scripts/animation/site7_machine_sprite.gd:127)
       [1] _read_view (res://scripts/animation/site7_machine_sprite.gd:155)
       [2] warm (res://scripts/animation/site7_machine_sprite.gd:71)
       [3] warm_art (res://scripts/actors/enemy_actor.gd:440)
       [4] _warm_enemy_art (res://scripts/missions/story_stage_01.gd:262)
       [5] _load_mission (res://scripts/missions/story_stage_01.gd:218)
       [6] _ready (res://scripts/missions/story_stage_01.gd:94)
       [7] run (res://tools/environment/settle_cover_on_floor.gd:151)
WARNING: Loaded resource as image file, this will not work on export: 'res://assets/enemies/cinder_ram/authored_yaw8_v1/S.png'. Instead, import the image file as an Image resource and load it normally as a resource.
   at: load_from_file (core/io/image.cpp:2780)
   GDScript backtrace (most recent call first):
       [0] _decode_view (res://scripts/animation/site7_machine_sprite.gd:127)
       [1] _read_view (res://scripts/animation/site7_machine_sprite.gd:155)
       [2] warm (res://scripts/animation/site7_machine_sprite.gd:71)
       [3] warm_art (res://scripts/actors/enemy_actor.gd:440)
       [4] _warm_enemy_art (res://scripts/missions/story_stage_01.gd:262)
       [5] _load_mission (res://scripts/missions/story_stage_01.gd:218)
       [6] _ready (res://scripts/missions/story_stage_01.gd:94)
       [7] run (res://tools/environment/settle_cover_on_floor.gd:151)
WARNING: Loaded resource as image file, this will not work on export: 'res://assets/enemies/cinder_ram/authored_yaw8_v1/SW.png'. Instead, import the image file as an Image resource and load it normally as a resource.
   at: load_from_file (core/io/image.cpp:2780)
   GDScript backtrace (most recent call first):
       [0] _decode_view (res://scripts/animation/site7_machine_sprite.gd:127)
       [1] _read_view (res://scripts/animation/site7_machine_sprite.gd:155)
       [2] warm (res://scripts/animation/site7_machine_sprite.gd:71)
       [3] warm_art (res://scripts/actors/enemy_actor.gd:440)
       [4] _warm_enemy_art (res://scripts/missions/story_stage_01.gd:262)
       [5] _load_mission (res://scripts/missions/story_stage_01.gd:218)
       [6] _ready (res://scripts/missions/story_stage_01.gd:94)
       [7] run (res://tools/environment/settle_cover_on_floor.gd:151)
WARNING: Loaded resource as image file, this will not work on export: 'res://assets/enemies/cinder_ram/authored_yaw8_v1/W.png'. Instead, import the image file as an Image resource and load it normally as a resource.
   at: load_from_file (core/io/image.cpp:2780)
   GDScript backtrace (most recent call first):
       [0] _decode_view (res://scripts/animation/site7_machine_sprite.gd:127)
       [1] _read_view (res://scripts/animation/site7_machine_sprite.gd:155)
       [2] warm (res://scripts/animation/site7_machine_sprite.gd:71)
       [3] warm_art (res://scripts/actors/enemy_actor.gd:440)
       [4] _warm_enemy_art (res://scripts/missions/story_stage_01.gd:262)
       [5] _load_mission (res://scripts/missions/story_stage_01.gd:218)
       [6] _ready (res://scripts/missions/story_stage_01.gd:94)
       [7] run (res://tools/environment/settle_cover_on_floor.gd:151)
WARNING: Loaded resource as image file, this will not work on export: 'res://assets/enemies/cinder_ram/authored_yaw8_v1/NW.png'. Instead, import the image file as an Image resource and load it normally as a resource.
   at: load_from_file (core/io/image.cpp:2780)
   GDScript backtrace (most recent call first):
       [0] _decode_view (res://scripts/animation/site7_machine_sprite.gd:127)
       [1] _read_view (res://scripts/animation/site7_machine_sprite.gd:155)
       [2] warm (res://scripts/animation/site7_machine_sprite.gd:71)
       [3] warm_art (res://scripts/actors/enemy_actor.gd:440)
       [4] _warm_enemy_art (res://scripts/missions/story_stage_01.gd:262)
       [5] _load_mission (res://scripts/missions/story_stage_01.gd:218)
       [6] _ready (res://scripts/missions/story_stage_01.gd:94)
       [7] run (res://tools/environment/settle_cover_on_floor.gd:151)
WARNING: Loaded resource as image file, this will not work on export: 'res://assets/enemies/cinder_ram/authored_yaw8_v1/N.png'. Instead, import the image file as an Image resource and load it normally as a resource.
   at: load_from_file (core/io/image.cpp:2780)
   GDScript backtrace (most recent call first):
       [0] _decode_view (res://scripts/animation/site7_machine_sprite.gd:127)
       [1] _read_view (res://scripts/animation/site7_machine_sprite.gd:155)
       [2] warm (res://scripts/animation/site7_machine_sprite.gd:71)
       [3] warm_art (res://scripts/actors/enemy_actor.gd:440)
       [4] _warm_enemy_art (res://scripts/missions/story_stage_01.gd:262)
       [5] _load_mission (res://scripts/missions/story_stage_01.gd:218)
       [6] _ready (res://scripts/missions/story_stage_01.gd:94)
       [7] run (res://tools/environment/settle_cover_on_floor.gd:151)
WARNING: Loaded resource as image file, this will not work on export: 'res://assets/enemies/cinder_ram/authored_yaw8_v1/NE.png'. Instead, import the image file as an Image resource and load it normally as a resource.
   at: load_from_file (core/io/image.cpp:2780)
   GDScript backtrace (most recent call first):
       [0] _decode_view (res://scripts/animation/site7_machine_sprite.gd:127)
       [1] _read_view (res://scripts/animation/site7_machine_sprite.gd:155)
       [2] warm (res://scripts/animation/site7_machine_sprite.gd:71)
       [3] warm_art (res://scripts/actors/enemy_actor.gd:440)
       [4] _warm_enemy_art (res://scripts/missions/story_stage_01.gd:262)
       [5] _load_mission (res://scripts/missions/story_stage_01.gd:218)
       [6] _ready (res://scripts/missions/story_stage_01.gd:94)
       [7] run (res://tools/environment/settle_cover_on_floor.gd:151)
WARNING: Loaded resource as image file, this will not work on export: 'res://assets/enemies/stage2_relay_sentinel/authored_core_v1/RELAY_SENTINEL.png'. Instead, import the image file as an Image resource and load it normally as a resource.
   at: load_from_file (core/io/image.cpp:2780)
   GDScript backtrace (most recent call first):
       [0] _decode_view (res://scripts/animation/site7_machine_sprite.gd:127)
       [1] _read_view (res://scripts/animation/site7_machine_sprite.gd:155)
       [2] warm (res://scripts/animation/site7_machine_sprite.gd:71)
       [3] warm_art (res://scripts/actors/enemy_actor.gd:440)
       [4] _warm_enemy_art (res://scripts/missions/story_stage_01.gd:262)
       [5] _load_mission (res://scripts/missions/story_stage_01.gd:218)
       [6] _ready (res://scripts/missions/story_stage_01.gd:94)
       [7] run (res://tools/environment/settle_cover_on_floor.gd:151)
M7_RASTER_QUARANTINED identity=aster status=partial chunks=2 encoded=20000 present=15000 declared=94718
WARNING: Loaded resource as image file, this will not work on export: 'res://assets/enemies/vesper_mortar/authored_core_v1/ANCHORED.png'. Instead, import the image file as an Image resource and load it normally as a resource.
   at: load_from_file (core/io/image.cpp:2780)
   GDScript backtrace (most recent call first):
       [0] _decode_view (res://scripts/animation/site7_machine_sprite.gd:127)
       [1] _read_view (res://scripts/animation/site7_machine_sprite.gd:155)
       [2] warm (res://scripts/animation/site7_machine_sprite.gd:71)
       [3] warm_art (res://scripts/actors/enemy_actor.gd:440)
       [4] _warm_enemy_art (res://scripts/missions/story_stage_01.gd:262)
       [5] _load_mission (res://scripts/missions/story_stage_01.gd:218)
       [6] _ready (res://scripts/missions/story_stage_01.gd:94)
       [7] run (res://tools/environment/settle_cover_on_floor.gd:151)
WARNING: Loaded resource as image file, this will not work on export: 'res://assets/enemies/stage3_resonance_remnant/authored_core_v1/RESONANCE_REMNANT.png'. Instead, import the image file as an Image resource and load it normally as a resource.
   at: load_from_file (core/io/image.cpp:2780)
   GDScript backtrace (most recent call first):
       [0] _decode_view (res://scripts/animation/site7_machine_sprite.gd:127)
       [1] _read_view (res://scripts/animation/site7_machine_sprite.gd:155)
       [2] warm (res://scripts/animation/site7_machine_sprite.gd:71)
       [3] warm_art (res://scripts/actors/enemy_actor.gd:440)
       [4] _warm_enemy_art (res://scripts/missions/story_stage_01.gd:262)
       [5] _load_mission (res://scripts/missions/story_stage_01.gd:218)
       [6] _ready (res://scripts/missions/story_stage_01.gd:94)
       [7] run (res://tools/environment/settle_cover_on_floor.gd:151)
M7_RASTER_QUARANTINED identity=aster status=partial chunks=2 encoded=20000 present=15000 declared=94718
WARNING: Loaded resource as image file, this will not work on export: 'res://assets/enemies/prism_skimmer/authored_yaw8_v1/E.png'. Instead, import the image file as an Image resource and load it normally as a resource.
   at: load_from_file (core/io/image.cpp:2780)
   GDScript backtrace (most recent call first):
       [0] _decode_view (res://scripts/animation/site7_machine_sprite.gd:127)
       [1] _read_view (res://scripts/animation/site7_machine_sprite.gd:155)
       [2] warm (res://scripts/animation/site7_machine_sprite.gd:71)
       [3] warm_art (res://scripts/actors/enemy_actor.gd:440)
       [4] _warm_enemy_art (res://scripts/missions/story_stage_01.gd:262)
       [5] _load_mission (res://scripts/missions/story_stage_01.gd:218)
       [6] _ready (res://scripts/missions/story_stage_01.gd:94)
       [7] run (res://tools/environment/settle_cover_on_floor.gd:151)
WARNING: Loaded resource as image file, this will not work on export: 'res://assets/enemies/prism_skimmer/authored_yaw8_v1/SE.png'. Instead, import the image file as an Image resource and load it normally as a resource.
   at: load_from_file (core/io/image.cpp:2780)
   GDScript backtrace (most recent call first):
       [0] _decode_view (res://scripts/animation/site7_machine_sprite.gd:127)
       [1] _read_view (res://scripts/animation/site7_machine_sprite.gd:155)
       [2] warm (res://scripts/animation/site7_machine_sprite.gd:71)
       [3] warm_art (res://scripts/actors/enemy_actor.gd:440)
       [4] _warm_enemy_art (res://scripts/missions/story_stage_01.gd:262)
       [5] _load_mission (res://scripts/missions/story_stage_01.gd:218)
       [6] _ready (res://scripts/missions/story_stage_01.gd:94)
       [7] run (res://tools/environment/settle_cover_on_floor.gd:151)
WARNING: Loaded resource as image file, this will not work on export: 'res://assets/enemies/prism_skimmer/authored_yaw8_v1/S.png'. Instead, import the image file as an Image resource and load it normally as a resource.
   at: load_from_file (core/io/image.cpp:2780)
   GDScript backtrace (most recent call first):
       [0] _decode_view (res://scripts/animation/site7_machine_sprite.gd:127)
       [1] _read_view (res://scripts/animation/site7_machine_sprite.gd:155)
       [2] warm (res://scripts/animation/site7_machine_sprite.gd:71)
       [3] warm_art (res://scripts/actors/enemy_actor.gd:440)
       [4] _warm_enemy_art (res://scripts/missions/story_stage_01.gd:262)
       [5] _load_mission (res://scripts/missions/story_stage_01.gd:218)
       [6] _ready (res://scripts/missions/story_stage_01.gd:94)
       [7] run (res://tools/environment/settle_cover_on_floor.gd:151)
WARNING: Loaded resource as image file, this will not work on export: 'res://assets/enemies/prism_skimmer/authored_yaw8_v1/SW.png'. Instead, import the image file as an Image resource and load it normally as a resource.
   at: load_from_file (core/io/image.cpp:2780)
   GDScript backtrace (most recent call first):
       [0] _decode_view (res://scripts/animation/site7_machine_sprite.gd:127)
       [1] _read_view (res://scripts/animation/site7_machine_sprite.gd:155)
       [2] warm (res://scripts/animation/site7_machine_sprite.gd:71)
       [3] warm_art (res://scripts/actors/enemy_actor.gd:440)
       [4] _warm_enemy_art (res://scripts/missions/story_stage_01.gd:262)
       [5] _load_mission (res://scripts/missions/story_stage_01.gd:218)
       [6] _ready (res://scripts/missions/story_stage_01.gd:94)
       [7] run (res://tools/environment/settle_cover_on_floor.gd:151)
WARNING: Loaded resource as image file, this will not work on export: 'res://assets/enemies/prism_skimmer/authored_yaw8_v1/W.png'. Instead, import the image file as an Image resource and load it normally as a resource.
   at: load_from_file (core/io/image.cpp:2780)
   GDScript backtrace (most recent call first):
       [0] _decode_view (res://scripts/animation/site7_machine_sprite.gd:127)
       [1] _read_view (res://scripts/animation/site7_machine_sprite.gd:155)
       [2] warm (res://scripts/animation/site7_machine_sprite.gd:71)
       [3] warm_art (res://scripts/actors/enemy_actor.gd:440)
       [4] _warm_enemy_art (res://scripts/missions/story_stage_01.gd:262)
       [5] _load_mission (res://scripts/missions/story_stage_01.gd:218)
       [6] _ready (res://scripts/missions/story_stage_01.gd:94)
       [7] run (res://tools/environment/settle_cover_on_floor.gd:151)
WARNING: Loaded resource as image file, this will not work on export: 'res://assets/enemies/prism_skimmer/authored_yaw8_v1/NW.png'. Instead, import the image file as an Image resource and load it normally as a resource.
   at: load_from_file (core/io/image.cpp:2780)
   GDScript backtrace (most recent call first):
       [0] _decode_view (res://scripts/animation/site7_machine_sprite.gd:127)
       [1] _read_view (res://scripts/animation/site7_machine_sprite.gd:155)
       [2] warm (res://scripts/animation/site7_machine_sprite.gd:71)
       [3] warm_art (res://scripts/actors/enemy_actor.gd:440)
       [4] _warm_enemy_art (res://scripts/missions/story_stage_01.gd:262)
       [5] _load_mission (res://scripts/missions/story_stage_01.gd:218)
       [6] _ready (res://scripts/missions/story_stage_01.gd:94)
       [7] run (res://tools/environment/settle_cover_on_floor.gd:151)
WARNING: Loaded resource as image file, this will not work on export: 'res://assets/enemies/prism_skimmer/authored_yaw8_v1/N.png'. Instead, import the image file as an Image resource and load it normally as a resource.
   at: load_from_file (core/io/image.cpp:2780)
   GDScript backtrace (most recent call first):
       [0] _decode_view (res://scripts/animation/site7_machine_sprite.gd:127)
       [1] _read_view (res://scripts/animation/site7_machine_sprite.gd:155)
       [2] warm (res://scripts/animation/site7_machine_sprite.gd:71)
       [3] warm_art (res://scripts/actors/enemy_actor.gd:440)
       [4] _warm_enemy_art (res://scripts/missions/story_stage_01.gd:262)
       [5] _load_mission (res://scripts/missions/story_stage_01.gd:218)
       [6] _ready (res://scripts/missions/story_stage_01.gd:94)
       [7] run (res://tools/environment/settle_cover_on_floor.gd:151)
WARNING: Loaded resource as image file, this will not work on export: 'res://assets/enemies/prism_skimmer/authored_yaw8_v1/NE.png'. Instead, import the image file as an Image resource and load it normally as a resource.
   at: load_from_file (core/io/image.cpp:2780)
   GDScript backtrace (most recent call first):
       [0] _decode_view (res://scripts/animation/site7_machine_sprite.gd:127)
       [1] _read_view (res://scripts/animation/site7_machine_sprite.gd:155)
       [2] warm (res://scripts/animation/site7_machine_sprite.gd:71)
       [3] warm_art (res://scripts/actors/enemy_actor.gd:440)
       [4] _warm_enemy_art (res://scripts/missions/story_stage_01.gd:262)
       [5] _load_mission (res://scripts/missions/story_stage_01.gd:218)
       [6] _ready (res://scripts/missions/story_stage_01.gd:94)
       [7] run (res://tools/environment/settle_cover_on_floor.gd:151)
WARNING: Loaded resource as image file, this will not work on export: 'res://assets/enemies/stage4_forge_warden/authored_core_v1/FORGE_WARDEN.png'. Instead, import the image file as an Image resource and load it normally as a resource.
   at: load_from_file (core/io/image.cpp:2780)
   GDScript backtrace (most recent call first):
       [0] _decode_view (res://scripts/animation/site7_machine_sprite.gd:127)
       [1] _read_view (res://scripts/animation/site7_machine_sprite.gd:155)
       [2] warm (res://scripts/animation/site7_machine_sprite.gd:71)
       [3] warm_art (res://scripts/actors/enemy_actor.gd:440)
       [4] _warm_enemy_art (res://scripts/missions/story_stage_01.gd:262)
       [5] _load_mission (res://scripts/missions/story_stage_01.gd:218)
       [6] _ready (res://scripts/missions/story_stage_01.gd:94)
       [7] run (res://tools/environment/settle_cover_on_floor.gd:151)
M7_RASTER_QUARANTINED identity=aster status=partial chunks=2 encoded=20000 present=15000 declared=94718
WARNING: Loaded resource as image file, this will not work on export: 'res://assets/enemies/null_pylon/authored_core_v1/NULL_PYLON.png'. Instead, import the image file as an Image resource and load it normally as a resource.
   at: load_from_file (core/io/image.cpp:2780)
   GDScript backtrace (most recent call first):
       [0] _decode_view (res://scripts/animation/site7_machine_sprite.gd:127)
       [1] _read_view (res://scripts/animation/site7_machine_sprite.gd:155)
       [2] warm (res://scripts/animation/site7_machine_sprite.gd:71)
       [3] warm_art (res://scripts/actors/enemy_actor.gd:440)
       [4] _warm_enemy_art (res://scripts/missions/story_stage_01.gd:262)
       [5] _load_mission (res://scripts/missions/story_stage_01.gd:218)
       [6] _ready (res://scripts/missions/story_stage_01.gd:94)
       [7] run (res://tools/environment/settle_cover_on_floor.gd:151)
WARNING: Loaded resource as image file, this will not work on export: 'res://assets/enemies/stage5_carrier_null/authored_core_v1/CARRIER_NULL.png'. Instead, import the image file as an Image resource and load it normally as a resource.
   at: load_from_file (core/io/image.cpp:2780)
   GDScript backtrace (most recent call first):
       [0] _decode_view (res://scripts/animation/site7_machine_sprite.gd:127)
       [1] _read_view (res://scripts/animation/site7_machine_sprite.gd:155)
       [2] warm (res://scripts/animation/site7_machine_sprite.gd:71)
       [3] warm_art (res://scripts/actors/enemy_actor.gd:440)
       [4] _warm_enemy_art (res://scripts/missions/story_stage_01.gd:262)
       [5] _load_mission (res://scripts/missions/story_stage_01.gd:218)
       [6] _ready (res://scripts/missions/story_stage_01.gd:94)
       [7] run (res://tools/environment/settle_cover_on_floor.gd:151)
M7_RASTER_QUARANTINED identity=aster status=partial chunks=2 encoded=20000 present=15000 declared=94718
WARNING: Loaded resource as image file, this will not work on export: 'res://assets/enemies/stage6_aerator_tower/authored_core_v1/AERATOR_TOWER.png'. Instead, import the image file as an Image resource and load it normally as a resource.
   at: load_from_file (core/io/image.cpp:2780)
   GDScript backtrace (most recent call first):
       [0] _decode_view (res://scripts/animation/site7_machine_sprite.gd:127)
       [1] _read_view (res://scripts/animation/site7_machine_sprite.gd:155)
       [2] warm (res://scripts/animation/site7_machine_sprite.gd:71)
       [3] warm_art (res://scripts/actors/enemy_actor.gd:440)
       [4] _warm_enemy_art (res://scripts/missions/story_stage_01.gd:262)
       [5] _load_mission (res://scripts/missions/story_stage_01.gd:218)
       [6] _ready (res://scripts/missions/story_stage_01.gd:94)
       [7] run (res://tools/environment/settle_cover_on_floor.gd:151)
WARNING: IDAT: CRC error
   at: check_error (drivers/png/png_driver_common.cpp:57)
   GDScript backtrace (most recent call first):
       [0] decode_image (res://scripts/core/battle_texture_library.gd:32)
       [1] texture (res://scripts/core/battle_texture_library.gd:14)
       [2] _load_manifest (res://scripts/missions/site7_room_art_layer.gd:247)
ERROR: Condition "!success" is true. Returning: ERR_FILE_CORRUPT
   at: png_to_image (drivers/png/png_driver_common.cpp:120)
   GDScript backtrace (most recent call first):
       [0] decode_image (res://scripts/core/battle_texture_library.gd:32)
       [1] texture (res://scripts/core/battle_texture_library.gd:14)
       [2] _load_manifest (res://scripts/missions/site7_room_art_layer.gd:247)
ERROR: Condition "err" is true. Returning: Ref<Image>()
   at: load_mem_png (drivers/png/image_loader_png.cpp:60)
   GDScript backtrace (most recent call first):
       [0] decode_image (res://scripts/core/battle_texture_library.gd:32)
       [1] texture (res://scripts/core/battle_texture_library.gd:14)
       [2] _load_manifest (res://scripts/missions/site7_room_art_layer.gd:247)
ERROR: Condition "image.is_null()" is true. Returning: ERR_PARSE_ERROR
   at: _load_from_buffer (core/io/image.cpp:4559)
   GDScript backtrace (most recent call first):
       [0] decode_image (res://scripts/core/battle_texture_library.gd:32)
       [1] texture (res://scripts/core/battle_texture_library.gd:14)
       [2] _load_manifest (res://scripts/missions/site7_room_art_layer.gd:247)
ERROR: Battle texture could not decode: res://assets/environments/site7_v2/stage06/S6_R02/S6_R02_GAME.png
   at: push_error (core/variant/variant_utility.cpp:1023)
   GDScript backtrace (most recent call first):
       [0] decode_image (res://scripts/core/battle_texture_library.gd:34)
       [1] texture (res://scripts/core/battle_texture_library.gd:14)
       [2] _load_manifest (res://scripts/missions/site7_room_art_layer.gd:247)
ERROR: Site7RoomArtLayer asset failed to import: assets/environments/site7_v2/stage06/S6_R02/S6_R02_GAME.png
   at: push_error (core/variant/variant_utility.cpp:1023)
   GDScript backtrace (most recent call first):
       [0] _load_manifest (res://scripts/missions/site7_room_art_layer.gd:249)
M7_RASTER_QUARANTINED identity=aster status=partial chunks=2 encoded=20000 present=15000 declared=94718
WARNING: Loaded resource as image file, this will not work on export: 'res://assets/enemies/stage7_cryo_compressor/authored_core_v1/CRYO_COMPRESSOR.png'. Instead, import the image file as an Image resource and load it normally as a resource.
   at: load_from_file (core/io/image.cpp:2780)
   GDScript backtrace (most recent call first):
       [0] _decode_view (res://scripts/animation/site7_machine_sprite.gd:127)
       [1] _read_view (res://scripts/animation/site7_machine_sprite.gd:155)
       [2] warm (res://scripts/animation/site7_machine_sprite.gd:71)
       [3] warm_art (res://scripts/actors/enemy_actor.gd:440)
       [4] _warm_enemy_art (res://scripts/missions/story_stage_01.gd:262)
       [5] _load_mission (res://scripts/missions/story_stage_01.gd:218)
       [6] _ready (res://scripts/missions/story_stage_01.gd:94)
       [7] run (res://tools/environment/settle_cover_on_floor.gd:151)
M7_RASTER_QUARANTINED identity=aster status=partial chunks=2 encoded=20000 present=15000 declared=94718
WARNING: Loaded resource as image file, this will not work on export: 'res://assets/enemies/stage8_signal_gantry/authored_core_v1/SIGNAL_GANTRY.png'. Instead, import the image file as an Image resource and load it normally as a resource.
   at: load_from_file (core/io/image.cpp:2780)
   GDScript backtrace (most recent call first):
       [0] _decode_view (res://scripts/animation/site7_machine_sprite.gd:127)
       [1] _read_view (res://scripts/animation/site7_machine_sprite.gd:155)
       [2] warm (res://scripts/animation/site7_machine_sprite.gd:71)
       [3] warm_art (res://scripts/actors/enemy_actor.gd:440)
       [4] _warm_enemy_art (res://scripts/missions/story_stage_01.gd:262)
       [5] _load_mission (res://scripts/missions/story_stage_01.gd:218)
       [6] _ready (res://scripts/missions/story_stage_01.gd:94)
       [7] run (res://tools/environment/settle_cover_on_floor.gd:151)
M7_RASTER_QUARANTINED identity=aster status=partial chunks=2 encoded=20000 present=15000 declared=94718
WARNING: Loaded resource as image file, this will not work on export: 'res://assets/enemies/stage9_index_spire/authored_core_v1/INDEX_SPIRE.png'. Instead, import the image file as an Image resource and load it normally as a resource.
   at: load_from_file (core/io/image.cpp:2780)
   GDScript backtrace (most recent call first):
       [0] _decode_view (res://scripts/animation/site7_machine_sprite.gd:127)
       [1] _read_view (res://scripts/animation/site7_machine_sprite.gd:155)
       [2] warm (res://scripts/animation/site7_machine_sprite.gd:71)
       [3] warm_art (res://scripts/actors/enemy_actor.gd:440)
       [4] _warm_enemy_art (res://scripts/missions/story_stage_01.gd:262)
       [5] _load_mission (res://scripts/missions/story_stage_01.gd:218)
       [6] _ready (res://scripts/missions/story_stage_01.gd:94)
       [7] run (res://tools/environment/settle_cover_on_floor.gd:151)
M7_RASTER_QUARANTINED identity=aster status=partial chunks=2 encoded=20000 present=15000 declared=94718
SETTLE {"asset":"cabinet","from":[0.39,0.48],"mission":"MIS_CH01_09","moved_px":25.2,"room":"R02_NAVE","to":[0.38,0.46]}
SETTLE {"asset":"cabinet","from":[0.57,0.49],"mission":"MIS_CH01_09","moved_px":19.2,"room":"R04_GALLERY","to":[0.56,0.5]}
SETTLE_DONE moved=2 WRITTEN
