PLATE PASS S9_R01_GAME.png: luma 0.200 p10 0.156 p90 0.231 sat 0.04 hue 139 axis 25.1
PLATE PASS S9_R02_GAME.png: luma 0.200 p10 0.169 p90 0.239 sat 0.04 hue 148 axis 23.9
PLATE PASS S9_R03_GAME.png: luma 0.200 p10 0.159 p90 0.239 sat 0.08 hue 130 axis 25.1
PLATE PASS S9_R04_GAME.png: luma 0.200 p10 0.151 p90 0.250 sat 0.00 hue 36 axis 25.1
PLATE PASS S9_R05_GAME.png: luma 0.200 p10 0.167 p90 0.237 sat 0.07 hue 144 axis 25.8
PLATE PASS S9_R06_GAME.png: luma 0.200 p10 0.134 p90 0.243 sat 0.06 hue 151 axis 24.7
PLATE PASS S9_O01_GAME.png: luma 0.200 p10 0.163 p90 0.228 sat 0.06 hue 141 axis 26.9
PLATE PASS S9_O02_GAME.png: luma 0.200 p10 0.166 p90 0.222 sat 0.06 hue 133 axis 25.3
PLATE PASS S9_C01_GAME.png: luma 0.200 p10 0.132 p90 0.248 sat 0.03 hue 140 axis 25.9
PLATE PASS S9_C02_GAME.png: luma 0.200 p10 0.123 p90 0.260 sat 0.04 hue 123 axis 23.8
PLATE PASS S9_C03_GAME.png: luma 0.200 p10 0.144 p90 0.242 sat 0.02 hue 126 axis 25.4
PLATE PASS S9_C04_GAME.png: luma 0.199 p10 0.123 p90 0.251 sat 0.04 hue 142 axis 23.3
PLATE PASS S9_C05_GAME.png: luma 0.226 p10 0.109 p90 0.302 sat 0.05 hue 139 axis 25.5
PLATE PASS S9_C06_GAME.png: luma 0.200 p10 0.125 p90 0.247 sat 0.06 hue 146 axis 32.3
PLATE PASS S9_C07_GAME.png: luma 0.200 p10 0.148 p90 0.242 sat 0.01 hue 123 axis 32.0
SEAM PASS MIS_CH01_09 C0 -> R01_ANTECHAMBER
SEAM PASS MIS_CH01_09 C0 -> R02_NAVE
SEAM PASS MIS_CH01_09 C1 -> R02_NAVE
SEAM PASS MIS_CH01_09 C1 -> R03_CHAPEL
SEAM PASS MIS_CH01_09 C2 -> R03_CHAPEL
SEAM PASS MIS_CH01_09 C2 -> R04_GALLERY
SEAM PASS MIS_CH01_09 C3 -> R04_GALLERY
SEAM PASS MIS_CH01_09 C3 -> R05_STACKS
SEAM PASS MIS_CH01_09 C4 -> R05_STACKS
SEAM PASS MIS_CH01_09 C4 -> R06_LIFT
SEAM PASS MIS_CH01_09 C5 -> R04_GALLERY
SEAM PASS MIS_CH01_09 C5 -> O01_BLADES
SEAM PASS MIS_CH01_09 C6 -> R03_CHAPEL
SEAM PASS MIS_CH01_09 C6 -> O02_RESTORE
SITE7_PLATE_LIGHTING PASS (0 plates/seams off target)
