BASELINE tests/smoke/elite_expansion_smoke.gd exit 0 ELITE_EXPANSION_SMOKE: PASS (438 checks) || 
BASELINE tests/smoke/hazard_expansion_smoke.gd exit 0 HAZARD_EXPANSION_SMOKE: PASS (438 checks, 15 rooms) res://.cache/mut_report.json || 
BASELINE tests/smoke/elite_affix_smoke.gd exit 0 ELITE_AFFIX_SMOKE: PASS (71 checks) || 
BASELINE tests/smoke/zone_hazard_smoke.gd exit 0 ZONE_HAZARD_SMOKE: PASS (366 checks, 15 rooms) || 
boss_accepts_affix                 elite_expansion_smoke.gd           exit=1    CAUGHT  ELITE_EXPANSION_SMOKE: FAIL (438 checks, 1 failures) || FAIL: boss refuses SHIELDED at application boundary | 
beacon_protects_itself             elite_expansion_smoke.gd           exit=1    CAUGHT  ELITE_EXPANSION_SMOKE: FAIL (438 checks, 1 failures) || FAIL: a beacon does not protect itself | 
beacon_cap_removed_data_0_5        elite_expansion_smoke.gd           exit=1    CAUGHT  ELITE_EXPANSION_SMOKE: FAIL (438 checks, 5 failures) || FAIL: beacon data stays inside reduction and link limits | 
brood_three_babies                 elite_expansion_smoke.gd           exit=1    CAUGHT  ELITE_EXPANSION_SMOKE: FAIL (442 checks, 3 failures) || FAIL: both hatchlings are counted before the parent decrements | 
hatch_short_0_2                    elite_expansion_smoke.gd           exit=1    CAUGHT  ELITE_EXPANSION_SMOKE: FAIL (438 checks, 6 failures) || FAIL: hatch warning lasts at least 0.6 s | 
hatchling_fires_during_hatch       elite_expansion_smoke.gd           exit=1    CAUGHT  ELITE_EXPANSION_SMOKE: FAIL (438 checks, 4 failures) || FAIL: no projectile, legacy attack or normal controller attack during hatch | 
affix_tints_actor_modulate         elite_expansion_smoke.gd           exit=1    CAUGHT  ELITE_EXPANSION_SMOKE: FAIL (438 checks, 180 failures) || FAIL: SHIELDED keeps the entire sprite-to-actor CanvasItem chain at HighResVisualRoot/UniqueMasterSprite | 
affix_tints_sprite_modulate        elite_expansion_smoke.gd           exit=1    CAUGHT  ELITE_EXPANSION_SMOKE: FAIL (438 checks, 20 failures) || FAIL: SHIELDED keeps common sprite material/modulation at HighResVisualRoot/UniqueMasterSprite | 
affix_tints_visual_root            elite_expansion_smoke.gd           exit=1    CAUGHT  ELITE_EXPANSION_SMOKE: FAIL (438 checks, 170 failures) || FAIL: SHIELDED keeps the entire sprite-to-actor CanvasItem chain at HighResVisualRoot/UniqueMasterSprite | 
affix_tints_sprite_self_modulate   elite_expansion_smoke.gd           exit=1    CAUGHT  ELITE_EXPANSION_SMOKE: FAIL (438 checks, 280 failures) || FAIL: SHIELDED keeps common sprite material/modulation at HighResVisualRoot/UniqueMasterSprite | 
affix_tints_actor_self_modulate    elite_expansion_smoke.gd           exit=1    CAUGHT  ELITE_EXPANSION_SMOKE: FAIL (438 checks, 180 failures) || FAIL: SHIELDED keeps the entire sprite-to-actor CanvasItem chain at HighResVisualRoot/UniqueMasterSprite | 
affix_clears_sprite_material       elite_expansion_smoke.gd           exit=1    CAUGHT  ELITE_EXPANSION_SMOKE: FAIL (438 checks, 20 failures) || FAIL: SHIELDED keeps common sprite material/modulation at AuthoredMachine/AuthoredMachinePixels | 
affix_tints_machine_sprite_node    elite_expansion_smoke.gd           exit=1    CAUGHT  ELITE_EXPANSION_SMOKE: FAIL (438 checks, 10 failures) || FAIL: SHIELDED keeps the entire sprite-to-actor CanvasItem chain at AuthoredMachine/AuthoredMachinePixels |  [fired]
affix_tints_machine_sprite_node_self elite_expansion_smoke.gd           exit=1    CAUGHT  ELITE_EXPANSION_SMOKE: FAIL (438 checks, 10 failures) || FAIL: SHIELDED keeps the entire sprite-to-actor CanvasItem chain at AuthoredMachine/AuthoredMachinePixels |  [fired]
affix_tints_visual_root_self       elite_expansion_smoke.gd           exit=1    CAUGHT  ELITE_EXPANSION_SMOKE: FAIL (438 checks, 170 failures) || FAIL: SHIELDED keeps the entire sprite-to-actor CanvasItem chain at HighResVisualRoot/UniqueMasterSprite |  [fired]
affix_visual_root_material         elite_expansion_smoke.gd           exit=1    CAUGHT  ELITE_EXPANSION_SMOKE: FAIL (438 checks, 170 failures) || FAIL: SHIELDED keeps the entire sprite-to-actor CanvasItem chain at HighResVisualRoot/UniqueMasterSprite |  [fired]
affix_actor_root_material          elite_expansion_smoke.gd           exit=1    CAUGHT  ELITE_EXPANSION_SMOKE: FAIL (438 checks, 180 failures) || FAIL: SHIELDED keeps the entire sprite-to-actor CanvasItem chain at HighResVisualRoot/UniqueMasterSprite |  [fired]
affix_weathering_wear_changed      elite_expansion_smoke.gd           exit=1    CAUGHT  ELITE_EXPANSION_SMOKE: FAIL (438 checks, 20 failures) || FAIL: SHIELDED keeps common sprite material/modulation at AuthoredMachine/AuthoredMachinePixels |  [fired]
affix_pulses_root_modulate         elite_expansion_smoke.gd           exit=1    CAUGHT  ELITE_EXPANSION_SMOKE: FAIL (438 checks, 180 failures) || FAIL: SHIELDED keeps the entire sprite-to-actor CanvasItem chain at HighResVisualRoot/UniqueMasterSprite |  [fired]
MISSED: []
