✔ An authored profile ignores leftover character-specific fire and leg-warp bundles (1.9298ms)
✔ Shared authored route keeps identical leg phases with and without fire (0.4945ms)
✔ Authored contact timing holds planted steps while preserving phase order (0.3121ms)
✔ Shared recoil transform cannot move support feet (0.4842ms)
✔ Full-body walk AND run select all six phases, never recoil recovery frame 5 (1.3952ms)
✔ Locomotion is distance phase driven, not wall-clock or firing cadence (0.1523ms)
✔ Live Actor → full-body renderer traverses walk/run cycles at 30/60/120 Hz (13.8423ms)
✔ A cursor between the character and illustrated muzzle cannot make a bullet fly behind the facing (2.8573ms)
✔ Turning throughout held moving fire keeps every projectile and rendered facing on one aim at 30/60/120 Hz (28.8949ms)
✔ A fresh movement chord can take aim during held mouse fire and the next mouse move can take it back (0.6887ms)
✔ An exactly centred cursor retains the previous aim instead of forcing east (0.1677ms)
✔ One muzzle-aware solution preserves actual cursor hits and body/shot alignment throughout a turn (4.6144ms)
✔ A target inside weapon reach cannot turn only the bullet backwards (0.3968ms)
✔ Rapid aim commits without advancing gait, recoil, ammo or cooldown; old projectiles do not home (0.5903ms)
✔ 30/60/120 Hz rapid reversals use the latest sample at the first eligible shot without changing cadence (9.724ms)
✔ All four WASD diagonals work in either press order, with Korean/English/Shift/IME event values (6.3098ms)
✔ Arrow key pairs drive all four diagonals through the same actor (0.2751ms)
✔ Releasing one key returns to the remaining direction; opposite-key and alias chords do not stick (0.3393ms)
✔ A new movement chord takes facing from an idle pointer, but key repeat does not cancel active mouse aim (0.2126ms)
✔ Shift and Space continue to work with diagonal motion and independent mouse firing (0.4622ms)
✔ Settings controls allow WASD without swallowing text editing or native slider/checkbox keys (0.5219ms)
✔ Keyboard movement, reload, and fire all clear on focus loss (0.2001ms)
✔ A click shorter than one render frame fires once without a held button (3.0963ms)
✔ All eight movement directions and all eight independent firing facings, at three display rates (26.233ms)
✔ Diagonal keys do not create a speed advantage (0.3786ms)
✔ Stop, resume and speed switch retain a valid continuous locomotion phase (0.7266ms)
✔ Held fire consumes ammunition, automatically reloads, and remains rate independent (2.5481ms)
✔ Reload prevents shots and restores the magazine only when complete (0.5597ms)
✔ Obstacles and world bounds constrain actual position (2.7121ms)
✔ Swept projectile collision catches thin targets between ticks (0.3713ms)
ℹ tests 30
ℹ suites 0
ℹ pass 30
ℹ fail 0
ℹ cancelled 0
ℹ skipped 0
ℹ todo 0
ℹ duration_ms 177.4953

