Godot Engine v4.7.1.stable.official.a13da4feb - https://godotengine.org
OpenGL API 3.3.0 NVIDIA 591.86 - Compatibility - Using Device: NVIDIA - NVIDIA GeForce RTX 4070 SUPER

WARNING: Loaded resource as image file, this will not work on export: 'res://assets/enemies/recon_drone/authored_yaw8_v1/E.png'. Instead, import the image file as an Image resource and load it normally as a resource.
   at: load_from_file (core/io/image.cpp:2780)
   GDScript backtrace (most recent call first):
       [0] _decode_view (res://scripts/animation/site7_machine_sprite.gd:127)
       [1] _read_view (res://scripts/animation/site7_machine_sprite.gd:155)
       [2] warm (res://scripts/animation/site7_machine_sprite.gd:71)
       [3] warm_art (res://scripts/actors/enemy_actor.gd:469)
       [4] _warm_enemy_art (res://scripts/missions/story_stage_01.gd:263)
       [5] _load_mission (res://scripts/missions/story_stage_01.gd:219)
       [6] _ready (res://scripts/missions/story_stage_01.gd:95)
       [7] _run (res://tools/maintenance/per_operation_fps_probe.gd:75)
WARNING: Loaded resource as image file, this will not work on export: 'res://assets/enemies/recon_drone/authored_yaw8_v1/SE.png'. Instead, import the image file as an Image resource and load it normally as a resource.
   at: load_from_file (core/io/image.cpp:2780)
   GDScript backtrace (most recent call first):
       [0] _decode_view (res://scripts/animation/site7_machine_sprite.gd:127)
       [1] _read_view (res://scripts/animation/site7_machine_sprite.gd:155)
       [2] warm (res://scripts/animation/site7_machine_sprite.gd:71)
       [3] warm_art (res://scripts/actors/enemy_actor.gd:469)
       [4] _warm_enemy_art (res://scripts/missions/story_stage_01.gd:263)
       [5] _load_mission (res://scripts/missions/story_stage_01.gd:219)
       [6] _ready (res://scripts/missions/story_stage_01.gd:95)
       [7] _run (res://tools/maintenance/per_operation_fps_probe.gd:75)
WARNING: Loaded resource as image file, this will not work on export: 'res://assets/enemies/recon_drone/authored_yaw8_v1/S.png'. Instead, import the image file as an Image resource and load it normally as a resource.
   at: load_from_file (core/io/image.cpp:2780)
   GDScript backtrace (most recent call first):
       [0] _decode_view (res://scripts/animation/site7_machine_sprite.gd:127)
       [1] _read_view (res://scripts/animation/site7_machine_sprite.gd:155)
       [2] warm (res://scripts/animation/site7_machine_sprite.gd:71)
       [3] warm_art (res://scripts/actors/enemy_actor.gd:469)
       [4] _warm_enemy_art (res://scripts/missions/story_stage_01.gd:263)
       [5] _load_mission (res://scripts/missions/story_stage_01.gd:219)
       [6] _ready (res://scripts/missions/story_stage_01.gd:95)
       [7] _run (res://tools/maintenance/per_operation_fps_probe.gd:75)
WARNING: Loaded resource as image file, this will not work on export: 'res://assets/enemies/recon_drone/authored_yaw8_v1/SW.png'. Instead, import the image file as an Image resource and load it normally as a resource.
   at: load_from_file (core/io/image.cpp:2780)
   GDScript backtrace (most recent call first):
       [0] _decode_view (res://scripts/animation/site7_machine_sprite.gd:127)
       [1] _read_view (res://scripts/animation/site7_machine_sprite.gd:155)
       [2] warm (res://scripts/animation/site7_machine_sprite.gd:71)
       [3] warm_art (res://scripts/actors/enemy_actor.gd:469)
       [4] _warm_enemy_art (res://scripts/missions/story_stage_01.gd:263)
       [5] _load_mission (res://scripts/missions/story_stage_01.gd:219)
       [6] _ready (res://scripts/missions/story_stage_01.gd:95)
       [7] _run (res://tools/maintenance/per_operation_fps_probe.gd:75)
WARNING: Loaded resource as image file, this will not work on export: 'res://assets/enemies/recon_drone/authored_yaw8_v1/W.png'. Instead, import the image file as an Image resource and load it normally as a resource.
   at: load_from_file (core/io/image.cpp:2780)
   GDScript backtrace (most recent call first):
       [0] _decode_view (res://scripts/animation/site7_machine_sprite.gd:127)
       [1] _read_view (res://scripts/animation/site7_machine_sprite.gd:155)
       [2] warm (res://scripts/animation/site7_machine_sprite.gd:71)
       [3] warm_art (res://scripts/actors/enemy_actor.gd:469)
       [4] _warm_enemy_art (res://scripts/missions/story_stage_01.gd:263)
       [5] _load_mission (res://scripts/missions/story_stage_01.gd:219)
       [6] _ready (res://scripts/missions/story_stage_01.gd:95)
       [7] _run (res://tools/maintenance/per_operation_fps_probe.gd:75)
WARNING: Loaded resource as image file, this will not work on export: 'res://assets/enemies/recon_drone/authored_yaw8_v1/NW.png'. Instead, import the image file as an Image resource and load it normally as a resource.
   at: load_from_file (core/io/image.cpp:2780)
   GDScript backtrace (most recent call first):
       [0] _decode_view (res://scripts/animation/site7_machine_sprite.gd:127)
       [1] _read_view (res://scripts/animation/site7_machine_sprite.gd:155)
       [2] warm (res://scripts/animation/site7_machine_sprite.gd:71)
       [3] warm_art (res://scripts/actors/enemy_actor.gd:469)
       [4] _warm_enemy_art (res://scripts/missions/story_stage_01.gd:263)
       [5] _load_mission (res://scripts/missions/story_stage_01.gd:219)
       [6] _ready (res://scripts/missions/story_stage_01.gd:95)
       [7] _run (res://tools/maintenance/per_operation_fps_probe.gd:75)
WARNING: Loaded resource as image file, this will not work on export: 'res://assets/enemies/recon_drone/authored_yaw8_v1/N.png'. Instead, import the image file as an Image resource and load it normally as a resource.
   at: load_from_file (core/io/image.cpp:2780)
   GDScript backtrace (most recent call first):
       [0] _decode_view (res://scripts/animation/site7_machine_sprite.gd:127)
       [1] _read_view (res://scripts/animation/site7_machine_sprite.gd:155)
       [2] warm (res://scripts/animation/site7_machine_sprite.gd:71)
       [3] warm_art (res://scripts/actors/enemy_actor.gd:469)
       [4] _warm_enemy_art (res://scripts/missions/story_stage_01.gd:263)
       [5] _load_mission (res://scripts/missions/story_stage_01.gd:219)
       [6] _ready (res://scripts/missions/story_stage_01.gd:95)
       [7] _run (res://tools/maintenance/per_operation_fps_probe.gd:75)
WARNING: Loaded resource as image file, this will not work on export: 'res://assets/enemies/recon_drone/authored_yaw8_v1/NE.png'. Instead, import the image file as an Image resource and load it normally as a resource.
   at: load_from_file (core/io/image.cpp:2780)
   GDScript backtrace (most recent call first):
       [0] _decode_view (res://scripts/animation/site7_machine_sprite.gd:127)
       [1] _read_view (res://scripts/animation/site7_machine_sprite.gd:155)
       [2] warm (res://scripts/animation/site7_machine_sprite.gd:71)
       [3] warm_art (res://scripts/actors/enemy_actor.gd:469)
       [4] _warm_enemy_art (res://scripts/missions/story_stage_01.gd:263)
       [5] _load_mission (res://scripts/missions/story_stage_01.gd:219)
       [6] _ready (res://scripts/missions/story_stage_01.gd:95)
       [7] _run (res://tools/maintenance/per_operation_fps_probe.gd:75)
WARNING: Loaded resource as image file, this will not work on export: 'res://assets/enemies/bulwark/authored_yaw8_v1/E.png'. Instead, import the image file as an Image resource and load it normally as a resource.
   at: load_from_file (core/io/image.cpp:2780)
   GDScript backtrace (most recent call first):
       [0] _decode_view (res://scripts/animation/site7_machine_sprite.gd:127)
       [1] _read_view (res://scripts/animation/site7_machine_sprite.gd:155)
       [2] warm (res://scripts/animation/site7_machine_sprite.gd:71)
       [3] warm_art (res://scripts/actors/enemy_actor.gd:469)
       [4] _warm_enemy_art (res://scripts/missions/story_stage_01.gd:263)
       [5] _load_mission (res://scripts/missions/story_stage_01.gd:219)
       [6] _ready (res://scripts/missions/story_stage_01.gd:95)
       [7] _run (res://tools/maintenance/per_operation_fps_probe.gd:75)
WARNING: Loaded resource as image file, this will not work on export: 'res://assets/enemies/bulwark/authored_yaw8_v1/SE.png'. Instead, import the image file as an Image resource and load it normally as a resource.
   at: load_from_file (core/io/image.cpp:2780)
   GDScript backtrace (most recent call first):
       [0] _decode_view (res://scripts/animation/site7_machine_sprite.gd:127)
       [1] _read_view (res://scripts/animation/site7_machine_sprite.gd:155)
       [2] warm (res://scripts/animation/site7_machine_sprite.gd:71)
       [3] warm_art (res://scripts/actors/enemy_actor.gd:469)
       [4] _warm_enemy_art (res://scripts/missions/story_stage_01.gd:263)
       [5] _load_mission (res://scripts/missions/story_stage_01.gd:219)
       [6] _ready (res://scripts/missions/story_stage_01.gd:95)
       [7] _run (res://tools/maintenance/per_operation_fps_probe.gd:75)
WARNING: Loaded resource as image file, this will not work on export: 'res://assets/enemies/bulwark/authored_yaw8_v1/S.png'. Instead, import the image file as an Image resource and load it normally as a resource.
   at: load_from_file (core/io/image.cpp:2780)
   GDScript backtrace (most recent call first):
       [0] _decode_view (res://scripts/animation/site7_machine_sprite.gd:127)
       [1] _read_view (res://scripts/animation/site7_machine_sprite.gd:155)
       [2] warm (res://scripts/animation/site7_machine_sprite.gd:71)
       [3] warm_art (res://scripts/actors/enemy_actor.gd:469)
       [4] _warm_enemy_art (res://scripts/missions/story_stage_01.gd:263)
       [5] _load_mission (res://scripts/missions/story_stage_01.gd:219)
       [6] _ready (res://scripts/missions/story_stage_01.gd:95)
       [7] _run (res://tools/maintenance/per_operation_fps_probe.gd:75)
WARNING: Loaded resource as image file, this will not work on export: 'res://assets/enemies/bulwark/authored_yaw8_v1/SW.png'. Instead, import the image file as an Image resource and load it normally as a resource.
   at: load_from_file (core/io/image.cpp:2780)
   GDScript backtrace (most recent call first):
       [0] _decode_view (res://scripts/animation/site7_machine_sprite.gd:127)
       [1] _read_view (res://scripts/animation/site7_machine_sprite.gd:155)
       [2] warm (res://scripts/animation/site7_machine_sprite.gd:71)
       [3] warm_art (res://scripts/actors/enemy_actor.gd:469)
       [4] _warm_enemy_art (res://scripts/missions/story_stage_01.gd:263)
       [5] _load_mission (res://scripts/missions/story_stage_01.gd:219)
       [6] _ready (res://scripts/missions/story_stage_01.gd:95)
       [7] _run (res://tools/maintenance/per_operation_fps_probe.gd:75)
WARNING: Loaded resource as image file, this will not work on export: 'res://assets/enemies/bulwark/authored_yaw8_v1/W.png'. Instead, import the image file as an Image resource and load it normally as a resource.
   at: load_from_file (core/io/image.cpp:2780)
   GDScript backtrace (most recent call first):
       [0] _decode_view (res://scripts/animation/site7_machine_sprite.gd:127)
       [1] _read_view (res://scripts/animation/site7_machine_sprite.gd:155)
       [2] warm (res://scripts/animation/site7_machine_sprite.gd:71)
       [3] warm_art (res://scripts/actors/enemy_actor.gd:469)
       [4] _warm_enemy_art (res://scripts/missions/story_stage_01.gd:263)
       [5] _load_mission (res://scripts/missions/story_stage_01.gd:219)
       [6] _ready (res://scripts/missions/story_stage_01.gd:95)
       [7] _run (res://tools/maintenance/per_operation_fps_probe.gd:75)
WARNING: Loaded resource as image file, this will not work on export: 'res://assets/enemies/bulwark/authored_yaw8_v1/NW.png'. Instead, import the image file as an Image resource and load it normally as a resource.
   at: load_from_file (core/io/image.cpp:2780)
   GDScript backtrace (most recent call first):
       [0] _decode_view (res://scripts/animation/site7_machine_sprite.gd:127)
       [1] _read_view (res://scripts/animation/site7_machine_sprite.gd:155)
       [2] warm (res://scripts/animation/site7_machine_sprite.gd:71)
       [3] warm_art (res://scripts/actors/enemy_actor.gd:469)
       [4] _warm_enemy_art (res://scripts/missions/story_stage_01.gd:263)
       [5] _load_mission (res://scripts/missions/story_stage_01.gd:219)
       [6] _ready (res://scripts/missions/story_stage_01.gd:95)
       [7] _run (res://tools/maintenance/per_operation_fps_probe.gd:75)
WARNING: Loaded resource as image file, this will not work on export: 'res://assets/enemies/bulwark/authored_yaw8_v1/N.png'. Instead, import the image file as an Image resource and load it normally as a resource.
   at: load_from_file (core/io/image.cpp:2780)
   GDScript backtrace (most recent call first):
       [0] _decode_view (res://scripts/animation/site7_machine_sprite.gd:127)
       [1] _read_view (res://scripts/animation/site7_machine_sprite.gd:155)
       [2] warm (res://scripts/animation/site7_machine_sprite.gd:71)
       [3] warm_art (res://scripts/actors/enemy_actor.gd:469)
       [4] _warm_enemy_art (res://scripts/missions/story_stage_01.gd:263)
       [5] _load_mission (res://scripts/missions/story_stage_01.gd:219)
       [6] _ready (res://scripts/missions/story_stage_01.gd:95)
       [7] _run (res://tools/maintenance/per_operation_fps_probe.gd:75)
WARNING: Loaded resource as image file, this will not work on export: 'res://assets/enemies/bulwark/authored_yaw8_v1/NE.png'. Instead, import the image file as an Image resource and load it normally as a resource.
   at: load_from_file (core/io/image.cpp:2780)
   GDScript backtrace (most recent call first):
       [0] _decode_view (res://scripts/animation/site7_machine_sprite.gd:127)
       [1] _read_view (res://scripts/animation/site7_machine_sprite.gd:155)
       [2] warm (res://scripts/animation/site7_machine_sprite.gd:71)
       [3] warm_art (res://scripts/actors/enemy_actor.gd:469)
       [4] _warm_enemy_art (res://scripts/missions/story_stage_01.gd:263)
       [5] _load_mission (res://scripts/missions/story_stage_01.gd:219)
       [6] _ready (res://scripts/missions/story_stage_01.gd:95)
       [7] _run (res://tools/maintenance/per_operation_fps_probe.gd:75)
WARNING: Loaded resource as image file, this will not work on export: 'res://assets/enemies/signal_anchor_guardian/authored_core_v1/anchor.png'. Instead, import the image file as an Image resource and load it normally as a resource.
   at: load_from_file (core/io/image.cpp:2780)
   GDScript backtrace (most recent call first):
       [0] _decode_view (res://scripts/animation/site7_machine_sprite.gd:127)
       [1] _read_view (res://scripts/animation/site7_machine_sprite.gd:155)
       [2] warm (res://scripts/animation/site7_machine_sprite.gd:71)
       [3] warm_art (res://scripts/actors/enemy_actor.gd:469)
       [4] _warm_enemy_art (res://scripts/missions/story_stage_01.gd:263)
       [5] _load_mission (res://scripts/missions/story_stage_01.gd:219)
       [6] _ready (res://scripts/missions/story_stage_01.gd:95)
       [7] _run (res://tools/maintenance/per_operation_fps_probe.gd:75)
M7_RASTER_QUARANTINED identity=aster status=partial chunks=2 encoded=20000 present=15000 declared=94718
FPS_SURVEY {"fps":154.6,"gpu_ms":1.738,"max_ms":14.001,"operation":1,"p99_ms":12.326,"room":"R02_CORRIDOR","round":1}
FPS_SURVEY {"fps":114.29,"gpu_ms":2.679,"max_ms":12.398,"operation":1,"p99_ms":12.098,"room":"R04_CONTAINMENT","round":1}
WARNING: Loaded resource as image file, this will not work on export: 'res://assets/enemies/null_pylon/authored_core_v1/NULL_PYLON.png'. Instead, import the image file as an Image resource and load it normally as a resource.
   at: load_from_file (core/io/image.cpp:2780)
   GDScript backtrace (most recent call first):
       [0] _decode_view (res://scripts/animation/site7_machine_sprite.gd:127)
       [1] _read_view (res://scripts/animation/site7_machine_sprite.gd:155)
       [2] warm (res://scripts/animation/site7_machine_sprite.gd:71)
       [3] warm_art (res://scripts/actors/enemy_actor.gd:469)
       [4] _warm_enemy_art (res://scripts/missions/story_stage_01.gd:263)
       [5] _load_mission (res://scripts/missions/story_stage_01.gd:219)
       [6] _ready (res://scripts/missions/story_stage_01.gd:95)
       [7] _run (res://tools/maintenance/per_operation_fps_probe.gd:75)
       [8] _settle_frames (res://tools/maintenance/per_operation_fps_probe.gd:213)
WARNING: Loaded resource as image file, this will not work on export: 'res://assets/enemies/prism_skimmer/authored_yaw8_v1/E.png'. Instead, import the image file as an Image resource and load it normally as a resource.
   at: load_from_file (core/io/image.cpp:2780)
   GDScript backtrace (most recent call first):
       [0] _decode_view (res://scripts/animation/site7_machine_sprite.gd:127)
       [1] _read_view (res://scripts/animation/site7_machine_sprite.gd:155)
       [2] warm (res://scripts/animation/site7_machine_sprite.gd:71)
       [3] warm_art (res://scripts/actors/enemy_actor.gd:469)
       [4] _warm_enemy_art (res://scripts/missions/story_stage_01.gd:263)
       [5] _load_mission (res://scripts/missions/story_stage_01.gd:219)
       [6] _ready (res://scripts/missions/story_stage_01.gd:95)
       [7] _run (res://tools/maintenance/per_operation_fps_probe.gd:75)
       [8] _settle_frames (res://tools/maintenance/per_operation_fps_probe.gd:213)
WARNING: Loaded resource as image file, this will not work on export: 'res://assets/enemies/prism_skimmer/authored_yaw8_v1/SE.png'. Instead, import the image file as an Image resource and load it normally as a resource.
   at: load_from_file (core/io/image.cpp:2780)
   GDScript backtrace (most recent call first):
       [0] _decode_view (res://scripts/animation/site7_machine_sprite.gd:127)
       [1] _read_view (res://scripts/animation/site7_machine_sprite.gd:155)
       [2] warm (res://scripts/animation/site7_machine_sprite.gd:71)
       [3] warm_art (res://scripts/actors/enemy_actor.gd:469)
       [4] _warm_enemy_art (res://scripts/missions/story_stage_01.gd:263)
       [5] _load_mission (res://scripts/missions/story_stage_01.gd:219)
       [6] _ready (res://scripts/missions/story_stage_01.gd:95)
       [7] _run (res://tools/maintenance/per_operation_fps_probe.gd:75)
       [8] _settle_frames (res://tools/maintenance/per_operation_fps_probe.gd:213)
WARNING: Loaded resource as image file, this will not work on export: 'res://assets/enemies/prism_skimmer/authored_yaw8_v1/S.png'. Instead, import the image file as an Image resource and load it normally as a resource.
   at: load_from_file (core/io/image.cpp:2780)
   GDScript backtrace (most recent call first):
       [0] _decode_view (res://scripts/animation/site7_machine_sprite.gd:127)
       [1] _read_view (res://scripts/animation/site7_machine_sprite.gd:155)
       [2] warm (res://scripts/animation/site7_machine_sprite.gd:71)
       [3] warm_art (res://scripts/actors/enemy_actor.gd:469)
       [4] _warm_enemy_art (res://scripts/missions/story_stage_01.gd:263)
       [5] _load_mission (res://scripts/missions/story_stage_01.gd:219)
       [6] _ready (res://scripts/missions/story_stage_01.gd:95)
       [7] _run (res://tools/maintenance/per_operation_fps_probe.gd:75)
       [8] _settle_frames (res://tools/maintenance/per_operation_fps_probe.gd:213)
WARNING: Loaded resource as image file, this will not work on export: 'res://assets/enemies/prism_skimmer/authored_yaw8_v1/SW.png'. Instead, import the image file as an Image resource and load it normally as a resource.
   at: load_from_file (core/io/image.cpp:2780)
   GDScript backtrace (most recent call first):
       [0] _decode_view (res://scripts/animation/site7_machine_sprite.gd:127)
       [1] _read_view (res://scripts/animation/site7_machine_sprite.gd:155)
       [2] warm (res://scripts/animation/site7_machine_sprite.gd:71)
       [3] warm_art (res://scripts/actors/enemy_actor.gd:469)
       [4] _warm_enemy_art (res://scripts/missions/story_stage_01.gd:263)
       [5] _load_mission (res://scripts/missions/story_stage_01.gd:219)
       [6] _ready (res://scripts/missions/story_stage_01.gd:95)
       [7] _run (res://tools/maintenance/per_operation_fps_probe.gd:75)
       [8] _settle_frames (res://tools/maintenance/per_operation_fps_probe.gd:213)
WARNING: Loaded resource as image file, this will not work on export: 'res://assets/enemies/prism_skimmer/authored_yaw8_v1/W.png'. Instead, import the image file as an Image resource and load it normally as a resource.
   at: load_from_file (core/io/image.cpp:2780)
   GDScript backtrace (most recent call first):
       [0] _decode_view (res://scripts/animation/site7_machine_sprite.gd:127)
       [1] _read_view (res://scripts/animation/site7_machine_sprite.gd:155)
       [2] warm (res://scripts/animation/site7_machine_sprite.gd:71)
       [3] warm_art (res://scripts/actors/enemy_actor.gd:469)
       [4] _warm_enemy_art (res://scripts/missions/story_stage_01.gd:263)
       [5] _load_mission (res://scripts/missions/story_stage_01.gd:219)
       [6] _ready (res://scripts/missions/story_stage_01.gd:95)
       [7] _run (res://tools/maintenance/per_operation_fps_probe.gd:75)
       [8] _settle_frames (res://tools/maintenance/per_operation_fps_probe.gd:213)
WARNING: Loaded resource as image file, this will not work on export: 'res://assets/enemies/prism_skimmer/authored_yaw8_v1/NW.png'. Instead, import the image file as an Image resource and load it normally as a resource.
   at: load_from_file (core/io/image.cpp:2780)
   GDScript backtrace (most recent call first):
       [0] _decode_view (res://scripts/animation/site7_machine_sprite.gd:127)
       [1] _read_view (res://scripts/animation/site7_machine_sprite.gd:155)
       [2] warm (res://scripts/animation/site7_machine_sprite.gd:71)
       [3] warm_art (res://scripts/actors/enemy_actor.gd:469)
       [4] _warm_enemy_art (res://scripts/missions/story_stage_01.gd:263)
       [5] _load_mission (res://scripts/missions/story_stage_01.gd:219)
       [6] _ready (res://scripts/missions/story_stage_01.gd:95)
       [7] _run (res://tools/maintenance/per_operation_fps_probe.gd:75)
       [8] _settle_frames (res://tools/maintenance/per_operation_fps_probe.gd:213)
WARNING: Loaded resource as image file, this will not work on export: 'res://assets/enemies/prism_skimmer/authored_yaw8_v1/N.png'. Instead, import the image file as an Image resource and load it normally as a resource.
   at: load_from_file (core/io/image.cpp:2780)
   GDScript backtrace (most recent call first):
       [0] _decode_view (res://scripts/animation/site7_machine_sprite.gd:127)
       [1] _read_view (res://scripts/animation/site7_machine_sprite.gd:155)
       [2] warm (res://scripts/animation/site7_machine_sprite.gd:71)
       [3] warm_art (res://scripts/actors/enemy_actor.gd:469)
       [4] _warm_enemy_art (res://scripts/missions/story_stage_01.gd:263)
       [5] _load_mission (res://scripts/missions/story_stage_01.gd:219)
       [6] _ready (res://scripts/missions/story_stage_01.gd:95)
       [7] _run (res://tools/maintenance/per_operation_fps_probe.gd:75)
       [8] _settle_frames (res://tools/maintenance/per_operation_fps_probe.gd:213)
WARNING: Loaded resource as image file, this will not work on export: 'res://assets/enemies/prism_skimmer/authored_yaw8_v1/NE.png'. Instead, import the image file as an Image resource and load it normally as a resource.
   at: load_from_file (core/io/image.cpp:2780)
   GDScript backtrace (most recent call first):
       [0] _decode_view (res://scripts/animation/site7_machine_sprite.gd:127)
       [1] _read_view (res://scripts/animation/site7_machine_sprite.gd:155)
       [2] warm (res://scripts/animation/site7_machine_sprite.gd:71)
       [3] warm_art (res://scripts/actors/enemy_actor.gd:469)
       [4] _warm_enemy_art (res://scripts/missions/story_stage_01.gd:263)
       [5] _load_mission (res://scripts/missions/story_stage_01.gd:219)
       [6] _ready (res://scripts/missions/story_stage_01.gd:95)
       [7] _run (res://tools/maintenance/per_operation_fps_probe.gd:75)
       [8] _settle_frames (res://tools/maintenance/per_operation_fps_probe.gd:213)
WARNING: Loaded resource as image file, this will not work on export: 'res://assets/enemies/cinder_ram/authored_yaw8_v1/E.png'. Instead, import the image file as an Image resource and load it normally as a resource.
   at: load_from_file (core/io/image.cpp:2780)
   GDScript backtrace (most recent call first):
       [0] _decode_view (res://scripts/animation/site7_machine_sprite.gd:127)
       [1] _read_view (res://scripts/animation/site7_machine_sprite.gd:155)
       [2] warm (res://scripts/animation/site7_machine_sprite.gd:71)
       [3] warm_art (res://scripts/actors/enemy_actor.gd:469)
       [4] _warm_enemy_art (res://scripts/missions/story_stage_01.gd:263)
       [5] _load_mission (res://scripts/missions/story_stage_01.gd:219)
       [6] _ready (res://scripts/missions/story_stage_01.gd:95)
       [7] _run (res://tools/maintenance/per_operation_fps_probe.gd:75)
       [8] _settle_frames (res://tools/maintenance/per_operation_fps_probe.gd:213)
WARNING: Loaded resource as image file, this will not work on export: 'res://assets/enemies/cinder_ram/authored_yaw8_v1/SE.png'. Instead, import the image file as an Image resource and load it normally as a resource.
   at: load_from_file (core/io/image.cpp:2780)
   GDScript backtrace (most recent call first):
       [0] _decode_view (res://scripts/animation/site7_machine_sprite.gd:127)
       [1] _read_view (res://scripts/animation/site7_machine_sprite.gd:155)
       [2] warm (res://scripts/animation/site7_machine_sprite.gd:71)
       [3] warm_art (res://scripts/actors/enemy_actor.gd:469)
       [4] _warm_enemy_art (res://scripts/missions/story_stage_01.gd:263)
       [5] _load_mission (res://scripts/missions/story_stage_01.gd:219)
       [6] _ready (res://scripts/missions/story_stage_01.gd:95)
       [7] _run (res://tools/maintenance/per_operation_fps_probe.gd:75)
       [8] _settle_frames (res://tools/maintenance/per_operation_fps_probe.gd:213)
WARNING: Loaded resource as image file, this will not work on export: 'res://assets/enemies/cinder_ram/authored_yaw8_v1/S.png'. Instead, import the image file as an Image resource and load it normally as a resource.
   at: load_from_file (core/io/image.cpp:2780)
   GDScript backtrace (most recent call first):
       [0] _decode_view (res://scripts/animation/site7_machine_sprite.gd:127)
       [1] _read_view (res://scripts/animation/site7_machine_sprite.gd:155)
       [2] warm (res://scripts/animation/site7_machine_sprite.gd:71)
       [3] warm_art (res://scripts/actors/enemy_actor.gd:469)
       [4] _warm_enemy_art (res://scripts/missions/story_stage_01.gd:263)
       [5] _load_mission (res://scripts/missions/story_stage_01.gd:219)
       [6] _ready (res://scripts/missions/story_stage_01.gd:95)
       [7] _run (res://tools/maintenance/per_operation_fps_probe.gd:75)
       [8] _settle_frames (res://tools/maintenance/per_operation_fps_probe.gd:213)
WARNING: Loaded resource as image file, this will not work on export: 'res://assets/enemies/cinder_ram/authored_yaw8_v1/SW.png'. Instead, import the image file as an Image resource and load it normally as a resource.
   at: load_from_file (core/io/image.cpp:2780)
   GDScript backtrace (most recent call first):
       [0] _decode_view (res://scripts/animation/site7_machine_sprite.gd:127)
       [1] _read_view (res://scripts/animation/site7_machine_sprite.gd:155)
       [2] warm (res://scripts/animation/site7_machine_sprite.gd:71)
       [3] warm_art (res://scripts/actors/enemy_actor.gd:469)
       [4] _warm_enemy_art (res://scripts/missions/story_stage_01.gd:263)
       [5] _load_mission (res://scripts/missions/story_stage_01.gd:219)
       [6] _ready (res://scripts/missions/story_stage_01.gd:95)
       [7] _run (res://tools/maintenance/per_operation_fps_probe.gd:75)
       [8] _settle_frames (res://tools/maintenance/per_operation_fps_probe.gd:213)
WARNING: Loaded resource as image file, this will not work on export: 'res://assets/enemies/cinder_ram/authored_yaw8_v1/W.png'. Instead, import the image file as an Image resource and load it normally as a resource.
   at: load_from_file (core/io/image.cpp:2780)
   GDScript backtrace (most recent call first):
       [0] _decode_view (res://scripts/animation/site7_machine_sprite.gd:127)
       [1] _read_view (res://scripts/animation/site7_machine_sprite.gd:155)
       [2] warm (res://scripts/animation/site7_machine_sprite.gd:71)
       [3] warm_art (res://scripts/actors/enemy_actor.gd:469)
       [4] _warm_enemy_art (res://scripts/missions/story_stage_01.gd:263)
       [5] _load_mission (res://scripts/missions/story_stage_01.gd:219)
       [6] _ready (res://scripts/missions/story_stage_01.gd:95)
       [7] _run (res://tools/maintenance/per_operation_fps_probe.gd:75)
       [8] _settle_frames (res://tools/maintenance/per_operation_fps_probe.gd:213)
WARNING: Loaded resource as image file, this will not work on export: 'res://assets/enemies/cinder_ram/authored_yaw8_v1/NW.png'. Instead, import the image file as an Image resource and load it normally as a resource.
   at: load_from_file (core/io/image.cpp:2780)
   GDScript backtrace (most recent call first):
       [0] _decode_view (res://scripts/animation/site7_machine_sprite.gd:127)
       [1] _read_view (res://scripts/animation/site7_machine_sprite.gd:155)
       [2] warm (res://scripts/animation/site7_machine_sprite.gd:71)
       [3] warm_art (res://scripts/actors/enemy_actor.gd:469)
       [4] _warm_enemy_art (res://scripts/missions/story_stage_01.gd:263)
       [5] _load_mission (res://scripts/missions/story_stage_01.gd:219)
       [6] _ready (res://scripts/missions/story_stage_01.gd:95)
       [7] _run (res://tools/maintenance/per_operation_fps_probe.gd:75)
       [8] _settle_frames (res://tools/maintenance/per_operation_fps_probe.gd:213)
WARNING: Loaded resource as image file, this will not work on export: 'res://assets/enemies/cinder_ram/authored_yaw8_v1/N.png'. Instead, import the image file as an Image resource and load it normally as a resource.
   at: load_from_file (core/io/image.cpp:2780)
   GDScript backtrace (most recent call first):
       [0] _decode_view (res://scripts/animation/site7_machine_sprite.gd:127)
       [1] _read_view (res://scripts/animation/site7_machine_sprite.gd:155)
       [2] warm (res://scripts/animation/site7_machine_sprite.gd:71)
       [3] warm_art (res://scripts/actors/enemy_actor.gd:469)
       [4] _warm_enemy_art (res://scripts/missions/story_stage_01.gd:263)
       [5] _load_mission (res://scripts/missions/story_stage_01.gd:219)
       [6] _ready (res://scripts/missions/story_stage_01.gd:95)
       [7] _run (res://tools/maintenance/per_operation_fps_probe.gd:75)
       [8] _settle_frames (res://tools/maintenance/per_operation_fps_probe.gd:213)
WARNING: Loaded resource as image file, this will not work on export: 'res://assets/enemies/cinder_ram/authored_yaw8_v1/NE.png'. Instead, import the image file as an Image resource and load it normally as a resource.
   at: load_from_file (core/io/image.cpp:2780)
   GDScript backtrace (most recent call first):
       [0] _decode_view (res://scripts/animation/site7_machine_sprite.gd:127)
       [1] _read_view (res://scripts/animation/site7_machine_sprite.gd:155)
       [2] warm (res://scripts/animation/site7_machine_sprite.gd:71)
       [3] warm_art (res://scripts/actors/enemy_actor.gd:469)
       [4] _warm_enemy_art (res://scripts/missions/story_stage_01.gd:263)
       [5] _load_mission (res://scripts/missions/story_stage_01.gd:219)
       [6] _ready (res://scripts/missions/story_stage_01.gd:95)
       [7] _run (res://tools/maintenance/per_operation_fps_probe.gd:75)
       [8] _settle_frames (res://tools/maintenance/per_operation_fps_probe.gd:213)
WARNING: Loaded resource as image file, this will not work on export: 'res://assets/enemies/vesper_mortar/authored_core_v1/ANCHORED.png'. Instead, import the image file as an Image resource and load it normally as a resource.
   at: load_from_file (core/io/image.cpp:2780)
   GDScript backtrace (most recent call first):
       [0] _decode_view (res://scripts/animation/site7_machine_sprite.gd:127)
       [1] _read_view (res://scripts/animation/site7_machine_sprite.gd:155)
       [2] warm (res://scripts/animation/site7_machine_sprite.gd:71)
       [3] warm_art (res://scripts/actors/enemy_actor.gd:469)
       [4] _warm_enemy_art (res://scripts/missions/story_stage_01.gd:263)
       [5] _load_mission (res://scripts/missions/story_stage_01.gd:219)
       [6] _ready (res://scripts/missions/story_stage_01.gd:95)
       [7] _run (res://tools/maintenance/per_operation_fps_probe.gd:75)
       [8] _settle_frames (res://tools/maintenance/per_operation_fps_probe.gd:213)
WARNING: Loaded resource as image file, this will not work on export: 'res://assets/enemies/stage9_index_spire/authored_core_v1/INDEX_SPIRE.png'. Instead, import the image file as an Image resource and load it normally as a resource.
   at: load_from_file (core/io/image.cpp:2780)
   GDScript backtrace (most recent call first):
       [0] _decode_view (res://scripts/animation/site7_machine_sprite.gd:127)
       [1] _read_view (res://scripts/animation/site7_machine_sprite.gd:155)
       [2] warm (res://scripts/animation/site7_machine_sprite.gd:71)
       [3] warm_art (res://scripts/actors/enemy_actor.gd:469)
       [4] _warm_enemy_art (res://scripts/missions/story_stage_01.gd:263)
       [5] _load_mission (res://scripts/missions/story_stage_01.gd:219)
       [6] _ready (res://scripts/missions/story_stage_01.gd:95)
       [7] _run (res://tools/maintenance/per_operation_fps_probe.gd:75)
       [8] _settle_frames (res://tools/maintenance/per_operation_fps_probe.gd:213)
M7_RASTER_QUARANTINED identity=aster status=partial chunks=2 encoded=20000 present=15000 declared=94718
FPS_SURVEY {"fps":155.33,"gpu_ms":1.988,"max_ms":14.007,"operation":9,"p99_ms":12.232,"room":"R02_NAVE","round":1}
FPS_SURVEY {"fps":183.69,"gpu_ms":1.784,"max_ms":10.924,"operation":9,"p99_ms":10.536,"room":"R04_GALLERY","round":1}
FPS_SURVEY_COMPLETE survey round=1 samples=4
WARNING: 14 ObjectDB instances were leaked at exit (run with `--verbose` for details).
   at: cleanup (core/object/object.cpp:2536)
ERROR: 7 resources still in use at exit (run with --verbose for details).
   at: clear (core/io/resource.cpp:822)