Godot Engine v4.7.1.stable.official.a13da4feb - https://godotengine.org

WARNING: Loaded resource as image file, this will not work on export: 'res://assets/enemies/recon_drone/authored_yaw8_v1/E.png'. Instead, import the image file as an Image resource and load it normally as a resource.
   at: load_from_file (core/io/image.cpp:2780)
   GDScript backtrace (most recent call first):
       [0] _decode_view (res://scripts/animation/site7_machine_sprite.gd:127)
       [1] _read_view (res://scripts/animation/site7_machine_sprite.gd:155)
       [2] warm (res://scripts/animation/site7_machine_sprite.gd:71)
       [3] warm_art (res://scripts/actors/enemy_actor.gd:469)
       [4] _warm_enemy_art (res://scripts/missions/story_stage_01.gd:262)
       [5] _load_mission (res://scripts/missions/story_stage_01.gd:218)
       [6] _ready (res://scripts/missions/story_stage_01.gd:94)
       [7] run (res://.cache/diag/expansion_item2_20261004/redline_bot_probe.gd:137)
WARNING: Loaded resource as image file, this will not work on export: 'res://assets/enemies/recon_drone/authored_yaw8_v1/SE.png'. Instead, import the image file as an Image resource and load it normally as a resource.
   at: load_from_file (core/io/image.cpp:2780)
   GDScript backtrace (most recent call first):
       [0] _decode_view (res://scripts/animation/site7_machine_sprite.gd:127)
       [1] _read_view (res://scripts/animation/site7_machine_sprite.gd:155)
       [2] warm (res://scripts/animation/site7_machine_sprite.gd:71)
       [3] warm_art (res://scripts/actors/enemy_actor.gd:469)
       [4] _warm_enemy_art (res://scripts/missions/story_stage_01.gd:262)
       [5] _load_mission (res://scripts/missions/story_stage_01.gd:218)
       [6] _ready (res://scripts/missions/story_stage_01.gd:94)
       [7] run (res://.cache/diag/expansion_item2_20261004/redline_bot_probe.gd:137)
WARNING: Loaded resource as image file, this will not work on export: 'res://assets/enemies/recon_drone/authored_yaw8_v1/S.png'. Instead, import the image file as an Image resource and load it normally as a resource.
   at: load_from_file (core/io/image.cpp:2780)
   GDScript backtrace (most recent call first):
       [0] _decode_view (res://scripts/animation/site7_machine_sprite.gd:127)
       [1] _read_view (res://scripts/animation/site7_machine_sprite.gd:155)
       [2] warm (res://scripts/animation/site7_machine_sprite.gd:71)
       [3] warm_art (res://scripts/actors/enemy_actor.gd:469)
       [4] _warm_enemy_art (res://scripts/missions/story_stage_01.gd:262)
       [5] _load_mission (res://scripts/missions/story_stage_01.gd:218)
       [6] _ready (res://scripts/missions/story_stage_01.gd:94)
       [7] run (res://.cache/diag/expansion_item2_20261004/redline_bot_probe.gd:137)
WARNING: Loaded resource as image file, this will not work on export: 'res://assets/enemies/recon_drone/authored_yaw8_v1/SW.png'. Instead, import the image file as an Image resource and load it normally as a resource.
   at: load_from_file (core/io/image.cpp:2780)
   GDScript backtrace (most recent call first):
       [0] _decode_view (res://scripts/animation/site7_machine_sprite.gd:127)
       [1] _read_view (res://scripts/animation/site7_machine_sprite.gd:155)
       [2] warm (res://scripts/animation/site7_machine_sprite.gd:71)
       [3] warm_art (res://scripts/actors/enemy_actor.gd:469)
       [4] _warm_enemy_art (res://scripts/missions/story_stage_01.gd:262)
       [5] _load_mission (res://scripts/missions/story_stage_01.gd:218)
       [6] _ready (res://scripts/missions/story_stage_01.gd:94)
       [7] run (res://.cache/diag/expansion_item2_20261004/redline_bot_probe.gd:137)
WARNING: Loaded resource as image file, this will not work on export: 'res://assets/enemies/recon_drone/authored_yaw8_v1/W.png'. Instead, import the image file as an Image resource and load it normally as a resource.
   at: load_from_file (core/io/image.cpp:2780)
   GDScript backtrace (most recent call first):
       [0] _decode_view (res://scripts/animation/site7_machine_sprite.gd:127)
       [1] _read_view (res://scripts/animation/site7_machine_sprite.gd:155)
       [2] warm (res://scripts/animation/site7_machine_sprite.gd:71)
       [3] warm_art (res://scripts/actors/enemy_actor.gd:469)
       [4] _warm_enemy_art (res://scripts/missions/story_stage_01.gd:262)
       [5] _load_mission (res://scripts/missions/story_stage_01.gd:218)
       [6] _ready (res://scripts/missions/story_stage_01.gd:94)
       [7] run (res://.cache/diag/expansion_item2_20261004/redline_bot_probe.gd:137)
WARNING: Loaded resource as image file, this will not work on export: 'res://assets/enemies/recon_drone/authored_yaw8_v1/NW.png'. Instead, import the image file as an Image resource and load it normally as a resource.
   at: load_from_file (core/io/image.cpp:2780)
   GDScript backtrace (most recent call first):
       [0] _decode_view (res://scripts/animation/site7_machine_sprite.gd:127)
       [1] _read_view (res://scripts/animation/site7_machine_sprite.gd:155)
       [2] warm (res://scripts/animation/site7_machine_sprite.gd:71)
       [3] warm_art (res://scripts/actors/enemy_actor.gd:469)
       [4] _warm_enemy_art (res://scripts/missions/story_stage_01.gd:262)
       [5] _load_mission (res://scripts/missions/story_stage_01.gd:218)
       [6] _ready (res://scripts/missions/story_stage_01.gd:94)
       [7] run (res://.cache/diag/expansion_item2_20261004/redline_bot_probe.gd:137)
WARNING: Loaded resource as image file, this will not work on export: 'res://assets/enemies/recon_drone/authored_yaw8_v1/N.png'. Instead, import the image file as an Image resource and load it normally as a resource.
   at: load_from_file (core/io/image.cpp:2780)
   GDScript backtrace (most recent call first):
       [0] _decode_view (res://scripts/animation/site7_machine_sprite.gd:127)
       [1] _read_view (res://scripts/animation/site7_machine_sprite.gd:155)
       [2] warm (res://scripts/animation/site7_machine_sprite.gd:71)
       [3] warm_art (res://scripts/actors/enemy_actor.gd:469)
       [4] _warm_enemy_art (res://scripts/missions/story_stage_01.gd:262)
       [5] _load_mission (res://scripts/missions/story_stage_01.gd:218)
       [6] _ready (res://scripts/missions/story_stage_01.gd:94)
       [7] run (res://.cache/diag/expansion_item2_20261004/redline_bot_probe.gd:137)
WARNING: Loaded resource as image file, this will not work on export: 'res://assets/enemies/recon_drone/authored_yaw8_v1/NE.png'. Instead, import the image file as an Image resource and load it normally as a resource.
   at: load_from_file (core/io/image.cpp:2780)
   GDScript backtrace (most recent call first):
       [0] _decode_view (res://scripts/animation/site7_machine_sprite.gd:127)
       [1] _read_view (res://scripts/animation/site7_machine_sprite.gd:155)
       [2] warm (res://scripts/animation/site7_machine_sprite.gd:71)
       [3] warm_art (res://scripts/actors/enemy_actor.gd:469)
       [4] _warm_enemy_art (res://scripts/missions/story_stage_01.gd:262)
       [5] _load_mission (res://scripts/missions/story_stage_01.gd:218)
       [6] _ready (res://scripts/missions/story_stage_01.gd:94)
       [7] run (res://.cache/diag/expansion_item2_20261004/redline_bot_probe.gd:137)
WARNING: Loaded resource as image file, this will not work on export: 'res://assets/enemies/bulwark/authored_yaw8_v1/E.png'. Instead, import the image file as an Image resource and load it normally as a resource.
   at: load_from_file (core/io/image.cpp:2780)
   GDScript backtrace (most recent call first):
       [0] _decode_view (res://scripts/animation/site7_machine_sprite.gd:127)
       [1] _read_view (res://scripts/animation/site7_machine_sprite.gd:155)
       [2] warm (res://scripts/animation/site7_machine_sprite.gd:71)
       [3] warm_art (res://scripts/actors/enemy_actor.gd:469)
       [4] _warm_enemy_art (res://scripts/missions/story_stage_01.gd:262)
       [5] _load_mission (res://scripts/missions/story_stage_01.gd:218)
       [6] _ready (res://scripts/missions/story_stage_01.gd:94)
       [7] run (res://.cache/diag/expansion_item2_20261004/redline_bot_probe.gd:137)
WARNING: Loaded resource as image file, this will not work on export: 'res://assets/enemies/bulwark/authored_yaw8_v1/SE.png'. Instead, import the image file as an Image resource and load it normally as a resource.
   at: load_from_file (core/io/image.cpp:2780)
   GDScript backtrace (most recent call first):
       [0] _decode_view (res://scripts/animation/site7_machine_sprite.gd:127)
       [1] _read_view (res://scripts/animation/site7_machine_sprite.gd:155)
       [2] warm (res://scripts/animation/site7_machine_sprite.gd:71)
       [3] warm_art (res://scripts/actors/enemy_actor.gd:469)
       [4] _warm_enemy_art (res://scripts/missions/story_stage_01.gd:262)
       [5] _load_mission (res://scripts/missions/story_stage_01.gd:218)
       [6] _ready (res://scripts/missions/story_stage_01.gd:94)
       [7] run (res://.cache/diag/expansion_item2_20261004/redline_bot_probe.gd:137)
WARNING: Loaded resource as image file, this will not work on export: 'res://assets/enemies/bulwark/authored_yaw8_v1/S.png'. Instead, import the image file as an Image resource and load it normally as a resource.
   at: load_from_file (core/io/image.cpp:2780)
   GDScript backtrace (most recent call first):
       [0] _decode_view (res://scripts/animation/site7_machine_sprite.gd:127)
       [1] _read_view (res://scripts/animation/site7_machine_sprite.gd:155)
       [2] warm (res://scripts/animation/site7_machine_sprite.gd:71)
       [3] warm_art (res://scripts/actors/enemy_actor.gd:469)
       [4] _warm_enemy_art (res://scripts/missions/story_stage_01.gd:262)
       [5] _load_mission (res://scripts/missions/story_stage_01.gd:218)
       [6] _ready (res://scripts/missions/story_stage_01.gd:94)
       [7] run (res://.cache/diag/expansion_item2_20261004/redline_bot_probe.gd:137)
WARNING: Loaded resource as image file, this will not work on export: 'res://assets/enemies/bulwark/authored_yaw8_v1/SW.png'. Instead, import the image file as an Image resource and load it normally as a resource.
   at: load_from_file (core/io/image.cpp:2780)
   GDScript backtrace (most recent call first):
       [0] _decode_view (res://scripts/animation/site7_machine_sprite.gd:127)
       [1] _read_view (res://scripts/animation/site7_machine_sprite.gd:155)
       [2] warm (res://scripts/animation/site7_machine_sprite.gd:71)
       [3] warm_art (res://scripts/actors/enemy_actor.gd:469)
       [4] _warm_enemy_art (res://scripts/missions/story_stage_01.gd:262)
       [5] _load_mission (res://scripts/missions/story_stage_01.gd:218)
       [6] _ready (res://scripts/missions/story_stage_01.gd:94)
       [7] run (res://.cache/diag/expansion_item2_20261004/redline_bot_probe.gd:137)
WARNING: Loaded resource as image file, this will not work on export: 'res://assets/enemies/bulwark/authored_yaw8_v1/W.png'. Instead, import the image file as an Image resource and load it normally as a resource.
   at: load_from_file (core/io/image.cpp:2780)
   GDScript backtrace (most recent call first):
       [0] _decode_view (res://scripts/animation/site7_machine_sprite.gd:127)
       [1] _read_view (res://scripts/animation/site7_machine_sprite.gd:155)
       [2] warm (res://scripts/animation/site7_machine_sprite.gd:71)
       [3] warm_art (res://scripts/actors/enemy_actor.gd:469)
       [4] _warm_enemy_art (res://scripts/missions/story_stage_01.gd:262)
       [5] _load_mission (res://scripts/missions/story_stage_01.gd:218)
       [6] _ready (res://scripts/missions/story_stage_01.gd:94)
       [7] run (res://.cache/diag/expansion_item2_20261004/redline_bot_probe.gd:137)
WARNING: Loaded resource as image file, this will not work on export: 'res://assets/enemies/bulwark/authored_yaw8_v1/NW.png'. Instead, import the image file as an Image resource and load it normally as a resource.
   at: load_from_file (core/io/image.cpp:2780)
   GDScript backtrace (most recent call first):
       [0] _decode_view (res://scripts/animation/site7_machine_sprite.gd:127)
       [1] _read_view (res://scripts/animation/site7_machine_sprite.gd:155)
       [2] warm (res://scripts/animation/site7_machine_sprite.gd:71)
       [3] warm_art (res://scripts/actors/enemy_actor.gd:469)
       [4] _warm_enemy_art (res://scripts/missions/story_stage_01.gd:262)
       [5] _load_mission (res://scripts/missions/story_stage_01.gd:218)
       [6] _ready (res://scripts/missions/story_stage_01.gd:94)
       [7] run (res://.cache/diag/expansion_item2_20261004/redline_bot_probe.gd:137)
WARNING: Loaded resource as image file, this will not work on export: 'res://assets/enemies/bulwark/authored_yaw8_v1/N.png'. Instead, import the image file as an Image resource and load it normally as a resource.
   at: load_from_file (core/io/image.cpp:2780)
   GDScript backtrace (most recent call first):
       [0] _decode_view (res://scripts/animation/site7_machine_sprite.gd:127)
       [1] _read_view (res://scripts/animation/site7_machine_sprite.gd:155)
       [2] warm (res://scripts/animation/site7_machine_sprite.gd:71)
       [3] warm_art (res://scripts/actors/enemy_actor.gd:469)
       [4] _warm_enemy_art (res://scripts/missions/story_stage_01.gd:262)
       [5] _load_mission (res://scripts/missions/story_stage_01.gd:218)
       [6] _ready (res://scripts/missions/story_stage_01.gd:94)
       [7] run (res://.cache/diag/expansion_item2_20261004/redline_bot_probe.gd:137)
WARNING: Loaded resource as image file, this will not work on export: 'res://assets/enemies/bulwark/authored_yaw8_v1/NE.png'. Instead, import the image file as an Image resource and load it normally as a resource.
   at: load_from_file (core/io/image.cpp:2780)
   GDScript backtrace (most recent call first):
       [0] _decode_view (res://scripts/animation/site7_machine_sprite.gd:127)
       [1] _read_view (res://scripts/animation/site7_machine_sprite.gd:155)
       [2] warm (res://scripts/animation/site7_machine_sprite.gd:71)
       [3] warm_art (res://scripts/actors/enemy_actor.gd:469)
       [4] _warm_enemy_art (res://scripts/missions/story_stage_01.gd:262)
       [5] _load_mission (res://scripts/missions/story_stage_01.gd:218)
       [6] _ready (res://scripts/missions/story_stage_01.gd:94)
       [7] run (res://.cache/diag/expansion_item2_20261004/redline_bot_probe.gd:137)
WARNING: Loaded resource as image file, this will not work on export: 'res://assets/enemies/signal_anchor_guardian/authored_core_v1/anchor.png'. Instead, import the image file as an Image resource and load it normally as a resource.
   at: load_from_file (core/io/image.cpp:2780)
   GDScript backtrace (most recent call first):
       [0] _decode_view (res://scripts/animation/site7_machine_sprite.gd:127)
       [1] _read_view (res://scripts/animation/site7_machine_sprite.gd:155)
       [2] warm (res://scripts/animation/site7_machine_sprite.gd:71)
       [3] warm_art (res://scripts/actors/enemy_actor.gd:469)
       [4] _warm_enemy_art (res://scripts/missions/story_stage_01.gd:262)
       [5] _load_mission (res://scripts/missions/story_stage_01.gd:218)
       [6] _ready (res://scripts/missions/story_stage_01.gd:94)
       [7] run (res://.cache/diag/expansion_item2_20261004/redline_bot_probe.gd:137)
M7_RASTER_QUARANTINED identity=aster status=partial chunks=2 encoded=20000 present=15000 declared=94718
FULL_OPERATION_TRACE {"ammo":24,"health":[96.0,138.0,112.0],"hostiles":[],"position":[1680.0,470.0],"remaining":0,"step":0,"tick":0,"wave":0}
FULL_OPERATION_TRACE {"ammo":24,"health":[96.0,138.0,112.0],"hostiles":[{"hp":138.0,"id":"ENM_SITE7_DRONE_01","position":"(1881.989, 418.9727)"},{"hp":102.0,"id":"ENM_SITE7_DRONE_01","position":"(2128.442, 482.3513)"},{"hp":162.0,"id":"ENM_SITE7_BULWARK_01","position":"(3957.761, -497.2979)"},{"hp":108.0,"id":"ENM_SITE7_DRONE_01","position":"(3189.693, -361.9284)"}],"position":[1680.0,470.0],"remaining":4,"step":1,"tick":1,"wave":0}
FULL_OPERATION_TRACE {"ammo":0,"health":[86.55,138.0,112.0],"hostiles":[{"hp":162.0,"id":"ENM_SITE7_BULWARK_01","position":"(3739.804, -451.3623)"},{"hp":108.0,"id":"ENM_SITE7_DRONE_01","position":"(3698.404, -735.8446)"},{"hp":31.0,"id":"ENM_SITE7_BULWARK_01","position":"(3339.533, -476.1254)"},{"hp":105.0,"id":"ENM_SITE7_DRONE_01","position":"(3776.527, -830.9825)"}],"position":[2984.11962890625,-284.744445800781],"remaining":4,"step":1,"tick":600,"wave":1}
FULL_OPERATION_TRACE {"ammo":0,"health":[0.0,100.2,93.1],"hostiles":[],"position":[3467.92578125,-668.365234375],"remaining":0,"step":2,"tick":1081,"wave":1}
FULL_OPERATION_TRACE {"ammo":10,"health":[0.0,100.2,93.1],"hostiles":[],"position":[3869.72509765625,-730.467224121094],"remaining":0,"step":2,"tick":1200,"wave":1}
FULL_OPERATION_TRACE {"ammo":10,"health":[0.0,100.2,93.1],"hostiles":[],"position":[5761.32080078125,-1505.86645507813],"remaining":0,"step":2,"tick":1800,"wave":1}
FULL_OPERATION_TRACE {"ammo":10,"health":[0.0,100.2,93.1],"hostiles":[],"position":[5858.37744140625,-1548.26489257813],"remaining":0,"step":3,"tick":1832,"wave":1}
FULL_OPERATION_TRACE {"ammo":10,"health":[0.0,100.2,93.1],"hostiles":[],"position":[7605.87353515625,-706.553588867188],"remaining":0,"step":3,"tick":2400,"wave":1}
FULL_OPERATION_TRACE {"ammo":10,"health":[0.0,138.0,112.0],"hostiles":[],"position":[6051.63525390625,-1535.7470703125],"remaining":0,"step":3,"tick":3000,"wave":1}
FULL_OPERATION_TRACE {"ammo":10,"health":[0.0,138.0,112.0],"hostiles":[],"position":[8087.4208984375,-2462.05810546875],"remaining":0,"step":3,"tick":3600,"wave":1}
FULL_OPERATION_TRACE {"ammo":10,"health":[0.0,105.8025,47.605],"hostiles":[{"hp":137.22,"id":"ENM_SITE7_DRONE_01","position":"(8656.15, -2352.591)"},{"hp":139.545,"id":"ENM_SITE7_BULWARK_01","position":"(7808.133, -2521.794)"}],"position":[8093.4697265625,-2575.83447265625],"remaining":2,"step":3,"tick":4200,"wave":1}
FULL_OPERATION_TRACE {"ammo":7,"health":[0.0,87.5775,39.2],"hostiles":[{"hp":172.5,"id":"ENM_SITE7_BULWARK_01","position":"(8613.531, -2464.496)"}],"position":[8307.65234375,-2361.08276367188],"remaining":1,"step":3,"tick":4800,"wave":1}
FULL_OPERATION_TRACE {"ammo":10,"health":[0.0,72.4143,39.2],"hostiles":[],"position":[8267.3603515625,-2508.77294921875],"remaining":0,"step":4,"tick":5041,"wave":1}
FULL_OPERATION_TRACE {"ammo":10,"health":[0.0,72.4143,39.2],"hostiles":[],"position":[9489.8759765625,-1939.88757324219],"remaining":0,"step":4,"tick":5400,"wave":1}
FULL_OPERATION_TRACE {"ammo":10,"health":[0.0,72.4143,39.2],"hostiles":[],"position":[8891.0087890625,-2226.86059570313],"remaining":0,"step":4,"tick":6000,"wave":1}
FULL_OPERATION_TRACE {"ammo":10,"health":[0.0,72.4143,39.2],"hostiles":[],"position":[9802.966796875,-3199.9658203125],"remaining":0,"step":4,"tick":6600,"wave":1}
FULL_OPERATION_TRACE {"ammo":10,"health":[0.0,72.4143,0.0],"hostiles":[{"hp":306.300000000003,"id":"BOSS_SITE7_ANCHOR_01","position":"(10628.08, -3561.82)"},{"hp":120.0,"id":"ENM_SITE7_DRONE_01","position":"(10789.22, -3440.948)"}],"position":[10453.2919921875,-3330.14501953125],"remaining":2,"step":4,"tick":7200,"wave":0}
FULL_OPERATION_TRACE {"ammo":10,"health":[0.0,20.0478,0.0],"hostiles":[{"hp":59.088000000003,"id":"BOSS_SITE7_ANCHOR_01","position":"(10628.08, -3561.82)"},{"hp":120.0,"id":"ENM_SITE7_DRONE_01","position":"(10821.71, -3643.658)"},{"hp":120.0,"id":"ENM_SITE7_DRONE_01","position":"(9934.263, -3291.851)"}],"position":[10335.3828125,-3631.640625],"remaining":3,"step":4,"tick":7800,"wave":1}
ERROR: Live combat and extraction succeed without cheats
   at: push_error (core/variant/variant_utility.cpp:1023)
   GDScript backtrace (most recent call first):
       [0] check (res://.cache/diag/expansion_item2_20261004/redline_bot_probe.gd:125)
       [1] run (res://.cache/diag/expansion_item2_20261004/redline_bot_probe.gd:266)
ERROR: All six rooms reached; not early extraction
   at: push_error (core/variant/variant_utility.cpp:1023)
   GDScript backtrace (most recent call first):
       [0] check (res://.cache/diag/expansion_item2_20261004/redline_bot_probe.gd:125)
       [1] run (res://.cache/diag/expansion_item2_20261004/redline_bot_probe.gd:267)
ERROR: All authored waves and boss defeated through real damage
   at: push_error (core/variant/variant_utility.cpp:1023)
   GDScript backtrace (most recent call first):
       [0] check (res://.cache/diag/expansion_item2_20261004/redline_bot_probe.gd:125)
       [1] run (res://.cache/diag/expansion_item2_20261004/redline_bot_probe.gd:270)
FULL_OPERATION_DAMAGE {"1:CHR_PROTO_01:ENM_SITE7_BULWARK_01":58.2,"1:CHR_PROTO_01:ENM_SITE7_DRONE_01":37.8,"1:CHR_PROTO_02:ENM_SITE7_DRONE_01":37.8,"1:CHR_PROTO_03:ENM_SITE7_DRONE_01":18.9,"3:CHR_PROTO_02:ENM_SITE7_BULWARK_01":44.3232,"3:CHR_PROTO_02:ENM_SITE7_DRONE_01":21.2625,"3:CHR_PROTO_03:ENM_SITE7_BULWARK_01":58.32,"3:CHR_PROTO_03:ENM_SITE7_DRONE_01":53.68,"4:CHR_PROTO_02:BOSS_SITE7_ANCHOR_01":62.694,"4:CHR_PROTO_02:ENM_SITE7_DRONE_01":9.72029999999999,"4:CHR_PROTO_03:BOSS_SITE7_ANCHOR_01":29.16,"4:CHR_PROTO_03:ENM_SITE7_DRONE_01":10.04}
FULL_OPERATION_SKILLS {"CHR_PROTO_01:Q":3,"CHR_PROTO_01:X":1,"CHR_PROTO_02:E":8,"CHR_PROTO_02:Q":1,"CHR_PROTO_02:X":8}
SITE7_FULL_OPERATION_SMOKE: FAIL
