Godot Engine v4.7.1.stable.official.a13da4feb - https://godotengine.org

WARNING: Loaded resource as image file, this will not work on export: 'res://assets/enemies/prism_skimmer/authored_yaw8_v1/E.png'. Instead, import the image file as an Image resource and load it normally as a resource.
   at: load_from_file (core/io/image.cpp:2780)
   GDScript backtrace (most recent call first):
       [0] _decode_view (res://scripts/animation/site7_machine_sprite.gd:127)
       [1] _read_view (res://scripts/animation/site7_machine_sprite.gd:155)
       [2] warm (res://scripts/animation/site7_machine_sprite.gd:71)
       [3] warm_art (res://scripts/actors/enemy_actor.gd:469)
       [4] _warm_enemy_art (res://scripts/missions/story_stage_01.gd:262)
       [5] _load_mission (res://scripts/missions/story_stage_01.gd:218)
       [6] _ready (res://scripts/missions/story_stage_01.gd:94)
       [7] run (res://.cache/diag/expansion_item2_20261004/redline_bot_probe.gd:137)
WARNING: Loaded resource as image file, this will not work on export: 'res://assets/enemies/prism_skimmer/authored_yaw8_v1/SE.png'. Instead, import the image file as an Image resource and load it normally as a resource.
   at: load_from_file (core/io/image.cpp:2780)
   GDScript backtrace (most recent call first):
       [0] _decode_view (res://scripts/animation/site7_machine_sprite.gd:127)
       [1] _read_view (res://scripts/animation/site7_machine_sprite.gd:155)
       [2] warm (res://scripts/animation/site7_machine_sprite.gd:71)
       [3] warm_art (res://scripts/actors/enemy_actor.gd:469)
       [4] _warm_enemy_art (res://scripts/missions/story_stage_01.gd:262)
       [5] _load_mission (res://scripts/missions/story_stage_01.gd:218)
       [6] _ready (res://scripts/missions/story_stage_01.gd:94)
       [7] run (res://.cache/diag/expansion_item2_20261004/redline_bot_probe.gd:137)
WARNING: Loaded resource as image file, this will not work on export: 'res://assets/enemies/prism_skimmer/authored_yaw8_v1/S.png'. Instead, import the image file as an Image resource and load it normally as a resource.
   at: load_from_file (core/io/image.cpp:2780)
   GDScript backtrace (most recent call first):
       [0] _decode_view (res://scripts/animation/site7_machine_sprite.gd:127)
       [1] _read_view (res://scripts/animation/site7_machine_sprite.gd:155)
       [2] warm (res://scripts/animation/site7_machine_sprite.gd:71)
       [3] warm_art (res://scripts/actors/enemy_actor.gd:469)
       [4] _warm_enemy_art (res://scripts/missions/story_stage_01.gd:262)
       [5] _load_mission (res://scripts/missions/story_stage_01.gd:218)
       [6] _ready (res://scripts/missions/story_stage_01.gd:94)
       [7] run (res://.cache/diag/expansion_item2_20261004/redline_bot_probe.gd:137)
WARNING: Loaded resource as image file, this will not work on export: 'res://assets/enemies/prism_skimmer/authored_yaw8_v1/SW.png'. Instead, import the image file as an Image resource and load it normally as a resource.
   at: load_from_file (core/io/image.cpp:2780)
   GDScript backtrace (most recent call first):
       [0] _decode_view (res://scripts/animation/site7_machine_sprite.gd:127)
       [1] _read_view (res://scripts/animation/site7_machine_sprite.gd:155)
       [2] warm (res://scripts/animation/site7_machine_sprite.gd:71)
       [3] warm_art (res://scripts/actors/enemy_actor.gd:469)
       [4] _warm_enemy_art (res://scripts/missions/story_stage_01.gd:262)
       [5] _load_mission (res://scripts/missions/story_stage_01.gd:218)
       [6] _ready (res://scripts/missions/story_stage_01.gd:94)
       [7] run (res://.cache/diag/expansion_item2_20261004/redline_bot_probe.gd:137)
WARNING: Loaded resource as image file, this will not work on export: 'res://assets/enemies/prism_skimmer/authored_yaw8_v1/W.png'. Instead, import the image file as an Image resource and load it normally as a resource.
   at: load_from_file (core/io/image.cpp:2780)
   GDScript backtrace (most recent call first):
       [0] _decode_view (res://scripts/animation/site7_machine_sprite.gd:127)
       [1] _read_view (res://scripts/animation/site7_machine_sprite.gd:155)
       [2] warm (res://scripts/animation/site7_machine_sprite.gd:71)
       [3] warm_art (res://scripts/actors/enemy_actor.gd:469)
       [4] _warm_enemy_art (res://scripts/missions/story_stage_01.gd:262)
       [5] _load_mission (res://scripts/missions/story_stage_01.gd:218)
       [6] _ready (res://scripts/missions/story_stage_01.gd:94)
       [7] run (res://.cache/diag/expansion_item2_20261004/redline_bot_probe.gd:137)
WARNING: Loaded resource as image file, this will not work on export: 'res://assets/enemies/prism_skimmer/authored_yaw8_v1/NW.png'. Instead, import the image file as an Image resource and load it normally as a resource.
   at: load_from_file (core/io/image.cpp:2780)
   GDScript backtrace (most recent call first):
       [0] _decode_view (res://scripts/animation/site7_machine_sprite.gd:127)
       [1] _read_view (res://scripts/animation/site7_machine_sprite.gd:155)
       [2] warm (res://scripts/animation/site7_machine_sprite.gd:71)
       [3] warm_art (res://scripts/actors/enemy_actor.gd:469)
       [4] _warm_enemy_art (res://scripts/missions/story_stage_01.gd:262)
       [5] _load_mission (res://scripts/missions/story_stage_01.gd:218)
       [6] _ready (res://scripts/missions/story_stage_01.gd:94)
       [7] run (res://.cache/diag/expansion_item2_20261004/redline_bot_probe.gd:137)
WARNING: Loaded resource as image file, this will not work on export: 'res://assets/enemies/prism_skimmer/authored_yaw8_v1/N.png'. Instead, import the image file as an Image resource and load it normally as a resource.
   at: load_from_file (core/io/image.cpp:2780)
   GDScript backtrace (most recent call first):
       [0] _decode_view (res://scripts/animation/site7_machine_sprite.gd:127)
       [1] _read_view (res://scripts/animation/site7_machine_sprite.gd:155)
       [2] warm (res://scripts/animation/site7_machine_sprite.gd:71)
       [3] warm_art (res://scripts/actors/enemy_actor.gd:469)
       [4] _warm_enemy_art (res://scripts/missions/story_stage_01.gd:262)
       [5] _load_mission (res://scripts/missions/story_stage_01.gd:218)
       [6] _ready (res://scripts/missions/story_stage_01.gd:94)
       [7] run (res://.cache/diag/expansion_item2_20261004/redline_bot_probe.gd:137)
WARNING: Loaded resource as image file, this will not work on export: 'res://assets/enemies/prism_skimmer/authored_yaw8_v1/NE.png'. Instead, import the image file as an Image resource and load it normally as a resource.
   at: load_from_file (core/io/image.cpp:2780)
   GDScript backtrace (most recent call first):
       [0] _decode_view (res://scripts/animation/site7_machine_sprite.gd:127)
       [1] _read_view (res://scripts/animation/site7_machine_sprite.gd:155)
       [2] warm (res://scripts/animation/site7_machine_sprite.gd:71)
       [3] warm_art (res://scripts/actors/enemy_actor.gd:469)
       [4] _warm_enemy_art (res://scripts/missions/story_stage_01.gd:262)
       [5] _load_mission (res://scripts/missions/story_stage_01.gd:218)
       [6] _ready (res://scripts/missions/story_stage_01.gd:94)
       [7] run (res://.cache/diag/expansion_item2_20261004/redline_bot_probe.gd:137)
WARNING: Loaded resource as image file, this will not work on export: 'res://assets/enemies/vesper_mortar/authored_core_v1/ANCHORED.png'. Instead, import the image file as an Image resource and load it normally as a resource.
   at: load_from_file (core/io/image.cpp:2780)
   GDScript backtrace (most recent call first):
       [0] _decode_view (res://scripts/animation/site7_machine_sprite.gd:127)
       [1] _read_view (res://scripts/animation/site7_machine_sprite.gd:155)
       [2] warm (res://scripts/animation/site7_machine_sprite.gd:71)
       [3] warm_art (res://scripts/actors/enemy_actor.gd:469)
       [4] _warm_enemy_art (res://scripts/missions/story_stage_01.gd:262)
       [5] _load_mission (res://scripts/missions/story_stage_01.gd:218)
       [6] _ready (res://scripts/missions/story_stage_01.gd:94)
       [7] run (res://.cache/diag/expansion_item2_20261004/redline_bot_probe.gd:137)
WARNING: Loaded resource as image file, this will not work on export: 'res://assets/enemies/cinder_ram/authored_yaw8_v1/E.png'. Instead, import the image file as an Image resource and load it normally as a resource.
   at: load_from_file (core/io/image.cpp:2780)
   GDScript backtrace (most recent call first):
       [0] _decode_view (res://scripts/animation/site7_machine_sprite.gd:127)
       [1] _read_view (res://scripts/animation/site7_machine_sprite.gd:155)
       [2] warm (res://scripts/animation/site7_machine_sprite.gd:71)
       [3] warm_art (res://scripts/actors/enemy_actor.gd:469)
       [4] _warm_enemy_art (res://scripts/missions/story_stage_01.gd:262)
       [5] _load_mission (res://scripts/missions/story_stage_01.gd:218)
       [6] _ready (res://scripts/missions/story_stage_01.gd:94)
       [7] run (res://.cache/diag/expansion_item2_20261004/redline_bot_probe.gd:137)
WARNING: Loaded resource as image file, this will not work on export: 'res://assets/enemies/cinder_ram/authored_yaw8_v1/SE.png'. Instead, import the image file as an Image resource and load it normally as a resource.
   at: load_from_file (core/io/image.cpp:2780)
   GDScript backtrace (most recent call first):
       [0] _decode_view (res://scripts/animation/site7_machine_sprite.gd:127)
       [1] _read_view (res://scripts/animation/site7_machine_sprite.gd:155)
       [2] warm (res://scripts/animation/site7_machine_sprite.gd:71)
       [3] warm_art (res://scripts/actors/enemy_actor.gd:469)
       [4] _warm_enemy_art (res://scripts/missions/story_stage_01.gd:262)
       [5] _load_mission (res://scripts/missions/story_stage_01.gd:218)
       [6] _ready (res://scripts/missions/story_stage_01.gd:94)
       [7] run (res://.cache/diag/expansion_item2_20261004/redline_bot_probe.gd:137)
WARNING: Loaded resource as image file, this will not work on export: 'res://assets/enemies/cinder_ram/authored_yaw8_v1/S.png'. Instead, import the image file as an Image resource and load it normally as a resource.
   at: load_from_file (core/io/image.cpp:2780)
   GDScript backtrace (most recent call first):
       [0] _decode_view (res://scripts/animation/site7_machine_sprite.gd:127)
       [1] _read_view (res://scripts/animation/site7_machine_sprite.gd:155)
       [2] warm (res://scripts/animation/site7_machine_sprite.gd:71)
       [3] warm_art (res://scripts/actors/enemy_actor.gd:469)
       [4] _warm_enemy_art (res://scripts/missions/story_stage_01.gd:262)
       [5] _load_mission (res://scripts/missions/story_stage_01.gd:218)
       [6] _ready (res://scripts/missions/story_stage_01.gd:94)
       [7] run (res://.cache/diag/expansion_item2_20261004/redline_bot_probe.gd:137)
WARNING: Loaded resource as image file, this will not work on export: 'res://assets/enemies/cinder_ram/authored_yaw8_v1/SW.png'. Instead, import the image file as an Image resource and load it normally as a resource.
   at: load_from_file (core/io/image.cpp:2780)
   GDScript backtrace (most recent call first):
       [0] _decode_view (res://scripts/animation/site7_machine_sprite.gd:127)
       [1] _read_view (res://scripts/animation/site7_machine_sprite.gd:155)
       [2] warm (res://scripts/animation/site7_machine_sprite.gd:71)
       [3] warm_art (res://scripts/actors/enemy_actor.gd:469)
       [4] _warm_enemy_art (res://scripts/missions/story_stage_01.gd:262)
       [5] _load_mission (res://scripts/missions/story_stage_01.gd:218)
       [6] _ready (res://scripts/missions/story_stage_01.gd:94)
       [7] run (res://.cache/diag/expansion_item2_20261004/redline_bot_probe.gd:137)
WARNING: Loaded resource as image file, this will not work on export: 'res://assets/enemies/cinder_ram/authored_yaw8_v1/W.png'. Instead, import the image file as an Image resource and load it normally as a resource.
   at: load_from_file (core/io/image.cpp:2780)
   GDScript backtrace (most recent call first):
       [0] _decode_view (res://scripts/animation/site7_machine_sprite.gd:127)
       [1] _read_view (res://scripts/animation/site7_machine_sprite.gd:155)
       [2] warm (res://scripts/animation/site7_machine_sprite.gd:71)
       [3] warm_art (res://scripts/actors/enemy_actor.gd:469)
       [4] _warm_enemy_art (res://scripts/missions/story_stage_01.gd:262)
       [5] _load_mission (res://scripts/missions/story_stage_01.gd:218)
       [6] _ready (res://scripts/missions/story_stage_01.gd:94)
       [7] run (res://.cache/diag/expansion_item2_20261004/redline_bot_probe.gd:137)
WARNING: Loaded resource as image file, this will not work on export: 'res://assets/enemies/cinder_ram/authored_yaw8_v1/NW.png'. Instead, import the image file as an Image resource and load it normally as a resource.
   at: load_from_file (core/io/image.cpp:2780)
   GDScript backtrace (most recent call first):
       [0] _decode_view (res://scripts/animation/site7_machine_sprite.gd:127)
       [1] _read_view (res://scripts/animation/site7_machine_sprite.gd:155)
       [2] warm (res://scripts/animation/site7_machine_sprite.gd:71)
       [3] warm_art (res://scripts/actors/enemy_actor.gd:469)
       [4] _warm_enemy_art (res://scripts/missions/story_stage_01.gd:262)
       [5] _load_mission (res://scripts/missions/story_stage_01.gd:218)
       [6] _ready (res://scripts/missions/story_stage_01.gd:94)
       [7] run (res://.cache/diag/expansion_item2_20261004/redline_bot_probe.gd:137)
WARNING: Loaded resource as image file, this will not work on export: 'res://assets/enemies/cinder_ram/authored_yaw8_v1/N.png'. Instead, import the image file as an Image resource and load it normally as a resource.
   at: load_from_file (core/io/image.cpp:2780)
   GDScript backtrace (most recent call first):
       [0] _decode_view (res://scripts/animation/site7_machine_sprite.gd:127)
       [1] _read_view (res://scripts/animation/site7_machine_sprite.gd:155)
       [2] warm (res://scripts/animation/site7_machine_sprite.gd:71)
       [3] warm_art (res://scripts/actors/enemy_actor.gd:469)
       [4] _warm_enemy_art (res://scripts/missions/story_stage_01.gd:262)
       [5] _load_mission (res://scripts/missions/story_stage_01.gd:218)
       [6] _ready (res://scripts/missions/story_stage_01.gd:94)
       [7] run (res://.cache/diag/expansion_item2_20261004/redline_bot_probe.gd:137)
WARNING: Loaded resource as image file, this will not work on export: 'res://assets/enemies/cinder_ram/authored_yaw8_v1/NE.png'. Instead, import the image file as an Image resource and load it normally as a resource.
   at: load_from_file (core/io/image.cpp:2780)
   GDScript backtrace (most recent call first):
       [0] _decode_view (res://scripts/animation/site7_machine_sprite.gd:127)
       [1] _read_view (res://scripts/animation/site7_machine_sprite.gd:155)
       [2] warm (res://scripts/animation/site7_machine_sprite.gd:71)
       [3] warm_art (res://scripts/actors/enemy_actor.gd:469)
       [4] _warm_enemy_art (res://scripts/missions/story_stage_01.gd:262)
       [5] _load_mission (res://scripts/missions/story_stage_01.gd:218)
       [6] _ready (res://scripts/missions/story_stage_01.gd:94)
       [7] run (res://.cache/diag/expansion_item2_20261004/redline_bot_probe.gd:137)
WARNING: Loaded resource as image file, this will not work on export: 'res://assets/enemies/bulwark/authored_yaw8_v1/E.png'. Instead, import the image file as an Image resource and load it normally as a resource.
   at: load_from_file (core/io/image.cpp:2780)
   GDScript backtrace (most recent call first):
       [0] _decode_view (res://scripts/animation/site7_machine_sprite.gd:127)
       [1] _read_view (res://scripts/animation/site7_machine_sprite.gd:155)
       [2] warm (res://scripts/animation/site7_machine_sprite.gd:71)
       [3] warm_art (res://scripts/actors/enemy_actor.gd:469)
       [4] _warm_enemy_art (res://scripts/missions/story_stage_01.gd:262)
       [5] _load_mission (res://scripts/missions/story_stage_01.gd:218)
       [6] _ready (res://scripts/missions/story_stage_01.gd:94)
       [7] run (res://.cache/diag/expansion_item2_20261004/redline_bot_probe.gd:137)
WARNING: Loaded resource as image file, this will not work on export: 'res://assets/enemies/bulwark/authored_yaw8_v1/SE.png'. Instead, import the image file as an Image resource and load it normally as a resource.
   at: load_from_file (core/io/image.cpp:2780)
   GDScript backtrace (most recent call first):
       [0] _decode_view (res://scripts/animation/site7_machine_sprite.gd:127)
       [1] _read_view (res://scripts/animation/site7_machine_sprite.gd:155)
       [2] warm (res://scripts/animation/site7_machine_sprite.gd:71)
       [3] warm_art (res://scripts/actors/enemy_actor.gd:469)
       [4] _warm_enemy_art (res://scripts/missions/story_stage_01.gd:262)
       [5] _load_mission (res://scripts/missions/story_stage_01.gd:218)
       [6] _ready (res://scripts/missions/story_stage_01.gd:94)
       [7] run (res://.cache/diag/expansion_item2_20261004/redline_bot_probe.gd:137)
WARNING: Loaded resource as image file, this will not work on export: 'res://assets/enemies/bulwark/authored_yaw8_v1/S.png'. Instead, import the image file as an Image resource and load it normally as a resource.
   at: load_from_file (core/io/image.cpp:2780)
   GDScript backtrace (most recent call first):
       [0] _decode_view (res://scripts/animation/site7_machine_sprite.gd:127)
       [1] _read_view (res://scripts/animation/site7_machine_sprite.gd:155)
       [2] warm (res://scripts/animation/site7_machine_sprite.gd:71)
       [3] warm_art (res://scripts/actors/enemy_actor.gd:469)
       [4] _warm_enemy_art (res://scripts/missions/story_stage_01.gd:262)
       [5] _load_mission (res://scripts/missions/story_stage_01.gd:218)
       [6] _ready (res://scripts/missions/story_stage_01.gd:94)
       [7] run (res://.cache/diag/expansion_item2_20261004/redline_bot_probe.gd:137)
WARNING: Loaded resource as image file, this will not work on export: 'res://assets/enemies/bulwark/authored_yaw8_v1/SW.png'. Instead, import the image file as an Image resource and load it normally as a resource.
   at: load_from_file (core/io/image.cpp:2780)
   GDScript backtrace (most recent call first):
       [0] _decode_view (res://scripts/animation/site7_machine_sprite.gd:127)
       [1] _read_view (res://scripts/animation/site7_machine_sprite.gd:155)
       [2] warm (res://scripts/animation/site7_machine_sprite.gd:71)
       [3] warm_art (res://scripts/actors/enemy_actor.gd:469)
       [4] _warm_enemy_art (res://scripts/missions/story_stage_01.gd:262)
       [5] _load_mission (res://scripts/missions/story_stage_01.gd:218)
       [6] _ready (res://scripts/missions/story_stage_01.gd:94)
       [7] run (res://.cache/diag/expansion_item2_20261004/redline_bot_probe.gd:137)
WARNING: Loaded resource as image file, this will not work on export: 'res://assets/enemies/bulwark/authored_yaw8_v1/W.png'. Instead, import the image file as an Image resource and load it normally as a resource.
   at: load_from_file (core/io/image.cpp:2780)
   GDScript backtrace (most recent call first):
       [0] _decode_view (res://scripts/animation/site7_machine_sprite.gd:127)
       [1] _read_view (res://scripts/animation/site7_machine_sprite.gd:155)
       [2] warm (res://scripts/animation/site7_machine_sprite.gd:71)
       [3] warm_art (res://scripts/actors/enemy_actor.gd:469)
       [4] _warm_enemy_art (res://scripts/missions/story_stage_01.gd:262)
       [5] _load_mission (res://scripts/missions/story_stage_01.gd:218)
       [6] _ready (res://scripts/missions/story_stage_01.gd:94)
       [7] run (res://.cache/diag/expansion_item2_20261004/redline_bot_probe.gd:137)
WARNING: Loaded resource as image file, this will not work on export: 'res://assets/enemies/bulwark/authored_yaw8_v1/NW.png'. Instead, import the image file as an Image resource and load it normally as a resource.
   at: load_from_file (core/io/image.cpp:2780)
   GDScript backtrace (most recent call first):
       [0] _decode_view (res://scripts/animation/site7_machine_sprite.gd:127)
       [1] _read_view (res://scripts/animation/site7_machine_sprite.gd:155)
       [2] warm (res://scripts/animation/site7_machine_sprite.gd:71)
       [3] warm_art (res://scripts/actors/enemy_actor.gd:469)
       [4] _warm_enemy_art (res://scripts/missions/story_stage_01.gd:262)
       [5] _load_mission (res://scripts/missions/story_stage_01.gd:218)
       [6] _ready (res://scripts/missions/story_stage_01.gd:94)
       [7] run (res://.cache/diag/expansion_item2_20261004/redline_bot_probe.gd:137)
WARNING: Loaded resource as image file, this will not work on export: 'res://assets/enemies/bulwark/authored_yaw8_v1/N.png'. Instead, import the image file as an Image resource and load it normally as a resource.
   at: load_from_file (core/io/image.cpp:2780)
   GDScript backtrace (most recent call first):
       [0] _decode_view (res://scripts/animation/site7_machine_sprite.gd:127)
       [1] _read_view (res://scripts/animation/site7_machine_sprite.gd:155)
       [2] warm (res://scripts/animation/site7_machine_sprite.gd:71)
       [3] warm_art (res://scripts/actors/enemy_actor.gd:469)
       [4] _warm_enemy_art (res://scripts/missions/story_stage_01.gd:262)
       [5] _load_mission (res://scripts/missions/story_stage_01.gd:218)
       [6] _ready (res://scripts/missions/story_stage_01.gd:94)
       [7] run (res://.cache/diag/expansion_item2_20261004/redline_bot_probe.gd:137)
WARNING: Loaded resource as image file, this will not work on export: 'res://assets/enemies/bulwark/authored_yaw8_v1/NE.png'. Instead, import the image file as an Image resource and load it normally as a resource.
   at: load_from_file (core/io/image.cpp:2780)
   GDScript backtrace (most recent call first):
       [0] _decode_view (res://scripts/animation/site7_machine_sprite.gd:127)
       [1] _read_view (res://scripts/animation/site7_machine_sprite.gd:155)
       [2] warm (res://scripts/animation/site7_machine_sprite.gd:71)
       [3] warm_art (res://scripts/actors/enemy_actor.gd:469)
       [4] _warm_enemy_art (res://scripts/missions/story_stage_01.gd:262)
       [5] _load_mission (res://scripts/missions/story_stage_01.gd:218)
       [6] _ready (res://scripts/missions/story_stage_01.gd:94)
       [7] run (res://.cache/diag/expansion_item2_20261004/redline_bot_probe.gd:137)
WARNING: Loaded resource as image file, this will not work on export: 'res://assets/enemies/null_pylon/authored_core_v1/NULL_PYLON.png'. Instead, import the image file as an Image resource and load it normally as a resource.
   at: load_from_file (core/io/image.cpp:2780)
   GDScript backtrace (most recent call first):
       [0] _decode_view (res://scripts/animation/site7_machine_sprite.gd:127)
       [1] _read_view (res://scripts/animation/site7_machine_sprite.gd:155)
       [2] warm (res://scripts/animation/site7_machine_sprite.gd:71)
       [3] warm_art (res://scripts/actors/enemy_actor.gd:469)
       [4] _warm_enemy_art (res://scripts/missions/story_stage_01.gd:262)
       [5] _load_mission (res://scripts/missions/story_stage_01.gd:218)
       [6] _ready (res://scripts/missions/story_stage_01.gd:94)
       [7] run (res://.cache/diag/expansion_item2_20261004/redline_bot_probe.gd:137)
WARNING: Loaded resource as image file, this will not work on export: 'res://assets/enemies/recon_drone/authored_yaw8_v1/E.png'. Instead, import the image file as an Image resource and load it normally as a resource.
   at: load_from_file (core/io/image.cpp:2780)
   GDScript backtrace (most recent call first):
       [0] _decode_view (res://scripts/animation/site7_machine_sprite.gd:127)
       [1] _read_view (res://scripts/animation/site7_machine_sprite.gd:155)
       [2] warm (res://scripts/animation/site7_machine_sprite.gd:71)
       [3] warm_art (res://scripts/actors/enemy_actor.gd:469)
       [4] _warm_enemy_art (res://scripts/missions/story_stage_01.gd:262)
       [5] _load_mission (res://scripts/missions/story_stage_01.gd:218)
       [6] _ready (res://scripts/missions/story_stage_01.gd:94)
       [7] run (res://.cache/diag/expansion_item2_20261004/redline_bot_probe.gd:137)
WARNING: Loaded resource as image file, this will not work on export: 'res://assets/enemies/recon_drone/authored_yaw8_v1/SE.png'. Instead, import the image file as an Image resource and load it normally as a resource.
   at: load_from_file (core/io/image.cpp:2780)
   GDScript backtrace (most recent call first):
       [0] _decode_view (res://scripts/animation/site7_machine_sprite.gd:127)
       [1] _read_view (res://scripts/animation/site7_machine_sprite.gd:155)
       [2] warm (res://scripts/animation/site7_machine_sprite.gd:71)
       [3] warm_art (res://scripts/actors/enemy_actor.gd:469)
       [4] _warm_enemy_art (res://scripts/missions/story_stage_01.gd:262)
       [5] _load_mission (res://scripts/missions/story_stage_01.gd:218)
       [6] _ready (res://scripts/missions/story_stage_01.gd:94)
       [7] run (res://.cache/diag/expansion_item2_20261004/redline_bot_probe.gd:137)
WARNING: Loaded resource as image file, this will not work on export: 'res://assets/enemies/recon_drone/authored_yaw8_v1/S.png'. Instead, import the image file as an Image resource and load it normally as a resource.
   at: load_from_file (core/io/image.cpp:2780)
   GDScript backtrace (most recent call first):
       [0] _decode_view (res://scripts/animation/site7_machine_sprite.gd:127)
       [1] _read_view (res://scripts/animation/site7_machine_sprite.gd:155)
       [2] warm (res://scripts/animation/site7_machine_sprite.gd:71)
       [3] warm_art (res://scripts/actors/enemy_actor.gd:469)
       [4] _warm_enemy_art (res://scripts/missions/story_stage_01.gd:262)
       [5] _load_mission (res://scripts/missions/story_stage_01.gd:218)
       [6] _ready (res://scripts/missions/story_stage_01.gd:94)
       [7] run (res://.cache/diag/expansion_item2_20261004/redline_bot_probe.gd:137)
WARNING: Loaded resource as image file, this will not work on export: 'res://assets/enemies/recon_drone/authored_yaw8_v1/SW.png'. Instead, import the image file as an Image resource and load it normally as a resource.
   at: load_from_file (core/io/image.cpp:2780)
   GDScript backtrace (most recent call first):
       [0] _decode_view (res://scripts/animation/site7_machine_sprite.gd:127)
       [1] _read_view (res://scripts/animation/site7_machine_sprite.gd:155)
       [2] warm (res://scripts/animation/site7_machine_sprite.gd:71)
       [3] warm_art (res://scripts/actors/enemy_actor.gd:469)
       [4] _warm_enemy_art (res://scripts/missions/story_stage_01.gd:262)
       [5] _load_mission (res://scripts/missions/story_stage_01.gd:218)
       [6] _ready (res://scripts/missions/story_stage_01.gd:94)
       [7] run (res://.cache/diag/expansion_item2_20261004/redline_bot_probe.gd:137)
WARNING: Loaded resource as image file, this will not work on export: 'res://assets/enemies/recon_drone/authored_yaw8_v1/W.png'. Instead, import the image file as an Image resource and load it normally as a resource.
   at: load_from_file (core/io/image.cpp:2780)
   GDScript backtrace (most recent call first):
       [0] _decode_view (res://scripts/animation/site7_machine_sprite.gd:127)
       [1] _read_view (res://scripts/animation/site7_machine_sprite.gd:155)
       [2] warm (res://scripts/animation/site7_machine_sprite.gd:71)
       [3] warm_art (res://scripts/actors/enemy_actor.gd:469)
       [4] _warm_enemy_art (res://scripts/missions/story_stage_01.gd:262)
       [5] _load_mission (res://scripts/missions/story_stage_01.gd:218)
       [6] _ready (res://scripts/missions/story_stage_01.gd:94)
       [7] run (res://.cache/diag/expansion_item2_20261004/redline_bot_probe.gd:137)
WARNING: Loaded resource as image file, this will not work on export: 'res://assets/enemies/recon_drone/authored_yaw8_v1/NW.png'. Instead, import the image file as an Image resource and load it normally as a resource.
   at: load_from_file (core/io/image.cpp:2780)
   GDScript backtrace (most recent call first):
       [0] _decode_view (res://scripts/animation/site7_machine_sprite.gd:127)
       [1] _read_view (res://scripts/animation/site7_machine_sprite.gd:155)
       [2] warm (res://scripts/animation/site7_machine_sprite.gd:71)
       [3] warm_art (res://scripts/actors/enemy_actor.gd:469)
       [4] _warm_enemy_art (res://scripts/missions/story_stage_01.gd:262)
       [5] _load_mission (res://scripts/missions/story_stage_01.gd:218)
       [6] _ready (res://scripts/missions/story_stage_01.gd:94)
       [7] run (res://.cache/diag/expansion_item2_20261004/redline_bot_probe.gd:137)
WARNING: Loaded resource as image file, this will not work on export: 'res://assets/enemies/recon_drone/authored_yaw8_v1/N.png'. Instead, import the image file as an Image resource and load it normally as a resource.
   at: load_from_file (core/io/image.cpp:2780)
   GDScript backtrace (most recent call first):
       [0] _decode_view (res://scripts/animation/site7_machine_sprite.gd:127)
       [1] _read_view (res://scripts/animation/site7_machine_sprite.gd:155)
       [2] warm (res://scripts/animation/site7_machine_sprite.gd:71)
       [3] warm_art (res://scripts/actors/enemy_actor.gd:469)
       [4] _warm_enemy_art (res://scripts/missions/story_stage_01.gd:262)
       [5] _load_mission (res://scripts/missions/story_stage_01.gd:218)
       [6] _ready (res://scripts/missions/story_stage_01.gd:94)
       [7] run (res://.cache/diag/expansion_item2_20261004/redline_bot_probe.gd:137)
WARNING: Loaded resource as image file, this will not work on export: 'res://assets/enemies/recon_drone/authored_yaw8_v1/NE.png'. Instead, import the image file as an Image resource and load it normally as a resource.
   at: load_from_file (core/io/image.cpp:2780)
   GDScript backtrace (most recent call first):
       [0] _decode_view (res://scripts/animation/site7_machine_sprite.gd:127)
       [1] _read_view (res://scripts/animation/site7_machine_sprite.gd:155)
       [2] warm (res://scripts/animation/site7_machine_sprite.gd:71)
       [3] warm_art (res://scripts/actors/enemy_actor.gd:469)
       [4] _warm_enemy_art (res://scripts/missions/story_stage_01.gd:262)
       [5] _load_mission (res://scripts/missions/story_stage_01.gd:218)
       [6] _ready (res://scripts/missions/story_stage_01.gd:94)
       [7] run (res://.cache/diag/expansion_item2_20261004/redline_bot_probe.gd:137)
WARNING: Loaded resource as image file, this will not work on export: 'res://assets/enemies/stage10_origin_core/authored_core_v1/ORIGIN_CORE.png'. Instead, import the image file as an Image resource and load it normally as a resource.
   at: load_from_file (core/io/image.cpp:2780)
   GDScript backtrace (most recent call first):
       [0] _decode_view (res://scripts/animation/site7_machine_sprite.gd:127)
       [1] _read_view (res://scripts/animation/site7_machine_sprite.gd:155)
       [2] warm (res://scripts/animation/site7_machine_sprite.gd:71)
       [3] warm_art (res://scripts/actors/enemy_actor.gd:469)
       [4] _warm_enemy_art (res://scripts/missions/story_stage_01.gd:262)
       [5] _load_mission (res://scripts/missions/story_stage_01.gd:218)
       [6] _ready (res://scripts/missions/story_stage_01.gd:94)
       [7] run (res://.cache/diag/expansion_item2_20261004/redline_bot_probe.gd:137)
M7_RASTER_QUARANTINED identity=aster status=partial chunks=2 encoded=20000 present=15000 declared=94718
FULL_OPERATION_TRACE {"ammo":24,"health":[96.0,138.0,112.0],"hostiles":[],"position":[1680.0,470.0],"remaining":0,"step":0,"tick":0,"wave":0}
FULL_OPERATION_TRACE {"ammo":24,"health":[96.0,138.0,112.0],"hostiles":[{"hp":345.0,"id":"ENM_SITE7_PRISM_01","position":"(4356.365, -534.438)"},{"hp":261.0,"id":"ENM_SITE7_MORTAR_01","position":"(4460.48, -438.54)"},{"hp":300.0,"id":"ENM_SITE7_RAM_01","position":"(4573.477, -503.2713)"},{"hp":447.0,"id":"ENM_SITE7_BULWARK_01","position":"(4408.14, -325.3182)"},{"hp":387.0,"id":"ENM_SITE7_NULL_PYLON_01","position":"(4192.96, -466.77)"}],"position":[1680.0,470.0],"remaining":5,"step":1,"tick":1,"wave":0}
FULL_OPERATION_TRACE {"ammo":9,"health":[0.0,138.0,112.0],"hostiles":[{"hp":345.0,"id":"ENM_SITE7_PRISM_01","position":"(4215.57, -614.1694)"},{"hp":261.0,"id":"ENM_SITE7_MORTAR_01","position":"(4460.48, -438.54)"},{"hp":276.0,"id":"ENM_SITE7_RAM_01","position":"(3382.894, -138.5864)"},{"hp":447.0,"id":"ENM_SITE7_BULWARK_01","position":"(4216.794, -321.5089)"},{"hp":387.0,"id":"ENM_SITE7_NULL_PYLON_01","position":"(4192.96, -466.77)"}],"position":[2127.158203125,353.149200439453],"remaining":5,"step":1,"tick":600,"wave":0}
FULL_OPERATION_TRACE {"ammo":3,"health":[9.29999999999999,138.0,87.7],"hostiles":[{"hp":345.0,"id":"ENM_SITE7_PRISM_01","position":"(4202.183, -618.2233)"},{"hp":261.0,"id":"ENM_SITE7_MORTAR_01","position":"(4460.48, -438.54)"},{"hp":447.0,"id":"ENM_SITE7_BULWARK_01","position":"(4008.734, -319.9513)"},{"hp":387.0,"id":"ENM_SITE7_NULL_PYLON_01","position":"(4192.96, -466.77)"}],"position":[2838.12255859375,10.0195655822754],"remaining":4,"step":1,"tick":1200,"wave":0}
FULL_OPERATION_TRACE {"ammo":10,"health":[0.0,89.4,28.3],"hostiles":[{"hp":345.0,"id":"ENM_SITE7_PRISM_01","position":"(4180.943, -621.2309)"},{"hp":261.0,"id":"ENM_SITE7_MORTAR_01","position":"(4460.48, -438.54)"},{"hp":381.84,"id":"ENM_SITE7_BULWARK_01","position":"(3860.273, -314.9634)"},{"hp":387.0,"id":"ENM_SITE7_NULL_PYLON_01","position":"(4192.96, -466.77)"}],"position":[3604.1376953125,-188.855758666992],"remaining":4,"step":1,"tick":1800,"wave":0}
FULL_OPERATION_TRACE {"ammo":10,"health":[20.1,34.05,1.29999999999999],"hostiles":[{"hp":58.5000000000001,"id":"ENM_SITE7_PRISM_01","position":"(4168.604, -621.9187)"},{"hp":261.0,"id":"ENM_SITE7_MORTAR_01","position":"(4460.48, -438.54)"},{"hp":201.0,"id":"ENM_SITE7_DRONE_01","position":"(4272.561, -337.9479)"},{"hp":345.0,"id":"ENM_SITE7_PRISM_01","position":"(4486.912, -384.503)"},{"hp":300.0,"id":"ENM_SITE7_RAM_01","position":"(4612.77, -439.1992)"},{"hp":64.4,"id":"ENM_SITE7_DRONE_01","position":"(4065.67, -437.3526)"}],"position":[4124.21337890625,-290.610290527344],"remaining":6,"step":1,"tick":2400,"wave":1}
FULL_OPERATION_TRACE {"ammo":10,"health":[33.6,15.15,0.0],"hostiles":[],"position":[4167.2373046875,-308.371704101563],"remaining":0,"step":2,"tick":2845,"wave":1}
FULL_OPERATION_TRACE {"ammo":10,"health":[33.6,15.15,0.0],"hostiles":[],"position":[4694.6103515625,-309.260162353516],"remaining":0,"step":2,"tick":3000,"wave":1}
FULL_OPERATION_TRACE {"ammo":10,"health":[33.6,15.15,0.0],"hostiles":[],"position":[5977.0234375,349.526428222656],"remaining":0,"step":2,"tick":3600,"wave":1}
FULL_OPERATION_TRACE {"ammo":10,"health":[33.6,15.15,0.0],"hostiles":[],"position":[4702.2685546875,-568.966491699219],"remaining":0,"step":2,"tick":4200,"wave":1}
FULL_OPERATION_TRACE {"ammo":10,"health":[33.6,15.15,0.0],"hostiles":[],"position":[6593.18408203125,-1356.16333007813],"remaining":0,"step":2,"tick":4800,"wave":1}
FULL_OPERATION_TRACE {"ammo":10,"health":[33.6,15.15,0.0],"hostiles":[],"position":[6789.7158203125,-1425.51989746094],"remaining":0,"step":3,"tick":4862,"wave":1}
FULL_OPERATION_TRACE {"ammo":10,"health":[33.6,15.15,0.0],"hostiles":[],"position":[8506.1064453125,-2068.62768554688],"remaining":0,"step":3,"tick":5400,"wave":1}
FULL_OPERATION_TRACE {"ammo":10,"health":[33.6,15.15,0.0],"hostiles":[{"hp":387.0,"id":"ENM_SITE7_NULL_PYLON_01","position":"(9586.22, -2512.48)"},{"hp":329.88,"id":"ENM_SITE7_PRISM_01","position":"(9456.573, -2318.129)"},{"hp":261.0,"id":"ENM_SITE7_MORTAR_01","position":"(9816.84, -2485.87)"},{"hp":337.86948,"id":"ENM_SITE7_BULWARK_01","position":"(9369.309, -2443.437)"}],"position":[9244.8837890625,-2583.2470703125],"remaining":4,"step":3,"tick":6000,"wave":0}
FULL_OPERATION_TRACE {"ammo":3,"health":[33.6,0.0,0.0],"hostiles":[{"hp":387.0,"id":"ENM_SITE7_NULL_PYLON_01","position":"(9586.22, -2512.48)"},{"hp":170.58,"id":"ENM_SITE7_PRISM_01","position":"(9258.008, -2247.656)"},{"hp":261.0,"id":"ENM_SITE7_MORTAR_01","position":"(9816.84, -2485.87)"}],"position":[8900.2822265625,-2453.662109375],"remaining":3,"step":3,"tick":6600,"wave":0}
FULL_OPERATION_TRACE {"ammo":5,"health":[33.6,0.0,0.0],"hostiles":[{"hp":387.0,"id":"ENM_SITE7_NULL_PYLON_01","position":"(9586.22, -2512.48)"},{"hp":261.0,"id":"ENM_SITE7_MORTAR_01","position":"(9816.84, -2485.87)"},{"hp":110.2,"id":"ENM_SITE7_DRONE_01","position":"(9439.029, -2469.454)"},{"hp":261.0,"id":"ENM_SITE7_MORTAR_01","position":"(9887.8, -2432.65)"}],"position":[9132.673828125,-2257.33520507813],"remaining":4,"step":3,"tick":7200,"wave":1}
FULL_OPERATION_TRACE {"ammo":0,"health":[33.6,48.3,0.0],"hostiles":[{"hp":261.0,"id":"ENM_SITE7_MORTAR_01","position":"(9887.8, -2432.65)"}],"position":[9527.59765625,-2528.91967773438],"remaining":1,"step":3,"tick":7800,"wave":1}
FULL_OPERATION_TRACE {"ammo":4,"health":[33.6,48.3,0.0],"hostiles":[],"position":[9715.3251953125,-2632.81103515625],"remaining":0,"step":4,"tick":7891,"wave":1}
FULL_OPERATION_TRACE {"ammo":4,"health":[33.6,48.3,0.0],"hostiles":[],"position":[11710.025390625,-3252.55908203125],"remaining":0,"step":4,"tick":8400,"wave":1}
FULL_OPERATION_TRACE {"ammo":0,"health":[6.59999999999999,48.3,0.0],"hostiles":[{"hp":3603.6,"id":"BOSS_SITE7_ORIGIN_01","position":"(12517.68, -3389.18)"},{"hp":278.4,"id":"ENM_SITE7_RAM_01","position":"(12345.23, -3396.835)"},{"hp":276.0,"id":"ENM_SITE7_PRISM_01","position":"(12223.18, -3303.151)"}],"position":[12036.0244140625,-3155.84741210938],"remaining":3,"step":4,"tick":9000,"wave":1}
ERROR: Live combat and extraction succeed without cheats
   at: push_error (core/variant/variant_utility.cpp:1023)
   GDScript backtrace (most recent call first):
       [0] check (res://.cache/diag/expansion_item2_20261004/redline_bot_probe.gd:125)
       [1] run (res://.cache/diag/expansion_item2_20261004/redline_bot_probe.gd:266)
ERROR: All six rooms reached; not early extraction
   at: push_error (core/variant/variant_utility.cpp:1023)
   GDScript backtrace (most recent call first):
       [0] check (res://.cache/diag/expansion_item2_20261004/redline_bot_probe.gd:125)
       [1] run (res://.cache/diag/expansion_item2_20261004/redline_bot_probe.gd:267)
ERROR: Both optional rooms recovered
   at: push_error (core/variant/variant_utility.cpp:1023)
   GDScript backtrace (most recent call first):
       [0] check (res://.cache/diag/expansion_item2_20261004/redline_bot_probe.gd:125)
       [1] run (res://.cache/diag/expansion_item2_20261004/redline_bot_probe.gd:269)
ERROR: All authored waves and boss defeated through real damage
   at: push_error (core/variant/variant_utility.cpp:1023)
   GDScript backtrace (most recent call first):
       [0] check (res://.cache/diag/expansion_item2_20261004/redline_bot_probe.gd:125)
       [1] run (res://.cache/diag/expansion_item2_20261004/redline_bot_probe.gd:270)
FULL_OPERATION_DAMAGE {"1:CHR_PROTO_01:ENM_SITE7_DRONE_01":9.45,"1:CHR_PROTO_01:ENM_SITE7_MORTAR_01":72.9,"1:CHR_PROTO_01:ENM_SITE7_NULL_PYLON_01":47.4,"1:CHR_PROTO_01:ENM_SITE7_PRISM_01":33.45,"1:CHR_PROTO_02:ENM_SITE7_BULWARK_01":21.6,"1:CHR_PROTO_02:ENM_SITE7_MORTAR_01":24.3,"1:CHR_PROTO_02:ENM_SITE7_NULL_PYLON_01":36.45,"1:CHR_PROTO_02:ENM_SITE7_PRISM_01":40.5,"1:CHR_PROTO_03:ENM_SITE7_BULWARK_01":21.6,"1:CHR_PROTO_03:ENM_SITE7_MORTAR_01":48.6,"1:CHR_PROTO_03:ENM_SITE7_PRISM_01":41.8,"3:CHR_PROTO_01:ENM_SITE7_BULWARK_01":17.4,"3:CHR_PROTO_01:ENM_SITE7_PRISM_01":16.2,"3:CHR_PROTO_02:ENM_SITE7_BULWARK_01":10.8,"3:CHR_PROTO_02:ENM_SITE7_DRONE_01":9.45,"3:CHR_PROTO_02:ENM_SITE7_MORTAR_01":15.15,"3:CHR_PROTO_02:ENM_SITE7_NULL_PYLON_01":25.35,"3:CHR_PROTO_02:ENM_SITE7_PRISM_01":26.7,"3:CHR_PROTO_02:ENM_SITE7_RAM_01":24.3,"4:CHR_PROTO_01:BOSS_SITE7_ORIGIN_01":33.6,"4:CHR_PROTO_02:BOSS_SITE7_ORIGIN_01":48.3}
FULL_OPERATION_SKILLS {"CHR_PROTO_01:Q":9,"CHR_PROTO_01:X":5,"CHR_PROTO_02:E":7,"CHR_PROTO_02:Q":4,"CHR_PROTO_02:X":6}
SITE7_FULL_OPERATION_SMOKE: FAIL
