Godot Engine v4.7.1.stable.official.a13da4feb - https://godotengine.org

ERROR: One actual projectile
   at: push_error (core/variant/variant_utility.cpp:1023)
   GDScript backtrace (most recent call first):
       [0] check (res://tests/smoke/site7_enemy_facing_smoke.gd:15)
       [1] run (res://tests/smoke/site7_enemy_facing_smoke.gd:50)
ERROR: One actual projectile
   at: push_error (core/variant/variant_utility.cpp:1023)
   GDScript backtrace (most recent call first):
       [0] check (res://tests/smoke/site7_enemy_facing_smoke.gd:15)
       [1] run (res://tests/smoke/site7_enemy_facing_smoke.gd:50)
ERROR: One actual projectile
   at: push_error (core/variant/variant_utility.cpp:1023)
   GDScript backtrace (most recent call first):
       [0] check (res://tests/smoke/site7_enemy_facing_smoke.gd:15)
       [1] run (res://tests/smoke/site7_enemy_facing_smoke.gd:50)
ERROR: One actual projectile
   at: push_error (core/variant/variant_utility.cpp:1023)
   GDScript backtrace (most recent call first):
       [0] check (res://tests/smoke/site7_enemy_facing_smoke.gd:15)
       [1] run (res://tests/smoke/site7_enemy_facing_smoke.gd:50)
ERROR: One actual projectile
   at: push_error (core/variant/variant_utility.cpp:1023)
   GDScript backtrace (most recent call first):
       [0] check (res://tests/smoke/site7_enemy_facing_smoke.gd:15)
       [1] run (res://tests/smoke/site7_enemy_facing_smoke.gd:50)
ERROR: One actual projectile
   at: push_error (core/variant/variant_utility.cpp:1023)
   GDScript backtrace (most recent call first):
       [0] check (res://tests/smoke/site7_enemy_facing_smoke.gd:15)
       [1] run (res://tests/smoke/site7_enemy_facing_smoke.gd:50)
ERROR: One actual projectile
   at: push_error (core/variant/variant_utility.cpp:1023)
   GDScript backtrace (most recent call first):
       [0] check (res://tests/smoke/site7_enemy_facing_smoke.gd:15)
       [1] run (res://tests/smoke/site7_enemy_facing_smoke.gd:50)
ERROR: One actual projectile
   at: push_error (core/variant/variant_utility.cpp:1023)
   GDScript backtrace (most recent call first):
       [0] check (res://tests/smoke/site7_enemy_facing_smoke.gd:15)
       [1] run (res://tests/smoke/site7_enemy_facing_smoke.gd:50)
ERROR: One actual projectile
   at: push_error (core/variant/variant_utility.cpp:1023)
   GDScript backtrace (most recent call first):
       [0] check (res://tests/smoke/site7_enemy_facing_smoke.gd:15)
       [1] run (res://tests/smoke/site7_enemy_facing_smoke.gd:50)
ERROR: One actual projectile
   at: push_error (core/variant/variant_utility.cpp:1023)
   GDScript backtrace (most recent call first):
       [0] check (res://tests/smoke/site7_enemy_facing_smoke.gd:15)
       [1] run (res://tests/smoke/site7_enemy_facing_smoke.gd:50)
ERROR: One actual projectile
   at: push_error (core/variant/variant_utility.cpp:1023)
   GDScript backtrace (most recent call first):
       [0] check (res://tests/smoke/site7_enemy_facing_smoke.gd:15)
       [1] run (res://tests/smoke/site7_enemy_facing_smoke.gd:50)
ERROR: One actual projectile
   at: push_error (core/variant/variant_utility.cpp:1023)
   GDScript backtrace (most recent call first):
       [0] check (res://tests/smoke/site7_enemy_facing_smoke.gd:15)
       [1] run (res://tests/smoke/site7_enemy_facing_smoke.gd:50)
ERROR: One actual projectile
   at: push_error (core/variant/variant_utility.cpp:1023)
   GDScript backtrace (most recent call first):
       [0] check (res://tests/smoke/site7_enemy_facing_smoke.gd:15)
       [1] run (res://tests/smoke/site7_enemy_facing_smoke.gd:50)
ERROR: One actual projectile
   at: push_error (core/variant/variant_utility.cpp:1023)
   GDScript backtrace (most recent call first):
       [0] check (res://tests/smoke/site7_enemy_facing_smoke.gd:15)
       [1] run (res://tests/smoke/site7_enemy_facing_smoke.gd:50)
ERROR: One actual projectile
   at: push_error (core/variant/variant_utility.cpp:1023)
   GDScript backtrace (most recent call first):
       [0] check (res://tests/smoke/site7_enemy_facing_smoke.gd:15)
       [1] run (res://tests/smoke/site7_enemy_facing_smoke.gd:50)
ERROR: One actual projectile
   at: push_error (core/variant/variant_utility.cpp:1023)
   GDScript backtrace (most recent call first):
       [0] check (res://tests/smoke/site7_enemy_facing_smoke.gd:15)
       [1] run (res://tests/smoke/site7_enemy_facing_smoke.gd:50)
ERROR: One actual projectile
   at: push_error (core/variant/variant_utility.cpp:1023)
   GDScript backtrace (most recent call first):
       [0] check (res://tests/smoke/site7_enemy_facing_smoke.gd:15)
       [1] run (res://tests/smoke/site7_enemy_facing_smoke.gd:50)
ERROR: One actual projectile
   at: push_error (core/variant/variant_utility.cpp:1023)
   GDScript backtrace (most recent call first):
       [0] check (res://tests/smoke/site7_enemy_facing_smoke.gd:15)
       [1] run (res://tests/smoke/site7_enemy_facing_smoke.gd:50)
ERROR: One actual projectile
   at: push_error (core/variant/variant_utility.cpp:1023)
   GDScript backtrace (most recent call first):
       [0] check (res://tests/smoke/site7_enemy_facing_smoke.gd:15)
       [1] run (res://tests/smoke/site7_enemy_facing_smoke.gd:50)
ERROR: One actual projectile
   at: push_error (core/variant/variant_utility.cpp:1023)
   GDScript backtrace (most recent call first):
       [0] check (res://tests/smoke/site7_enemy_facing_smoke.gd:15)
       [1] run (res://tests/smoke/site7_enemy_facing_smoke.gd:50)
ERROR: One actual projectile
   at: push_error (core/variant/variant_utility.cpp:1023)
   GDScript backtrace (most recent call first):
       [0] check (res://tests/smoke/site7_enemy_facing_smoke.gd:15)
       [1] run (res://tests/smoke/site7_enemy_facing_smoke.gd:50)
ERROR: One actual projectile
   at: push_error (core/variant/variant_utility.cpp:1023)
   GDScript backtrace (most recent call first):
       [0] check (res://tests/smoke/site7_enemy_facing_smoke.gd:15)
       [1] run (res://tests/smoke/site7_enemy_facing_smoke.gd:50)
ERROR: One actual projectile
   at: push_error (core/variant/variant_utility.cpp:1023)
   GDScript backtrace (most recent call first):
       [0] check (res://tests/smoke/site7_enemy_facing_smoke.gd:15)
       [1] run (res://tests/smoke/site7_enemy_facing_smoke.gd:50)
ERROR: One actual projectile
   at: push_error (core/variant/variant_utility.cpp:1023)
   GDScript backtrace (most recent call first):
       [0] check (res://tests/smoke/site7_enemy_facing_smoke.gd:15)
       [1] run (res://tests/smoke/site7_enemy_facing_smoke.gd:50)
SITE7_ENEMY_FACING_SMOKE: FAIL (239 checks)
