Godot Engine v4.7.1.stable.official.a13da4feb - https://godotengine.org

[   0% ] first_scan_filesystem | Started 프로젝트 초기화 (5 steps)
[   0% ] first_scan_filesystem | 파일 구조 스캔 중...
[  16% ] first_scan_filesystem | 전역 클래스 이름을 불러오는 중...
[  33% ] first_scan_filesystem | GDExtensions 검증 중...
[  50% ] first_scan_filesystem | 오토로드 스크립트를 만드는 중...
[  66% ] first_scan_filesystem | 플러그인을 초기화 중...
[  83% ] first_scan_filesystem | 파일 스캔 시작 중...
[ DONE ] first_scan_filesystem

[   0% ] update_scripts_classes | Started 전역 클래스를 등록하는 중... (9 steps)
[   0% ] update_scripts_classes | CampaignProgression
[  10% ] update_scripts_classes | IntelSamples
[  20% ] update_scripts_classes | StoryStage01
[  30% ] update_scripts_classes | BaseLobby
[  40% ] update_scripts_classes | MissionResults
[  50% ] update_scripts_classes | StoryStageHUD
[  60% ] update_scripts_classes | 
[  70% ] update_scripts_classes | 
[  80% ] update_scripts_classes | 
[ DONE ] update_scripts_classes

[   0% ] reimport | Started 애셋 (다시) 가져오는 중 (1 steps)
[   0% ] reimport | 다시 가져올 파일을 준비 중...
[   0% ] reimport | 다시 가져오기 전 작업을 수행 중...
[   0% ] reimport | fps_bgm_06_sniper_ridge.wav
ERROR: Not a WAV file. File should start with 'RIFF', but found 'ÿû°D', in file of size 2833135 bytes
   at: load_from_buffer (scene/resources/audio_stream_wav.cpp:673)
ERROR: Can't save empty resource to path 'res://.godot/imported/fps_bgm_06_sniper_ridge.wav-9675d9ef4cadfe2cc61a5e8a42442713.sample'.
   at: save (core/io/resource_saver.cpp:103)
ERROR: Condition "f.is_null()" is true. Continuing.
   at: get_multiple_md5 (core/io/file_access.cpp:967)
[  50% ] reimport | 애셋 가져오기 마무리 중...
[ DONE ] reimport

[   0% ] reimport | Started 애셋 (다시) 가져오는 중 (1 steps)
[   0% ] reimport | 다시 가져오기 후 작업을 수행 중...
[ DONE ] reimport

[   0% ] loading_editor_layout | Started 편집기를 불러오는 중 (5 steps)
[   0% ] loading_editor_layout | 편집기 레이아웃을 불러오는 중...
[  16% ] loading_editor_layout | 독을 불러오는 중...
[  33% ] loading_editor_layout | 씬을 다시 여는 중...
[  50% ] loading_editor_layout | 중앙 편집기 레이아웃을 불러오는 중...
[  66% ] loading_editor_layout | 플러그인 창 레이아웃을 불러오는 중...
[  83% ] loading_editor_layout | 편집기 레이아웃이 준비되었습니다.
[ DONE ] loading_editor_layout

