Godot Engine v4.7.1.stable.official.a13da4feb - https://godotengine.org

WARNING: Loaded resource as image file, this will not work on export: 'res://assets/enemies/recon_drone/authored_yaw8_v1/E.png'. Instead, import the image file as an Image resource and load it normally as a resource.
   at: load_from_file (core/io/image.cpp:2780)
   GDScript backtrace (most recent call first):
       [0] _decode_view (res://scripts/animation/site7_machine_sprite.gd:127)
       [1] prepare_view (res://scripts/animation/site7_machine_sprite.gd:103)
       [2] <anonymous lambda> (res://scripts/core/deploy_warmer.gd:62)
       [3] <anonymous lambda> (res://scripts/core/deploy_warmer.gd:145)
WARNING: Loaded resource as image file, this will not work on export: 'res://assets/enemies/recon_drone/authored_yaw8_v1/SE.png'. Instead, import the image file as an Image resource and load it normally as a resource.
   at: load_from_file (core/io/image.cpp:2780)
   GDScript backtrace (most recent call first):
       [0] _decode_view (res://scripts/animation/site7_machine_sprite.gd:127)
       [1] prepare_view (res://scripts/animation/site7_machine_sprite.gd:103)
       [2] <anonymous lambda> (res://scripts/core/deploy_warmer.gd:62)
       [3] <anonymous lambda> (res://scripts/core/deploy_warmer.gd:145)
WARNING: Loaded resource as image file, this will not work on export: 'res://assets/enemies/recon_drone/authored_yaw8_v1/S.png'. Instead, import the image file as an Image resource and load it normally as a resource.
   at: load_from_file (core/io/image.cpp:2780)
   GDScript backtrace (most recent call first):
       [0] _decode_view (res://scripts/animation/site7_machine_sprite.gd:127)
       [1] prepare_view (res://scripts/animation/site7_machine_sprite.gd:103)
       [2] <anonymous lambda> (res://scripts/core/deploy_warmer.gd:62)
       [3] <anonymous lambda> (res://scripts/core/deploy_warmer.gd:145)
WARNING: Loaded resource as image file, this will not work on export: 'res://assets/enemies/recon_drone/authored_yaw8_v1/SW.png'. Instead, import the image file as an Image resource and load it normally as a resource.
   at: load_from_file (core/io/image.cpp:2780)
   GDScript backtrace (most recent call first):
       [0] _decode_view (res://scripts/animation/site7_machine_sprite.gd:127)
       [1] prepare_view (res://scripts/animation/site7_machine_sprite.gd:103)
       [2] <anonymous lambda> (res://scripts/core/deploy_warmer.gd:62)
       [3] <anonymous lambda> (res://scripts/core/deploy_warmer.gd:145)
WARNING: Loaded resource as image file, this will not work on export: 'res://assets/enemies/recon_drone/authored_yaw8_v1/W.png'. Instead, import the image file as an Image resource and load it normally as a resource.
   at: load_from_file (core/io/image.cpp:2780)
   GDScript backtrace (most recent call first):
       [0] _decode_view (res://scripts/animation/site7_machine_sprite.gd:127)
       [1] prepare_view (res://scripts/animation/site7_machine_sprite.gd:103)
       [2] <anonymous lambda> (res://scripts/core/deploy_warmer.gd:62)
       [3] <anonymous lambda> (res://scripts/core/deploy_warmer.gd:145)
WARNING: Loaded resource as image file, this will not work on export: 'res://assets/enemies/recon_drone/authored_yaw8_v1/NW.png'. Instead, import the image file as an Image resource and load it normally as a resource.
   at: load_from_file (core/io/image.cpp:2780)
   GDScript backtrace (most recent call first):
       [0] _decode_view (res://scripts/animation/site7_machine_sprite.gd:127)
       [1] prepare_view (res://scripts/animation/site7_machine_sprite.gd:103)
       [2] <anonymous lambda> (res://scripts/core/deploy_warmer.gd:62)
       [3] <anonymous lambda> (res://scripts/core/deploy_warmer.gd:145)
WARNING: Loaded resource as image file, this will not work on export: 'res://assets/enemies/recon_drone/authored_yaw8_v1/N.png'. Instead, import the image file as an Image resource and load it normally as a resource.
   at: load_from_file (core/io/image.cpp:2780)
   GDScript backtrace (most recent call first):
       [0] _decode_view (res://scripts/animation/site7_machine_sprite.gd:127)
       [1] prepare_view (res://scripts/animation/site7_machine_sprite.gd:103)
       [2] <anonymous lambda> (res://scripts/core/deploy_warmer.gd:62)
       [3] <anonymous lambda> (res://scripts/core/deploy_warmer.gd:145)
WARNING: Loaded resource as image file, this will not work on export: 'res://assets/enemies/recon_drone/authored_yaw8_v1/NE.png'. Instead, import the image file as an Image resource and load it normally as a resource.
   at: load_from_file (core/io/image.cpp:2780)
   GDScript backtrace (most recent call first):
       [0] _decode_view (res://scripts/animation/site7_machine_sprite.gd:127)
       [1] prepare_view (res://scripts/animation/site7_machine_sprite.gd:103)
       [2] <anonymous lambda> (res://scripts/core/deploy_warmer.gd:62)
       [3] <anonymous lambda> (res://scripts/core/deploy_warmer.gd:145)
WARNING: Loaded resource as image file, this will not work on export: 'res://assets/enemies/bulwark/authored_yaw8_v1/E.png'. Instead, import the image file as an Image resource and load it normally as a resource.
   at: load_from_file (core/io/image.cpp:2780)
   GDScript backtrace (most recent call first):
       [0] _decode_view (res://scripts/animation/site7_machine_sprite.gd:127)
       [1] prepare_view (res://scripts/animation/site7_machine_sprite.gd:103)
       [2] <anonymous lambda> (res://scripts/core/deploy_warmer.gd:62)
       [3] <anonymous lambda> (res://scripts/core/deploy_warmer.gd:145)
WARNING: Loaded resource as image file, this will not work on export: 'res://assets/enemies/bulwark/authored_yaw8_v1/SE.png'. Instead, import the image file as an Image resource and load it normally as a resource.
   at: load_from_file (core/io/image.cpp:2780)
   GDScript backtrace (most recent call first):
       [0] _decode_view (res://scripts/animation/site7_machine_sprite.gd:127)
       [1] prepare_view (res://scripts/animation/site7_machine_sprite.gd:103)
       [2] <anonymous lambda> (res://scripts/core/deploy_warmer.gd:62)
       [3] <anonymous lambda> (res://scripts/core/deploy_warmer.gd:145)
WARNING: Loaded resource as image file, this will not work on export: 'res://assets/enemies/bulwark/authored_yaw8_v1/S.png'. Instead, import the image file as an Image resource and load it normally as a resource.
   at: load_from_file (core/io/image.cpp:2780)
   GDScript backtrace (most recent call first):
       [0] _decode_view (res://scripts/animation/site7_machine_sprite.gd:127)
       [1] prepare_view (res://scripts/animation/site7_machine_sprite.gd:103)
       [2] <anonymous lambda> (res://scripts/core/deploy_warmer.gd:62)
       [3] <anonymous lambda> (res://scripts/core/deploy_warmer.gd:145)
WARNING: Loaded resource as image file, this will not work on export: 'res://assets/enemies/bulwark/authored_yaw8_v1/SW.png'. Instead, import the image file as an Image resource and load it normally as a resource.
   at: load_from_file (core/io/image.cpp:2780)
   GDScript backtrace (most recent call first):
       [0] _decode_view (res://scripts/animation/site7_machine_sprite.gd:127)
       [1] prepare_view (res://scripts/animation/site7_machine_sprite.gd:103)
       [2] <anonymous lambda> (res://scripts/core/deploy_warmer.gd:62)
       [3] <anonymous lambda> (res://scripts/core/deploy_warmer.gd:145)
WARNING: Loaded resource as image file, this will not work on export: 'res://assets/enemies/bulwark/authored_yaw8_v1/W.png'. Instead, import the image file as an Image resource and load it normally as a resource.
   at: load_from_file (core/io/image.cpp:2780)
   GDScript backtrace (most recent call first):
       [0] _decode_view (res://scripts/animation/site7_machine_sprite.gd:127)
       [1] prepare_view (res://scripts/animation/site7_machine_sprite.gd:103)
       [2] <anonymous lambda> (res://scripts/core/deploy_warmer.gd:62)
       [3] <anonymous lambda> (res://scripts/core/deploy_warmer.gd:145)
WARNING: Loaded resource as image file, this will not work on export: 'res://assets/enemies/bulwark/authored_yaw8_v1/NW.png'. Instead, import the image file as an Image resource and load it normally as a resource.
   at: load_from_file (core/io/image.cpp:2780)
   GDScript backtrace (most recent call first):
       [0] _decode_view (res://scripts/animation/site7_machine_sprite.gd:127)
       [1] prepare_view (res://scripts/animation/site7_machine_sprite.gd:103)
       [2] <anonymous lambda> (res://scripts/core/deploy_warmer.gd:62)
       [3] <anonymous lambda> (res://scripts/core/deploy_warmer.gd:145)
WARNING: Loaded resource as image file, this will not work on export: 'res://assets/enemies/bulwark/authored_yaw8_v1/N.png'. Instead, import the image file as an Image resource and load it normally as a resource.
   at: load_from_file (core/io/image.cpp:2780)
   GDScript backtrace (most recent call first):
       [0] _decode_view (res://scripts/animation/site7_machine_sprite.gd:127)
       [1] prepare_view (res://scripts/animation/site7_machine_sprite.gd:103)
       [2] <anonymous lambda> (res://scripts/core/deploy_warmer.gd:62)
       [3] <anonymous lambda> (res://scripts/core/deploy_warmer.gd:145)
ERROR: page1 nonoverlap AnalysisPrevious / AnalysisEffect_ANL_SECURITY_ARC_GAP
   at: push_error (core/variant/variant_utility.cpp:1023)
   GDScript backtrace (most recent call first):
       [0] check (res://tests/smoke/lab_geometry_smoke.gd:113)
       [1] geometry (res://tests/smoke/lab_geometry_smoke.gd:98)
       [2] run (res://tests/smoke/lab_geometry_smoke.gd:26)
ERROR: page2 nonoverlap AnalysisPrevious / AnalysisEffect_ANL_AERATOR_SPORE_PROFILE
   at: push_error (core/variant/variant_utility.cpp:1023)
   GDScript backtrace (most recent call first):
       [0] check (res://tests/smoke/lab_geometry_smoke.gd:113)
       [1] geometry (res://tests/smoke/lab_geometry_smoke.gd:98)
       [2] run (res://tests/smoke/lab_geometry_smoke.gd:26)
WARNING: Loaded resource as image file, this will not work on export: 'res://assets/enemies/signal_anchor_guardian/authored_core_v1/anchor.png'. Instead, import the image file as an Image resource and load it normally as a resource.
   at: load_from_file (core/io/image.cpp:2780)
   GDScript backtrace (most recent call first):
       [0] _decode_view (res://scripts/animation/site7_machine_sprite.gd:127)
       [1] prepare_view (res://scripts/animation/site7_machine_sprite.gd:103)
       [2] <anonymous lambda> (res://scripts/core/deploy_warmer.gd:62)
       [3] <anonymous lambda> (res://scripts/core/deploy_warmer.gd:145)
WARNING: Loaded resource as image file, this will not work on export: 'res://assets/enemies/bulwark/authored_yaw8_v1/NE.png'. Instead, import the image file as an Image resource and load it normally as a resource.
   at: load_from_file (core/io/image.cpp:2780)
   GDScript backtrace (most recent call first):
       [0] _decode_view (res://scripts/animation/site7_machine_sprite.gd:127)
       [1] prepare_view (res://scripts/animation/site7_machine_sprite.gd:103)
       [2] <anonymous lambda> (res://scripts/core/deploy_warmer.gd:62)
       [3] <anonymous lambda> (res://scripts/core/deploy_warmer.gd:145)
ERROR: page3 nonoverlap AnalysisPrevious / AnalysisEffect_ANL_ARCHIVE_ECHO_MODEL
   at: push_error (core/variant/variant_utility.cpp:1023)
   GDScript backtrace (most recent call first):
       [0] check (res://tests/smoke/lab_geometry_smoke.gd:113)
       [1] geometry (res://tests/smoke/lab_geometry_smoke.gd:98)
       [2] run (res://tests/smoke/lab_geometry_smoke.gd:26)
ERROR: last_page_status nonoverlap AnalysisPrevious / AnalysisEffect_ANL_ARCHIVE_ECHO_MODEL
   at: push_error (core/variant/variant_utility.cpp:1023)
   GDScript backtrace (most recent call first):
       [0] check (res://tests/smoke/lab_geometry_smoke.gd:113)
       [1] geometry (res://tests/smoke/lab_geometry_smoke.gd:98)
       [2] run (res://tests/smoke/lab_geometry_smoke.gd:37)
ERROR: CHR_PROTO_01_cycle0 nonoverlap AnalysisPrevious / AnalysisEffect_ANL_ARCHIVE_ECHO_MODEL
   at: push_error (core/variant/variant_utility.cpp:1023)
   GDScript backtrace (most recent call first):
       [0] check (res://tests/smoke/lab_geometry_smoke.gd:113)
       [1] geometry (res://tests/smoke/lab_geometry_smoke.gd:98)
       [2] run (res://tests/smoke/lab_geometry_smoke.gd:51)
ERROR: CHR_PROTO_01_cycle1 nonoverlap AnalysisPrevious / AnalysisEffect_ANL_ARCHIVE_ECHO_MODEL
   at: push_error (core/variant/variant_utility.cpp:1023)
   GDScript backtrace (most recent call first):
       [0] check (res://tests/smoke/lab_geometry_smoke.gd:113)
       [1] geometry (res://tests/smoke/lab_geometry_smoke.gd:98)
       [2] run (res://tests/smoke/lab_geometry_smoke.gd:51)
ERROR: CHR_PROTO_01_cycle2 nonoverlap AnalysisPrevious / AnalysisEffect_ANL_ARCHIVE_ECHO_MODEL
   at: push_error (core/variant/variant_utility.cpp:1023)
   GDScript backtrace (most recent call first):
       [0] check (res://tests/smoke/lab_geometry_smoke.gd:113)
       [1] geometry (res://tests/smoke/lab_geometry_smoke.gd:98)
       [2] run (res://tests/smoke/lab_geometry_smoke.gd:51)
ERROR: CHR_PROTO_01_cycle3 nonoverlap AnalysisPrevious / AnalysisEffect_ANL_ARCHIVE_ECHO_MODEL
   at: push_error (core/variant/variant_utility.cpp:1023)
   GDScript backtrace (most recent call first):
       [0] check (res://tests/smoke/lab_geometry_smoke.gd:113)
       [1] geometry (res://tests/smoke/lab_geometry_smoke.gd:98)
       [2] run (res://tests/smoke/lab_geometry_smoke.gd:51)
ERROR: CHR_PROTO_02_cycle0 nonoverlap AnalysisPrevious / AnalysisEffect_ANL_ARCHIVE_ECHO_MODEL
   at: push_error (core/variant/variant_utility.cpp:1023)
   GDScript backtrace (most recent call first):
       [0] check (res://tests/smoke/lab_geometry_smoke.gd:113)
       [1] geometry (res://tests/smoke/lab_geometry_smoke.gd:98)
       [2] run (res://tests/smoke/lab_geometry_smoke.gd:51)
ERROR: CHR_PROTO_02_cycle1 nonoverlap AnalysisPrevious / AnalysisEffect_ANL_ARCHIVE_ECHO_MODEL
   at: push_error (core/variant/variant_utility.cpp:1023)
   GDScript backtrace (most recent call first):
       [0] check (res://tests/smoke/lab_geometry_smoke.gd:113)
       [1] geometry (res://tests/smoke/lab_geometry_smoke.gd:98)
       [2] run (res://tests/smoke/lab_geometry_smoke.gd:51)
ERROR: CHR_PROTO_02_cycle2 nonoverlap AnalysisPrevious / AnalysisEffect_ANL_ARCHIVE_ECHO_MODEL
   at: push_error (core/variant/variant_utility.cpp:1023)
   GDScript backtrace (most recent call first):
       [0] check (res://tests/smoke/lab_geometry_smoke.gd:113)
       [1] geometry (res://tests/smoke/lab_geometry_smoke.gd:98)
       [2] run (res://tests/smoke/lab_geometry_smoke.gd:51)
ERROR: CHR_PROTO_02_cycle3 nonoverlap AnalysisPrevious / AnalysisEffect_ANL_ARCHIVE_ECHO_MODEL
   at: push_error (core/variant/variant_utility.cpp:1023)
   GDScript backtrace (most recent call first):
       [0] check (res://tests/smoke/lab_geometry_smoke.gd:113)
       [1] geometry (res://tests/smoke/lab_geometry_smoke.gd:98)
       [2] run (res://tests/smoke/lab_geometry_smoke.gd:51)
ERROR: CHR_PROTO_03_cycle0 nonoverlap AnalysisPrevious / AnalysisEffect_ANL_ARCHIVE_ECHO_MODEL
   at: push_error (core/variant/variant_utility.cpp:1023)
   GDScript backtrace (most recent call first):
       [0] check (res://tests/smoke/lab_geometry_smoke.gd:113)
       [1] geometry (res://tests/smoke/lab_geometry_smoke.gd:98)
       [2] run (res://tests/smoke/lab_geometry_smoke.gd:51)
ERROR: CHR_PROTO_03_cycle1 nonoverlap AnalysisPrevious / AnalysisEffect_ANL_ARCHIVE_ECHO_MODEL
   at: push_error (core/variant/variant_utility.cpp:1023)
   GDScript backtrace (most recent call first):
       [0] check (res://tests/smoke/lab_geometry_smoke.gd:113)
       [1] geometry (res://tests/smoke/lab_geometry_smoke.gd:98)
       [2] run (res://tests/smoke/lab_geometry_smoke.gd:51)
ERROR: CHR_PROTO_03_cycle2 nonoverlap AnalysisPrevious / AnalysisEffect_ANL_ARCHIVE_ECHO_MODEL
   at: push_error (core/variant/variant_utility.cpp:1023)
   GDScript backtrace (most recent call first):
       [0] check (res://tests/smoke/lab_geometry_smoke.gd:113)
       [1] geometry (res://tests/smoke/lab_geometry_smoke.gd:98)
       [2] run (res://tests/smoke/lab_geometry_smoke.gd:51)
M7_RASTER_QUARANTINED identity=aster status=partial chunks=2 encoded=20000 present=15000 declared=94718
LAB_GEOMETRY_SMOKE: FAIL (3400 checks)
WARNING: 4 ObjectDB instances were leaked at exit (run with `--verbose` for details).
   at: cleanup (core/object/object.cpp:2536)
