Godot Engine v4.7.1.stable.official.a13da4feb - https://godotengine.org
OpenGL API 3.3.0 NVIDIA 591.86 - Compatibility - Using Device: NVIDIA - NVIDIA GeForce RTX 4070 SUPER

WARNING: Loaded resource as image file, this will not work on export: 'res://assets/enemies/recon_drone/authored_yaw8_v1/E.png'. Instead, import the image file as an Image resource and load it normally as a resource.
   at: load_from_file (core/io/image.cpp:2780)
   GDScript backtrace (most recent call first):
       [0] _decode_view (res://scripts/animation/site7_machine_sprite.gd:127)
       [1] prepare_view (res://scripts/animation/site7_machine_sprite.gd:103)
       [2] <anonymous lambda> (res://scripts/core/deploy_warmer.gd:62)
       [3] <anonymous lambda> (res://scripts/core/deploy_warmer.gd:145)
WARNING: Loaded resource as image file, this will not work on export: 'res://assets/enemies/recon_drone/authored_yaw8_v1/SE.png'. Instead, import the image file as an Image resource and load it normally as a resource.
   at: load_from_file (core/io/image.cpp:2780)
   GDScript backtrace (most recent call first):
       [0] _decode_view (res://scripts/animation/site7_machine_sprite.gd:127)
       [1] prepare_view (res://scripts/animation/site7_machine_sprite.gd:103)
       [2] <anonymous lambda> (res://scripts/core/deploy_warmer.gd:62)
       [3] <anonymous lambda> (res://scripts/core/deploy_warmer.gd:145)
WARNING: Loaded resource as image file, this will not work on export: 'res://assets/enemies/recon_drone/authored_yaw8_v1/S.png'. Instead, import the image file as an Image resource and load it normally as a resource.
   at: load_from_file (core/io/image.cpp:2780)
   GDScript backtrace (most recent call first):
       [0] _decode_view (res://scripts/animation/site7_machine_sprite.gd:127)
       [1] prepare_view (res://scripts/animation/site7_machine_sprite.gd:103)
       [2] <anonymous lambda> (res://scripts/core/deploy_warmer.gd:62)
       [3] <anonymous lambda> (res://scripts/core/deploy_warmer.gd:145)
WARNING: Loaded resource as image file, this will not work on export: 'res://assets/enemies/recon_drone/authored_yaw8_v1/SW.png'. Instead, import the image file as an Image resource and load it normally as a resource.
   at: load_from_file (core/io/image.cpp:2780)
   GDScript backtrace (most recent call first):
       [0] _decode_view (res://scripts/animation/site7_machine_sprite.gd:127)
       [1] prepare_view (res://scripts/animation/site7_machine_sprite.gd:103)
       [2] <anonymous lambda> (res://scripts/core/deploy_warmer.gd:62)
       [3] <anonymous lambda> (res://scripts/core/deploy_warmer.gd:145)
WARNING: Loaded resource as image file, this will not work on export: 'res://assets/enemies/recon_drone/authored_yaw8_v1/W.png'. Instead, import the image file as an Image resource and load it normally as a resource.
   at: load_from_file (core/io/image.cpp:2780)
   GDScript backtrace (most recent call first):
       [0] _decode_view (res://scripts/animation/site7_machine_sprite.gd:127)
       [1] prepare_view (res://scripts/animation/site7_machine_sprite.gd:103)
       [2] <anonymous lambda> (res://scripts/core/deploy_warmer.gd:62)
       [3] <anonymous lambda> (res://scripts/core/deploy_warmer.gd:145)
WARNING: Loaded resource as image file, this will not work on export: 'res://assets/enemies/recon_drone/authored_yaw8_v1/NW.png'. Instead, import the image file as an Image resource and load it normally as a resource.
   at: load_from_file (core/io/image.cpp:2780)
   GDScript backtrace (most recent call first):
       [0] _decode_view (res://scripts/animation/site7_machine_sprite.gd:127)
       [1] prepare_view (res://scripts/animation/site7_machine_sprite.gd:103)
       [2] <anonymous lambda> (res://scripts/core/deploy_warmer.gd:62)
       [3] <anonymous lambda> (res://scripts/core/deploy_warmer.gd:145)
WARNING: Loaded resource as image file, this will not work on export: 'res://assets/enemies/recon_drone/authored_yaw8_v1/N.png'. Instead, import the image file as an Image resource and load it normally as a resource.
   at: load_from_file (core/io/image.cpp:2780)
   GDScript backtrace (most recent call first):
       [0] _decode_view (res://scripts/animation/site7_machine_sprite.gd:127)
       [1] prepare_view (res://scripts/animation/site7_machine_sprite.gd:103)
       [2] <anonymous lambda> (res://scripts/core/deploy_warmer.gd:62)
       [3] <anonymous lambda> (res://scripts/core/deploy_warmer.gd:145)
WARNING: Loaded resource as image file, this will not work on export: 'res://assets/enemies/recon_drone/authored_yaw8_v1/NE.png'. Instead, import the image file as an Image resource and load it normally as a resource.
   at: load_from_file (core/io/image.cpp:2780)
   GDScript backtrace (most recent call first):
       [0] _decode_view (res://scripts/animation/site7_machine_sprite.gd:127)
       [1] prepare_view (res://scripts/animation/site7_machine_sprite.gd:103)
       [2] <anonymous lambda> (res://scripts/core/deploy_warmer.gd:62)
       [3] <anonymous lambda> (res://scripts/core/deploy_warmer.gd:145)
WARNING: Loaded resource as image file, this will not work on export: 'res://assets/enemies/bulwark/authored_yaw8_v1/E.png'. Instead, import the image file as an Image resource and load it normally as a resource.
   at: load_from_file (core/io/image.cpp:2780)
   GDScript backtrace (most recent call first):
       [0] _decode_view (res://scripts/animation/site7_machine_sprite.gd:127)
       [1] prepare_view (res://scripts/animation/site7_machine_sprite.gd:103)
       [2] <anonymous lambda> (res://scripts/core/deploy_warmer.gd:62)
       [3] <anonymous lambda> (res://scripts/core/deploy_warmer.gd:145)
WARNING: Loaded resource as image file, this will not work on export: 'res://assets/enemies/bulwark/authored_yaw8_v1/SE.png'. Instead, import the image file as an Image resource and load it normally as a resource.
   at: load_from_file (core/io/image.cpp:2780)
   GDScript backtrace (most recent call first):
       [0] _decode_view (res://scripts/animation/site7_machine_sprite.gd:127)
       [1] prepare_view (res://scripts/animation/site7_machine_sprite.gd:103)
       [2] <anonymous lambda> (res://scripts/core/deploy_warmer.gd:62)
       [3] <anonymous lambda> (res://scripts/core/deploy_warmer.gd:145)
WARNING: Loaded resource as image file, this will not work on export: 'res://assets/enemies/bulwark/authored_yaw8_v1/S.png'. Instead, import the image file as an Image resource and load it normally as a resource.
   at: load_from_file (core/io/image.cpp:2780)
   GDScript backtrace (most recent call first):
       [0] _decode_view (res://scripts/animation/site7_machine_sprite.gd:127)
       [1] prepare_view (res://scripts/animation/site7_machine_sprite.gd:103)
       [2] <anonymous lambda> (res://scripts/core/deploy_warmer.gd:62)
       [3] <anonymous lambda> (res://scripts/core/deploy_warmer.gd:145)
WARNING: Loaded resource as image file, this will not work on export: 'res://assets/enemies/bulwark/authored_yaw8_v1/SW.png'. Instead, import the image file as an Image resource and load it normally as a resource.
   at: load_from_file (core/io/image.cpp:2780)
   GDScript backtrace (most recent call first):
       [0] _decode_view (res://scripts/animation/site7_machine_sprite.gd:127)
       [1] prepare_view (res://scripts/animation/site7_machine_sprite.gd:103)
       [2] <anonymous lambda> (res://scripts/core/deploy_warmer.gd:62)
       [3] <anonymous lambda> (res://scripts/core/deploy_warmer.gd:145)
WARNING: Loaded resource as image file, this will not work on export: 'res://assets/enemies/bulwark/authored_yaw8_v1/W.png'. Instead, import the image file as an Image resource and load it normally as a resource.
   at: load_from_file (core/io/image.cpp:2780)
   GDScript backtrace (most recent call first):
       [0] _decode_view (res://scripts/animation/site7_machine_sprite.gd:127)
       [1] prepare_view (res://scripts/animation/site7_machine_sprite.gd:103)
       [2] <anonymous lambda> (res://scripts/core/deploy_warmer.gd:62)
       [3] <anonymous lambda> (res://scripts/core/deploy_warmer.gd:145)
WARNING: Loaded resource as image file, this will not work on export: 'res://assets/enemies/bulwark/authored_yaw8_v1/NW.png'. Instead, import the image file as an Image resource and load it normally as a resource.
   at: load_from_file (core/io/image.cpp:2780)
   GDScript backtrace (most recent call first):
       [0] _decode_view (res://scripts/animation/site7_machine_sprite.gd:127)
       [1] prepare_view (res://scripts/animation/site7_machine_sprite.gd:103)
       [2] <anonymous lambda> (res://scripts/core/deploy_warmer.gd:62)
       [3] <anonymous lambda> (res://scripts/core/deploy_warmer.gd:145)
WARNING: Loaded resource as image file, this will not work on export: 'res://assets/enemies/bulwark/authored_yaw8_v1/N.png'. Instead, import the image file as an Image resource and load it normally as a resource.
   at: load_from_file (core/io/image.cpp:2780)
   GDScript backtrace (most recent call first):
       [0] _decode_view (res://scripts/animation/site7_machine_sprite.gd:127)
       [1] prepare_view (res://scripts/animation/site7_machine_sprite.gd:103)
       [2] <anonymous lambda> (res://scripts/core/deploy_warmer.gd:62)
       [3] <anonymous lambda> (res://scripts/core/deploy_warmer.gd:145)
WARNING: Loaded resource as image file, this will not work on export: 'res://assets/enemies/bulwark/authored_yaw8_v1/NE.png'. Instead, import the image file as an Image resource and load it normally as a resource.
   at: load_from_file (core/io/image.cpp:2780)
   GDScript backtrace (most recent call first):
       [0] _decode_view (res://scripts/animation/site7_machine_sprite.gd:127)
       [1] prepare_view (res://scripts/animation/site7_machine_sprite.gd:103)
       [2] <anonymous lambda> (res://scripts/core/deploy_warmer.gd:62)
       [3] <anonymous lambda> (res://scripts/core/deploy_warmer.gd:145)
WARNING: Loaded resource as image file, this will not work on export: 'res://assets/enemies/signal_anchor_guardian/authored_core_v1/anchor.png'. Instead, import the image file as an Image resource and load it normally as a resource.
   at: load_from_file (core/io/image.cpp:2780)
   GDScript backtrace (most recent call first):
       [0] _decode_view (res://scripts/animation/site7_machine_sprite.gd:127)
       [1] prepare_view (res://scripts/animation/site7_machine_sprite.gd:103)
       [2] <anonymous lambda> (res://scripts/core/deploy_warmer.gd:62)
       [3] <anonymous lambda> (res://scripts/core/deploy_warmer.gd:145)
M7_RASTER_QUARANTINED identity=aster status=partial chunks=2 encoded=20000 present=15000 declared=94718
ERROR: results count-up finished before the capture: +11
   at: push_error (core/variant/variant_utility.cpp:1023)
   GDScript backtrace (most recent call first):
       [0] check (res://tests/render/expansion_item3_capture.gd:101)
       [1] run (res://tests/render/expansion_item3_capture.gd:72)
EXPANSION_ITEM3_CAPTURE: FAIL (19 checks)
