00:02.234  render           | Saved: 'D:\AI 종합 폴더\Games\Sable-circuit\art_src\characters\rook\fast_pipeline\motion\candidate_rook_c02_v17_two_bone_chroma_overlap_walk\blender_frames\E\idle\00.png'
00:02.375  render           | Saved: 'D:\AI 종합 폴더\Games\Sable-circuit\art_src\characters\rook\fast_pipeline\motion\candidate_rook_c02_v17_two_bone_chroma_overlap_walk\blender_frames\E\idle\01.png'
00:02.500  render           | Saved: 'D:\AI 종합 폴더\Games\Sable-circuit\art_src\characters\rook\fast_pipeline\motion\candidate_rook_c02_v17_two_bone_chroma_overlap_walk\blender_frames\E\idle\02.png'
00:02.625  render           | Saved: 'D:\AI 종합 폴더\Games\Sable-circuit\art_src\characters\rook\fast_pipeline\motion\candidate_rook_c02_v17_two_bone_chroma_overlap_walk\blender_frames\E\idle\03.png'
00:02.781  render           | Saved: 'D:\AI 종합 폴더\Games\Sable-circuit\art_src\characters\rook\fast_pipeline\motion\candidate_rook_c02_v17_two_bone_chroma_overlap_walk\blender_frames\E\move\00.png'
00:02.922  render           | Saved: 'D:\AI 종합 폴더\Games\Sable-circuit\art_src\characters\rook\fast_pipeline\motion\candidate_rook_c02_v17_two_bone_chroma_overlap_walk\blender_frames\E\move\01.png'
00:03.063  render           | Saved: 'D:\AI 종합 폴더\Games\Sable-circuit\art_src\characters\rook\fast_pipeline\motion\candidate_rook_c02_v17_two_bone_chroma_overlap_walk\blender_frames\E\move\02.png'
00:03.203  render           | Saved: 'D:\AI 종합 폴더\Games\Sable-circuit\art_src\characters\rook\fast_pipeline\motion\candidate_rook_c02_v17_two_bone_chroma_overlap_walk\blender_frames\E\move\03.png'
00:03.359  render           | Saved: 'D:\AI 종합 폴더\Games\Sable-circuit\art_src\characters\rook\fast_pipeline\motion\candidate_rook_c02_v17_two_bone_chroma_overlap_walk\blender_frames\E\move\04.png'
00:03.516  render           | Saved: 'D:\AI 종합 폴더\Games\Sable-circuit\art_src\characters\rook\fast_pipeline\motion\candidate_rook_c02_v17_two_bone_chroma_overlap_walk\blender_frames\E\move\05.png'
00:03.656  render           | Saved: 'D:\AI 종합 폴더\Games\Sable-circuit\art_src\characters\rook\fast_pipeline\motion\candidate_rook_c02_v17_two_bone_chroma_overlap_walk\blender_frames\E\move\06.png'
00:03.781  render           | Saved: 'D:\AI 종합 폴더\Games\Sable-circuit\art_src\characters\rook\fast_pipeline\motion\candidate_rook_c02_v17_two_bone_chroma_overlap_walk\blender_frames\E\move\07.png'
00:03.938  render           | Saved: 'D:\AI 종합 폴더\Games\Sable-circuit\art_src\characters\rook\fast_pipeline\motion\candidate_rook_c02_v17_two_bone_chroma_overlap_walk\blender_frames\E\move\08.png'
00:04.078  render           | Saved: 'D:\AI 종합 폴더\Games\Sable-circuit\art_src\characters\rook\fast_pipeline\motion\candidate_rook_c02_v17_two_bone_chroma_overlap_walk\blender_frames\E\move\09.png'
00:04.219  render           | Saved: 'D:\AI 종합 폴더\Games\Sable-circuit\art_src\characters\rook\fast_pipeline\motion\candidate_rook_c02_v17_two_bone_chroma_overlap_walk\blender_frames\E\move\10.png'
00:04.375  render           | Saved: 'D:\AI 종합 폴더\Games\Sable-circuit\art_src\characters\rook\fast_pipeline\motion\candidate_rook_c02_v17_two_bone_chroma_overlap_walk\blender_frames\E\move\11.png'
00:04.500  render           | Saved: 'D:\AI 종합 폴더\Games\Sable-circuit\art_src\characters\rook\fast_pipeline\motion\candidate_rook_c02_v17_two_bone_chroma_overlap_walk\blender_frames\E\move\12.png'
00:04.656  render           | Saved: 'D:\AI 종합 폴더\Games\Sable-circuit\art_src\characters\rook\fast_pipeline\motion\candidate_rook_c02_v17_two_bone_chroma_overlap_walk\blender_frames\E\move\13.png'
00:04.797  render           | Saved: 'D:\AI 종합 폴더\Games\Sable-circuit\art_src\characters\rook\fast_pipeline\motion\candidate_rook_c02_v17_two_bone_chroma_overlap_walk\blender_frames\E\move\14.png'
00:04.953  render           | Saved: 'D:\AI 종합 폴더\Games\Sable-circuit\art_src\characters\rook\fast_pipeline\motion\candidate_rook_c02_v17_two_bone_chroma_overlap_walk\blender_frames\E\move\15.png'
00:05.109  render           | Saved: 'D:\AI 종합 폴더\Games\Sable-circuit\art_src\characters\rook\fast_pipeline\motion\candidate_rook_c02_v17_two_bone_chroma_overlap_walk\blender_frames\E\move\16.png'
00:05.250  render           | Saved: 'D:\AI 종합 폴더\Games\Sable-circuit\art_src\characters\rook\fast_pipeline\motion\candidate_rook_c02_v17_two_bone_chroma_overlap_walk\blender_frames\E\move\17.png'
00:05.375  render           | Saved: 'D:\AI 종합 폴더\Games\Sable-circuit\art_src\characters\rook\fast_pipeline\motion\candidate_rook_c02_v17_two_bone_chroma_overlap_walk\blender_frames\E\move\18.png'
00:05.516  render           | Saved: 'D:\AI 종합 폴더\Games\Sable-circuit\art_src\characters\rook\fast_pipeline\motion\candidate_rook_c02_v17_two_bone_chroma_overlap_walk\blender_frames\E\move\19.png'
00:05.641  render           | Saved: 'D:\AI 종합 폴더\Games\Sable-circuit\art_src\characters\rook\fast_pipeline\motion\candidate_rook_c02_v17_two_bone_chroma_overlap_walk\blender_frames\E\move\20.png'
00:05.781  render           | Saved: 'D:\AI 종합 폴더\Games\Sable-circuit\art_src\characters\rook\fast_pipeline\motion\candidate_rook_c02_v17_two_bone_chroma_overlap_walk\blender_frames\E\move\21.png'
00:05.922  render           | Saved: 'D:\AI 종합 폴더\Games\Sable-circuit\art_src\characters\rook\fast_pipeline\motion\candidate_rook_c02_v17_two_bone_chroma_overlap_walk\blender_frames\E\move\22.png'
00:06.078  render           | Saved: 'D:\AI 종합 폴더\Games\Sable-circuit\art_src\characters\rook\fast_pipeline\motion\candidate_rook_c02_v17_two_bone_chroma_overlap_walk\blender_frames\E\move\23.png'
00:06.234  render           | Saved: 'D:\AI 종합 폴더\Games\Sable-circuit\art_src\characters\rook\fast_pipeline\motion\candidate_rook_c02_v17_two_bone_chroma_overlap_walk\blender_frames\E\fire\00.png'
00:06.359  render           | Saved: 'D:\AI 종합 폴더\Games\Sable-circuit\art_src\characters\rook\fast_pipeline\motion\candidate_rook_c02_v17_two_bone_chroma_overlap_walk\blender_frames\E\fire\01.png'
00:06.484  render           | Saved: 'D:\AI 종합 폴더\Games\Sable-circuit\art_src\characters\rook\fast_pipeline\motion\candidate_rook_c02_v17_two_bone_chroma_overlap_walk\blender_frames\E\fire\02.png'
00:06.625  render           | Saved: 'D:\AI 종합 폴더\Games\Sable-circuit\art_src\characters\rook\fast_pipeline\motion\candidate_rook_c02_v17_two_bone_chroma_overlap_walk\blender_frames\E\fire\03.png'
00:06.750  render           | Saved: 'D:\AI 종합 폴더\Games\Sable-circuit\art_src\characters\rook\fast_pipeline\motion\candidate_rook_c02_v17_two_bone_chroma_overlap_walk\blender_frames\E\fire\04.png'
00:06.891  render           | Saved: 'D:\AI 종합 폴더\Games\Sable-circuit\art_src\characters\rook\fast_pipeline\motion\candidate_rook_c02_v17_two_bone_chroma_overlap_walk\blender_frames\E\fire\05.png'
00:07.234  render           | Saved: 'D:\AI 종합 폴더\Games\Sable-circuit\art_src\characters\rook\fast_pipeline\motion\candidate_rook_c02_v17_two_bone_chroma_overlap_walk\blender_frames\SE\idle\00.png'
00:07.375  render           | Saved: 'D:\AI 종합 폴더\Games\Sable-circuit\art_src\characters\rook\fast_pipeline\motion\candidate_rook_c02_v17_two_bone_chroma_overlap_walk\blender_frames\SE\idle\01.png'
00:07.516  render           | Saved: 'D:\AI 종합 폴더\Games\Sable-circuit\art_src\characters\rook\fast_pipeline\motion\candidate_rook_c02_v17_two_bone_chroma_overlap_walk\blender_frames\SE\idle\02.png'
00:07.656  render           | Saved: 'D:\AI 종합 폴더\Games\Sable-circuit\art_src\characters\rook\fast_pipeline\motion\candidate_rook_c02_v17_two_bone_chroma_overlap_walk\blender_frames\SE\idle\03.png'
00:07.859  render           | Saved: 'D:\AI 종합 폴더\Games\Sable-circuit\art_src\characters\rook\fast_pipeline\motion\candidate_rook_c02_v17_two_bone_chroma_overlap_walk\blender_frames\SE\move\00.png'
00:08.078  render           | Saved: 'D:\AI 종합 폴더\Games\Sable-circuit\art_src\characters\rook\fast_pipeline\motion\candidate_rook_c02_v17_two_bone_chroma_overlap_walk\blender_frames\SE\move\01.png'
00:08.234  render           | Saved: 'D:\AI 종합 폴더\Games\Sable-circuit\art_src\characters\rook\fast_pipeline\motion\candidate_rook_c02_v17_two_bone_chroma_overlap_walk\blender_frames\SE\move\02.png'
00:08.391  render           | Saved: 'D:\AI 종합 폴더\Games\Sable-circuit\art_src\characters\rook\fast_pipeline\motion\candidate_rook_c02_v17_two_bone_chroma_overlap_walk\blender_frames\SE\move\03.png'
00:08.531  render           | Saved: 'D:\AI 종합 폴더\Games\Sable-circuit\art_src\characters\rook\fast_pipeline\motion\candidate_rook_c02_v17_two_bone_chroma_overlap_walk\blender_frames\SE\move\04.png'
00:08.672  render           | Saved: 'D:\AI 종합 폴더\Games\Sable-circuit\art_src\characters\rook\fast_pipeline\motion\candidate_rook_c02_v17_two_bone_chroma_overlap_walk\blender_frames\SE\move\05.png'
00:08.813  render           | Saved: 'D:\AI 종합 폴더\Games\Sable-circuit\art_src\characters\rook\fast_pipeline\motion\candidate_rook_c02_v17_two_bone_chroma_overlap_walk\blender_frames\SE\move\06.png'
00:08.953  render           | Saved: 'D:\AI 종합 폴더\Games\Sable-circuit\art_src\characters\rook\fast_pipeline\motion\candidate_rook_c02_v17_two_bone_chroma_overlap_walk\blender_frames\SE\move\07.png'
00:09.094  render           | Saved: 'D:\AI 종합 폴더\Games\Sable-circuit\art_src\characters\rook\fast_pipeline\motion\candidate_rook_c02_v17_two_bone_chroma_overlap_walk\blender_frames\SE\move\08.png'
00:09.281  render           | Saved: 'D:\AI 종합 폴더\Games\Sable-circuit\art_src\characters\rook\fast_pipeline\motion\candidate_rook_c02_v17_two_bone_chroma_overlap_walk\blender_frames\SE\move\09.png'
00:09.422  render           | Saved: 'D:\AI 종합 폴더\Games\Sable-circuit\art_src\characters\rook\fast_pipeline\motion\candidate_rook_c02_v17_two_bone_chroma_overlap_walk\blender_frames\SE\move\10.png'
00:09.563  render           | Saved: 'D:\AI 종합 폴더\Games\Sable-circuit\art_src\characters\rook\fast_pipeline\motion\candidate_rook_c02_v17_two_bone_chroma_overlap_walk\blender_frames\SE\move\11.png'
00:09.703  render           | Saved: 'D:\AI 종합 폴더\Games\Sable-circuit\art_src\characters\rook\fast_pipeline\motion\candidate_rook_c02_v17_two_bone_chroma_overlap_walk\blender_frames\SE\move\12.png'
00:09.828  render           | Saved: 'D:\AI 종합 폴더\Games\Sable-circuit\art_src\characters\rook\fast_pipeline\motion\candidate_rook_c02_v17_two_bone_chroma_overlap_walk\blender_frames\SE\move\13.png'
00:09.953  render           | Saved: 'D:\AI 종합 폴더\Games\Sable-circuit\art_src\characters\rook\fast_pipeline\motion\candidate_rook_c02_v17_two_bone_chroma_overlap_walk\blender_frames\SE\move\14.png'
00:10.094  render           | Saved: 'D:\AI 종합 폴더\Games\Sable-circuit\art_src\characters\rook\fast_pipeline\motion\candidate_rook_c02_v17_two_bone_chroma_overlap_walk\blender_frames\SE\move\15.png'
00:10.219  render           | Saved: 'D:\AI 종합 폴더\Games\Sable-circuit\art_src\characters\rook\fast_pipeline\motion\candidate_rook_c02_v17_two_bone_chroma_overlap_walk\blender_frames\SE\move\16.png'
00:10.359  render           | Saved: 'D:\AI 종합 폴더\Games\Sable-circuit\art_src\characters\rook\fast_pipeline\motion\candidate_rook_c02_v17_two_bone_chroma_overlap_walk\blender_frames\SE\move\17.png'
00:10.500  render           | Saved: 'D:\AI 종합 폴더\Games\Sable-circuit\art_src\characters\rook\fast_pipeline\motion\candidate_rook_c02_v17_two_bone_chroma_overlap_walk\blender_frames\SE\move\18.png'
00:10.641  render           | Saved: 'D:\AI 종합 폴더\Games\Sable-circuit\art_src\characters\rook\fast_pipeline\motion\candidate_rook_c02_v17_two_bone_chroma_overlap_walk\blender_frames\SE\move\19.png'
00:10.813  render           | Saved: 'D:\AI 종합 폴더\Games\Sable-circuit\art_src\characters\rook\fast_pipeline\motion\candidate_rook_c02_v17_two_bone_chroma_overlap_walk\blender_frames\SE\move\20.png'
00:10.938  render           | Saved: 'D:\AI 종합 폴더\Games\Sable-circuit\art_src\characters\rook\fast_pipeline\motion\candidate_rook_c02_v17_two_bone_chroma_overlap_walk\blender_frames\SE\move\21.png'
00:11.094  render           | Saved: 'D:\AI 종합 폴더\Games\Sable-circuit\art_src\characters\rook\fast_pipeline\motion\candidate_rook_c02_v17_two_bone_chroma_overlap_walk\blender_frames\SE\move\22.png'
00:11.250  render           | Saved: 'D:\AI 종합 폴더\Games\Sable-circuit\art_src\characters\rook\fast_pipeline\motion\candidate_rook_c02_v17_two_bone_chroma_overlap_walk\blender_frames\SE\move\23.png'
00:11.391  render           | Saved: 'D:\AI 종합 폴더\Games\Sable-circuit\art_src\characters\rook\fast_pipeline\motion\candidate_rook_c02_v17_two_bone_chroma_overlap_walk\blender_frames\SE\fire\00.png'
00:11.516  render           | Saved: 'D:\AI 종합 폴더\Games\Sable-circuit\art_src\characters\rook\fast_pipeline\motion\candidate_rook_c02_v17_two_bone_chroma_overlap_walk\blender_frames\SE\fire\01.png'
00:11.656  render           | Saved: 'D:\AI 종합 폴더\Games\Sable-circuit\art_src\characters\rook\fast_pipeline\motion\candidate_rook_c02_v17_two_bone_chroma_overlap_walk\blender_frames\SE\fire\02.png'
00:11.781  render           | Saved: 'D:\AI 종합 폴더\Games\Sable-circuit\art_src\characters\rook\fast_pipeline\motion\candidate_rook_c02_v17_two_bone_chroma_overlap_walk\blender_frames\SE\fire\03.png'
00:11.906  render           | Saved: 'D:\AI 종합 폴더\Games\Sable-circuit\art_src\characters\rook\fast_pipeline\motion\candidate_rook_c02_v17_two_bone_chroma_overlap_walk\blender_frames\SE\fire\04.png'
00:12.031  render           | Saved: 'D:\AI 종합 폴더\Games\Sable-circuit\art_src\characters\rook\fast_pipeline\motion\candidate_rook_c02_v17_two_bone_chroma_overlap_walk\blender_frames\SE\fire\05.png'
00:12.359  render           | Saved: 'D:\AI 종합 폴더\Games\Sable-circuit\art_src\characters\rook\fast_pipeline\motion\candidate_rook_c02_v17_two_bone_chroma_overlap_walk\blender_frames\S\idle\00.png'
00:12.484  render           | Saved: 'D:\AI 종합 폴더\Games\Sable-circuit\art_src\characters\rook\fast_pipeline\motion\candidate_rook_c02_v17_two_bone_chroma_overlap_walk\blender_frames\S\idle\01.png'
00:12.625  render           | Saved: 'D:\AI 종합 폴더\Games\Sable-circuit\art_src\characters\rook\fast_pipeline\motion\candidate_rook_c02_v17_two_bone_chroma_overlap_walk\blender_frames\S\idle\02.png'
00:12.750  render           | Saved: 'D:\AI 종합 폴더\Games\Sable-circuit\art_src\characters\rook\fast_pipeline\motion\candidate_rook_c02_v17_two_bone_chroma_overlap_walk\blender_frames\S\idle\03.png'
00:12.906  render           | Saved: 'D:\AI 종합 폴더\Games\Sable-circuit\art_src\characters\rook\fast_pipeline\motion\candidate_rook_c02_v17_two_bone_chroma_overlap_walk\blender_frames\S\move\00.png'
00:13.047  render           | Saved: 'D:\AI 종합 폴더\Games\Sable-circuit\art_src\characters\rook\fast_pipeline\motion\candidate_rook_c02_v17_two_bone_chroma_overlap_walk\blender_frames\S\move\01.png'
00:13.203  render           | Saved: 'D:\AI 종합 폴더\Games\Sable-circuit\art_src\characters\rook\fast_pipeline\motion\candidate_rook_c02_v17_two_bone_chroma_overlap_walk\blender_frames\S\move\02.png'
00:13.344  render           | Saved: 'D:\AI 종합 폴더\Games\Sable-circuit\art_src\characters\rook\fast_pipeline\motion\candidate_rook_c02_v17_two_bone_chroma_overlap_walk\blender_frames\S\move\03.png'
00:13.484  render           | Saved: 'D:\AI 종합 폴더\Games\Sable-circuit\art_src\characters\rook\fast_pipeline\motion\candidate_rook_c02_v17_two_bone_chroma_overlap_walk\blender_frames\S\move\04.png'
00:13.641  render           | Saved: 'D:\AI 종합 폴더\Games\Sable-circuit\art_src\characters\rook\fast_pipeline\motion\candidate_rook_c02_v17_two_bone_chroma_overlap_walk\blender_frames\S\move\05.png'
00:13.781  render           | Saved: 'D:\AI 종합 폴더\Games\Sable-circuit\art_src\characters\rook\fast_pipeline\motion\candidate_rook_c02_v17_two_bone_chroma_overlap_walk\blender_frames\S\move\06.png'
00:13.922  render           | Saved: 'D:\AI 종합 폴더\Games\Sable-circuit\art_src\characters\rook\fast_pipeline\motion\candidate_rook_c02_v17_two_bone_chroma_overlap_walk\blender_frames\S\move\07.png'
00:14.063  render           | Saved: 'D:\AI 종합 폴더\Games\Sable-circuit\art_src\characters\rook\fast_pipeline\motion\candidate_rook_c02_v17_two_bone_chroma_overlap_walk\blender_frames\S\move\08.png'
00:14.266  render           | Saved: 'D:\AI 종합 폴더\Games\Sable-circuit\art_src\characters\rook\fast_pipeline\motion\candidate_rook_c02_v17_two_bone_chroma_overlap_walk\blender_frames\S\move\09.png'
00:14.453  render           | Saved: 'D:\AI 종합 폴더\Games\Sable-circuit\art_src\characters\rook\fast_pipeline\motion\candidate_rook_c02_v17_two_bone_chroma_overlap_walk\blender_frames\S\move\10.png'
00:14.609  render           | Saved: 'D:\AI 종합 폴더\Games\Sable-circuit\art_src\characters\rook\fast_pipeline\motion\candidate_rook_c02_v17_two_bone_chroma_overlap_walk\blender_frames\S\move\11.png'
00:14.766  render           | Saved: 'D:\AI 종합 폴더\Games\Sable-circuit\art_src\characters\rook\fast_pipeline\motion\candidate_rook_c02_v17_two_bone_chroma_overlap_walk\blender_frames\S\move\12.png'
00:14.922  render           | Saved: 'D:\AI 종합 폴더\Games\Sable-circuit\art_src\characters\rook\fast_pipeline\motion\candidate_rook_c02_v17_two_bone_chroma_overlap_walk\blender_frames\S\move\13.png'
00:15.078  render           | Saved: 'D:\AI 종합 폴더\Games\Sable-circuit\art_src\characters\rook\fast_pipeline\motion\candidate_rook_c02_v17_two_bone_chroma_overlap_walk\blender_frames\S\move\14.png'
00:15.219  render           | Saved: 'D:\AI 종합 폴더\Games\Sable-circuit\art_src\characters\rook\fast_pipeline\motion\candidate_rook_c02_v17_two_bone_chroma_overlap_walk\blender_frames\S\move\15.png'
00:15.344  render           | Saved: 'D:\AI 종합 폴더\Games\Sable-circuit\art_src\characters\rook\fast_pipeline\motion\candidate_rook_c02_v17_two_bone_chroma_overlap_walk\blender_frames\S\move\16.png'
00:15.484  render           | Saved: 'D:\AI 종합 폴더\Games\Sable-circuit\art_src\characters\rook\fast_pipeline\motion\candidate_rook_c02_v17_two_bone_chroma_overlap_walk\blender_frames\S\move\17.png'
00:15.641  render           | Saved: 'D:\AI 종합 폴더\Games\Sable-circuit\art_src\characters\rook\fast_pipeline\motion\candidate_rook_c02_v17_two_bone_chroma_overlap_walk\blender_frames\S\move\18.png'
00:15.781  render           | Saved: 'D:\AI 종합 폴더\Games\Sable-circuit\art_src\characters\rook\fast_pipeline\motion\candidate_rook_c02_v17_two_bone_chroma_overlap_walk\blender_frames\S\move\19.png'
00:15.906  render           | Saved: 'D:\AI 종합 폴더\Games\Sable-circuit\art_src\characters\rook\fast_pipeline\motion\candidate_rook_c02_v17_two_bone_chroma_overlap_walk\blender_frames\S\move\20.png'
00:16.047  render           | Saved: 'D:\AI 종합 폴더\Games\Sable-circuit\art_src\characters\rook\fast_pipeline\motion\candidate_rook_c02_v17_two_bone_chroma_overlap_walk\blender_frames\S\move\21.png'
00:16.188  render           | Saved: 'D:\AI 종합 폴더\Games\Sable-circuit\art_src\characters\rook\fast_pipeline\motion\candidate_rook_c02_v17_two_bone_chroma_overlap_walk\blender_frames\S\move\22.png'
00:16.328  render           | Saved: 'D:\AI 종합 폴더\Games\Sable-circuit\art_src\characters\rook\fast_pipeline\motion\candidate_rook_c02_v17_two_bone_chroma_overlap_walk\blender_frames\S\move\23.png'
00:16.469  render           | Saved: 'D:\AI 종합 폴더\Games\Sable-circuit\art_src\characters\rook\fast_pipeline\motion\candidate_rook_c02_v17_two_bone_chroma_overlap_walk\blender_frames\S\fire\00.png'
00:16.609  render           | Saved: 'D:\AI 종합 폴더\Games\Sable-circuit\art_src\characters\rook\fast_pipeline\motion\candidate_rook_c02_v17_two_bone_chroma_overlap_walk\blender_frames\S\fire\01.png'
00:16.750  render           | Saved: 'D:\AI 종합 폴더\Games\Sable-circuit\art_src\characters\rook\fast_pipeline\motion\candidate_rook_c02_v17_two_bone_chroma_overlap_walk\blender_frames\S\fire\02.png'
00:16.875  render           | Saved: 'D:\AI 종합 폴더\Games\Sable-circuit\art_src\characters\rook\fast_pipeline\motion\candidate_rook_c02_v17_two_bone_chroma_overlap_walk\blender_frames\S\fire\03.png'
00:17.000  render           | Saved: 'D:\AI 종합 폴더\Games\Sable-circuit\art_src\characters\rook\fast_pipeline\motion\candidate_rook_c02_v17_two_bone_chroma_overlap_walk\blender_frames\S\fire\04.png'
00:17.156  render           | Saved: 'D:\AI 종합 폴더\Games\Sable-circuit\art_src\characters\rook\fast_pipeline\motion\candidate_rook_c02_v17_two_bone_chroma_overlap_walk\blender_frames\S\fire\05.png'
00:17.484  render           | Saved: 'D:\AI 종합 폴더\Games\Sable-circuit\art_src\characters\rook\fast_pipeline\motion\candidate_rook_c02_v17_two_bone_chroma_overlap_walk\blender_frames\SW\idle\00.png'
00:17.625  render           | Saved: 'D:\AI 종합 폴더\Games\Sable-circuit\art_src\characters\rook\fast_pipeline\motion\candidate_rook_c02_v17_two_bone_chroma_overlap_walk\blender_frames\SW\idle\01.png'
00:17.750  render           | Saved: 'D:\AI 종합 폴더\Games\Sable-circuit\art_src\characters\rook\fast_pipeline\motion\candidate_rook_c02_v17_two_bone_chroma_overlap_walk\blender_frames\SW\idle\02.png'
00:17.891  render           | Saved: 'D:\AI 종합 폴더\Games\Sable-circuit\art_src\characters\rook\fast_pipeline\motion\candidate_rook_c02_v17_two_bone_chroma_overlap_walk\blender_frames\SW\idle\03.png'
00:18.031  render           | Saved: 'D:\AI 종합 폴더\Games\Sable-circuit\art_src\characters\rook\fast_pipeline\motion\candidate_rook_c02_v17_two_bone_chroma_overlap_walk\blender_frames\SW\move\00.png'
00:18.188  render           | Saved: 'D:\AI 종합 폴더\Games\Sable-circuit\art_src\characters\rook\fast_pipeline\motion\candidate_rook_c02_v17_two_bone_chroma_overlap_walk\blender_frames\SW\move\01.png'
00:18.328  render           | Saved: 'D:\AI 종합 폴더\Games\Sable-circuit\art_src\characters\rook\fast_pipeline\motion\candidate_rook_c02_v17_two_bone_chroma_overlap_walk\blender_frames\SW\move\02.png'
00:18.453  render           | Saved: 'D:\AI 종합 폴더\Games\Sable-circuit\art_src\characters\rook\fast_pipeline\motion\candidate_rook_c02_v17_two_bone_chroma_overlap_walk\blender_frames\SW\move\03.png'
00:18.578  render           | Saved: 'D:\AI 종합 폴더\Games\Sable-circuit\art_src\characters\rook\fast_pipeline\motion\candidate_rook_c02_v17_two_bone_chroma_overlap_walk\blender_frames\SW\move\04.png'
00:18.750  render           | Saved: 'D:\AI 종합 폴더\Games\Sable-circuit\art_src\characters\rook\fast_pipeline\motion\candidate_rook_c02_v17_two_bone_chroma_overlap_walk\blender_frames\SW\move\05.png'
00:18.906  render           | Saved: 'D:\AI 종합 폴더\Games\Sable-circuit\art_src\characters\rook\fast_pipeline\motion\candidate_rook_c02_v17_two_bone_chroma_overlap_walk\blender_frames\SW\move\06.png'
00:19.031  render           | Saved: 'D:\AI 종합 폴더\Games\Sable-circuit\art_src\characters\rook\fast_pipeline\motion\candidate_rook_c02_v17_two_bone_chroma_overlap_walk\blender_frames\SW\move\07.png'
00:19.172  render           | Saved: 'D:\AI 종합 폴더\Games\Sable-circuit\art_src\characters\rook\fast_pipeline\motion\candidate_rook_c02_v17_two_bone_chroma_overlap_walk\blender_frames\SW\move\08.png'
00:19.313  render           | Saved: 'D:\AI 종합 폴더\Games\Sable-circuit\art_src\characters\rook\fast_pipeline\motion\candidate_rook_c02_v17_two_bone_chroma_overlap_walk\blender_frames\SW\move\09.png'
00:19.453  render           | Saved: 'D:\AI 종합 폴더\Games\Sable-circuit\art_src\characters\rook\fast_pipeline\motion\candidate_rook_c02_v17_two_bone_chroma_overlap_walk\blender_frames\SW\move\10.png'
00:19.578  render           | Saved: 'D:\AI 종합 폴더\Games\Sable-circuit\art_src\characters\rook\fast_pipeline\motion\candidate_rook_c02_v17_two_bone_chroma_overlap_walk\blender_frames\SW\move\11.png'
00:19.719  render           | Saved: 'D:\AI 종합 폴더\Games\Sable-circuit\art_src\characters\rook\fast_pipeline\motion\candidate_rook_c02_v17_two_bone_chroma_overlap_walk\blender_frames\SW\move\12.png'
00:19.859  render           | Saved: 'D:\AI 종합 폴더\Games\Sable-circuit\art_src\characters\rook\fast_pipeline\motion\candidate_rook_c02_v17_two_bone_chroma_overlap_walk\blender_frames\SW\move\13.png'
00:20.016  render           | Saved: 'D:\AI 종합 폴더\Games\Sable-circuit\art_src\characters\rook\fast_pipeline\motion\candidate_rook_c02_v17_two_bone_chroma_overlap_walk\blender_frames\SW\move\14.png'
00:20.172  render           | Saved: 'D:\AI 종합 폴더\Games\Sable-circuit\art_src\characters\rook\fast_pipeline\motion\candidate_rook_c02_v17_two_bone_chroma_overlap_walk\blender_frames\SW\move\15.png'
00:20.297  render           | Saved: 'D:\AI 종합 폴더\Games\Sable-circuit\art_src\characters\rook\fast_pipeline\motion\candidate_rook_c02_v17_two_bone_chroma_overlap_walk\blender_frames\SW\move\16.png'
00:20.453  render           | Saved: 'D:\AI 종합 폴더\Games\Sable-circuit\art_src\characters\rook\fast_pipeline\motion\candidate_rook_c02_v17_two_bone_chroma_overlap_walk\blender_frames\SW\move\17.png'
00:20.594  render           | Saved: 'D:\AI 종합 폴더\Games\Sable-circuit\art_src\characters\rook\fast_pipeline\motion\candidate_rook_c02_v17_two_bone_chroma_overlap_walk\blender_frames\SW\move\18.png'
00:20.734  render           | Saved: 'D:\AI 종합 폴더\Games\Sable-circuit\art_src\characters\rook\fast_pipeline\motion\candidate_rook_c02_v17_two_bone_chroma_overlap_walk\blender_frames\SW\move\19.png'
00:20.875  render           | Saved: 'D:\AI 종합 폴더\Games\Sable-circuit\art_src\characters\rook\fast_pipeline\motion\candidate_rook_c02_v17_two_bone_chroma_overlap_walk\blender_frames\SW\move\20.png'
00:21.016  render           | Saved: 'D:\AI 종합 폴더\Games\Sable-circuit\art_src\characters\rook\fast_pipeline\motion\candidate_rook_c02_v17_two_bone_chroma_overlap_walk\blender_frames\SW\move\21.png'
00:21.188  render           | Saved: 'D:\AI 종합 폴더\Games\Sable-circuit\art_src\characters\rook\fast_pipeline\motion\candidate_rook_c02_v17_two_bone_chroma_overlap_walk\blender_frames\SW\move\22.png'
00:21.344  render           | Saved: 'D:\AI 종합 폴더\Games\Sable-circuit\art_src\characters\rook\fast_pipeline\motion\candidate_rook_c02_v17_two_bone_chroma_overlap_walk\blender_frames\SW\move\23.png'
00:21.484  render           | Saved: 'D:\AI 종합 폴더\Games\Sable-circuit\art_src\characters\rook\fast_pipeline\motion\candidate_rook_c02_v17_two_bone_chroma_overlap_walk\blender_frames\SW\fire\00.png'
00:21.625  render           | Saved: 'D:\AI 종합 폴더\Games\Sable-circuit\art_src\characters\rook\fast_pipeline\motion\candidate_rook_c02_v17_two_bone_chroma_overlap_walk\blender_frames\SW\fire\01.png'
00:21.781  render           | Saved: 'D:\AI 종합 폴더\Games\Sable-circuit\art_src\characters\rook\fast_pipeline\motion\candidate_rook_c02_v17_two_bone_chroma_overlap_walk\blender_frames\SW\fire\02.png'
00:21.906  render           | Saved: 'D:\AI 종합 폴더\Games\Sable-circuit\art_src\characters\rook\fast_pipeline\motion\candidate_rook_c02_v17_two_bone_chroma_overlap_walk\blender_frames\SW\fire\03.png'
00:22.063  render           | Saved: 'D:\AI 종합 폴더\Games\Sable-circuit\art_src\characters\rook\fast_pipeline\motion\candidate_rook_c02_v17_two_bone_chroma_overlap_walk\blender_frames\SW\fire\04.png'
00:22.203  render           | Saved: 'D:\AI 종합 폴더\Games\Sable-circuit\art_src\characters\rook\fast_pipeline\motion\candidate_rook_c02_v17_two_bone_chroma_overlap_walk\blender_frames\SW\fire\05.png'
00:22.547  render           | Saved: 'D:\AI 종합 폴더\Games\Sable-circuit\art_src\characters\rook\fast_pipeline\motion\candidate_rook_c02_v17_two_bone_chroma_overlap_walk\blender_frames\W\idle\00.png'
00:22.688  render           | Saved: 'D:\AI 종합 폴더\Games\Sable-circuit\art_src\characters\rook\fast_pipeline\motion\candidate_rook_c02_v17_two_bone_chroma_overlap_walk\blender_frames\W\idle\01.png'
00:22.813  render           | Saved: 'D:\AI 종합 폴더\Games\Sable-circuit\art_src\characters\rook\fast_pipeline\motion\candidate_rook_c02_v17_two_bone_chroma_overlap_walk\blender_frames\W\idle\02.png'
00:22.953  render           | Saved: 'D:\AI 종합 폴더\Games\Sable-circuit\art_src\characters\rook\fast_pipeline\motion\candidate_rook_c02_v17_two_bone_chroma_overlap_walk\blender_frames\W\idle\03.png'
00:23.141  render           | Saved: 'D:\AI 종합 폴더\Games\Sable-circuit\art_src\characters\rook\fast_pipeline\motion\candidate_rook_c02_v17_two_bone_chroma_overlap_walk\blender_frames\W\move\00.png'
00:23.313  render           | Saved: 'D:\AI 종합 폴더\Games\Sable-circuit\art_src\characters\rook\fast_pipeline\motion\candidate_rook_c02_v17_two_bone_chroma_overlap_walk\blender_frames\W\move\01.png'
00:23.453  render           | Saved: 'D:\AI 종합 폴더\Games\Sable-circuit\art_src\characters\rook\fast_pipeline\motion\candidate_rook_c02_v17_two_bone_chroma_overlap_walk\blender_frames\W\move\02.png'
00:23.609  render           | Saved: 'D:\AI 종합 폴더\Games\Sable-circuit\art_src\characters\rook\fast_pipeline\motion\candidate_rook_c02_v17_two_bone_chroma_overlap_walk\blender_frames\W\move\03.png'
00:23.781  render           | Saved: 'D:\AI 종합 폴더\Games\Sable-circuit\art_src\characters\rook\fast_pipeline\motion\candidate_rook_c02_v17_two_bone_chroma_overlap_walk\blender_frames\W\move\04.png'
00:23.906  render           | Saved: 'D:\AI 종합 폴더\Games\Sable-circuit\art_src\characters\rook\fast_pipeline\motion\candidate_rook_c02_v17_two_bone_chroma_overlap_walk\blender_frames\W\move\05.png'
00:24.047  render           | Saved: 'D:\AI 종합 폴더\Games\Sable-circuit\art_src\characters\rook\fast_pipeline\motion\candidate_rook_c02_v17_two_bone_chroma_overlap_walk\blender_frames\W\move\06.png'
00:24.188  render           | Saved: 'D:\AI 종합 폴더\Games\Sable-circuit\art_src\characters\rook\fast_pipeline\motion\candidate_rook_c02_v17_two_bone_chroma_overlap_walk\blender_frames\W\move\07.png'
00:24.328  render           | Saved: 'D:\AI 종합 폴더\Games\Sable-circuit\art_src\characters\rook\fast_pipeline\motion\candidate_rook_c02_v17_two_bone_chroma_overlap_walk\blender_frames\W\move\08.png'
00:24.469  render           | Saved: 'D:\AI 종합 폴더\Games\Sable-circuit\art_src\characters\rook\fast_pipeline\motion\candidate_rook_c02_v17_two_bone_chroma_overlap_walk\blender_frames\W\move\09.png'
00:24.609  render           | Saved: 'D:\AI 종합 폴더\Games\Sable-circuit\art_src\characters\rook\fast_pipeline\motion\candidate_rook_c02_v17_two_bone_chroma_overlap_walk\blender_frames\W\move\10.png'
00:24.750  render           | Saved: 'D:\AI 종합 폴더\Games\Sable-circuit\art_src\characters\rook\fast_pipeline\motion\candidate_rook_c02_v17_two_bone_chroma_overlap_walk\blender_frames\W\move\11.png'
00:24.891  render           | Saved: 'D:\AI 종합 폴더\Games\Sable-circuit\art_src\characters\rook\fast_pipeline\motion\candidate_rook_c02_v17_two_bone_chroma_overlap_walk\blender_frames\W\move\12.png'
00:25.047  render           | Saved: 'D:\AI 종합 폴더\Games\Sable-circuit\art_src\characters\rook\fast_pipeline\motion\candidate_rook_c02_v17_two_bone_chroma_overlap_walk\blender_frames\W\move\13.png'
00:25.219  render           | Saved: 'D:\AI 종합 폴더\Games\Sable-circuit\art_src\characters\rook\fast_pipeline\motion\candidate_rook_c02_v17_two_bone_chroma_overlap_walk\blender_frames\W\move\14.png'
00:25.406  render           | Saved: 'D:\AI 종합 폴더\Games\Sable-circuit\art_src\characters\rook\fast_pipeline\motion\candidate_rook_c02_v17_two_bone_chroma_overlap_walk\blender_frames\W\move\15.png'
00:25.563  render           | Saved: 'D:\AI 종합 폴더\Games\Sable-circuit\art_src\characters\rook\fast_pipeline\motion\candidate_rook_c02_v17_two_bone_chroma_overlap_walk\blender_frames\W\move\16.png'
00:25.734  render           | Saved: 'D:\AI 종합 폴더\Games\Sable-circuit\art_src\characters\rook\fast_pipeline\motion\candidate_rook_c02_v17_two_bone_chroma_overlap_walk\blender_frames\W\move\17.png'
00:25.891  render           | Saved: 'D:\AI 종합 폴더\Games\Sable-circuit\art_src\characters\rook\fast_pipeline\motion\candidate_rook_c02_v17_two_bone_chroma_overlap_walk\blender_frames\W\move\18.png'
00:26.047  render           | Saved: 'D:\AI 종합 폴더\Games\Sable-circuit\art_src\characters\rook\fast_pipeline\motion\candidate_rook_c02_v17_two_bone_chroma_overlap_walk\blender_frames\W\move\19.png'
00:26.266  render           | Saved: 'D:\AI 종합 폴더\Games\Sable-circuit\art_src\characters\rook\fast_pipeline\motion\candidate_rook_c02_v17_two_bone_chroma_overlap_walk\blender_frames\W\move\20.png'
00:26.438  render           | Saved: 'D:\AI 종합 폴더\Games\Sable-circuit\art_src\characters\rook\fast_pipeline\motion\candidate_rook_c02_v17_two_bone_chroma_overlap_walk\blender_frames\W\move\21.png'
00:26.625  render           | Saved: 'D:\AI 종합 폴더\Games\Sable-circuit\art_src\characters\rook\fast_pipeline\motion\candidate_rook_c02_v17_two_bone_chroma_overlap_walk\blender_frames\W\move\22.png'
00:26.813  render           | Saved: 'D:\AI 종합 폴더\Games\Sable-circuit\art_src\characters\rook\fast_pipeline\motion\candidate_rook_c02_v17_two_bone_chroma_overlap_walk\blender_frames\W\move\23.png'
00:26.969  render           | Saved: 'D:\AI 종합 폴더\Games\Sable-circuit\art_src\characters\rook\fast_pipeline\motion\candidate_rook_c02_v17_two_bone_chroma_overlap_walk\blender_frames\W\fire\00.png'
00:27.125  render           | Saved: 'D:\AI 종합 폴더\Games\Sable-circuit\art_src\characters\rook\fast_pipeline\motion\candidate_rook_c02_v17_two_bone_chroma_overlap_walk\blender_frames\W\fire\01.png'
00:27.250  render           | Saved: 'D:\AI 종합 폴더\Games\Sable-circuit\art_src\characters\rook\fast_pipeline\motion\candidate_rook_c02_v17_two_bone_chroma_overlap_walk\blender_frames\W\fire\02.png'
00:27.375  render           | Saved: 'D:\AI 종합 폴더\Games\Sable-circuit\art_src\characters\rook\fast_pipeline\motion\candidate_rook_c02_v17_two_bone_chroma_overlap_walk\blender_frames\W\fire\03.png'
00:27.500  render           | Saved: 'D:\AI 종합 폴더\Games\Sable-circuit\art_src\characters\rook\fast_pipeline\motion\candidate_rook_c02_v17_two_bone_chroma_overlap_walk\blender_frames\W\fire\04.png'
00:27.625  render           | Saved: 'D:\AI 종합 폴더\Games\Sable-circuit\art_src\characters\rook\fast_pipeline\motion\candidate_rook_c02_v17_two_bone_chroma_overlap_walk\blender_frames\W\fire\05.png'
00:27.938  render           | Saved: 'D:\AI 종합 폴더\Games\Sable-circuit\art_src\characters\rook\fast_pipeline\motion\candidate_rook_c02_v17_two_bone_chroma_overlap_walk\blender_frames\NW\idle\00.png'
00:28.047  render           | Saved: 'D:\AI 종합 폴더\Games\Sable-circuit\art_src\characters\rook\fast_pipeline\motion\candidate_rook_c02_v17_two_bone_chroma_overlap_walk\blender_frames\NW\idle\01.png'
00:28.172  render           | Saved: 'D:\AI 종합 폴더\Games\Sable-circuit\art_src\characters\rook\fast_pipeline\motion\candidate_rook_c02_v17_two_bone_chroma_overlap_walk\blender_frames\NW\idle\02.png'
00:28.297  render           | Saved: 'D:\AI 종합 폴더\Games\Sable-circuit\art_src\characters\rook\fast_pipeline\motion\candidate_rook_c02_v17_two_bone_chroma_overlap_walk\blender_frames\NW\idle\03.png'
00:28.453  render           | Saved: 'D:\AI 종합 폴더\Games\Sable-circuit\art_src\characters\rook\fast_pipeline\motion\candidate_rook_c02_v17_two_bone_chroma_overlap_walk\blender_frames\NW\move\00.png'
00:28.609  render           | Saved: 'D:\AI 종합 폴더\Games\Sable-circuit\art_src\characters\rook\fast_pipeline\motion\candidate_rook_c02_v17_two_bone_chroma_overlap_walk\blender_frames\NW\move\01.png'
00:28.750  render           | Saved: 'D:\AI 종합 폴더\Games\Sable-circuit\art_src\characters\rook\fast_pipeline\motion\candidate_rook_c02_v17_two_bone_chroma_overlap_walk\blender_frames\NW\move\02.png'
00:28.891  render           | Saved: 'D:\AI 종합 폴더\Games\Sable-circuit\art_src\characters\rook\fast_pipeline\motion\candidate_rook_c02_v17_two_bone_chroma_overlap_walk\blender_frames\NW\move\03.png'
00:29.016  render           | Saved: 'D:\AI 종합 폴더\Games\Sable-circuit\art_src\characters\rook\fast_pipeline\motion\candidate_rook_c02_v17_two_bone_chroma_overlap_walk\blender_frames\NW\move\04.png'
00:29.172  render           | Saved: 'D:\AI 종합 폴더\Games\Sable-circuit\art_src\characters\rook\fast_pipeline\motion\candidate_rook_c02_v17_two_bone_chroma_overlap_walk\blender_frames\NW\move\05.png'
00:29.297  render           | Saved: 'D:\AI 종합 폴더\Games\Sable-circuit\art_src\characters\rook\fast_pipeline\motion\candidate_rook_c02_v17_two_bone_chroma_overlap_walk\blender_frames\NW\move\06.png'
00:29.438  render           | Saved: 'D:\AI 종합 폴더\Games\Sable-circuit\art_src\characters\rook\fast_pipeline\motion\candidate_rook_c02_v17_two_bone_chroma_overlap_walk\blender_frames\NW\move\07.png'
00:29.578  render           | Saved: 'D:\AI 종합 폴더\Games\Sable-circuit\art_src\characters\rook\fast_pipeline\motion\candidate_rook_c02_v17_two_bone_chroma_overlap_walk\blender_frames\NW\move\08.png'
00:29.750  render           | Saved: 'D:\AI 종합 폴더\Games\Sable-circuit\art_src\characters\rook\fast_pipeline\motion\candidate_rook_c02_v17_two_bone_chroma_overlap_walk\blender_frames\NW\move\09.png'
00:29.969  render           | Saved: 'D:\AI 종합 폴더\Games\Sable-circuit\art_src\characters\rook\fast_pipeline\motion\candidate_rook_c02_v17_two_bone_chroma_overlap_walk\blender_frames\NW\move\10.png'
00:30.109  render           | Saved: 'D:\AI 종합 폴더\Games\Sable-circuit\art_src\characters\rook\fast_pipeline\motion\candidate_rook_c02_v17_two_bone_chroma_overlap_walk\blender_frames\NW\move\11.png'
00:30.266  render           | Saved: 'D:\AI 종합 폴더\Games\Sable-circuit\art_src\characters\rook\fast_pipeline\motion\candidate_rook_c02_v17_two_bone_chroma_overlap_walk\blender_frames\NW\move\12.png'
00:30.391  render           | Saved: 'D:\AI 종합 폴더\Games\Sable-circuit\art_src\characters\rook\fast_pipeline\motion\candidate_rook_c02_v17_two_bone_chroma_overlap_walk\blender_frames\NW\move\13.png'
00:30.516  render           | Saved: 'D:\AI 종합 폴더\Games\Sable-circuit\art_src\characters\rook\fast_pipeline\motion\candidate_rook_c02_v17_two_bone_chroma_overlap_walk\blender_frames\NW\move\14.png'
00:30.641  render           | Saved: 'D:\AI 종합 폴더\Games\Sable-circuit\art_src\characters\rook\fast_pipeline\motion\candidate_rook_c02_v17_two_bone_chroma_overlap_walk\blender_frames\NW\move\15.png'
00:30.781  render           | Saved: 'D:\AI 종합 폴더\Games\Sable-circuit\art_src\characters\rook\fast_pipeline\motion\candidate_rook_c02_v17_two_bone_chroma_overlap_walk\blender_frames\NW\move\16.png'
00:30.906  render           | Saved: 'D:\AI 종합 폴더\Games\Sable-circuit\art_src\characters\rook\fast_pipeline\motion\candidate_rook_c02_v17_two_bone_chroma_overlap_walk\blender_frames\NW\move\17.png'
00:31.031  render           | Saved: 'D:\AI 종합 폴더\Games\Sable-circuit\art_src\characters\rook\fast_pipeline\motion\candidate_rook_c02_v17_two_bone_chroma_overlap_walk\blender_frames\NW\move\18.png'
00:31.172  render           | Saved: 'D:\AI 종합 폴더\Games\Sable-circuit\art_src\characters\rook\fast_pipeline\motion\candidate_rook_c02_v17_two_bone_chroma_overlap_walk\blender_frames\NW\move\19.png'
00:31.313  render           | Saved: 'D:\AI 종합 폴더\Games\Sable-circuit\art_src\characters\rook\fast_pipeline\motion\candidate_rook_c02_v17_two_bone_chroma_overlap_walk\blender_frames\NW\move\20.png'
00:31.438  render           | Saved: 'D:\AI 종합 폴더\Games\Sable-circuit\art_src\characters\rook\fast_pipeline\motion\candidate_rook_c02_v17_two_bone_chroma_overlap_walk\blender_frames\NW\move\21.png'
00:31.578  render           | Saved: 'D:\AI 종합 폴더\Games\Sable-circuit\art_src\characters\rook\fast_pipeline\motion\candidate_rook_c02_v17_two_bone_chroma_overlap_walk\blender_frames\NW\move\22.png'
00:31.719  render           | Saved: 'D:\AI 종합 폴더\Games\Sable-circuit\art_src\characters\rook\fast_pipeline\motion\candidate_rook_c02_v17_two_bone_chroma_overlap_walk\blender_frames\NW\move\23.png'
00:31.859  render           | Saved: 'D:\AI 종합 폴더\Games\Sable-circuit\art_src\characters\rook\fast_pipeline\motion\candidate_rook_c02_v17_two_bone_chroma_overlap_walk\blender_frames\NW\fire\00.png'
00:31.984  render           | Saved: 'D:\AI 종합 폴더\Games\Sable-circuit\art_src\characters\rook\fast_pipeline\motion\candidate_rook_c02_v17_two_bone_chroma_overlap_walk\blender_frames\NW\fire\01.png'
00:32.125  render           | Saved: 'D:\AI 종합 폴더\Games\Sable-circuit\art_src\characters\rook\fast_pipeline\motion\candidate_rook_c02_v17_two_bone_chroma_overlap_walk\blender_frames\NW\fire\02.png'
00:32.250  render           | Saved: 'D:\AI 종합 폴더\Games\Sable-circuit\art_src\characters\rook\fast_pipeline\motion\candidate_rook_c02_v17_two_bone_chroma_overlap_walk\blender_frames\NW\fire\03.png'
00:32.375  render           | Saved: 'D:\AI 종합 폴더\Games\Sable-circuit\art_src\characters\rook\fast_pipeline\motion\candidate_rook_c02_v17_two_bone_chroma_overlap_walk\blender_frames\NW\fire\04.png'
00:32.500  render           | Saved: 'D:\AI 종합 폴더\Games\Sable-circuit\art_src\characters\rook\fast_pipeline\motion\candidate_rook_c02_v17_two_bone_chroma_overlap_walk\blender_frames\NW\fire\05.png'
00:32.797  render           | Saved: 'D:\AI 종합 폴더\Games\Sable-circuit\art_src\characters\rook\fast_pipeline\motion\candidate_rook_c02_v17_two_bone_chroma_overlap_walk\blender_frames\N\idle\00.png'
00:32.922  render           | Saved: 'D:\AI 종합 폴더\Games\Sable-circuit\art_src\characters\rook\fast_pipeline\motion\candidate_rook_c02_v17_two_bone_chroma_overlap_walk\blender_frames\N\idle\01.png'
00:33.047  render           | Saved: 'D:\AI 종합 폴더\Games\Sable-circuit\art_src\characters\rook\fast_pipeline\motion\candidate_rook_c02_v17_two_bone_chroma_overlap_walk\blender_frames\N\idle\02.png'
00:33.172  render           | Saved: 'D:\AI 종합 폴더\Games\Sable-circuit\art_src\characters\rook\fast_pipeline\motion\candidate_rook_c02_v17_two_bone_chroma_overlap_walk\blender_frames\N\idle\03.png'
00:33.328  render           | Saved: 'D:\AI 종합 폴더\Games\Sable-circuit\art_src\characters\rook\fast_pipeline\motion\candidate_rook_c02_v17_two_bone_chroma_overlap_walk\blender_frames\N\move\00.png'
00:33.453  render           | Saved: 'D:\AI 종합 폴더\Games\Sable-circuit\art_src\characters\rook\fast_pipeline\motion\candidate_rook_c02_v17_two_bone_chroma_overlap_walk\blender_frames\N\move\01.png'
00:33.578  render           | Saved: 'D:\AI 종합 폴더\Games\Sable-circuit\art_src\characters\rook\fast_pipeline\motion\candidate_rook_c02_v17_two_bone_chroma_overlap_walk\blender_frames\N\move\02.png'
00:33.719  render           | Saved: 'D:\AI 종합 폴더\Games\Sable-circuit\art_src\characters\rook\fast_pipeline\motion\candidate_rook_c02_v17_two_bone_chroma_overlap_walk\blender_frames\N\move\03.png'
00:33.844  render           | Saved: 'D:\AI 종합 폴더\Games\Sable-circuit\art_src\characters\rook\fast_pipeline\motion\candidate_rook_c02_v17_two_bone_chroma_overlap_walk\blender_frames\N\move\04.png'
00:33.969  render           | Saved: 'D:\AI 종합 폴더\Games\Sable-circuit\art_src\characters\rook\fast_pipeline\motion\candidate_rook_c02_v17_two_bone_chroma_overlap_walk\blender_frames\N\move\05.png'
00:34.109  render           | Saved: 'D:\AI 종합 폴더\Games\Sable-circuit\art_src\characters\rook\fast_pipeline\motion\candidate_rook_c02_v17_two_bone_chroma_overlap_walk\blender_frames\N\move\06.png'
00:34.250  render           | Saved: 'D:\AI 종합 폴더\Games\Sable-circuit\art_src\characters\rook\fast_pipeline\motion\candidate_rook_c02_v17_two_bone_chroma_overlap_walk\blender_frames\N\move\07.png'
00:34.375  render           | Saved: 'D:\AI 종합 폴더\Games\Sable-circuit\art_src\characters\rook\fast_pipeline\motion\candidate_rook_c02_v17_two_bone_chroma_overlap_walk\blender_frames\N\move\08.png'
00:34.531  render           | Saved: 'D:\AI 종합 폴더\Games\Sable-circuit\art_src\characters\rook\fast_pipeline\motion\candidate_rook_c02_v17_two_bone_chroma_overlap_walk\blender_frames\N\move\09.png'
00:34.656  render           | Saved: 'D:\AI 종합 폴더\Games\Sable-circuit\art_src\characters\rook\fast_pipeline\motion\candidate_rook_c02_v17_two_bone_chroma_overlap_walk\blender_frames\N\move\10.png'
00:34.797  render           | Saved: 'D:\AI 종합 폴더\Games\Sable-circuit\art_src\characters\rook\fast_pipeline\motion\candidate_rook_c02_v17_two_bone_chroma_overlap_walk\blender_frames\N\move\11.png'
00:34.938  render           | Saved: 'D:\AI 종합 폴더\Games\Sable-circuit\art_src\characters\rook\fast_pipeline\motion\candidate_rook_c02_v17_two_bone_chroma_overlap_walk\blender_frames\N\move\12.png'
00:35.094  render           | Saved: 'D:\AI 종합 폴더\Games\Sable-circuit\art_src\characters\rook\fast_pipeline\motion\candidate_rook_c02_v17_two_bone_chroma_overlap_walk\blender_frames\N\move\13.png'
00:35.234  render           | Saved: 'D:\AI 종합 폴더\Games\Sable-circuit\art_src\characters\rook\fast_pipeline\motion\candidate_rook_c02_v17_two_bone_chroma_overlap_walk\blender_frames\N\move\14.png'
00:35.359  render           | Saved: 'D:\AI 종합 폴더\Games\Sable-circuit\art_src\characters\rook\fast_pipeline\motion\candidate_rook_c02_v17_two_bone_chroma_overlap_walk\blender_frames\N\move\15.png'
00:35.500  render           | Saved: 'D:\AI 종합 폴더\Games\Sable-circuit\art_src\characters\rook\fast_pipeline\motion\candidate_rook_c02_v17_two_bone_chroma_overlap_walk\blender_frames\N\move\16.png'
00:35.625  render           | Saved: 'D:\AI 종합 폴더\Games\Sable-circuit\art_src\characters\rook\fast_pipeline\motion\candidate_rook_c02_v17_two_bone_chroma_overlap_walk\blender_frames\N\move\17.png'
00:35.766  render           | Saved: 'D:\AI 종합 폴더\Games\Sable-circuit\art_src\characters\rook\fast_pipeline\motion\candidate_rook_c02_v17_two_bone_chroma_overlap_walk\blender_frames\N\move\18.png'
00:35.906  render           | Saved: 'D:\AI 종합 폴더\Games\Sable-circuit\art_src\characters\rook\fast_pipeline\motion\candidate_rook_c02_v17_two_bone_chroma_overlap_walk\blender_frames\N\move\19.png'
00:36.047  render           | Saved: 'D:\AI 종합 폴더\Games\Sable-circuit\art_src\characters\rook\fast_pipeline\motion\candidate_rook_c02_v17_two_bone_chroma_overlap_walk\blender_frames\N\move\20.png'
00:36.188  render           | Saved: 'D:\AI 종합 폴더\Games\Sable-circuit\art_src\characters\rook\fast_pipeline\motion\candidate_rook_c02_v17_two_bone_chroma_overlap_walk\blender_frames\N\move\21.png'
00:36.313  render           | Saved: 'D:\AI 종합 폴더\Games\Sable-circuit\art_src\characters\rook\fast_pipeline\motion\candidate_rook_c02_v17_two_bone_chroma_overlap_walk\blender_frames\N\move\22.png'
00:36.453  render           | Saved: 'D:\AI 종합 폴더\Games\Sable-circuit\art_src\characters\rook\fast_pipeline\motion\candidate_rook_c02_v17_two_bone_chroma_overlap_walk\blender_frames\N\move\23.png'
00:36.563  render           | Saved: 'D:\AI 종합 폴더\Games\Sable-circuit\art_src\characters\rook\fast_pipeline\motion\candidate_rook_c02_v17_two_bone_chroma_overlap_walk\blender_frames\N\fire\00.png'
00:36.688  render           | Saved: 'D:\AI 종합 폴더\Games\Sable-circuit\art_src\characters\rook\fast_pipeline\motion\candidate_rook_c02_v17_two_bone_chroma_overlap_walk\blender_frames\N\fire\01.png'
00:36.813  render           | Saved: 'D:\AI 종합 폴더\Games\Sable-circuit\art_src\characters\rook\fast_pipeline\motion\candidate_rook_c02_v17_two_bone_chroma_overlap_walk\blender_frames\N\fire\02.png'
00:36.938  render           | Saved: 'D:\AI 종합 폴더\Games\Sable-circuit\art_src\characters\rook\fast_pipeline\motion\candidate_rook_c02_v17_two_bone_chroma_overlap_walk\blender_frames\N\fire\03.png'
00:37.078  render           | Saved: 'D:\AI 종합 폴더\Games\Sable-circuit\art_src\characters\rook\fast_pipeline\motion\candidate_rook_c02_v17_two_bone_chroma_overlap_walk\blender_frames\N\fire\04.png'
00:37.203  render           | Saved: 'D:\AI 종합 폴더\Games\Sable-circuit\art_src\characters\rook\fast_pipeline\motion\candidate_rook_c02_v17_two_bone_chroma_overlap_walk\blender_frames\N\fire\05.png'
00:37.531  render           | Saved: 'D:\AI 종합 폴더\Games\Sable-circuit\art_src\characters\rook\fast_pipeline\motion\candidate_rook_c02_v17_two_bone_chroma_overlap_walk\blender_frames\NE\idle\00.png'
00:37.656  render           | Saved: 'D:\AI 종합 폴더\Games\Sable-circuit\art_src\characters\rook\fast_pipeline\motion\candidate_rook_c02_v17_two_bone_chroma_overlap_walk\blender_frames\NE\idle\01.png'
00:37.828  render           | Saved: 'D:\AI 종합 폴더\Games\Sable-circuit\art_src\characters\rook\fast_pipeline\motion\candidate_rook_c02_v17_two_bone_chroma_overlap_walk\blender_frames\NE\idle\02.png'
00:37.953  render           | Saved: 'D:\AI 종합 폴더\Games\Sable-circuit\art_src\characters\rook\fast_pipeline\motion\candidate_rook_c02_v17_two_bone_chroma_overlap_walk\blender_frames\NE\idle\03.png'
00:38.109  render           | Saved: 'D:\AI 종합 폴더\Games\Sable-circuit\art_src\characters\rook\fast_pipeline\motion\candidate_rook_c02_v17_two_bone_chroma_overlap_walk\blender_frames\NE\move\00.png'
00:38.234  render           | Saved: 'D:\AI 종합 폴더\Games\Sable-circuit\art_src\characters\rook\fast_pipeline\motion\candidate_rook_c02_v17_two_bone_chroma_overlap_walk\blender_frames\NE\move\01.png'
00:38.359  render           | Saved: 'D:\AI 종합 폴더\Games\Sable-circuit\art_src\characters\rook\fast_pipeline\motion\candidate_rook_c02_v17_two_bone_chroma_overlap_walk\blender_frames\NE\move\02.png'
00:38.500  render           | Saved: 'D:\AI 종합 폴더\Games\Sable-circuit\art_src\characters\rook\fast_pipeline\motion\candidate_rook_c02_v17_two_bone_chroma_overlap_walk\blender_frames\NE\move\03.png'
00:38.625  render           | Saved: 'D:\AI 종합 폴더\Games\Sable-circuit\art_src\characters\rook\fast_pipeline\motion\candidate_rook_c02_v17_two_bone_chroma_overlap_walk\blender_frames\NE\move\04.png'
00:38.766  render           | Saved: 'D:\AI 종합 폴더\Games\Sable-circuit\art_src\characters\rook\fast_pipeline\motion\candidate_rook_c02_v17_two_bone_chroma_overlap_walk\blender_frames\NE\move\05.png'
00:38.891  render           | Saved: 'D:\AI 종합 폴더\Games\Sable-circuit\art_src\characters\rook\fast_pipeline\motion\candidate_rook_c02_v17_two_bone_chroma_overlap_walk\blender_frames\NE\move\06.png'
00:39.016  render           | Saved: 'D:\AI 종합 폴더\Games\Sable-circuit\art_src\characters\rook\fast_pipeline\motion\candidate_rook_c02_v17_two_bone_chroma_overlap_walk\blender_frames\NE\move\07.png'
00:39.172  render           | Saved: 'D:\AI 종합 폴더\Games\Sable-circuit\art_src\characters\rook\fast_pipeline\motion\candidate_rook_c02_v17_two_bone_chroma_overlap_walk\blender_frames\NE\move\08.png'
00:39.313  render           | Saved: 'D:\AI 종합 폴더\Games\Sable-circuit\art_src\characters\rook\fast_pipeline\motion\candidate_rook_c02_v17_two_bone_chroma_overlap_walk\blender_frames\NE\move\09.png'
00:39.438  render           | Saved: 'D:\AI 종합 폴더\Games\Sable-circuit\art_src\characters\rook\fast_pipeline\motion\candidate_rook_c02_v17_two_bone_chroma_overlap_walk\blender_frames\NE\move\10.png'
00:39.594  render           | Saved: 'D:\AI 종합 폴더\Games\Sable-circuit\art_src\characters\rook\fast_pipeline\motion\candidate_rook_c02_v17_two_bone_chroma_overlap_walk\blender_frames\NE\move\11.png'
00:39.750  render           | Saved: 'D:\AI 종합 폴더\Games\Sable-circuit\art_src\characters\rook\fast_pipeline\motion\candidate_rook_c02_v17_two_bone_chroma_overlap_walk\blender_frames\NE\move\12.png'
00:39.891  render           | Saved: 'D:\AI 종합 폴더\Games\Sable-circuit\art_src\characters\rook\fast_pipeline\motion\candidate_rook_c02_v17_two_bone_chroma_overlap_walk\blender_frames\NE\move\13.png'
00:40.031  render           | Saved: 'D:\AI 종합 폴더\Games\Sable-circuit\art_src\characters\rook\fast_pipeline\motion\candidate_rook_c02_v17_two_bone_chroma_overlap_walk\blender_frames\NE\move\14.png'
00:40.172  render           | Saved: 'D:\AI 종합 폴더\Games\Sable-circuit\art_src\characters\rook\fast_pipeline\motion\candidate_rook_c02_v17_two_bone_chroma_overlap_walk\blender_frames\NE\move\15.png'
00:40.328  render           | Saved: 'D:\AI 종합 폴더\Games\Sable-circuit\art_src\characters\rook\fast_pipeline\motion\candidate_rook_c02_v17_two_bone_chroma_overlap_walk\blender_frames\NE\move\16.png'
00:40.516  render           | Saved: 'D:\AI 종합 폴더\Games\Sable-circuit\art_src\characters\rook\fast_pipeline\motion\candidate_rook_c02_v17_two_bone_chroma_overlap_walk\blender_frames\NE\move\17.png'
00:40.641  render           | Saved: 'D:\AI 종합 폴더\Games\Sable-circuit\art_src\characters\rook\fast_pipeline\motion\candidate_rook_c02_v17_two_bone_chroma_overlap_walk\blender_frames\NE\move\18.png'
00:40.781  render           | Saved: 'D:\AI 종합 폴더\Games\Sable-circuit\art_src\characters\rook\fast_pipeline\motion\candidate_rook_c02_v17_two_bone_chroma_overlap_walk\blender_frames\NE\move\19.png'
00:40.938  render           | Saved: 'D:\AI 종합 폴더\Games\Sable-circuit\art_src\characters\rook\fast_pipeline\motion\candidate_rook_c02_v17_two_bone_chroma_overlap_walk\blender_frames\NE\move\20.png'
00:41.078  render           | Saved: 'D:\AI 종합 폴더\Games\Sable-circuit\art_src\characters\rook\fast_pipeline\motion\candidate_rook_c02_v17_two_bone_chroma_overlap_walk\blender_frames\NE\move\21.png'
00:41.219  render           | Saved: 'D:\AI 종합 폴더\Games\Sable-circuit\art_src\characters\rook\fast_pipeline\motion\candidate_rook_c02_v17_two_bone_chroma_overlap_walk\blender_frames\NE\move\22.png'
00:41.344  render           | Saved: 'D:\AI 종합 폴더\Games\Sable-circuit\art_src\characters\rook\fast_pipeline\motion\candidate_rook_c02_v17_two_bone_chroma_overlap_walk\blender_frames\NE\move\23.png'
00:41.469  render           | Saved: 'D:\AI 종합 폴더\Games\Sable-circuit\art_src\characters\rook\fast_pipeline\motion\candidate_rook_c02_v17_two_bone_chroma_overlap_walk\blender_frames\NE\fire\00.png'
00:41.594  render           | Saved: 'D:\AI 종합 폴더\Games\Sable-circuit\art_src\characters\rook\fast_pipeline\motion\candidate_rook_c02_v17_two_bone_chroma_overlap_walk\blender_frames\NE\fire\01.png'
00:41.719  render           | Saved: 'D:\AI 종합 폴더\Games\Sable-circuit\art_src\characters\rook\fast_pipeline\motion\candidate_rook_c02_v17_two_bone_chroma_overlap_walk\blender_frames\NE\fire\02.png'
00:41.844  render           | Saved: 'D:\AI 종합 폴더\Games\Sable-circuit\art_src\characters\rook\fast_pipeline\motion\candidate_rook_c02_v17_two_bone_chroma_overlap_walk\blender_frames\NE\fire\03.png'
00:41.969  render           | Saved: 'D:\AI 종합 폴더\Games\Sable-circuit\art_src\characters\rook\fast_pipeline\motion\candidate_rook_c02_v17_two_bone_chroma_overlap_walk\blender_frames\NE\fire\04.png'
00:42.094  render           | Saved: 'D:\AI 종합 폴더\Games\Sable-circuit\art_src\characters\rook\fast_pipeline\motion\candidate_rook_c02_v17_two_bone_chroma_overlap_walk\blender_frames\NE\fire\05.png'
Blender 5.2.1 LTS (hash 9e2066aef7ef built 2026-08-25 02:38:20)
Info: Saved as "ROOK_C02_FAST_UAL_V1.blend"
ROOK_FAST_BLENDER_UAL_RENDER_PASS={"candidate": "art_src/characters/rook/fast_pipeline/motion/candidate_rook_c02_v17_two_bone_chroma_overlap_walk", "frames": 272, "manifest": "art_src/characters/rook/fast_pipeline/motion/candidate_rook_c02_v17_two_bone_chroma_overlap_walk/ROOK_C02_BLENDER_UAL_RENDER_MANIFEST.json"}
