Godot Engine v4.7.1.stable.official.a13da4feb - https://godotengine.org
OpenGL API 3.3.0 NVIDIA 591.86 - Compatibility - Using Device: NVIDIA - NVIDIA GeForce RTX 4070 SUPER

ERROR: Failed to read the root certificate store.
   at: get_system_ca_certificates (platform/windows/os_windows.cpp:2582)
WARNING: Loaded resource as image file, this will not work on export: 'res://assets/enemies/recon_drone/authored_yaw8_v1/E.png'. Instead, import the image file as an Image resource and load it normally as a resource.
   at: load_from_file (core/io/image.cpp:2780)
   GDScript backtrace (most recent call first):
       [0] _decode_view (res://scripts/animation/site7_machine_sprite.gd:122)
       [1] _read_view (res://scripts/animation/site7_machine_sprite.gd:142)
       [2] warm (res://scripts/animation/site7_machine_sprite.gd:66)
       [3] warm_art (res://scripts/actors/enemy_actor.gd:440)
       [4] _warm_enemy_art (res://scripts/missions/story_stage_01.gd:225)
       [5] _load_mission (res://scripts/missions/story_stage_01.gd:217)
       [6] _ready (res://scripts/missions/story_stage_01.gd:94)
       [7] _run (res://.cache/diag/plate_seam_capture.gd:22)
WARNING: Loaded resource as image file, this will not work on export: 'res://assets/enemies/recon_drone/authored_yaw8_v1/SE.png'. Instead, import the image file as an Image resource and load it normally as a resource.
   at: load_from_file (core/io/image.cpp:2780)
   GDScript backtrace (most recent call first):
       [0] _decode_view (res://scripts/animation/site7_machine_sprite.gd:122)
       [1] _read_view (res://scripts/animation/site7_machine_sprite.gd:142)
       [2] warm (res://scripts/animation/site7_machine_sprite.gd:66)
       [3] warm_art (res://scripts/actors/enemy_actor.gd:440)
       [4] _warm_enemy_art (res://scripts/missions/story_stage_01.gd:225)
       [5] _load_mission (res://scripts/missions/story_stage_01.gd:217)
       [6] _ready (res://scripts/missions/story_stage_01.gd:94)
       [7] _run (res://.cache/diag/plate_seam_capture.gd:22)
WARNING: Loaded resource as image file, this will not work on export: 'res://assets/enemies/recon_drone/authored_yaw8_v1/S.png'. Instead, import the image file as an Image resource and load it normally as a resource.
   at: load_from_file (core/io/image.cpp:2780)
   GDScript backtrace (most recent call first):
       [0] _decode_view (res://scripts/animation/site7_machine_sprite.gd:122)
       [1] _read_view (res://scripts/animation/site7_machine_sprite.gd:142)
       [2] warm (res://scripts/animation/site7_machine_sprite.gd:66)
       [3] warm_art (res://scripts/actors/enemy_actor.gd:440)
       [4] _warm_enemy_art (res://scripts/missions/story_stage_01.gd:225)
       [5] _load_mission (res://scripts/missions/story_stage_01.gd:217)
       [6] _ready (res://scripts/missions/story_stage_01.gd:94)
       [7] _run (res://.cache/diag/plate_seam_capture.gd:22)
WARNING: Loaded resource as image file, this will not work on export: 'res://assets/enemies/recon_drone/authored_yaw8_v1/SW.png'. Instead, import the image file as an Image resource and load it normally as a resource.
   at: load_from_file (core/io/image.cpp:2780)
   GDScript backtrace (most recent call first):
       [0] _decode_view (res://scripts/animation/site7_machine_sprite.gd:122)
       [1] _read_view (res://scripts/animation/site7_machine_sprite.gd:142)
       [2] warm (res://scripts/animation/site7_machine_sprite.gd:66)
       [3] warm_art (res://scripts/actors/enemy_actor.gd:440)
       [4] _warm_enemy_art (res://scripts/missions/story_stage_01.gd:225)
       [5] _load_mission (res://scripts/missions/story_stage_01.gd:217)
       [6] _ready (res://scripts/missions/story_stage_01.gd:94)
       [7] _run (res://.cache/diag/plate_seam_capture.gd:22)
WARNING: Loaded resource as image file, this will not work on export: 'res://assets/enemies/recon_drone/authored_yaw8_v1/W.png'. Instead, import the image file as an Image resource and load it normally as a resource.
   at: load_from_file (core/io/image.cpp:2780)
   GDScript backtrace (most recent call first):
       [0] _decode_view (res://scripts/animation/site7_machine_sprite.gd:122)
       [1] _read_view (res://scripts/animation/site7_machine_sprite.gd:142)
       [2] warm (res://scripts/animation/site7_machine_sprite.gd:66)
       [3] warm_art (res://scripts/actors/enemy_actor.gd:440)
       [4] _warm_enemy_art (res://scripts/missions/story_stage_01.gd:225)
       [5] _load_mission (res://scripts/missions/story_stage_01.gd:217)
       [6] _ready (res://scripts/missions/story_stage_01.gd:94)
       [7] _run (res://.cache/diag/plate_seam_capture.gd:22)
WARNING: Loaded resource as image file, this will not work on export: 'res://assets/enemies/recon_drone/authored_yaw8_v1/NW.png'. Instead, import the image file as an Image resource and load it normally as a resource.
   at: load_from_file (core/io/image.cpp:2780)
   GDScript backtrace (most recent call first):
       [0] _decode_view (res://scripts/animation/site7_machine_sprite.gd:122)
       [1] _read_view (res://scripts/animation/site7_machine_sprite.gd:142)
       [2] warm (res://scripts/animation/site7_machine_sprite.gd:66)
       [3] warm_art (res://scripts/actors/enemy_actor.gd:440)
       [4] _warm_enemy_art (res://scripts/missions/story_stage_01.gd:225)
       [5] _load_mission (res://scripts/missions/story_stage_01.gd:217)
       [6] _ready (res://scripts/missions/story_stage_01.gd:94)
       [7] _run (res://.cache/diag/plate_seam_capture.gd:22)
WARNING: Loaded resource as image file, this will not work on export: 'res://assets/enemies/recon_drone/authored_yaw8_v1/N.png'. Instead, import the image file as an Image resource and load it normally as a resource.
   at: load_from_file (core/io/image.cpp:2780)
   GDScript backtrace (most recent call first):
       [0] _decode_view (res://scripts/animation/site7_machine_sprite.gd:122)
       [1] _read_view (res://scripts/animation/site7_machine_sprite.gd:142)
       [2] warm (res://scripts/animation/site7_machine_sprite.gd:66)
       [3] warm_art (res://scripts/actors/enemy_actor.gd:440)
       [4] _warm_enemy_art (res://scripts/missions/story_stage_01.gd:225)
       [5] _load_mission (res://scripts/missions/story_stage_01.gd:217)
       [6] _ready (res://scripts/missions/story_stage_01.gd:94)
       [7] _run (res://.cache/diag/plate_seam_capture.gd:22)
WARNING: Loaded resource as image file, this will not work on export: 'res://assets/enemies/recon_drone/authored_yaw8_v1/NE.png'. Instead, import the image file as an Image resource and load it normally as a resource.
   at: load_from_file (core/io/image.cpp:2780)
   GDScript backtrace (most recent call first):
       [0] _decode_view (res://scripts/animation/site7_machine_sprite.gd:122)
       [1] _read_view (res://scripts/animation/site7_machine_sprite.gd:142)
       [2] warm (res://scripts/animation/site7_machine_sprite.gd:66)
       [3] warm_art (res://scripts/actors/enemy_actor.gd:440)
       [4] _warm_enemy_art (res://scripts/missions/story_stage_01.gd:225)
       [5] _load_mission (res://scripts/missions/story_stage_01.gd:217)
       [6] _ready (res://scripts/missions/story_stage_01.gd:94)
       [7] _run (res://.cache/diag/plate_seam_capture.gd:22)
WARNING: Loaded resource as image file, this will not work on export: 'res://assets/enemies/bulwark/authored_yaw8_v1/E.png'. Instead, import the image file as an Image resource and load it normally as a resource.
   at: load_from_file (core/io/image.cpp:2780)
   GDScript backtrace (most recent call first):
       [0] _decode_view (res://scripts/animation/site7_machine_sprite.gd:122)
       [1] _read_view (res://scripts/animation/site7_machine_sprite.gd:142)
       [2] warm (res://scripts/animation/site7_machine_sprite.gd:66)
       [3] warm_art (res://scripts/actors/enemy_actor.gd:440)
       [4] _warm_enemy_art (res://scripts/missions/story_stage_01.gd:225)
       [5] _load_mission (res://scripts/missions/story_stage_01.gd:217)
       [6] _ready (res://scripts/missions/story_stage_01.gd:94)
       [7] _run (res://.cache/diag/plate_seam_capture.gd:22)
WARNING: Loaded resource as image file, this will not work on export: 'res://assets/enemies/bulwark/authored_yaw8_v1/SE.png'. Instead, import the image file as an Image resource and load it normally as a resource.
   at: load_from_file (core/io/image.cpp:2780)
   GDScript backtrace (most recent call first):
       [0] _decode_view (res://scripts/animation/site7_machine_sprite.gd:122)
       [1] _read_view (res://scripts/animation/site7_machine_sprite.gd:142)
       [2] warm (res://scripts/animation/site7_machine_sprite.gd:66)
       [3] warm_art (res://scripts/actors/enemy_actor.gd:440)
       [4] _warm_enemy_art (res://scripts/missions/story_stage_01.gd:225)
       [5] _load_mission (res://scripts/missions/story_stage_01.gd:217)
       [6] _ready (res://scripts/missions/story_stage_01.gd:94)
       [7] _run (res://.cache/diag/plate_seam_capture.gd:22)
WARNING: Loaded resource as image file, this will not work on export: 'res://assets/enemies/bulwark/authored_yaw8_v1/S.png'. Instead, import the image file as an Image resource and load it normally as a resource.
   at: load_from_file (core/io/image.cpp:2780)
   GDScript backtrace (most recent call first):
       [0] _decode_view (res://scripts/animation/site7_machine_sprite.gd:122)
       [1] _read_view (res://scripts/animation/site7_machine_sprite.gd:142)
       [2] warm (res://scripts/animation/site7_machine_sprite.gd:66)
       [3] warm_art (res://scripts/actors/enemy_actor.gd:440)
       [4] _warm_enemy_art (res://scripts/missions/story_stage_01.gd:225)
       [5] _load_mission (res://scripts/missions/story_stage_01.gd:217)
       [6] _ready (res://scripts/missions/story_stage_01.gd:94)
       [7] _run (res://.cache/diag/plate_seam_capture.gd:22)
WARNING: Loaded resource as image file, this will not work on export: 'res://assets/enemies/bulwark/authored_yaw8_v1/SW.png'. Instead, import the image file as an Image resource and load it normally as a resource.
   at: load_from_file (core/io/image.cpp:2780)
   GDScript backtrace (most recent call first):
       [0] _decode_view (res://scripts/animation/site7_machine_sprite.gd:122)
       [1] _read_view (res://scripts/animation/site7_machine_sprite.gd:142)
       [2] warm (res://scripts/animation/site7_machine_sprite.gd:66)
       [3] warm_art (res://scripts/actors/enemy_actor.gd:440)
       [4] _warm_enemy_art (res://scripts/missions/story_stage_01.gd:225)
       [5] _load_mission (res://scripts/missions/story_stage_01.gd:217)
       [6] _ready (res://scripts/missions/story_stage_01.gd:94)
       [7] _run (res://.cache/diag/plate_seam_capture.gd:22)
WARNING: Loaded resource as image file, this will not work on export: 'res://assets/enemies/bulwark/authored_yaw8_v1/W.png'. Instead, import the image file as an Image resource and load it normally as a resource.
   at: load_from_file (core/io/image.cpp:2780)
   GDScript backtrace (most recent call first):
       [0] _decode_view (res://scripts/animation/site7_machine_sprite.gd:122)
       [1] _read_view (res://scripts/animation/site7_machine_sprite.gd:142)
       [2] warm (res://scripts/animation/site7_machine_sprite.gd:66)
       [3] warm_art (res://scripts/actors/enemy_actor.gd:440)
       [4] _warm_enemy_art (res://scripts/missions/story_stage_01.gd:225)
       [5] _load_mission (res://scripts/missions/story_stage_01.gd:217)
       [6] _ready (res://scripts/missions/story_stage_01.gd:94)
       [7] _run (res://.cache/diag/plate_seam_capture.gd:22)
WARNING: Loaded resource as image file, this will not work on export: 'res://assets/enemies/bulwark/authored_yaw8_v1/NW.png'. Instead, import the image file as an Image resource and load it normally as a resource.
   at: load_from_file (core/io/image.cpp:2780)
   GDScript backtrace (most recent call first):
       [0] _decode_view (res://scripts/animation/site7_machine_sprite.gd:122)
       [1] _read_view (res://scripts/animation/site7_machine_sprite.gd:142)
       [2] warm (res://scripts/animation/site7_machine_sprite.gd:66)
       [3] warm_art (res://scripts/actors/enemy_actor.gd:440)
       [4] _warm_enemy_art (res://scripts/missions/story_stage_01.gd:225)
       [5] _load_mission (res://scripts/missions/story_stage_01.gd:217)
       [6] _ready (res://scripts/missions/story_stage_01.gd:94)
       [7] _run (res://.cache/diag/plate_seam_capture.gd:22)
WARNING: Loaded resource as image file, this will not work on export: 'res://assets/enemies/bulwark/authored_yaw8_v1/N.png'. Instead, import the image file as an Image resource and load it normally as a resource.
   at: load_from_file (core/io/image.cpp:2780)
   GDScript backtrace (most recent call first):
       [0] _decode_view (res://scripts/animation/site7_machine_sprite.gd:122)
       [1] _read_view (res://scripts/animation/site7_machine_sprite.gd:142)
       [2] warm (res://scripts/animation/site7_machine_sprite.gd:66)
       [3] warm_art (res://scripts/actors/enemy_actor.gd:440)
       [4] _warm_enemy_art (res://scripts/missions/story_stage_01.gd:225)
       [5] _load_mission (res://scripts/missions/story_stage_01.gd:217)
       [6] _ready (res://scripts/missions/story_stage_01.gd:94)
       [7] _run (res://.cache/diag/plate_seam_capture.gd:22)
WARNING: Loaded resource as image file, this will not work on export: 'res://assets/enemies/bulwark/authored_yaw8_v1/NE.png'. Instead, import the image file as an Image resource and load it normally as a resource.
   at: load_from_file (core/io/image.cpp:2780)
   GDScript backtrace (most recent call first):
       [0] _decode_view (res://scripts/animation/site7_machine_sprite.gd:122)
       [1] _read_view (res://scripts/animation/site7_machine_sprite.gd:142)
       [2] warm (res://scripts/animation/site7_machine_sprite.gd:66)
       [3] warm_art (res://scripts/actors/enemy_actor.gd:440)
       [4] _warm_enemy_art (res://scripts/missions/story_stage_01.gd:225)
       [5] _load_mission (res://scripts/missions/story_stage_01.gd:217)
       [6] _ready (res://scripts/missions/story_stage_01.gd:94)
       [7] _run (res://.cache/diag/plate_seam_capture.gd:22)
WARNING: Loaded resource as image file, this will not work on export: 'res://assets/enemies/signal_anchor_guardian/authored_core_v1/anchor.png'. Instead, import the image file as an Image resource and load it normally as a resource.
   at: load_from_file (core/io/image.cpp:2780)
   GDScript backtrace (most recent call first):
       [0] _decode_view (res://scripts/animation/site7_machine_sprite.gd:122)
       [1] _read_view (res://scripts/animation/site7_machine_sprite.gd:142)
       [2] warm (res://scripts/animation/site7_machine_sprite.gd:66)
       [3] warm_art (res://scripts/actors/enemy_actor.gd:440)
       [4] _warm_enemy_art (res://scripts/missions/story_stage_01.gd:225)
       [5] _load_mission (res://scripts/missions/story_stage_01.gd:217)
       [6] _ready (res://scripts/missions/story_stage_01.gd:94)
       [7] _run (res://.cache/diag/plate_seam_capture.gd:22)
M7_RASTER_QUARANTINED identity=aster status=partial chunks=2 encoded=20000 present=15000 declared=94718
SEAM_CAPTURE res://.cache/site7_v2_stage1/capture/MIS_CH01_01_C0.png (1920, 1080) masks=2 cap=0.1
SEAM_CAPTURE res://.cache/site7_v2_stage1/capture/MIS_CH01_01_C1.png (1920, 1080) masks=2 cap=0.1
SEAM_CAPTURE res://.cache/site7_v2_stage1/capture/MIS_CH01_01_C2.png (1920, 1080) masks=2 cap=0.1
SEAM_CAPTURE res://.cache/site7_v2_stage1/capture/MIS_CH01_01_C3.png (1920, 1080) masks=2 cap=0.1
SEAM_CAPTURE res://.cache/site7_v2_stage1/capture/MIS_CH01_01_C4.png (1920, 1080) masks=2 cap=0.1
SEAM_CAPTURE res://.cache/site7_v2_stage1/capture/MIS_CH01_01_C5.png (1920, 1080) masks=3 cap=0.1
SEAM_CAPTURE res://.cache/site7_v2_stage1/capture/MIS_CH01_01_C6.png (1920, 1080) masks=3 cap=0.1
SEAM_CAPTURE res://.cache/site7_v2_stage1/capture/MIS_CH01_01_R01_ENTRY_a.png
SEAM_CAPTURE res://.cache/site7_v2_stage1/capture/MIS_CH01_01_R01_ENTRY_b.png
SEAM_CAPTURE res://.cache/site7_v2_stage1/capture/MIS_CH01_01_R02_CORRIDOR_a.png
SEAM_CAPTURE res://.cache/site7_v2_stage1/capture/MIS_CH01_01_R02_CORRIDOR_b.png
SEAM_CAPTURE res://.cache/site7_v2_stage1/capture/MIS_CH01_01_R03_ARCHIVE_a.png
SEAM_CAPTURE res://.cache/site7_v2_stage1/capture/MIS_CH01_01_R03_ARCHIVE_b.png
SEAM_CAPTURE res://.cache/site7_v2_stage1/capture/MIS_CH01_01_R04_CONTAINMENT_a.png
SEAM_CAPTURE res://.cache/site7_v2_stage1/capture/MIS_CH01_01_R04_CONTAINMENT_b.png
SEAM_CAPTURE res://.cache/site7_v2_stage1/capture/MIS_CH01_01_R05_CORE_a.png
SEAM_CAPTURE res://.cache/site7_v2_stage1/capture/MIS_CH01_01_R05_CORE_b.png
SEAM_CAPTURE res://.cache/site7_v2_stage1/capture/MIS_CH01_01_R06_EXTRACTION_a.png
SEAM_CAPTURE res://.cache/site7_v2_stage1/capture/MIS_CH01_01_R06_EXTRACTION_b.png
SEAM_CAPTURE res://.cache/site7_v2_stage1/capture/MIS_CH01_01_O01_SUPPLY_a.png
SEAM_CAPTURE res://.cache/site7_v2_stage1/capture/MIS_CH01_01_O01_SUPPLY_b.png
SEAM_CAPTURE res://.cache/site7_v2_stage1/capture/MIS_CH01_01_O02_RESEARCH_a.png
SEAM_CAPTURE res://.cache/site7_v2_stage1/capture/MIS_CH01_01_O02_RESEARCH_b.png
