Godot Engine v4.7.1.stable.official.a13da4feb - https://godotengine.org
OpenGL API 3.3.0 NVIDIA 591.86 - Compatibility - Using Device: NVIDIA - NVIDIA GeForce RTX 4070 SUPER

M7_RASTER_QUARANTINED identity=aster status=partial chunks=2 encoded=20000 present=15000 declared=94718
SEAM_CAPTURE res://.cache/diag/site7_ops_e/runtime_capture/MIS_CH01_10_C0.png (1920, 1080) masks=2 cap=0.1
SEAM_CAPTURE res://.cache/diag/site7_ops_e/runtime_capture/MIS_CH01_10_C1.png (1920, 1080) masks=2 cap=0.1
SEAM_CAPTURE res://.cache/diag/site7_ops_e/runtime_capture/MIS_CH01_10_C2.png (1920, 1080) masks=2 cap=0.1
SEAM_CAPTURE res://.cache/diag/site7_ops_e/runtime_capture/MIS_CH01_10_C3.png (1920, 1080) masks=2 cap=0.1
SEAM_CAPTURE res://.cache/diag/site7_ops_e/runtime_capture/MIS_CH01_10_C4.png (1920, 1080) masks=2 cap=0.1
SEAM_CAPTURE res://.cache/diag/site7_ops_e/runtime_capture/MIS_CH01_10_C5.png (1920, 1080) masks=3 cap=0.1
SEAM_CAPTURE res://.cache/diag/site7_ops_e/runtime_capture/MIS_CH01_10_C6.png (1920, 1080) masks=3 cap=0.1
SEAM_CAPTURE res://.cache/diag/site7_ops_e/runtime_capture/MIS_CH01_10_R01_DESCENT_a.png
SEAM_CAPTURE res://.cache/diag/site7_ops_e/runtime_capture/MIS_CH01_10_R01_DESCENT_b.png
SEAM_CAPTURE res://.cache/diag/site7_ops_e/runtime_capture/MIS_CH01_10_R02_RELAY_a.png
SEAM_CAPTURE res://.cache/diag/site7_ops_e/runtime_capture/MIS_CH01_10_R02_RELAY_b.png
SEAM_CAPTURE res://.cache/diag/site7_ops_e/runtime_capture/MIS_CH01_10_R03_LOG_a.png
SEAM_CAPTURE res://.cache/diag/site7_ops_e/runtime_capture/MIS_CH01_10_R03_LOG_b.png
SEAM_CAPTURE res://.cache/diag/site7_ops_e/runtime_capture/MIS_CH01_10_R04_GALLERY_a.png
SEAM_CAPTURE res://.cache/diag/site7_ops_e/runtime_capture/MIS_CH01_10_R04_GALLERY_b.png
SEAM_CAPTURE res://.cache/diag/site7_ops_e/runtime_capture/MIS_CH01_10_R05_CORE_a.png
SEAM_CAPTURE res://.cache/diag/site7_ops_e/runtime_capture/MIS_CH01_10_R05_CORE_b.png
SEAM_CAPTURE res://.cache/diag/site7_ops_e/runtime_capture/MIS_CH01_10_R06_EXIT_a.png
SEAM_CAPTURE res://.cache/diag/site7_ops_e/runtime_capture/MIS_CH01_10_R06_EXIT_b.png
SEAM_CAPTURE res://.cache/diag/site7_ops_e/runtime_capture/MIS_CH01_10_O01_VAULT_a.png
SEAM_CAPTURE res://.cache/diag/site7_ops_e/runtime_capture/MIS_CH01_10_O01_VAULT_b.png
SEAM_CAPTURE res://.cache/diag/site7_ops_e/runtime_capture/MIS_CH01_10_O02_RECORDER_a.png
SEAM_CAPTURE res://.cache/diag/site7_ops_e/runtime_capture/MIS_CH01_10_O02_RECORDER_b.png
