Godot Engine v4.7.1.stable.official.a13da4feb - https://godotengine.org

WARNING: Loaded resource as image file, this will not work on export: 'res://assets/environments/site7_v2/stage10/S10_R01/S10_R01_GAME.png'. Instead, import the image file as an Image resource and load it normally as a resource.
   at: load_from_file (core/io/image.cpp:2780)
   GDScript backtrace (most recent call first):
       [0] _initialize (res://.cache/diag/site7_ops_e/texture_intake_check.gd:9)
WARNING: Loaded resource as image file, this will not work on export: 'res://assets/environments/site7_v2/stage10/S10_R02/S10_R02_GAME.png'. Instead, import the image file as an Image resource and load it normally as a resource.
   at: load_from_file (core/io/image.cpp:2780)
   GDScript backtrace (most recent call first):
       [0] _initialize (res://.cache/diag/site7_ops_e/texture_intake_check.gd:9)
WARNING: Loaded resource as image file, this will not work on export: 'res://assets/environments/site7_v2/stage10/S10_R03/S10_R03_GAME.png'. Instead, import the image file as an Image resource and load it normally as a resource.
   at: load_from_file (core/io/image.cpp:2780)
   GDScript backtrace (most recent call first):
       [0] _initialize (res://.cache/diag/site7_ops_e/texture_intake_check.gd:9)
WARNING: Loaded resource as image file, this will not work on export: 'res://assets/environments/site7_v2/stage10/S10_R04/S10_R04_GAME.png'. Instead, import the image file as an Image resource and load it normally as a resource.
   at: load_from_file (core/io/image.cpp:2780)
   GDScript backtrace (most recent call first):
       [0] _initialize (res://.cache/diag/site7_ops_e/texture_intake_check.gd:9)
WARNING: Loaded resource as image file, this will not work on export: 'res://assets/environments/site7_v2/stage10/S10_R05/S10_R05_GAME.png'. Instead, import the image file as an Image resource and load it normally as a resource.
   at: load_from_file (core/io/image.cpp:2780)
   GDScript backtrace (most recent call first):
       [0] _initialize (res://.cache/diag/site7_ops_e/texture_intake_check.gd:9)
WARNING: Loaded resource as image file, this will not work on export: 'res://assets/environments/site7_v2/stage10/S10_R06/S10_R06_GAME.png'. Instead, import the image file as an Image resource and load it normally as a resource.
   at: load_from_file (core/io/image.cpp:2780)
   GDScript backtrace (most recent call first):
       [0] _initialize (res://.cache/diag/site7_ops_e/texture_intake_check.gd:9)
WARNING: Loaded resource as image file, this will not work on export: 'res://assets/environments/site7_v2/stage10/S10_O01/S10_O01_GAME.png'. Instead, import the image file as an Image resource and load it normally as a resource.
   at: load_from_file (core/io/image.cpp:2780)
   GDScript backtrace (most recent call first):
       [0] _initialize (res://.cache/diag/site7_ops_e/texture_intake_check.gd:9)
WARNING: Loaded resource as image file, this will not work on export: 'res://assets/environments/site7_v2/stage10/S10_O02/S10_O02_GAME.png'. Instead, import the image file as an Image resource and load it normally as a resource.
   at: load_from_file (core/io/image.cpp:2780)
   GDScript backtrace (most recent call first):
       [0] _initialize (res://.cache/diag/site7_ops_e/texture_intake_check.gd:9)
WARNING: Loaded resource as image file, this will not work on export: 'res://assets/environments/site7_v2/stage10/S10_C01/S10_C01_GAME.png'. Instead, import the image file as an Image resource and load it normally as a resource.
   at: load_from_file (core/io/image.cpp:2780)
   GDScript backtrace (most recent call first):
       [0] _initialize (res://.cache/diag/site7_ops_e/texture_intake_check.gd:9)
WARNING: Loaded resource as image file, this will not work on export: 'res://assets/environments/site7_v2/stage10/S10_C02/S10_C02_GAME.png'. Instead, import the image file as an Image resource and load it normally as a resource.
   at: load_from_file (core/io/image.cpp:2780)
   GDScript backtrace (most recent call first):
       [0] _initialize (res://.cache/diag/site7_ops_e/texture_intake_check.gd:9)
WARNING: Loaded resource as image file, this will not work on export: 'res://assets/environments/site7_v2/stage10/S10_C03/S10_C03_GAME.png'. Instead, import the image file as an Image resource and load it normally as a resource.
   at: load_from_file (core/io/image.cpp:2780)
   GDScript backtrace (most recent call first):
       [0] _initialize (res://.cache/diag/site7_ops_e/texture_intake_check.gd:9)
WARNING: Loaded resource as image file, this will not work on export: 'res://assets/environments/site7_v2/stage10/S10_C04/S10_C04_GAME.png'. Instead, import the image file as an Image resource and load it normally as a resource.
   at: load_from_file (core/io/image.cpp:2780)
   GDScript backtrace (most recent call first):
       [0] _initialize (res://.cache/diag/site7_ops_e/texture_intake_check.gd:9)
WARNING: Loaded resource as image file, this will not work on export: 'res://assets/environments/site7_v2/stage10/S10_C05/S10_C05_GAME.png'. Instead, import the image file as an Image resource and load it normally as a resource.
   at: load_from_file (core/io/image.cpp:2780)
   GDScript backtrace (most recent call first):
       [0] _initialize (res://.cache/diag/site7_ops_e/texture_intake_check.gd:9)
WARNING: Loaded resource as image file, this will not work on export: 'res://assets/environments/site7_v2/stage10/S10_C06/S10_C06_GAME.png'. Instead, import the image file as an Image resource and load it normally as a resource.
   at: load_from_file (core/io/image.cpp:2780)
   GDScript backtrace (most recent call first):
       [0] _initialize (res://.cache/diag/site7_ops_e/texture_intake_check.gd:9)
WARNING: Loaded resource as image file, this will not work on export: 'res://assets/environments/site7_v2/stage10/S10_C07/S10_C07_GAME.png'. Instead, import the image file as an Image resource and load it normally as a resource.
   at: load_from_file (core/io/image.cpp:2780)
   GDScript backtrace (most recent call first):
       [0] _initialize (res://.cache/diag/site7_ops_e/texture_intake_check.gd:9)
S10_GAME_INTAKE_CHECK PASS 15 textures
