✔ An authored profile ignores leftover character-specific fire and leg-warp bundles (1.4013ms)
✔ Shared authored route keeps identical leg phases with and without fire (0.4691ms)
✔ Authored contact timing holds planted steps while preserving phase order (0.3463ms)
✔ Shared recoil transform cannot move support feet (0.5254ms)
✔ Full-body walk AND run select all six phases, never recoil recovery frame 5 (2.395ms)
✔ Locomotion is distance phase driven, not wall-clock or firing cadence (0.238ms)
✔ Live Actor → full-body renderer traverses walk/run cycles at 30/60/120 Hz (13.2354ms)
✔ A cursor between the character and illustrated muzzle cannot make a bullet fly behind the facing (2.5862ms)
✔ Turning throughout held moving fire keeps every projectile and rendered facing on one aim at 30/60/120 Hz (24.5888ms)
✔ A fresh movement chord can take aim during held mouse fire and the next mouse move can take it back (0.5721ms)
✔ An exactly centred cursor retains the previous aim instead of forcing east (0.2102ms)
✔ One muzzle-aware solution preserves actual cursor hits and body/shot alignment throughout a turn (3.6891ms)
✔ A target inside weapon reach cannot turn only the bullet backwards (0.2724ms)
✔ Rapid aim commits without advancing gait, recoil, ammo or cooldown; old projectiles do not home (0.6255ms)
✔ 30/60/120 Hz rapid reversals use the latest sample at the first eligible shot without changing cadence (10.9913ms)
✔ All four WASD diagonals work in either press order, with Korean/English/Shift/IME event values (7.5338ms)
✔ Arrow key pairs drive all four diagonals through the same actor (0.2282ms)
✔ Releasing one key returns to the remaining direction; opposite-key and alias chords do not stick (0.2404ms)
✔ A new movement chord takes facing from an idle pointer, but key repeat does not cancel active mouse aim (0.2019ms)
✔ Shift and Space continue to work with diagonal motion and independent mouse firing (0.4462ms)
✔ Settings controls allow WASD without swallowing text editing or native slider/checkbox keys (0.6516ms)
✔ Keyboard movement, reload, and fire all clear on focus loss (0.1929ms)
✔ A click shorter than one render frame fires once without a held button (3.4696ms)
✔ All eight movement directions and all eight independent firing facings, at three display rates (26.031ms)
✔ Diagonal keys do not create a speed advantage (0.5788ms)
✔ Stop, resume and speed switch retain a valid continuous locomotion phase (1.0004ms)
✔ Held fire consumes ammunition, automatically reloads, and remains rate independent (2.7902ms)
✔ Reload prevents shots and restores the magazine only when complete (0.3478ms)
✔ Obstacles and world bounds constrain actual position (1.8312ms)
✔ Swept projectile collision catches thin targets between ticks (0.341ms)
ℹ tests 30
ℹ suites 0
ℹ pass 30
ℹ fail 0
ℹ cancelled 0
ℹ skipped 0
ℹ todo 0
ℹ duration_ms 171.7005

