00:02.047  render           | Saved: 'D:\AI 종합 폴더\Games\Sable-circuit\art_src\characters\rook\fast_pipeline\motion\candidate_rook_c02_v20_two_bone_joint_overlap_walk\blender_frames\E\idle\00.png'
00:02.219  render           | Saved: 'D:\AI 종합 폴더\Games\Sable-circuit\art_src\characters\rook\fast_pipeline\motion\candidate_rook_c02_v20_two_bone_joint_overlap_walk\blender_frames\E\idle\01.png'
00:02.360  render           | Saved: 'D:\AI 종합 폴더\Games\Sable-circuit\art_src\characters\rook\fast_pipeline\motion\candidate_rook_c02_v20_two_bone_joint_overlap_walk\blender_frames\E\idle\02.png'
00:02.485  render           | Saved: 'D:\AI 종합 폴더\Games\Sable-circuit\art_src\characters\rook\fast_pipeline\motion\candidate_rook_c02_v20_two_bone_joint_overlap_walk\blender_frames\E\idle\03.png'
00:02.688  render           | Saved: 'D:\AI 종합 폴더\Games\Sable-circuit\art_src\characters\rook\fast_pipeline\motion\candidate_rook_c02_v20_two_bone_joint_overlap_walk\blender_frames\E\move\00.png'
00:02.844  render           | Saved: 'D:\AI 종합 폴더\Games\Sable-circuit\art_src\characters\rook\fast_pipeline\motion\candidate_rook_c02_v20_two_bone_joint_overlap_walk\blender_frames\E\move\01.png'
00:03.016  render           | Saved: 'D:\AI 종합 폴더\Games\Sable-circuit\art_src\characters\rook\fast_pipeline\motion\candidate_rook_c02_v20_two_bone_joint_overlap_walk\blender_frames\E\move\02.png'
00:03.172  render           | Saved: 'D:\AI 종합 폴더\Games\Sable-circuit\art_src\characters\rook\fast_pipeline\motion\candidate_rook_c02_v20_two_bone_joint_overlap_walk\blender_frames\E\move\03.png'
00:03.297  render           | Saved: 'D:\AI 종합 폴더\Games\Sable-circuit\art_src\characters\rook\fast_pipeline\motion\candidate_rook_c02_v20_two_bone_joint_overlap_walk\blender_frames\E\move\04.png'
00:03.438  render           | Saved: 'D:\AI 종합 폴더\Games\Sable-circuit\art_src\characters\rook\fast_pipeline\motion\candidate_rook_c02_v20_two_bone_joint_overlap_walk\blender_frames\E\move\05.png'
00:03.594  render           | Saved: 'D:\AI 종합 폴더\Games\Sable-circuit\art_src\characters\rook\fast_pipeline\motion\candidate_rook_c02_v20_two_bone_joint_overlap_walk\blender_frames\E\move\06.png'
00:03.766  render           | Saved: 'D:\AI 종합 폴더\Games\Sable-circuit\art_src\characters\rook\fast_pipeline\motion\candidate_rook_c02_v20_two_bone_joint_overlap_walk\blender_frames\E\move\07.png'
00:03.907  render           | Saved: 'D:\AI 종합 폴더\Games\Sable-circuit\art_src\characters\rook\fast_pipeline\motion\candidate_rook_c02_v20_two_bone_joint_overlap_walk\blender_frames\E\move\08.png'
00:04.063  render           | Saved: 'D:\AI 종합 폴더\Games\Sable-circuit\art_src\characters\rook\fast_pipeline\motion\candidate_rook_c02_v20_two_bone_joint_overlap_walk\blender_frames\E\move\09.png'
00:04.203  render           | Saved: 'D:\AI 종합 폴더\Games\Sable-circuit\art_src\characters\rook\fast_pipeline\motion\candidate_rook_c02_v20_two_bone_joint_overlap_walk\blender_frames\E\move\10.png'
00:04.375  render           | Saved: 'D:\AI 종합 폴더\Games\Sable-circuit\art_src\characters\rook\fast_pipeline\motion\candidate_rook_c02_v20_two_bone_joint_overlap_walk\blender_frames\E\move\11.png'
00:04.516  render           | Saved: 'D:\AI 종합 폴더\Games\Sable-circuit\art_src\characters\rook\fast_pipeline\motion\candidate_rook_c02_v20_two_bone_joint_overlap_walk\blender_frames\E\move\12.png'
00:04.657  render           | Saved: 'D:\AI 종합 폴더\Games\Sable-circuit\art_src\characters\rook\fast_pipeline\motion\candidate_rook_c02_v20_two_bone_joint_overlap_walk\blender_frames\E\move\13.png'
00:04.813  render           | Saved: 'D:\AI 종합 폴더\Games\Sable-circuit\art_src\characters\rook\fast_pipeline\motion\candidate_rook_c02_v20_two_bone_joint_overlap_walk\blender_frames\E\move\14.png'
00:05.032  render           | Saved: 'D:\AI 종합 폴더\Games\Sable-circuit\art_src\characters\rook\fast_pipeline\motion\candidate_rook_c02_v20_two_bone_joint_overlap_walk\blender_frames\E\move\15.png'
00:05.172  render           | Saved: 'D:\AI 종합 폴더\Games\Sable-circuit\art_src\characters\rook\fast_pipeline\motion\candidate_rook_c02_v20_two_bone_joint_overlap_walk\blender_frames\E\move\16.png'
00:05.313  render           | Saved: 'D:\AI 종합 폴더\Games\Sable-circuit\art_src\characters\rook\fast_pipeline\motion\candidate_rook_c02_v20_two_bone_joint_overlap_walk\blender_frames\E\move\17.png'
00:05.469  render           | Saved: 'D:\AI 종합 폴더\Games\Sable-circuit\art_src\characters\rook\fast_pipeline\motion\candidate_rook_c02_v20_two_bone_joint_overlap_walk\blender_frames\E\move\18.png'
00:05.625  render           | Saved: 'D:\AI 종합 폴더\Games\Sable-circuit\art_src\characters\rook\fast_pipeline\motion\candidate_rook_c02_v20_two_bone_joint_overlap_walk\blender_frames\E\move\19.png'
00:05.750  render           | Saved: 'D:\AI 종합 폴더\Games\Sable-circuit\art_src\characters\rook\fast_pipeline\motion\candidate_rook_c02_v20_two_bone_joint_overlap_walk\blender_frames\E\move\20.png'
00:05.907  render           | Saved: 'D:\AI 종합 폴더\Games\Sable-circuit\art_src\characters\rook\fast_pipeline\motion\candidate_rook_c02_v20_two_bone_joint_overlap_walk\blender_frames\E\move\21.png'
00:06.063  render           | Saved: 'D:\AI 종합 폴더\Games\Sable-circuit\art_src\characters\rook\fast_pipeline\motion\candidate_rook_c02_v20_two_bone_joint_overlap_walk\blender_frames\E\move\22.png'
00:06.219  render           | Saved: 'D:\AI 종합 폴더\Games\Sable-circuit\art_src\characters\rook\fast_pipeline\motion\candidate_rook_c02_v20_two_bone_joint_overlap_walk\blender_frames\E\move\23.png'
00:06.344  render           | Saved: 'D:\AI 종합 폴더\Games\Sable-circuit\art_src\characters\rook\fast_pipeline\motion\candidate_rook_c02_v20_two_bone_joint_overlap_walk\blender_frames\E\fire\00.png'
00:06.469  render           | Saved: 'D:\AI 종합 폴더\Games\Sable-circuit\art_src\characters\rook\fast_pipeline\motion\candidate_rook_c02_v20_two_bone_joint_overlap_walk\blender_frames\E\fire\01.png'
00:06.610  render           | Saved: 'D:\AI 종합 폴더\Games\Sable-circuit\art_src\characters\rook\fast_pipeline\motion\candidate_rook_c02_v20_two_bone_joint_overlap_walk\blender_frames\E\fire\02.png'
00:06.750  render           | Saved: 'D:\AI 종합 폴더\Games\Sable-circuit\art_src\characters\rook\fast_pipeline\motion\candidate_rook_c02_v20_two_bone_joint_overlap_walk\blender_frames\E\fire\03.png'
00:06.891  render           | Saved: 'D:\AI 종합 폴더\Games\Sable-circuit\art_src\characters\rook\fast_pipeline\motion\candidate_rook_c02_v20_two_bone_joint_overlap_walk\blender_frames\E\fire\04.png'
00:07.047  render           | Saved: 'D:\AI 종합 폴더\Games\Sable-circuit\art_src\characters\rook\fast_pipeline\motion\candidate_rook_c02_v20_two_bone_joint_overlap_walk\blender_frames\E\fire\05.png'
00:07.453  render           | Saved: 'D:\AI 종합 폴더\Games\Sable-circuit\art_src\characters\rook\fast_pipeline\motion\candidate_rook_c02_v20_two_bone_joint_overlap_walk\blender_frames\SE\idle\00.png'
00:07.594  render           | Saved: 'D:\AI 종합 폴더\Games\Sable-circuit\art_src\characters\rook\fast_pipeline\motion\candidate_rook_c02_v20_two_bone_joint_overlap_walk\blender_frames\SE\idle\01.png'
00:07.750  render           | Saved: 'D:\AI 종합 폴더\Games\Sable-circuit\art_src\characters\rook\fast_pipeline\motion\candidate_rook_c02_v20_two_bone_joint_overlap_walk\blender_frames\SE\idle\02.png'
00:07.891  render           | Saved: 'D:\AI 종합 폴더\Games\Sable-circuit\art_src\characters\rook\fast_pipeline\motion\candidate_rook_c02_v20_two_bone_joint_overlap_walk\blender_frames\SE\idle\03.png'
00:08.063  render           | Saved: 'D:\AI 종합 폴더\Games\Sable-circuit\art_src\characters\rook\fast_pipeline\motion\candidate_rook_c02_v20_two_bone_joint_overlap_walk\blender_frames\SE\move\00.png'
00:08.203  render           | Saved: 'D:\AI 종합 폴더\Games\Sable-circuit\art_src\characters\rook\fast_pipeline\motion\candidate_rook_c02_v20_two_bone_joint_overlap_walk\blender_frames\SE\move\01.png'
00:08.344  render           | Saved: 'D:\AI 종합 폴더\Games\Sable-circuit\art_src\characters\rook\fast_pipeline\motion\candidate_rook_c02_v20_two_bone_joint_overlap_walk\blender_frames\SE\move\02.png'
00:08.485  render           | Saved: 'D:\AI 종합 폴더\Games\Sable-circuit\art_src\characters\rook\fast_pipeline\motion\candidate_rook_c02_v20_two_bone_joint_overlap_walk\blender_frames\SE\move\03.png'
00:08.625  render           | Saved: 'D:\AI 종합 폴더\Games\Sable-circuit\art_src\characters\rook\fast_pipeline\motion\candidate_rook_c02_v20_two_bone_joint_overlap_walk\blender_frames\SE\move\04.png'
00:08.766  render           | Saved: 'D:\AI 종합 폴더\Games\Sable-circuit\art_src\characters\rook\fast_pipeline\motion\candidate_rook_c02_v20_two_bone_joint_overlap_walk\blender_frames\SE\move\05.png'
00:08.907  render           | Saved: 'D:\AI 종합 폴더\Games\Sable-circuit\art_src\characters\rook\fast_pipeline\motion\candidate_rook_c02_v20_two_bone_joint_overlap_walk\blender_frames\SE\move\06.png'
00:09.047  render           | Saved: 'D:\AI 종합 폴더\Games\Sable-circuit\art_src\characters\rook\fast_pipeline\motion\candidate_rook_c02_v20_two_bone_joint_overlap_walk\blender_frames\SE\move\07.png'
00:09.203  render           | Saved: 'D:\AI 종합 폴더\Games\Sable-circuit\art_src\characters\rook\fast_pipeline\motion\candidate_rook_c02_v20_two_bone_joint_overlap_walk\blender_frames\SE\move\08.png'
00:09.344  render           | Saved: 'D:\AI 종합 폴더\Games\Sable-circuit\art_src\characters\rook\fast_pipeline\motion\candidate_rook_c02_v20_two_bone_joint_overlap_walk\blender_frames\SE\move\09.png'
00:09.516  render           | Saved: 'D:\AI 종합 폴더\Games\Sable-circuit\art_src\characters\rook\fast_pipeline\motion\candidate_rook_c02_v20_two_bone_joint_overlap_walk\blender_frames\SE\move\10.png'
00:09.657  render           | Saved: 'D:\AI 종합 폴더\Games\Sable-circuit\art_src\characters\rook\fast_pipeline\motion\candidate_rook_c02_v20_two_bone_joint_overlap_walk\blender_frames\SE\move\11.png'
00:09.797  render           | Saved: 'D:\AI 종합 폴더\Games\Sable-circuit\art_src\characters\rook\fast_pipeline\motion\candidate_rook_c02_v20_two_bone_joint_overlap_walk\blender_frames\SE\move\12.png'
00:09.938  render           | Saved: 'D:\AI 종합 폴더\Games\Sable-circuit\art_src\characters\rook\fast_pipeline\motion\candidate_rook_c02_v20_two_bone_joint_overlap_walk\blender_frames\SE\move\13.png'
00:10.094  render           | Saved: 'D:\AI 종합 폴더\Games\Sable-circuit\art_src\characters\rook\fast_pipeline\motion\candidate_rook_c02_v20_two_bone_joint_overlap_walk\blender_frames\SE\move\14.png'
00:10.235  render           | Saved: 'D:\AI 종합 폴더\Games\Sable-circuit\art_src\characters\rook\fast_pipeline\motion\candidate_rook_c02_v20_two_bone_joint_overlap_walk\blender_frames\SE\move\15.png'
00:10.375  render           | Saved: 'D:\AI 종합 폴더\Games\Sable-circuit\art_src\characters\rook\fast_pipeline\motion\candidate_rook_c02_v20_two_bone_joint_overlap_walk\blender_frames\SE\move\16.png'
00:10.516  render           | Saved: 'D:\AI 종합 폴더\Games\Sable-circuit\art_src\characters\rook\fast_pipeline\motion\candidate_rook_c02_v20_two_bone_joint_overlap_walk\blender_frames\SE\move\17.png'
00:10.657  render           | Saved: 'D:\AI 종합 폴더\Games\Sable-circuit\art_src\characters\rook\fast_pipeline\motion\candidate_rook_c02_v20_two_bone_joint_overlap_walk\blender_frames\SE\move\18.png'
00:10.782  render           | Saved: 'D:\AI 종합 폴더\Games\Sable-circuit\art_src\characters\rook\fast_pipeline\motion\candidate_rook_c02_v20_two_bone_joint_overlap_walk\blender_frames\SE\move\19.png'
00:10.938  render           | Saved: 'D:\AI 종합 폴더\Games\Sable-circuit\art_src\characters\rook\fast_pipeline\motion\candidate_rook_c02_v20_two_bone_joint_overlap_walk\blender_frames\SE\move\20.png'
00:11.063  render           | Saved: 'D:\AI 종합 폴더\Games\Sable-circuit\art_src\characters\rook\fast_pipeline\motion\candidate_rook_c02_v20_two_bone_joint_overlap_walk\blender_frames\SE\move\21.png'
00:11.188  render           | Saved: 'D:\AI 종합 폴더\Games\Sable-circuit\art_src\characters\rook\fast_pipeline\motion\candidate_rook_c02_v20_two_bone_joint_overlap_walk\blender_frames\SE\move\22.png'
00:11.360  render           | Saved: 'D:\AI 종합 폴더\Games\Sable-circuit\art_src\characters\rook\fast_pipeline\motion\candidate_rook_c02_v20_two_bone_joint_overlap_walk\blender_frames\SE\move\23.png'
00:11.485  render           | Saved: 'D:\AI 종합 폴더\Games\Sable-circuit\art_src\characters\rook\fast_pipeline\motion\candidate_rook_c02_v20_two_bone_joint_overlap_walk\blender_frames\SE\fire\00.png'
00:11.610  render           | Saved: 'D:\AI 종합 폴더\Games\Sable-circuit\art_src\characters\rook\fast_pipeline\motion\candidate_rook_c02_v20_two_bone_joint_overlap_walk\blender_frames\SE\fire\01.png'
00:11.735  render           | Saved: 'D:\AI 종합 폴더\Games\Sable-circuit\art_src\characters\rook\fast_pipeline\motion\candidate_rook_c02_v20_two_bone_joint_overlap_walk\blender_frames\SE\fire\02.png'
00:11.860  render           | Saved: 'D:\AI 종합 폴더\Games\Sable-circuit\art_src\characters\rook\fast_pipeline\motion\candidate_rook_c02_v20_two_bone_joint_overlap_walk\blender_frames\SE\fire\03.png'
00:11.985  render           | Saved: 'D:\AI 종합 폴더\Games\Sable-circuit\art_src\characters\rook\fast_pipeline\motion\candidate_rook_c02_v20_two_bone_joint_overlap_walk\blender_frames\SE\fire\04.png'
00:12.110  render           | Saved: 'D:\AI 종합 폴더\Games\Sable-circuit\art_src\characters\rook\fast_pipeline\motion\candidate_rook_c02_v20_two_bone_joint_overlap_walk\blender_frames\SE\fire\05.png'
00:12.469  render           | Saved: 'D:\AI 종합 폴더\Games\Sable-circuit\art_src\characters\rook\fast_pipeline\motion\candidate_rook_c02_v20_two_bone_joint_overlap_walk\blender_frames\S\idle\00.png'
00:12.594  render           | Saved: 'D:\AI 종합 폴더\Games\Sable-circuit\art_src\characters\rook\fast_pipeline\motion\candidate_rook_c02_v20_two_bone_joint_overlap_walk\blender_frames\S\idle\01.png'
00:12.750  render           | Saved: 'D:\AI 종합 폴더\Games\Sable-circuit\art_src\characters\rook\fast_pipeline\motion\candidate_rook_c02_v20_two_bone_joint_overlap_walk\blender_frames\S\idle\02.png'
00:12.922  render           | Saved: 'D:\AI 종합 폴더\Games\Sable-circuit\art_src\characters\rook\fast_pipeline\motion\candidate_rook_c02_v20_two_bone_joint_overlap_walk\blender_frames\S\idle\03.png'
00:13.094  render           | Saved: 'D:\AI 종합 폴더\Games\Sable-circuit\art_src\characters\rook\fast_pipeline\motion\candidate_rook_c02_v20_two_bone_joint_overlap_walk\blender_frames\S\move\00.png'
00:13.250  render           | Saved: 'D:\AI 종합 폴더\Games\Sable-circuit\art_src\characters\rook\fast_pipeline\motion\candidate_rook_c02_v20_two_bone_joint_overlap_walk\blender_frames\S\move\01.png'
00:13.391  render           | Saved: 'D:\AI 종합 폴더\Games\Sable-circuit\art_src\characters\rook\fast_pipeline\motion\candidate_rook_c02_v20_two_bone_joint_overlap_walk\blender_frames\S\move\02.png'
00:13.532  render           | Saved: 'D:\AI 종합 폴더\Games\Sable-circuit\art_src\characters\rook\fast_pipeline\motion\candidate_rook_c02_v20_two_bone_joint_overlap_walk\blender_frames\S\move\03.png'
00:13.672  render           | Saved: 'D:\AI 종합 폴더\Games\Sable-circuit\art_src\characters\rook\fast_pipeline\motion\candidate_rook_c02_v20_two_bone_joint_overlap_walk\blender_frames\S\move\04.png'
00:13.813  render           | Saved: 'D:\AI 종합 폴더\Games\Sable-circuit\art_src\characters\rook\fast_pipeline\motion\candidate_rook_c02_v20_two_bone_joint_overlap_walk\blender_frames\S\move\05.png'
00:13.953  render           | Saved: 'D:\AI 종합 폴더\Games\Sable-circuit\art_src\characters\rook\fast_pipeline\motion\candidate_rook_c02_v20_two_bone_joint_overlap_walk\blender_frames\S\move\06.png'
00:14.094  render           | Saved: 'D:\AI 종합 폴더\Games\Sable-circuit\art_src\characters\rook\fast_pipeline\motion\candidate_rook_c02_v20_two_bone_joint_overlap_walk\blender_frames\S\move\07.png'
00:14.235  render           | Saved: 'D:\AI 종합 폴더\Games\Sable-circuit\art_src\characters\rook\fast_pipeline\motion\candidate_rook_c02_v20_two_bone_joint_overlap_walk\blender_frames\S\move\08.png'
00:14.360  render           | Saved: 'D:\AI 종합 폴더\Games\Sable-circuit\art_src\characters\rook\fast_pipeline\motion\candidate_rook_c02_v20_two_bone_joint_overlap_walk\blender_frames\S\move\09.png'
00:14.500  render           | Saved: 'D:\AI 종합 폴더\Games\Sable-circuit\art_src\characters\rook\fast_pipeline\motion\candidate_rook_c02_v20_two_bone_joint_overlap_walk\blender_frames\S\move\10.png'
00:14.641  render           | Saved: 'D:\AI 종합 폴더\Games\Sable-circuit\art_src\characters\rook\fast_pipeline\motion\candidate_rook_c02_v20_two_bone_joint_overlap_walk\blender_frames\S\move\11.png'
00:14.782  render           | Saved: 'D:\AI 종합 폴더\Games\Sable-circuit\art_src\characters\rook\fast_pipeline\motion\candidate_rook_c02_v20_two_bone_joint_overlap_walk\blender_frames\S\move\12.png'
00:14.922  render           | Saved: 'D:\AI 종합 폴더\Games\Sable-circuit\art_src\characters\rook\fast_pipeline\motion\candidate_rook_c02_v20_two_bone_joint_overlap_walk\blender_frames\S\move\13.png'
00:15.078  render           | Saved: 'D:\AI 종합 폴더\Games\Sable-circuit\art_src\characters\rook\fast_pipeline\motion\candidate_rook_c02_v20_two_bone_joint_overlap_walk\blender_frames\S\move\14.png'
00:15.219  render           | Saved: 'D:\AI 종합 폴더\Games\Sable-circuit\art_src\characters\rook\fast_pipeline\motion\candidate_rook_c02_v20_two_bone_joint_overlap_walk\blender_frames\S\move\15.png'
00:15.344  render           | Saved: 'D:\AI 종합 폴더\Games\Sable-circuit\art_src\characters\rook\fast_pipeline\motion\candidate_rook_c02_v20_two_bone_joint_overlap_walk\blender_frames\S\move\16.png'
00:15.485  render           | Saved: 'D:\AI 종합 폴더\Games\Sable-circuit\art_src\characters\rook\fast_pipeline\motion\candidate_rook_c02_v20_two_bone_joint_overlap_walk\blender_frames\S\move\17.png'
00:15.625  render           | Saved: 'D:\AI 종합 폴더\Games\Sable-circuit\art_src\characters\rook\fast_pipeline\motion\candidate_rook_c02_v20_two_bone_joint_overlap_walk\blender_frames\S\move\18.png'
00:15.766  render           | Saved: 'D:\AI 종합 폴더\Games\Sable-circuit\art_src\characters\rook\fast_pipeline\motion\candidate_rook_c02_v20_two_bone_joint_overlap_walk\blender_frames\S\move\19.png'
00:15.938  render           | Saved: 'D:\AI 종합 폴더\Games\Sable-circuit\art_src\characters\rook\fast_pipeline\motion\candidate_rook_c02_v20_two_bone_joint_overlap_walk\blender_frames\S\move\20.png'
00:16.063  render           | Saved: 'D:\AI 종합 폴더\Games\Sable-circuit\art_src\characters\rook\fast_pipeline\motion\candidate_rook_c02_v20_two_bone_joint_overlap_walk\blender_frames\S\move\21.png'
00:16.188  render           | Saved: 'D:\AI 종합 폴더\Games\Sable-circuit\art_src\characters\rook\fast_pipeline\motion\candidate_rook_c02_v20_two_bone_joint_overlap_walk\blender_frames\S\move\22.png'
00:16.313  render           | Saved: 'D:\AI 종합 폴더\Games\Sable-circuit\art_src\characters\rook\fast_pipeline\motion\candidate_rook_c02_v20_two_bone_joint_overlap_walk\blender_frames\S\move\23.png'
00:16.453  render           | Saved: 'D:\AI 종합 폴더\Games\Sable-circuit\art_src\characters\rook\fast_pipeline\motion\candidate_rook_c02_v20_two_bone_joint_overlap_walk\blender_frames\S\fire\00.png'
00:16.578  render           | Saved: 'D:\AI 종합 폴더\Games\Sable-circuit\art_src\characters\rook\fast_pipeline\motion\candidate_rook_c02_v20_two_bone_joint_overlap_walk\blender_frames\S\fire\01.png'
00:16.703  render           | Saved: 'D:\AI 종합 폴더\Games\Sable-circuit\art_src\characters\rook\fast_pipeline\motion\candidate_rook_c02_v20_two_bone_joint_overlap_walk\blender_frames\S\fire\02.png'
00:16.828  render           | Saved: 'D:\AI 종합 폴더\Games\Sable-circuit\art_src\characters\rook\fast_pipeline\motion\candidate_rook_c02_v20_two_bone_joint_overlap_walk\blender_frames\S\fire\03.png'
00:16.969  render           | Saved: 'D:\AI 종합 폴더\Games\Sable-circuit\art_src\characters\rook\fast_pipeline\motion\candidate_rook_c02_v20_two_bone_joint_overlap_walk\blender_frames\S\fire\04.png'
00:17.094  render           | Saved: 'D:\AI 종합 폴더\Games\Sable-circuit\art_src\characters\rook\fast_pipeline\motion\candidate_rook_c02_v20_two_bone_joint_overlap_walk\blender_frames\S\fire\05.png'
00:17.469  render           | Saved: 'D:\AI 종합 폴더\Games\Sable-circuit\art_src\characters\rook\fast_pipeline\motion\candidate_rook_c02_v20_two_bone_joint_overlap_walk\blender_frames\SW\idle\00.png'
00:17.594  render           | Saved: 'D:\AI 종합 폴더\Games\Sable-circuit\art_src\characters\rook\fast_pipeline\motion\candidate_rook_c02_v20_two_bone_joint_overlap_walk\blender_frames\SW\idle\01.png'
00:17.735  render           | Saved: 'D:\AI 종합 폴더\Games\Sable-circuit\art_src\characters\rook\fast_pipeline\motion\candidate_rook_c02_v20_two_bone_joint_overlap_walk\blender_frames\SW\idle\02.png'
00:17.860  render           | Saved: 'D:\AI 종합 폴더\Games\Sable-circuit\art_src\characters\rook\fast_pipeline\motion\candidate_rook_c02_v20_two_bone_joint_overlap_walk\blender_frames\SW\idle\03.png'
00:18.063  render           | Saved: 'D:\AI 종합 폴더\Games\Sable-circuit\art_src\characters\rook\fast_pipeline\motion\candidate_rook_c02_v20_two_bone_joint_overlap_walk\blender_frames\SW\move\00.png'
00:18.219  render           | Saved: 'D:\AI 종합 폴더\Games\Sable-circuit\art_src\characters\rook\fast_pipeline\motion\candidate_rook_c02_v20_two_bone_joint_overlap_walk\blender_frames\SW\move\01.png'
00:18.360  render           | Saved: 'D:\AI 종합 폴더\Games\Sable-circuit\art_src\characters\rook\fast_pipeline\motion\candidate_rook_c02_v20_two_bone_joint_overlap_walk\blender_frames\SW\move\02.png'
00:18.500  render           | Saved: 'D:\AI 종합 폴더\Games\Sable-circuit\art_src\characters\rook\fast_pipeline\motion\candidate_rook_c02_v20_two_bone_joint_overlap_walk\blender_frames\SW\move\03.png'
00:18.641  render           | Saved: 'D:\AI 종합 폴더\Games\Sable-circuit\art_src\characters\rook\fast_pipeline\motion\candidate_rook_c02_v20_two_bone_joint_overlap_walk\blender_frames\SW\move\04.png'
00:18.782  render           | Saved: 'D:\AI 종합 폴더\Games\Sable-circuit\art_src\characters\rook\fast_pipeline\motion\candidate_rook_c02_v20_two_bone_joint_overlap_walk\blender_frames\SW\move\05.png'
00:18.969  render           | Saved: 'D:\AI 종합 폴더\Games\Sable-circuit\art_src\characters\rook\fast_pipeline\motion\candidate_rook_c02_v20_two_bone_joint_overlap_walk\blender_frames\SW\move\06.png'
00:19.094  render           | Saved: 'D:\AI 종합 폴더\Games\Sable-circuit\art_src\characters\rook\fast_pipeline\motion\candidate_rook_c02_v20_two_bone_joint_overlap_walk\blender_frames\SW\move\07.png'
00:19.235  render           | Saved: 'D:\AI 종합 폴더\Games\Sable-circuit\art_src\characters\rook\fast_pipeline\motion\candidate_rook_c02_v20_two_bone_joint_overlap_walk\blender_frames\SW\move\08.png'
00:19.375  render           | Saved: 'D:\AI 종합 폴더\Games\Sable-circuit\art_src\characters\rook\fast_pipeline\motion\candidate_rook_c02_v20_two_bone_joint_overlap_walk\blender_frames\SW\move\09.png'
00:19.516  render           | Saved: 'D:\AI 종합 폴더\Games\Sable-circuit\art_src\characters\rook\fast_pipeline\motion\candidate_rook_c02_v20_two_bone_joint_overlap_walk\blender_frames\SW\move\10.png'
00:19.657  render           | Saved: 'D:\AI 종합 폴더\Games\Sable-circuit\art_src\characters\rook\fast_pipeline\motion\candidate_rook_c02_v20_two_bone_joint_overlap_walk\blender_frames\SW\move\11.png'
00:19.828  render           | Saved: 'D:\AI 종합 폴더\Games\Sable-circuit\art_src\characters\rook\fast_pipeline\motion\candidate_rook_c02_v20_two_bone_joint_overlap_walk\blender_frames\SW\move\12.png'
00:19.985  render           | Saved: 'D:\AI 종합 폴더\Games\Sable-circuit\art_src\characters\rook\fast_pipeline\motion\candidate_rook_c02_v20_two_bone_joint_overlap_walk\blender_frames\SW\move\13.png'
00:20.157  render           | Saved: 'D:\AI 종합 폴더\Games\Sable-circuit\art_src\characters\rook\fast_pipeline\motion\candidate_rook_c02_v20_two_bone_joint_overlap_walk\blender_frames\SW\move\14.png'
00:20.297  render           | Saved: 'D:\AI 종합 폴더\Games\Sable-circuit\art_src\characters\rook\fast_pipeline\motion\candidate_rook_c02_v20_two_bone_joint_overlap_walk\blender_frames\SW\move\15.png'
00:20.438  render           | Saved: 'D:\AI 종합 폴더\Games\Sable-circuit\art_src\characters\rook\fast_pipeline\motion\candidate_rook_c02_v20_two_bone_joint_overlap_walk\blender_frames\SW\move\16.png'
00:20.578  render           | Saved: 'D:\AI 종합 폴더\Games\Sable-circuit\art_src\characters\rook\fast_pipeline\motion\candidate_rook_c02_v20_two_bone_joint_overlap_walk\blender_frames\SW\move\17.png'
00:20.719  render           | Saved: 'D:\AI 종합 폴더\Games\Sable-circuit\art_src\characters\rook\fast_pipeline\motion\candidate_rook_c02_v20_two_bone_joint_overlap_walk\blender_frames\SW\move\18.png'
00:20.860  render           | Saved: 'D:\AI 종합 폴더\Games\Sable-circuit\art_src\characters\rook\fast_pipeline\motion\candidate_rook_c02_v20_two_bone_joint_overlap_walk\blender_frames\SW\move\19.png'
00:21.000  render           | Saved: 'D:\AI 종합 폴더\Games\Sable-circuit\art_src\characters\rook\fast_pipeline\motion\candidate_rook_c02_v20_two_bone_joint_overlap_walk\blender_frames\SW\move\20.png'
00:21.157  render           | Saved: 'D:\AI 종합 폴더\Games\Sable-circuit\art_src\characters\rook\fast_pipeline\motion\candidate_rook_c02_v20_two_bone_joint_overlap_walk\blender_frames\SW\move\21.png'
00:21.313  render           | Saved: 'D:\AI 종합 폴더\Games\Sable-circuit\art_src\characters\rook\fast_pipeline\motion\candidate_rook_c02_v20_two_bone_joint_overlap_walk\blender_frames\SW\move\22.png'
00:21.453  render           | Saved: 'D:\AI 종합 폴더\Games\Sable-circuit\art_src\characters\rook\fast_pipeline\motion\candidate_rook_c02_v20_two_bone_joint_overlap_walk\blender_frames\SW\move\23.png'
00:21.594  render           | Saved: 'D:\AI 종합 폴더\Games\Sable-circuit\art_src\characters\rook\fast_pipeline\motion\candidate_rook_c02_v20_two_bone_joint_overlap_walk\blender_frames\SW\fire\00.png'
00:21.719  render           | Saved: 'D:\AI 종합 폴더\Games\Sable-circuit\art_src\characters\rook\fast_pipeline\motion\candidate_rook_c02_v20_two_bone_joint_overlap_walk\blender_frames\SW\fire\01.png'
00:21.860  render           | Saved: 'D:\AI 종합 폴더\Games\Sable-circuit\art_src\characters\rook\fast_pipeline\motion\candidate_rook_c02_v20_two_bone_joint_overlap_walk\blender_frames\SW\fire\02.png'
00:22.047  render           | Saved: 'D:\AI 종합 폴더\Games\Sable-circuit\art_src\characters\rook\fast_pipeline\motion\candidate_rook_c02_v20_two_bone_joint_overlap_walk\blender_frames\SW\fire\03.png'
00:22.188  render           | Saved: 'D:\AI 종합 폴더\Games\Sable-circuit\art_src\characters\rook\fast_pipeline\motion\candidate_rook_c02_v20_two_bone_joint_overlap_walk\blender_frames\SW\fire\04.png'
00:22.328  render           | Saved: 'D:\AI 종합 폴더\Games\Sable-circuit\art_src\characters\rook\fast_pipeline\motion\candidate_rook_c02_v20_two_bone_joint_overlap_walk\blender_frames\SW\fire\05.png'
00:22.766  render           | Saved: 'D:\AI 종합 폴더\Games\Sable-circuit\art_src\characters\rook\fast_pipeline\motion\candidate_rook_c02_v20_two_bone_joint_overlap_walk\blender_frames\W\idle\00.png'
00:22.938  render           | Saved: 'D:\AI 종합 폴더\Games\Sable-circuit\art_src\characters\rook\fast_pipeline\motion\candidate_rook_c02_v20_two_bone_joint_overlap_walk\blender_frames\W\idle\01.png'
00:23.078  render           | Saved: 'D:\AI 종합 폴더\Games\Sable-circuit\art_src\characters\rook\fast_pipeline\motion\candidate_rook_c02_v20_two_bone_joint_overlap_walk\blender_frames\W\idle\02.png'
00:23.203  render           | Saved: 'D:\AI 종합 폴더\Games\Sable-circuit\art_src\characters\rook\fast_pipeline\motion\candidate_rook_c02_v20_two_bone_joint_overlap_walk\blender_frames\W\idle\03.png'
00:23.360  render           | Saved: 'D:\AI 종합 폴더\Games\Sable-circuit\art_src\characters\rook\fast_pipeline\motion\candidate_rook_c02_v20_two_bone_joint_overlap_walk\blender_frames\W\move\00.png'
00:23.500  render           | Saved: 'D:\AI 종합 폴더\Games\Sable-circuit\art_src\characters\rook\fast_pipeline\motion\candidate_rook_c02_v20_two_bone_joint_overlap_walk\blender_frames\W\move\01.png'
00:23.657  render           | Saved: 'D:\AI 종합 폴더\Games\Sable-circuit\art_src\characters\rook\fast_pipeline\motion\candidate_rook_c02_v20_two_bone_joint_overlap_walk\blender_frames\W\move\02.png'
00:23.782  render           | Saved: 'D:\AI 종합 폴더\Games\Sable-circuit\art_src\characters\rook\fast_pipeline\motion\candidate_rook_c02_v20_two_bone_joint_overlap_walk\blender_frames\W\move\03.png'
00:23.938  render           | Saved: 'D:\AI 종합 폴더\Games\Sable-circuit\art_src\characters\rook\fast_pipeline\motion\candidate_rook_c02_v20_two_bone_joint_overlap_walk\blender_frames\W\move\04.png'
00:24.078  render           | Saved: 'D:\AI 종합 폴더\Games\Sable-circuit\art_src\characters\rook\fast_pipeline\motion\candidate_rook_c02_v20_two_bone_joint_overlap_walk\blender_frames\W\move\05.png'
00:24.219  render           | Saved: 'D:\AI 종합 폴더\Games\Sable-circuit\art_src\characters\rook\fast_pipeline\motion\candidate_rook_c02_v20_two_bone_joint_overlap_walk\blender_frames\W\move\06.png'
00:24.391  render           | Saved: 'D:\AI 종합 폴더\Games\Sable-circuit\art_src\characters\rook\fast_pipeline\motion\candidate_rook_c02_v20_two_bone_joint_overlap_walk\blender_frames\W\move\07.png'
00:24.547  render           | Saved: 'D:\AI 종합 폴더\Games\Sable-circuit\art_src\characters\rook\fast_pipeline\motion\candidate_rook_c02_v20_two_bone_joint_overlap_walk\blender_frames\W\move\08.png'
00:24.688  render           | Saved: 'D:\AI 종합 폴더\Games\Sable-circuit\art_src\characters\rook\fast_pipeline\motion\candidate_rook_c02_v20_two_bone_joint_overlap_walk\blender_frames\W\move\09.png'
00:24.813  render           | Saved: 'D:\AI 종합 폴더\Games\Sable-circuit\art_src\characters\rook\fast_pipeline\motion\candidate_rook_c02_v20_two_bone_joint_overlap_walk\blender_frames\W\move\10.png'
00:24.953  render           | Saved: 'D:\AI 종합 폴더\Games\Sable-circuit\art_src\characters\rook\fast_pipeline\motion\candidate_rook_c02_v20_two_bone_joint_overlap_walk\blender_frames\W\move\11.png'
00:25.141  render           | Saved: 'D:\AI 종합 폴더\Games\Sable-circuit\art_src\characters\rook\fast_pipeline\motion\candidate_rook_c02_v20_two_bone_joint_overlap_walk\blender_frames\W\move\12.png'
00:25.282  render           | Saved: 'D:\AI 종합 폴더\Games\Sable-circuit\art_src\characters\rook\fast_pipeline\motion\candidate_rook_c02_v20_two_bone_joint_overlap_walk\blender_frames\W\move\13.png'
00:25.422  render           | Saved: 'D:\AI 종합 폴더\Games\Sable-circuit\art_src\characters\rook\fast_pipeline\motion\candidate_rook_c02_v20_two_bone_joint_overlap_walk\blender_frames\W\move\14.png'
00:25.578  render           | Saved: 'D:\AI 종합 폴더\Games\Sable-circuit\art_src\characters\rook\fast_pipeline\motion\candidate_rook_c02_v20_two_bone_joint_overlap_walk\blender_frames\W\move\15.png'
00:25.750  render           | Saved: 'D:\AI 종합 폴더\Games\Sable-circuit\art_src\characters\rook\fast_pipeline\motion\candidate_rook_c02_v20_two_bone_joint_overlap_walk\blender_frames\W\move\16.png'
00:25.907  render           | Saved: 'D:\AI 종합 폴더\Games\Sable-circuit\art_src\characters\rook\fast_pipeline\motion\candidate_rook_c02_v20_two_bone_joint_overlap_walk\blender_frames\W\move\17.png'
00:26.078  render           | Saved: 'D:\AI 종합 폴더\Games\Sable-circuit\art_src\characters\rook\fast_pipeline\motion\candidate_rook_c02_v20_two_bone_joint_overlap_walk\blender_frames\W\move\18.png'
00:26.219  render           | Saved: 'D:\AI 종합 폴더\Games\Sable-circuit\art_src\characters\rook\fast_pipeline\motion\candidate_rook_c02_v20_two_bone_joint_overlap_walk\blender_frames\W\move\19.png'
00:26.375  render           | Saved: 'D:\AI 종합 폴더\Games\Sable-circuit\art_src\characters\rook\fast_pipeline\motion\candidate_rook_c02_v20_two_bone_joint_overlap_walk\blender_frames\W\move\20.png'
00:26.547  render           | Saved: 'D:\AI 종합 폴더\Games\Sable-circuit\art_src\characters\rook\fast_pipeline\motion\candidate_rook_c02_v20_two_bone_joint_overlap_walk\blender_frames\W\move\21.png'
00:26.703  render           | Saved: 'D:\AI 종합 폴더\Games\Sable-circuit\art_src\characters\rook\fast_pipeline\motion\candidate_rook_c02_v20_two_bone_joint_overlap_walk\blender_frames\W\move\22.png'
00:26.875  render           | Saved: 'D:\AI 종합 폴더\Games\Sable-circuit\art_src\characters\rook\fast_pipeline\motion\candidate_rook_c02_v20_two_bone_joint_overlap_walk\blender_frames\W\move\23.png'
00:27.032  render           | Saved: 'D:\AI 종합 폴더\Games\Sable-circuit\art_src\characters\rook\fast_pipeline\motion\candidate_rook_c02_v20_two_bone_joint_overlap_walk\blender_frames\W\fire\00.png'
00:27.172  render           | Saved: 'D:\AI 종합 폴더\Games\Sable-circuit\art_src\characters\rook\fast_pipeline\motion\candidate_rook_c02_v20_two_bone_joint_overlap_walk\blender_frames\W\fire\01.png'
00:27.297  render           | Saved: 'D:\AI 종합 폴더\Games\Sable-circuit\art_src\characters\rook\fast_pipeline\motion\candidate_rook_c02_v20_two_bone_joint_overlap_walk\blender_frames\W\fire\02.png'
00:27.453  render           | Saved: 'D:\AI 종합 폴더\Games\Sable-circuit\art_src\characters\rook\fast_pipeline\motion\candidate_rook_c02_v20_two_bone_joint_overlap_walk\blender_frames\W\fire\03.png'
00:27.594  render           | Saved: 'D:\AI 종합 폴더\Games\Sable-circuit\art_src\characters\rook\fast_pipeline\motion\candidate_rook_c02_v20_two_bone_joint_overlap_walk\blender_frames\W\fire\04.png'
00:27.797  render           | Saved: 'D:\AI 종합 폴더\Games\Sable-circuit\art_src\characters\rook\fast_pipeline\motion\candidate_rook_c02_v20_two_bone_joint_overlap_walk\blender_frames\W\fire\05.png'
00:28.266  render           | Saved: 'D:\AI 종합 폴더\Games\Sable-circuit\art_src\characters\rook\fast_pipeline\motion\candidate_rook_c02_v20_two_bone_joint_overlap_walk\blender_frames\NW\idle\00.png'
00:28.438  render           | Saved: 'D:\AI 종합 폴더\Games\Sable-circuit\art_src\characters\rook\fast_pipeline\motion\candidate_rook_c02_v20_two_bone_joint_overlap_walk\blender_frames\NW\idle\01.png'
00:28.594  render           | Saved: 'D:\AI 종합 폴더\Games\Sable-circuit\art_src\characters\rook\fast_pipeline\motion\candidate_rook_c02_v20_two_bone_joint_overlap_walk\blender_frames\NW\idle\02.png'
00:28.797  render           | Saved: 'D:\AI 종합 폴더\Games\Sable-circuit\art_src\characters\rook\fast_pipeline\motion\candidate_rook_c02_v20_two_bone_joint_overlap_walk\blender_frames\NW\idle\03.png'
00:29.032  render           | Saved: 'D:\AI 종합 폴더\Games\Sable-circuit\art_src\characters\rook\fast_pipeline\motion\candidate_rook_c02_v20_two_bone_joint_overlap_walk\blender_frames\NW\move\00.png'
00:29.188  render           | Saved: 'D:\AI 종합 폴더\Games\Sable-circuit\art_src\characters\rook\fast_pipeline\motion\candidate_rook_c02_v20_two_bone_joint_overlap_walk\blender_frames\NW\move\01.png'
00:29.360  render           | Saved: 'D:\AI 종합 폴더\Games\Sable-circuit\art_src\characters\rook\fast_pipeline\motion\candidate_rook_c02_v20_two_bone_joint_overlap_walk\blender_frames\NW\move\02.png'
00:29.532  render           | Saved: 'D:\AI 종합 폴더\Games\Sable-circuit\art_src\characters\rook\fast_pipeline\motion\candidate_rook_c02_v20_two_bone_joint_overlap_walk\blender_frames\NW\move\03.png'
00:29.688  render           | Saved: 'D:\AI 종합 폴더\Games\Sable-circuit\art_src\characters\rook\fast_pipeline\motion\candidate_rook_c02_v20_two_bone_joint_overlap_walk\blender_frames\NW\move\04.png'
00:29.891  render           | Saved: 'D:\AI 종합 폴더\Games\Sable-circuit\art_src\characters\rook\fast_pipeline\motion\candidate_rook_c02_v20_two_bone_joint_overlap_walk\blender_frames\NW\move\05.png'
00:30.047  render           | Saved: 'D:\AI 종합 폴더\Games\Sable-circuit\art_src\characters\rook\fast_pipeline\motion\candidate_rook_c02_v20_two_bone_joint_overlap_walk\blender_frames\NW\move\06.png'
00:30.203  render           | Saved: 'D:\AI 종합 폴더\Games\Sable-circuit\art_src\characters\rook\fast_pipeline\motion\candidate_rook_c02_v20_two_bone_joint_overlap_walk\blender_frames\NW\move\07.png'
00:30.375  render           | Saved: 'D:\AI 종합 폴더\Games\Sable-circuit\art_src\characters\rook\fast_pipeline\motion\candidate_rook_c02_v20_two_bone_joint_overlap_walk\blender_frames\NW\move\08.png'
00:30.532  render           | Saved: 'D:\AI 종합 폴더\Games\Sable-circuit\art_src\characters\rook\fast_pipeline\motion\candidate_rook_c02_v20_two_bone_joint_overlap_walk\blender_frames\NW\move\09.png'
00:30.672  render           | Saved: 'D:\AI 종합 폴더\Games\Sable-circuit\art_src\characters\rook\fast_pipeline\motion\candidate_rook_c02_v20_two_bone_joint_overlap_walk\blender_frames\NW\move\10.png'
00:30.797  render           | Saved: 'D:\AI 종합 폴더\Games\Sable-circuit\art_src\characters\rook\fast_pipeline\motion\candidate_rook_c02_v20_two_bone_joint_overlap_walk\blender_frames\NW\move\11.png'
00:30.938  render           | Saved: 'D:\AI 종합 폴더\Games\Sable-circuit\art_src\characters\rook\fast_pipeline\motion\candidate_rook_c02_v20_two_bone_joint_overlap_walk\blender_frames\NW\move\12.png'
00:31.078  render           | Saved: 'D:\AI 종합 폴더\Games\Sable-circuit\art_src\characters\rook\fast_pipeline\motion\candidate_rook_c02_v20_two_bone_joint_overlap_walk\blender_frames\NW\move\13.png'
00:31.219  render           | Saved: 'D:\AI 종합 폴더\Games\Sable-circuit\art_src\characters\rook\fast_pipeline\motion\candidate_rook_c02_v20_two_bone_joint_overlap_walk\blender_frames\NW\move\14.png'
00:31.360  render           | Saved: 'D:\AI 종합 폴더\Games\Sable-circuit\art_src\characters\rook\fast_pipeline\motion\candidate_rook_c02_v20_two_bone_joint_overlap_walk\blender_frames\NW\move\15.png'
00:31.532  render           | Saved: 'D:\AI 종합 폴더\Games\Sable-circuit\art_src\characters\rook\fast_pipeline\motion\candidate_rook_c02_v20_two_bone_joint_overlap_walk\blender_frames\NW\move\16.png'
00:31.672  render           | Saved: 'D:\AI 종합 폴더\Games\Sable-circuit\art_src\characters\rook\fast_pipeline\motion\candidate_rook_c02_v20_two_bone_joint_overlap_walk\blender_frames\NW\move\17.png'
00:31.813  render           | Saved: 'D:\AI 종합 폴더\Games\Sable-circuit\art_src\characters\rook\fast_pipeline\motion\candidate_rook_c02_v20_two_bone_joint_overlap_walk\blender_frames\NW\move\18.png'
00:31.938  render           | Saved: 'D:\AI 종합 폴더\Games\Sable-circuit\art_src\characters\rook\fast_pipeline\motion\candidate_rook_c02_v20_two_bone_joint_overlap_walk\blender_frames\NW\move\19.png'
00:32.125  render           | Saved: 'D:\AI 종합 폴더\Games\Sable-circuit\art_src\characters\rook\fast_pipeline\motion\candidate_rook_c02_v20_two_bone_joint_overlap_walk\blender_frames\NW\move\20.png'
00:32.266  render           | Saved: 'D:\AI 종합 폴더\Games\Sable-circuit\art_src\characters\rook\fast_pipeline\motion\candidate_rook_c02_v20_two_bone_joint_overlap_walk\blender_frames\NW\move\21.png'
00:32.407  render           | Saved: 'D:\AI 종합 폴더\Games\Sable-circuit\art_src\characters\rook\fast_pipeline\motion\candidate_rook_c02_v20_two_bone_joint_overlap_walk\blender_frames\NW\move\22.png'
00:32.532  render           | Saved: 'D:\AI 종합 폴더\Games\Sable-circuit\art_src\characters\rook\fast_pipeline\motion\candidate_rook_c02_v20_two_bone_joint_overlap_walk\blender_frames\NW\move\23.png'
00:32.672  render           | Saved: 'D:\AI 종합 폴더\Games\Sable-circuit\art_src\characters\rook\fast_pipeline\motion\candidate_rook_c02_v20_two_bone_joint_overlap_walk\blender_frames\NW\fire\00.png'
00:32.797  render           | Saved: 'D:\AI 종합 폴더\Games\Sable-circuit\art_src\characters\rook\fast_pipeline\motion\candidate_rook_c02_v20_two_bone_joint_overlap_walk\blender_frames\NW\fire\01.png'
00:32.922  render           | Saved: 'D:\AI 종합 폴더\Games\Sable-circuit\art_src\characters\rook\fast_pipeline\motion\candidate_rook_c02_v20_two_bone_joint_overlap_walk\blender_frames\NW\fire\02.png'
00:33.078  render           | Saved: 'D:\AI 종합 폴더\Games\Sable-circuit\art_src\characters\rook\fast_pipeline\motion\candidate_rook_c02_v20_two_bone_joint_overlap_walk\blender_frames\NW\fire\03.png'
00:33.219  render           | Saved: 'D:\AI 종합 폴더\Games\Sable-circuit\art_src\characters\rook\fast_pipeline\motion\candidate_rook_c02_v20_two_bone_joint_overlap_walk\blender_frames\NW\fire\04.png'
00:33.344  render           | Saved: 'D:\AI 종합 폴더\Games\Sable-circuit\art_src\characters\rook\fast_pipeline\motion\candidate_rook_c02_v20_two_bone_joint_overlap_walk\blender_frames\NW\fire\05.png'
00:33.719  render           | Saved: 'D:\AI 종합 폴더\Games\Sable-circuit\art_src\characters\rook\fast_pipeline\motion\candidate_rook_c02_v20_two_bone_joint_overlap_walk\blender_frames\N\idle\00.png'
00:33.860  render           | Saved: 'D:\AI 종합 폴더\Games\Sable-circuit\art_src\characters\rook\fast_pipeline\motion\candidate_rook_c02_v20_two_bone_joint_overlap_walk\blender_frames\N\idle\01.png'
00:33.985  render           | Saved: 'D:\AI 종합 폴더\Games\Sable-circuit\art_src\characters\rook\fast_pipeline\motion\candidate_rook_c02_v20_two_bone_joint_overlap_walk\blender_frames\N\idle\02.png'
00:34.141  render           | Saved: 'D:\AI 종합 폴더\Games\Sable-circuit\art_src\characters\rook\fast_pipeline\motion\candidate_rook_c02_v20_two_bone_joint_overlap_walk\blender_frames\N\idle\03.png'
00:34.344  render           | Saved: 'D:\AI 종합 폴더\Games\Sable-circuit\art_src\characters\rook\fast_pipeline\motion\candidate_rook_c02_v20_two_bone_joint_overlap_walk\blender_frames\N\move\00.png'
00:34.485  render           | Saved: 'D:\AI 종합 폴더\Games\Sable-circuit\art_src\characters\rook\fast_pipeline\motion\candidate_rook_c02_v20_two_bone_joint_overlap_walk\blender_frames\N\move\01.png'
00:34.625  render           | Saved: 'D:\AI 종합 폴더\Games\Sable-circuit\art_src\characters\rook\fast_pipeline\motion\candidate_rook_c02_v20_two_bone_joint_overlap_walk\blender_frames\N\move\02.png'
00:34.813  render           | Saved: 'D:\AI 종합 폴더\Games\Sable-circuit\art_src\characters\rook\fast_pipeline\motion\candidate_rook_c02_v20_two_bone_joint_overlap_walk\blender_frames\N\move\03.png'
00:34.969  render           | Saved: 'D:\AI 종합 폴더\Games\Sable-circuit\art_src\characters\rook\fast_pipeline\motion\candidate_rook_c02_v20_two_bone_joint_overlap_walk\blender_frames\N\move\04.png'
00:35.157  render           | Saved: 'D:\AI 종합 폴더\Games\Sable-circuit\art_src\characters\rook\fast_pipeline\motion\candidate_rook_c02_v20_two_bone_joint_overlap_walk\blender_frames\N\move\05.png'
00:35.297  render           | Saved: 'D:\AI 종합 폴더\Games\Sable-circuit\art_src\characters\rook\fast_pipeline\motion\candidate_rook_c02_v20_two_bone_joint_overlap_walk\blender_frames\N\move\06.png'
00:35.453  render           | Saved: 'D:\AI 종합 폴더\Games\Sable-circuit\art_src\characters\rook\fast_pipeline\motion\candidate_rook_c02_v20_two_bone_joint_overlap_walk\blender_frames\N\move\07.png'
00:35.610  render           | Saved: 'D:\AI 종합 폴더\Games\Sable-circuit\art_src\characters\rook\fast_pipeline\motion\candidate_rook_c02_v20_two_bone_joint_overlap_walk\blender_frames\N\move\08.png'
00:35.750  render           | Saved: 'D:\AI 종합 폴더\Games\Sable-circuit\art_src\characters\rook\fast_pipeline\motion\candidate_rook_c02_v20_two_bone_joint_overlap_walk\blender_frames\N\move\09.png'
00:35.907  render           | Saved: 'D:\AI 종합 폴더\Games\Sable-circuit\art_src\characters\rook\fast_pipeline\motion\candidate_rook_c02_v20_two_bone_joint_overlap_walk\blender_frames\N\move\10.png'
00:36.078  render           | Saved: 'D:\AI 종합 폴더\Games\Sable-circuit\art_src\characters\rook\fast_pipeline\motion\candidate_rook_c02_v20_two_bone_joint_overlap_walk\blender_frames\N\move\11.png'
00:36.250  render           | Saved: 'D:\AI 종합 폴더\Games\Sable-circuit\art_src\characters\rook\fast_pipeline\motion\candidate_rook_c02_v20_two_bone_joint_overlap_walk\blender_frames\N\move\12.png'
00:36.453  render           | Saved: 'D:\AI 종합 폴더\Games\Sable-circuit\art_src\characters\rook\fast_pipeline\motion\candidate_rook_c02_v20_two_bone_joint_overlap_walk\blender_frames\N\move\13.png'
00:36.625  render           | Saved: 'D:\AI 종합 폴더\Games\Sable-circuit\art_src\characters\rook\fast_pipeline\motion\candidate_rook_c02_v20_two_bone_joint_overlap_walk\blender_frames\N\move\14.png'
00:36.782  render           | Saved: 'D:\AI 종합 폴더\Games\Sable-circuit\art_src\characters\rook\fast_pipeline\motion\candidate_rook_c02_v20_two_bone_joint_overlap_walk\blender_frames\N\move\15.png'
00:36.938  render           | Saved: 'D:\AI 종합 폴더\Games\Sable-circuit\art_src\characters\rook\fast_pipeline\motion\candidate_rook_c02_v20_two_bone_joint_overlap_walk\blender_frames\N\move\16.png'
00:37.078  render           | Saved: 'D:\AI 종합 폴더\Games\Sable-circuit\art_src\characters\rook\fast_pipeline\motion\candidate_rook_c02_v20_two_bone_joint_overlap_walk\blender_frames\N\move\17.png'
00:37.219  render           | Saved: 'D:\AI 종합 폴더\Games\Sable-circuit\art_src\characters\rook\fast_pipeline\motion\candidate_rook_c02_v20_two_bone_joint_overlap_walk\blender_frames\N\move\18.png'
00:37.360  render           | Saved: 'D:\AI 종합 폴더\Games\Sable-circuit\art_src\characters\rook\fast_pipeline\motion\candidate_rook_c02_v20_two_bone_joint_overlap_walk\blender_frames\N\move\19.png'
00:37.532  render           | Saved: 'D:\AI 종합 폴더\Games\Sable-circuit\art_src\characters\rook\fast_pipeline\motion\candidate_rook_c02_v20_two_bone_joint_overlap_walk\blender_frames\N\move\20.png'
00:37.735  render           | Saved: 'D:\AI 종합 폴더\Games\Sable-circuit\art_src\characters\rook\fast_pipeline\motion\candidate_rook_c02_v20_two_bone_joint_overlap_walk\blender_frames\N\move\21.png'
00:37.907  render           | Saved: 'D:\AI 종합 폴더\Games\Sable-circuit\art_src\characters\rook\fast_pipeline\motion\candidate_rook_c02_v20_two_bone_joint_overlap_walk\blender_frames\N\move\22.png'
00:38.063  render           | Saved: 'D:\AI 종합 폴더\Games\Sable-circuit\art_src\characters\rook\fast_pipeline\motion\candidate_rook_c02_v20_two_bone_joint_overlap_walk\blender_frames\N\move\23.png'
00:38.172  render           | Saved: 'D:\AI 종합 폴더\Games\Sable-circuit\art_src\characters\rook\fast_pipeline\motion\candidate_rook_c02_v20_two_bone_joint_overlap_walk\blender_frames\N\fire\00.png'
00:38.282  render           | Saved: 'D:\AI 종합 폴더\Games\Sable-circuit\art_src\characters\rook\fast_pipeline\motion\candidate_rook_c02_v20_two_bone_joint_overlap_walk\blender_frames\N\fire\01.png'
00:38.438  render           | Saved: 'D:\AI 종합 폴더\Games\Sable-circuit\art_src\characters\rook\fast_pipeline\motion\candidate_rook_c02_v20_two_bone_joint_overlap_walk\blender_frames\N\fire\02.png'
00:38.641  render           | Saved: 'D:\AI 종합 폴더\Games\Sable-circuit\art_src\characters\rook\fast_pipeline\motion\candidate_rook_c02_v20_two_bone_joint_overlap_walk\blender_frames\N\fire\03.png'
00:38.844  render           | Saved: 'D:\AI 종합 폴더\Games\Sable-circuit\art_src\characters\rook\fast_pipeline\motion\candidate_rook_c02_v20_two_bone_joint_overlap_walk\blender_frames\N\fire\04.png'
00:38.985  render           | Saved: 'D:\AI 종합 폴더\Games\Sable-circuit\art_src\characters\rook\fast_pipeline\motion\candidate_rook_c02_v20_two_bone_joint_overlap_walk\blender_frames\N\fire\05.png'
00:39.360  render           | Saved: 'D:\AI 종합 폴더\Games\Sable-circuit\art_src\characters\rook\fast_pipeline\motion\candidate_rook_c02_v20_two_bone_joint_overlap_walk\blender_frames\NE\idle\00.png'
00:39.485  render           | Saved: 'D:\AI 종합 폴더\Games\Sable-circuit\art_src\characters\rook\fast_pipeline\motion\candidate_rook_c02_v20_two_bone_joint_overlap_walk\blender_frames\NE\idle\01.png'
00:39.610  render           | Saved: 'D:\AI 종합 폴더\Games\Sable-circuit\art_src\characters\rook\fast_pipeline\motion\candidate_rook_c02_v20_two_bone_joint_overlap_walk\blender_frames\NE\idle\02.png'
00:39.735  render           | Saved: 'D:\AI 종합 폴더\Games\Sable-circuit\art_src\characters\rook\fast_pipeline\motion\candidate_rook_c02_v20_two_bone_joint_overlap_walk\blender_frames\NE\idle\03.png'
00:39.907  render           | Saved: 'D:\AI 종합 폴더\Games\Sable-circuit\art_src\characters\rook\fast_pipeline\motion\candidate_rook_c02_v20_two_bone_joint_overlap_walk\blender_frames\NE\move\00.png'
00:40.047  render           | Saved: 'D:\AI 종합 폴더\Games\Sable-circuit\art_src\characters\rook\fast_pipeline\motion\candidate_rook_c02_v20_two_bone_joint_overlap_walk\blender_frames\NE\move\01.png'
00:40.203  render           | Saved: 'D:\AI 종합 폴더\Games\Sable-circuit\art_src\characters\rook\fast_pipeline\motion\candidate_rook_c02_v20_two_bone_joint_overlap_walk\blender_frames\NE\move\02.png'
00:40.328  render           | Saved: 'D:\AI 종합 폴더\Games\Sable-circuit\art_src\characters\rook\fast_pipeline\motion\candidate_rook_c02_v20_two_bone_joint_overlap_walk\blender_frames\NE\move\03.png'
00:40.469  render           | Saved: 'D:\AI 종합 폴더\Games\Sable-circuit\art_src\characters\rook\fast_pipeline\motion\candidate_rook_c02_v20_two_bone_joint_overlap_walk\blender_frames\NE\move\04.png'
00:40.594  render           | Saved: 'D:\AI 종합 폴더\Games\Sable-circuit\art_src\characters\rook\fast_pipeline\motion\candidate_rook_c02_v20_two_bone_joint_overlap_walk\blender_frames\NE\move\05.png'
00:40.735  render           | Saved: 'D:\AI 종합 폴더\Games\Sable-circuit\art_src\characters\rook\fast_pipeline\motion\candidate_rook_c02_v20_two_bone_joint_overlap_walk\blender_frames\NE\move\06.png'
00:40.891  render           | Saved: 'D:\AI 종합 폴더\Games\Sable-circuit\art_src\characters\rook\fast_pipeline\motion\candidate_rook_c02_v20_two_bone_joint_overlap_walk\blender_frames\NE\move\07.png'
00:41.032  render           | Saved: 'D:\AI 종합 폴더\Games\Sable-circuit\art_src\characters\rook\fast_pipeline\motion\candidate_rook_c02_v20_two_bone_joint_overlap_walk\blender_frames\NE\move\08.png'
00:41.172  render           | Saved: 'D:\AI 종합 폴더\Games\Sable-circuit\art_src\characters\rook\fast_pipeline\motion\candidate_rook_c02_v20_two_bone_joint_overlap_walk\blender_frames\NE\move\09.png'
00:41.313  render           | Saved: 'D:\AI 종합 폴더\Games\Sable-circuit\art_src\characters\rook\fast_pipeline\motion\candidate_rook_c02_v20_two_bone_joint_overlap_walk\blender_frames\NE\move\10.png'
00:41.453  render           | Saved: 'D:\AI 종합 폴더\Games\Sable-circuit\art_src\characters\rook\fast_pipeline\motion\candidate_rook_c02_v20_two_bone_joint_overlap_walk\blender_frames\NE\move\11.png'
00:41.625  render           | Saved: 'D:\AI 종합 폴더\Games\Sable-circuit\art_src\characters\rook\fast_pipeline\motion\candidate_rook_c02_v20_two_bone_joint_overlap_walk\blender_frames\NE\move\12.png'
00:41.766  render           | Saved: 'D:\AI 종합 폴더\Games\Sable-circuit\art_src\characters\rook\fast_pipeline\motion\candidate_rook_c02_v20_two_bone_joint_overlap_walk\blender_frames\NE\move\13.png'
00:41.891  render           | Saved: 'D:\AI 종합 폴더\Games\Sable-circuit\art_src\characters\rook\fast_pipeline\motion\candidate_rook_c02_v20_two_bone_joint_overlap_walk\blender_frames\NE\move\14.png'
00:42.047  render           | Saved: 'D:\AI 종합 폴더\Games\Sable-circuit\art_src\characters\rook\fast_pipeline\motion\candidate_rook_c02_v20_two_bone_joint_overlap_walk\blender_frames\NE\move\15.png'
00:42.188  render           | Saved: 'D:\AI 종합 폴더\Games\Sable-circuit\art_src\characters\rook\fast_pipeline\motion\candidate_rook_c02_v20_two_bone_joint_overlap_walk\blender_frames\NE\move\16.png'
00:42.328  render           | Saved: 'D:\AI 종합 폴더\Games\Sable-circuit\art_src\characters\rook\fast_pipeline\motion\candidate_rook_c02_v20_two_bone_joint_overlap_walk\blender_frames\NE\move\17.png'
00:42.469  render           | Saved: 'D:\AI 종합 폴더\Games\Sable-circuit\art_src\characters\rook\fast_pipeline\motion\candidate_rook_c02_v20_two_bone_joint_overlap_walk\blender_frames\NE\move\18.png'
00:42.594  render           | Saved: 'D:\AI 종합 폴더\Games\Sable-circuit\art_src\characters\rook\fast_pipeline\motion\candidate_rook_c02_v20_two_bone_joint_overlap_walk\blender_frames\NE\move\19.png'
00:42.735  render           | Saved: 'D:\AI 종합 폴더\Games\Sable-circuit\art_src\characters\rook\fast_pipeline\motion\candidate_rook_c02_v20_two_bone_joint_overlap_walk\blender_frames\NE\move\20.png'
00:42.860  render           | Saved: 'D:\AI 종합 폴더\Games\Sable-circuit\art_src\characters\rook\fast_pipeline\motion\candidate_rook_c02_v20_two_bone_joint_overlap_walk\blender_frames\NE\move\21.png'
00:43.000  render           | Saved: 'D:\AI 종합 폴더\Games\Sable-circuit\art_src\characters\rook\fast_pipeline\motion\candidate_rook_c02_v20_two_bone_joint_overlap_walk\blender_frames\NE\move\22.png'
00:43.141  render           | Saved: 'D:\AI 종합 폴더\Games\Sable-circuit\art_src\characters\rook\fast_pipeline\motion\candidate_rook_c02_v20_two_bone_joint_overlap_walk\blender_frames\NE\move\23.png'
00:43.266  render           | Saved: 'D:\AI 종합 폴더\Games\Sable-circuit\art_src\characters\rook\fast_pipeline\motion\candidate_rook_c02_v20_two_bone_joint_overlap_walk\blender_frames\NE\fire\00.png'
00:43.391  render           | Saved: 'D:\AI 종합 폴더\Games\Sable-circuit\art_src\characters\rook\fast_pipeline\motion\candidate_rook_c02_v20_two_bone_joint_overlap_walk\blender_frames\NE\fire\01.png'
00:43.532  render           | Saved: 'D:\AI 종합 폴더\Games\Sable-circuit\art_src\characters\rook\fast_pipeline\motion\candidate_rook_c02_v20_two_bone_joint_overlap_walk\blender_frames\NE\fire\02.png'
00:43.641  render           | Saved: 'D:\AI 종합 폴더\Games\Sable-circuit\art_src\characters\rook\fast_pipeline\motion\candidate_rook_c02_v20_two_bone_joint_overlap_walk\blender_frames\NE\fire\03.png'
00:43.797  render           | Saved: 'D:\AI 종합 폴더\Games\Sable-circuit\art_src\characters\rook\fast_pipeline\motion\candidate_rook_c02_v20_two_bone_joint_overlap_walk\blender_frames\NE\fire\04.png'
00:43.922  render           | Saved: 'D:\AI 종합 폴더\Games\Sable-circuit\art_src\characters\rook\fast_pipeline\motion\candidate_rook_c02_v20_two_bone_joint_overlap_walk\blender_frames\NE\fire\05.png'
Blender 5.2.1 LTS (hash 9e2066aef7ef built 2026-08-25 02:38:20)
Info: Saved as "ROOK_C02_FAST_UAL_V1.blend"
ROOK_FAST_BLENDER_UAL_RENDER_PASS={"candidate": "art_src/characters/rook/fast_pipeline/motion/candidate_rook_c02_v20_two_bone_joint_overlap_walk", "frames": 272, "manifest": "art_src/characters/rook/fast_pipeline/motion/candidate_rook_c02_v20_two_bone_joint_overlap_walk/ROOK_C02_BLENDER_UAL_RENDER_MANIFEST.json"}
