Godot Engine v4.7.1.stable.official.a13da4feb - https://godotengine.org

PASS: CHR_PROTO_01 profile loads
PASS: CHR_PROTO_01 has visual_profile
PASS: CHR_PROTO_01 has unique visual_profile
PASS: CHR_PROTO_01 has motion_profile
PASS: CHR_PROTO_01 has unique motion_profile
PASS: CHR_PROTO_01 has projectile_profile
PASS: CHR_PROTO_01 has unique projectile_profile
PASS: CHR_PROTO_01 has hit_vfx_profile
PASS: CHR_PROTO_01 has unique hit_vfx_profile
PASS: CHR_PROTO_01 has fire_sfx_profile
PASS: CHR_PROTO_01 has unique fire_sfx_profile
PASS: CHR_PROTO_01 has impact_sfx_profile
PASS: CHR_PROTO_01 has unique impact_sfx_profile
PASS: CHR_PROTO_01 has master_asset
PASS: CHR_PROTO_01 has unique master_asset
PASS: CHR_PROTO_01 has rig_sheet
PASS: CHR_PROTO_01 has unique rig_sheet
PASS: CHR_PROTO_01 master asset imports
PASS: CHR_PROTO_01 layered rig sheet imports
PASS: CHR_PROTO_02 profile loads
PASS: CHR_PROTO_02 has visual_profile
PASS: CHR_PROTO_02 has unique visual_profile
PASS: CHR_PROTO_02 has motion_profile
PASS: CHR_PROTO_02 has unique motion_profile
PASS: CHR_PROTO_02 has projectile_profile
PASS: CHR_PROTO_02 has unique projectile_profile
PASS: CHR_PROTO_02 has hit_vfx_profile
PASS: CHR_PROTO_02 has unique hit_vfx_profile
PASS: CHR_PROTO_02 has fire_sfx_profile
PASS: CHR_PROTO_02 has unique fire_sfx_profile
PASS: CHR_PROTO_02 has impact_sfx_profile
PASS: CHR_PROTO_02 has unique impact_sfx_profile
PASS: CHR_PROTO_02 has master_asset
PASS: CHR_PROTO_02 has unique master_asset
PASS: CHR_PROTO_02 has rig_sheet
PASS: CHR_PROTO_02 has unique rig_sheet
PASS: CHR_PROTO_02 master asset imports
PASS: CHR_PROTO_02 layered rig sheet imports
PASS: CHR_PROTO_03 profile loads
PASS: CHR_PROTO_03 has visual_profile
PASS: CHR_PROTO_03 has unique visual_profile
PASS: CHR_PROTO_03 has motion_profile
PASS: CHR_PROTO_03 has unique motion_profile
PASS: CHR_PROTO_03 has projectile_profile
PASS: CHR_PROTO_03 has unique projectile_profile
PASS: CHR_PROTO_03 has hit_vfx_profile
PASS: CHR_PROTO_03 has unique hit_vfx_profile
PASS: CHR_PROTO_03 has fire_sfx_profile
PASS: CHR_PROTO_03 has unique fire_sfx_profile
PASS: CHR_PROTO_03 has impact_sfx_profile
PASS: CHR_PROTO_03 has unique impact_sfx_profile
PASS: CHR_PROTO_03 has master_asset
PASS: CHR_PROTO_03 has unique master_asset
PASS: CHR_PROTO_03 has rig_sheet
PASS: CHR_PROTO_03 has unique rig_sheet
PASS: CHR_PROTO_03 master asset imports
PASS: CHR_PROTO_03 layered rig sheet imports
PASS: ENM_SITE7_RIFLE_01 profile loads
PASS: ENM_SITE7_RIFLE_01 has visual_profile
PASS: ENM_SITE7_RIFLE_01 has unique visual_profile
PASS: ENM_SITE7_RIFLE_01 has motion_profile
PASS: ENM_SITE7_RIFLE_01 has unique motion_profile
PASS: ENM_SITE7_RIFLE_01 has projectile_profile
PASS: ENM_SITE7_RIFLE_01 has unique projectile_profile
PASS: ENM_SITE7_RIFLE_01 has hit_vfx_profile
PASS: ENM_SITE7_RIFLE_01 has unique hit_vfx_profile
PASS: ENM_SITE7_RIFLE_01 has fire_sfx_profile
PASS: ENM_SITE7_RIFLE_01 has unique fire_sfx_profile
PASS: ENM_SITE7_RIFLE_01 has impact_sfx_profile
PASS: ENM_SITE7_RIFLE_01 has unique impact_sfx_profile
PASS: ENM_SITE7_RIFLE_01 has master_asset
PASS: ENM_SITE7_RIFLE_01 has unique master_asset
PASS: ENM_SITE7_RIFLE_01 has rig_sheet
PASS: ENM_SITE7_RIFLE_01 has unique rig_sheet
PASS: ENM_SITE7_RIFLE_01 master asset imports
PASS: ENM_SITE7_RIFLE_01 layered rig sheet imports
PASS: ENM_SITE7_SHIELD_01 profile loads
PASS: ENM_SITE7_SHIELD_01 has visual_profile
PASS: ENM_SITE7_SHIELD_01 has unique visual_profile
PASS: ENM_SITE7_SHIELD_01 has motion_profile
PASS: ENM_SITE7_SHIELD_01 has unique motion_profile
PASS: ENM_SITE7_SHIELD_01 has projectile_profile
PASS: ENM_SITE7_SHIELD_01 has unique projectile_profile
PASS: ENM_SITE7_SHIELD_01 has hit_vfx_profile
PASS: ENM_SITE7_SHIELD_01 has unique hit_vfx_profile
PASS: ENM_SITE7_SHIELD_01 has fire_sfx_profile
PASS: ENM_SITE7_SHIELD_01 has unique fire_sfx_profile
PASS: ENM_SITE7_SHIELD_01 has impact_sfx_profile
PASS: ENM_SITE7_SHIELD_01 has unique impact_sfx_profile
PASS: ENM_SITE7_SHIELD_01 has master_asset
PASS: ENM_SITE7_SHIELD_01 has unique master_asset
PASS: ENM_SITE7_SHIELD_01 has rig_sheet
PASS: ENM_SITE7_SHIELD_01 has unique rig_sheet
PASS: ENM_SITE7_SHIELD_01 master asset imports
PASS: ENM_SITE7_SHIELD_01 layered rig sheet imports
PASS: ENM_SITE7_DRONE_01 profile loads
PASS: ENM_SITE7_DRONE_01 has visual_profile
PASS: ENM_SITE7_DRONE_01 has unique visual_profile
PASS: ENM_SITE7_DRONE_01 has motion_profile
PASS: ENM_SITE7_DRONE_01 has unique motion_profile
PASS: ENM_SITE7_DRONE_01 has projectile_profile
PASS: ENM_SITE7_DRONE_01 has unique projectile_profile
PASS: ENM_SITE7_DRONE_01 has hit_vfx_profile
PASS: ENM_SITE7_DRONE_01 has unique hit_vfx_profile
PASS: ENM_SITE7_DRONE_01 has fire_sfx_profile
PASS: ENM_SITE7_DRONE_01 has unique fire_sfx_profile
PASS: ENM_SITE7_DRONE_01 has impact_sfx_profile
PASS: ENM_SITE7_DRONE_01 has unique impact_sfx_profile
PASS: ENM_SITE7_DRONE_01 has master_asset
PASS: ENM_SITE7_DRONE_01 has unique master_asset
PASS: ENM_SITE7_DRONE_01 has rig_sheet
PASS: ENM_SITE7_DRONE_01 has unique rig_sheet
PASS: ENM_SITE7_DRONE_01 master asset imports
PASS: ENM_SITE7_DRONE_01 layered rig sheet imports
PASS: ENM_SITE7_ABERRANT_01 profile loads
PASS: ENM_SITE7_ABERRANT_01 has visual_profile
PASS: ENM_SITE7_ABERRANT_01 has unique visual_profile
PASS: ENM_SITE7_ABERRANT_01 has motion_profile
PASS: ENM_SITE7_ABERRANT_01 has unique motion_profile
PASS: ENM_SITE7_ABERRANT_01 has projectile_profile
PASS: ENM_SITE7_ABERRANT_01 has unique projectile_profile
PASS: ENM_SITE7_ABERRANT_01 has hit_vfx_profile
PASS: ENM_SITE7_ABERRANT_01 has unique hit_vfx_profile
PASS: ENM_SITE7_ABERRANT_01 has fire_sfx_profile
PASS: ENM_SITE7_ABERRANT_01 has unique fire_sfx_profile
PASS: ENM_SITE7_ABERRANT_01 has impact_sfx_profile
PASS: ENM_SITE7_ABERRANT_01 has unique impact_sfx_profile
PASS: ENM_SITE7_ABERRANT_01 has master_asset
PASS: ENM_SITE7_ABERRANT_01 has unique master_asset
PASS: ENM_SITE7_ABERRANT_01 has rig_sheet
PASS: ENM_SITE7_ABERRANT_01 has unique rig_sheet
PASS: ENM_SITE7_ABERRANT_01 master asset imports
PASS: ENM_SITE7_ABERRANT_01 layered rig sheet imports
PASS: BOSS_SITE7_ANCHOR_01 profile loads
PASS: BOSS_SITE7_ANCHOR_01 has visual_profile
PASS: BOSS_SITE7_ANCHOR_01 has unique visual_profile
PASS: BOSS_SITE7_ANCHOR_01 has motion_profile
PASS: BOSS_SITE7_ANCHOR_01 has unique motion_profile
PASS: BOSS_SITE7_ANCHOR_01 has projectile_profile
PASS: BOSS_SITE7_ANCHOR_01 has unique projectile_profile
PASS: BOSS_SITE7_ANCHOR_01 has hit_vfx_profile
PASS: BOSS_SITE7_ANCHOR_01 has unique hit_vfx_profile
PASS: BOSS_SITE7_ANCHOR_01 has fire_sfx_profile
PASS: BOSS_SITE7_ANCHOR_01 has unique fire_sfx_profile
PASS: BOSS_SITE7_ANCHOR_01 has impact_sfx_profile
PASS: BOSS_SITE7_ANCHOR_01 has unique impact_sfx_profile
PASS: BOSS_SITE7_ANCHOR_01 has master_asset
PASS: BOSS_SITE7_ANCHOR_01 has unique master_asset
PASS: BOSS_SITE7_ANCHOR_01 has rig_sheet
PASS: BOSS_SITE7_ANCHOR_01 has unique rig_sheet
PASS: BOSS_SITE7_ANCHOR_01 master asset imports
PASS: BOSS_SITE7_ANCHOR_01 layered rig sheet imports
M7_RASTER_QUARANTINED identity=aster status=partial chunks=2 encoded=20000 present=15000 declared=94718
PASS: ASTER runtime Skeleton2D exists
PASS: ASTER unique muzzle exists
PASS: ASTER uses 15+ high-resolution SVG rig layers
PASS: ASTER high-resolution layer texture bound
PASS: ROOK runtime Skeleton2D exists
PASS: ROOK unique muzzle exists
PASS: ROOK uses 15+ high-resolution SVG rig layers
PASS: ROOK high-resolution layer texture bound
PASS: MICA runtime Skeleton2D exists
PASS: MICA unique muzzle exists
PASS: MICA uses 15+ high-resolution SVG rig layers
PASS: MICA high-resolution layer texture bound
PASS: ENM_SITE7_RIFLE_01 audit master texture bound
PASS: ENM_SITE7_RIFLE_01 identity-specific Skeleton2D rig exists
PASS: ENM_SITE7_RIFLE_01 uses multiple high-resolution articulated layers
PASS: ENM_SITE7_SHIELD_01 audit master texture bound
PASS: ENM_SITE7_SHIELD_01 identity-specific Skeleton2D rig exists
PASS: ENM_SITE7_SHIELD_01 uses multiple high-resolution articulated layers
PASS: ENM_SITE7_DRONE_01 audit master texture bound
PASS: ENM_SITE7_DRONE_01 identity-specific Skeleton2D rig exists
PASS: ENM_SITE7_DRONE_01 uses multiple high-resolution articulated layers
PASS: ENM_SITE7_ABERRANT_01 audit master texture bound
PASS: ENM_SITE7_ABERRANT_01 identity-specific Skeleton2D rig exists
PASS: ENM_SITE7_ABERRANT_01 uses multiple high-resolution articulated layers
PASS: BOSS_SITE7_ANCHOR_01 audit master texture bound
PASS: BOSS_SITE7_ANCHOR_01 identity-specific Skeleton2D rig exists
PASS: BOSS_SITE7_ANCHOR_01 uses multiple high-resolution articulated layers
PASS: enemy-profile projectile damages operator health
M7_RASTER_QUARANTINED identity=aster status=partial chunks=2 encoded=20000 present=15000 declared=94718
PASS: Decon Corridor uses three distinct authored enemy identities
PASS: Containment Junction uses unique Shield elite plus rifle support
PASS: Core C uses unique Signal Anchor Guardian boss
M3_UNIQUE_ART_SMOKE: PASS
