✔ An authored profile ignores leftover character-specific fire and leg-warp bundles (1.4333ms)
✔ Shared authored route keeps identical leg phases with and without fire (0.6819ms)
✔ Authored contact timing holds planted steps while preserving phase order (0.4387ms)
✔ Shared recoil transform cannot move support feet (0.5689ms)
✔ Full-body walk AND run select all six phases, never recoil recovery frame 5 (1.1118ms)
✔ Locomotion is distance phase driven, not wall-clock or firing cadence (0.2402ms)
✔ Live Actor → full-body renderer traverses walk/run cycles at 30/60/120 Hz (16.1325ms)
✔ A cursor between the character and illustrated muzzle cannot make a bullet fly behind the facing (3.2781ms)
✔ Turning throughout held moving fire keeps every projectile and rendered facing on one aim at 30/60/120 Hz (25.1913ms)
✔ A fresh movement chord can take aim during held mouse fire and the next mouse move can take it back (0.6447ms)
✔ An exactly centred cursor retains the previous aim instead of forcing east (0.2108ms)
✔ One muzzle-aware solution preserves actual cursor hits and body/shot alignment throughout a turn (2.9702ms)
✔ A target inside weapon reach cannot turn only the bullet backwards (0.4003ms)
✔ All four WASD diagonals work in either press order, with Korean/English/Shift/IME event values (6.5959ms)
✔ Arrow key pairs drive all four diagonals through the same actor (0.2645ms)
✔ Releasing one key returns to the remaining direction; opposite-key and alias chords do not stick (0.2369ms)
✔ A new movement chord takes facing from an idle pointer, but key repeat does not cancel active mouse aim (0.1711ms)
✔ Shift and Space continue to work with diagonal motion and independent mouse firing (0.4132ms)
✔ Settings controls allow WASD without swallowing text editing or native slider/checkbox keys (0.5233ms)
✔ Keyboard movement, reload, and fire all clear on focus loss (0.2122ms)
✔ A click shorter than one render frame fires once without a held button (5.0196ms)
✔ All eight movement directions and all eight independent firing facings, at three display rates (27.0672ms)
✔ Diagonal keys do not create a speed advantage (0.5005ms)
✔ Stop, resume and speed switch retain a valid continuous locomotion phase (1.2265ms)
✔ Held fire consumes ammunition, automatically reloads, and remains rate independent (3.2063ms)
✔ Reload prevents shots and restores the magazine only when complete (0.3201ms)
✔ Obstacles and world bounds constrain actual position (1.4502ms)
✔ Swept projectile collision catches thin targets between ticks (0.2522ms)
ℹ tests 28
ℹ suites 0
ℹ pass 28
ℹ fail 0
ℹ cancelled 0
ℹ skipped 0
ℹ todo 0
ℹ duration_ms 151.9068

