✔ A cursor between the character and illustrated muzzle cannot make a bullet fly behind the facing (2.2209ms)
✔ Turning throughout held moving fire keeps every projectile and rendered facing on one aim at 30/60/120 Hz (20.2473ms)
✔ A fresh movement chord can take aim during held mouse fire and the next mouse move can take it back (0.6013ms)
✔ An exactly centred cursor retains the previous aim instead of forcing east (0.2159ms)
✔ One muzzle-aware solution preserves actual cursor hits and body/shot alignment throughout a turn (3.8823ms)
✔ A target inside weapon reach cannot turn only the bullet backwards (0.1835ms)
✔ All four WASD diagonals work in either press order, with Korean/English/Shift/IME event values (5.0772ms)
✔ Arrow key pairs drive all four diagonals through the same actor (0.1811ms)
✔ Releasing one key returns to the remaining direction; opposite-key and alias chords do not stick (0.198ms)
✔ A new movement chord takes facing from an idle pointer, but key repeat does not cancel active mouse aim (0.1295ms)
✔ Shift and Space continue to work with diagonal motion and independent mouse firing (0.28ms)
✔ Settings controls allow WASD without swallowing text editing or native slider/checkbox keys (0.3193ms)
✔ Keyboard movement, reload, and fire all clear on focus loss (0.3506ms)
✔ A click shorter than one render frame fires once without a held button (3.4243ms)
✔ All eight movement directions and all eight independent firing facings, at three display rates (20.194ms)
✔ Diagonal keys do not create a speed advantage (0.3467ms)
✔ Stop, resume and speed switch retain a valid continuous locomotion phase (0.8335ms)
✔ Held fire consumes ammunition, automatically reloads, and remains rate independent (1.985ms)
✔ Reload prevents shots and restores the magazine only when complete (0.1983ms)
✔ Obstacles and world bounds constrain actual position (1.4772ms)
✔ Swept projectile collision catches thin targets between ticks (0.2282ms)
ℹ tests 21
ℹ suites 0
ℹ pass 21
ℹ fail 0
ℹ cancelled 0
ℹ skipped 0
ℹ todo 0
ℹ duration_ms 138.4258

