00:01.812  render           | Saved: 'D:\AI 종합 폴더\Games\Sable-circuit\art_src\characters\rook\fast_pipeline\motion\candidate_rook_c02_v19_two_bone_narrow_walk\blender_frames\E\idle\00.png'
00:01.937  render           | Saved: 'D:\AI 종합 폴더\Games\Sable-circuit\art_src\characters\rook\fast_pipeline\motion\candidate_rook_c02_v19_two_bone_narrow_walk\blender_frames\E\idle\01.png'
00:02.062  render           | Saved: 'D:\AI 종합 폴더\Games\Sable-circuit\art_src\characters\rook\fast_pipeline\motion\candidate_rook_c02_v19_two_bone_narrow_walk\blender_frames\E\idle\02.png'
00:02.187  render           | Saved: 'D:\AI 종합 폴더\Games\Sable-circuit\art_src\characters\rook\fast_pipeline\motion\candidate_rook_c02_v19_two_bone_narrow_walk\blender_frames\E\idle\03.png'
00:02.359  render           | Saved: 'D:\AI 종합 폴더\Games\Sable-circuit\art_src\characters\rook\fast_pipeline\motion\candidate_rook_c02_v19_two_bone_narrow_walk\blender_frames\E\move\00.png'
00:02.500  render           | Saved: 'D:\AI 종합 폴더\Games\Sable-circuit\art_src\characters\rook\fast_pipeline\motion\candidate_rook_c02_v19_two_bone_narrow_walk\blender_frames\E\move\01.png'
00:02.640  render           | Saved: 'D:\AI 종합 폴더\Games\Sable-circuit\art_src\characters\rook\fast_pipeline\motion\candidate_rook_c02_v19_two_bone_narrow_walk\blender_frames\E\move\02.png'
00:02.765  render           | Saved: 'D:\AI 종합 폴더\Games\Sable-circuit\art_src\characters\rook\fast_pipeline\motion\candidate_rook_c02_v19_two_bone_narrow_walk\blender_frames\E\move\03.png'
00:02.890  render           | Saved: 'D:\AI 종합 폴더\Games\Sable-circuit\art_src\characters\rook\fast_pipeline\motion\candidate_rook_c02_v19_two_bone_narrow_walk\blender_frames\E\move\04.png'
00:03.031  render           | Saved: 'D:\AI 종합 폴더\Games\Sable-circuit\art_src\characters\rook\fast_pipeline\motion\candidate_rook_c02_v19_two_bone_narrow_walk\blender_frames\E\move\05.png'
00:03.203  render           | Saved: 'D:\AI 종합 폴더\Games\Sable-circuit\art_src\characters\rook\fast_pipeline\motion\candidate_rook_c02_v19_two_bone_narrow_walk\blender_frames\E\move\06.png'
00:03.375  render           | Saved: 'D:\AI 종합 폴더\Games\Sable-circuit\art_src\characters\rook\fast_pipeline\motion\candidate_rook_c02_v19_two_bone_narrow_walk\blender_frames\E\move\07.png'
00:03.531  render           | Saved: 'D:\AI 종합 폴더\Games\Sable-circuit\art_src\characters\rook\fast_pipeline\motion\candidate_rook_c02_v19_two_bone_narrow_walk\blender_frames\E\move\08.png'
00:03.687  render           | Saved: 'D:\AI 종합 폴더\Games\Sable-circuit\art_src\characters\rook\fast_pipeline\motion\candidate_rook_c02_v19_two_bone_narrow_walk\blender_frames\E\move\09.png'
00:03.843  render           | Saved: 'D:\AI 종합 폴더\Games\Sable-circuit\art_src\characters\rook\fast_pipeline\motion\candidate_rook_c02_v19_two_bone_narrow_walk\blender_frames\E\move\10.png'
00:03.984  render           | Saved: 'D:\AI 종합 폴더\Games\Sable-circuit\art_src\characters\rook\fast_pipeline\motion\candidate_rook_c02_v19_two_bone_narrow_walk\blender_frames\E\move\11.png'
00:04.140  render           | Saved: 'D:\AI 종합 폴더\Games\Sable-circuit\art_src\characters\rook\fast_pipeline\motion\candidate_rook_c02_v19_two_bone_narrow_walk\blender_frames\E\move\12.png'
00:04.281  render           | Saved: 'D:\AI 종합 폴더\Games\Sable-circuit\art_src\characters\rook\fast_pipeline\motion\candidate_rook_c02_v19_two_bone_narrow_walk\blender_frames\E\move\13.png'
00:04.422  render           | Saved: 'D:\AI 종합 폴더\Games\Sable-circuit\art_src\characters\rook\fast_pipeline\motion\candidate_rook_c02_v19_two_bone_narrow_walk\blender_frames\E\move\14.png'
00:04.578  render           | Saved: 'D:\AI 종합 폴더\Games\Sable-circuit\art_src\characters\rook\fast_pipeline\motion\candidate_rook_c02_v19_two_bone_narrow_walk\blender_frames\E\move\15.png'
00:04.718  render           | Saved: 'D:\AI 종합 폴더\Games\Sable-circuit\art_src\characters\rook\fast_pipeline\motion\candidate_rook_c02_v19_two_bone_narrow_walk\blender_frames\E\move\16.png'
00:04.875  render           | Saved: 'D:\AI 종합 폴더\Games\Sable-circuit\art_src\characters\rook\fast_pipeline\motion\candidate_rook_c02_v19_two_bone_narrow_walk\blender_frames\E\move\17.png'
00:05.015  render           | Saved: 'D:\AI 종합 폴더\Games\Sable-circuit\art_src\characters\rook\fast_pipeline\motion\candidate_rook_c02_v19_two_bone_narrow_walk\blender_frames\E\move\18.png'
00:05.187  render           | Saved: 'D:\AI 종합 폴더\Games\Sable-circuit\art_src\characters\rook\fast_pipeline\motion\candidate_rook_c02_v19_two_bone_narrow_walk\blender_frames\E\move\19.png'
00:05.328  render           | Saved: 'D:\AI 종합 폴더\Games\Sable-circuit\art_src\characters\rook\fast_pipeline\motion\candidate_rook_c02_v19_two_bone_narrow_walk\blender_frames\E\move\20.png'
00:05.484  render           | Saved: 'D:\AI 종합 폴더\Games\Sable-circuit\art_src\characters\rook\fast_pipeline\motion\candidate_rook_c02_v19_two_bone_narrow_walk\blender_frames\E\move\21.png'
00:05.640  render           | Saved: 'D:\AI 종합 폴더\Games\Sable-circuit\art_src\characters\rook\fast_pipeline\motion\candidate_rook_c02_v19_two_bone_narrow_walk\blender_frames\E\move\22.png'
00:05.781  render           | Saved: 'D:\AI 종합 폴더\Games\Sable-circuit\art_src\characters\rook\fast_pipeline\motion\candidate_rook_c02_v19_two_bone_narrow_walk\blender_frames\E\move\23.png'
00:05.953  render           | Saved: 'D:\AI 종합 폴더\Games\Sable-circuit\art_src\characters\rook\fast_pipeline\motion\candidate_rook_c02_v19_two_bone_narrow_walk\blender_frames\E\fire\00.png'
00:06.078  render           | Saved: 'D:\AI 종합 폴더\Games\Sable-circuit\art_src\characters\rook\fast_pipeline\motion\candidate_rook_c02_v19_two_bone_narrow_walk\blender_frames\E\fire\01.png'
00:06.234  render           | Saved: 'D:\AI 종합 폴더\Games\Sable-circuit\art_src\characters\rook\fast_pipeline\motion\candidate_rook_c02_v19_two_bone_narrow_walk\blender_frames\E\fire\02.png'
00:06.375  render           | Saved: 'D:\AI 종합 폴더\Games\Sable-circuit\art_src\characters\rook\fast_pipeline\motion\candidate_rook_c02_v19_two_bone_narrow_walk\blender_frames\E\fire\03.png'
00:06.515  render           | Saved: 'D:\AI 종합 폴더\Games\Sable-circuit\art_src\characters\rook\fast_pipeline\motion\candidate_rook_c02_v19_two_bone_narrow_walk\blender_frames\E\fire\04.png'
00:06.640  render           | Saved: 'D:\AI 종합 폴더\Games\Sable-circuit\art_src\characters\rook\fast_pipeline\motion\candidate_rook_c02_v19_two_bone_narrow_walk\blender_frames\E\fire\05.png'
00:07.000  render           | Saved: 'D:\AI 종합 폴더\Games\Sable-circuit\art_src\characters\rook\fast_pipeline\motion\candidate_rook_c02_v19_two_bone_narrow_walk\blender_frames\SE\idle\00.png'
00:07.140  render           | Saved: 'D:\AI 종합 폴더\Games\Sable-circuit\art_src\characters\rook\fast_pipeline\motion\candidate_rook_c02_v19_two_bone_narrow_walk\blender_frames\SE\idle\01.png'
00:07.281  render           | Saved: 'D:\AI 종합 폴더\Games\Sable-circuit\art_src\characters\rook\fast_pipeline\motion\candidate_rook_c02_v19_two_bone_narrow_walk\blender_frames\SE\idle\02.png'
00:07.406  render           | Saved: 'D:\AI 종합 폴더\Games\Sable-circuit\art_src\characters\rook\fast_pipeline\motion\candidate_rook_c02_v19_two_bone_narrow_walk\blender_frames\SE\idle\03.png'
00:07.578  render           | Saved: 'D:\AI 종합 폴더\Games\Sable-circuit\art_src\characters\rook\fast_pipeline\motion\candidate_rook_c02_v19_two_bone_narrow_walk\blender_frames\SE\move\00.png'
00:07.718  render           | Saved: 'D:\AI 종합 폴더\Games\Sable-circuit\art_src\characters\rook\fast_pipeline\motion\candidate_rook_c02_v19_two_bone_narrow_walk\blender_frames\SE\move\01.png'
00:07.875  render           | Saved: 'D:\AI 종합 폴더\Games\Sable-circuit\art_src\characters\rook\fast_pipeline\motion\candidate_rook_c02_v19_two_bone_narrow_walk\blender_frames\SE\move\02.png'
00:08.031  render           | Saved: 'D:\AI 종합 폴더\Games\Sable-circuit\art_src\characters\rook\fast_pipeline\motion\candidate_rook_c02_v19_two_bone_narrow_walk\blender_frames\SE\move\03.png'
00:08.172  render           | Saved: 'D:\AI 종합 폴더\Games\Sable-circuit\art_src\characters\rook\fast_pipeline\motion\candidate_rook_c02_v19_two_bone_narrow_walk\blender_frames\SE\move\04.png'
00:08.343  render           | Saved: 'D:\AI 종합 폴더\Games\Sable-circuit\art_src\characters\rook\fast_pipeline\motion\candidate_rook_c02_v19_two_bone_narrow_walk\blender_frames\SE\move\05.png'
00:08.515  render           | Saved: 'D:\AI 종합 폴더\Games\Sable-circuit\art_src\characters\rook\fast_pipeline\motion\candidate_rook_c02_v19_two_bone_narrow_walk\blender_frames\SE\move\06.png'
00:08.656  render           | Saved: 'D:\AI 종합 폴더\Games\Sable-circuit\art_src\characters\rook\fast_pipeline\motion\candidate_rook_c02_v19_two_bone_narrow_walk\blender_frames\SE\move\07.png'
00:08.812  render           | Saved: 'D:\AI 종합 폴더\Games\Sable-circuit\art_src\characters\rook\fast_pipeline\motion\candidate_rook_c02_v19_two_bone_narrow_walk\blender_frames\SE\move\08.png'
00:08.968  render           | Saved: 'D:\AI 종합 폴더\Games\Sable-circuit\art_src\characters\rook\fast_pipeline\motion\candidate_rook_c02_v19_two_bone_narrow_walk\blender_frames\SE\move\09.png'
00:09.156  render           | Saved: 'D:\AI 종합 폴더\Games\Sable-circuit\art_src\characters\rook\fast_pipeline\motion\candidate_rook_c02_v19_two_bone_narrow_walk\blender_frames\SE\move\10.png'
00:09.312  render           | Saved: 'D:\AI 종합 폴더\Games\Sable-circuit\art_src\characters\rook\fast_pipeline\motion\candidate_rook_c02_v19_two_bone_narrow_walk\blender_frames\SE\move\11.png'
00:09.484  render           | Saved: 'D:\AI 종합 폴더\Games\Sable-circuit\art_src\characters\rook\fast_pipeline\motion\candidate_rook_c02_v19_two_bone_narrow_walk\blender_frames\SE\move\12.png'
00:09.640  render           | Saved: 'D:\AI 종합 폴더\Games\Sable-circuit\art_src\characters\rook\fast_pipeline\motion\candidate_rook_c02_v19_two_bone_narrow_walk\blender_frames\SE\move\13.png'
00:09.797  render           | Saved: 'D:\AI 종합 폴더\Games\Sable-circuit\art_src\characters\rook\fast_pipeline\motion\candidate_rook_c02_v19_two_bone_narrow_walk\blender_frames\SE\move\14.png'
00:09.968  render           | Saved: 'D:\AI 종합 폴더\Games\Sable-circuit\art_src\characters\rook\fast_pipeline\motion\candidate_rook_c02_v19_two_bone_narrow_walk\blender_frames\SE\move\15.png'
00:10.125  render           | Saved: 'D:\AI 종합 폴더\Games\Sable-circuit\art_src\characters\rook\fast_pipeline\motion\candidate_rook_c02_v19_two_bone_narrow_walk\blender_frames\SE\move\16.png'
00:10.281  render           | Saved: 'D:\AI 종합 폴더\Games\Sable-circuit\art_src\characters\rook\fast_pipeline\motion\candidate_rook_c02_v19_two_bone_narrow_walk\blender_frames\SE\move\17.png'
00:10.468  render           | Saved: 'D:\AI 종합 폴더\Games\Sable-circuit\art_src\characters\rook\fast_pipeline\motion\candidate_rook_c02_v19_two_bone_narrow_walk\blender_frames\SE\move\18.png'
00:10.640  render           | Saved: 'D:\AI 종합 폴더\Games\Sable-circuit\art_src\characters\rook\fast_pipeline\motion\candidate_rook_c02_v19_two_bone_narrow_walk\blender_frames\SE\move\19.png'
00:10.797  render           | Saved: 'D:\AI 종합 폴더\Games\Sable-circuit\art_src\characters\rook\fast_pipeline\motion\candidate_rook_c02_v19_two_bone_narrow_walk\blender_frames\SE\move\20.png'
00:10.984  render           | Saved: 'D:\AI 종합 폴더\Games\Sable-circuit\art_src\characters\rook\fast_pipeline\motion\candidate_rook_c02_v19_two_bone_narrow_walk\blender_frames\SE\move\21.png'
00:11.140  render           | Saved: 'D:\AI 종합 폴더\Games\Sable-circuit\art_src\characters\rook\fast_pipeline\motion\candidate_rook_c02_v19_two_bone_narrow_walk\blender_frames\SE\move\22.png'
00:11.328  render           | Saved: 'D:\AI 종합 폴더\Games\Sable-circuit\art_src\characters\rook\fast_pipeline\motion\candidate_rook_c02_v19_two_bone_narrow_walk\blender_frames\SE\move\23.png'
00:11.468  render           | Saved: 'D:\AI 종합 폴더\Games\Sable-circuit\art_src\characters\rook\fast_pipeline\motion\candidate_rook_c02_v19_two_bone_narrow_walk\blender_frames\SE\fire\00.png'
00:11.609  render           | Saved: 'D:\AI 종합 폴더\Games\Sable-circuit\art_src\characters\rook\fast_pipeline\motion\candidate_rook_c02_v19_two_bone_narrow_walk\blender_frames\SE\fire\01.png'
00:11.750  render           | Saved: 'D:\AI 종합 폴더\Games\Sable-circuit\art_src\characters\rook\fast_pipeline\motion\candidate_rook_c02_v19_two_bone_narrow_walk\blender_frames\SE\fire\02.png'
00:11.906  render           | Saved: 'D:\AI 종합 폴더\Games\Sable-circuit\art_src\characters\rook\fast_pipeline\motion\candidate_rook_c02_v19_two_bone_narrow_walk\blender_frames\SE\fire\03.png'
00:12.047  render           | Saved: 'D:\AI 종합 폴더\Games\Sable-circuit\art_src\characters\rook\fast_pipeline\motion\candidate_rook_c02_v19_two_bone_narrow_walk\blender_frames\SE\fire\04.png'
00:12.203  render           | Saved: 'D:\AI 종합 폴더\Games\Sable-circuit\art_src\characters\rook\fast_pipeline\motion\candidate_rook_c02_v19_two_bone_narrow_walk\blender_frames\SE\fire\05.png'
00:12.609  render           | Saved: 'D:\AI 종합 폴더\Games\Sable-circuit\art_src\characters\rook\fast_pipeline\motion\candidate_rook_c02_v19_two_bone_narrow_walk\blender_frames\S\idle\00.png'
00:12.750  render           | Saved: 'D:\AI 종합 폴더\Games\Sable-circuit\art_src\characters\rook\fast_pipeline\motion\candidate_rook_c02_v19_two_bone_narrow_walk\blender_frames\S\idle\01.png'
00:12.890  render           | Saved: 'D:\AI 종합 폴더\Games\Sable-circuit\art_src\characters\rook\fast_pipeline\motion\candidate_rook_c02_v19_two_bone_narrow_walk\blender_frames\S\idle\02.png'
00:13.031  render           | Saved: 'D:\AI 종합 폴더\Games\Sable-circuit\art_src\characters\rook\fast_pipeline\motion\candidate_rook_c02_v19_two_bone_narrow_walk\blender_frames\S\idle\03.png'
00:13.218  render           | Saved: 'D:\AI 종합 폴더\Games\Sable-circuit\art_src\characters\rook\fast_pipeline\motion\candidate_rook_c02_v19_two_bone_narrow_walk\blender_frames\S\move\00.png'
00:13.359  render           | Saved: 'D:\AI 종합 폴더\Games\Sable-circuit\art_src\characters\rook\fast_pipeline\motion\candidate_rook_c02_v19_two_bone_narrow_walk\blender_frames\S\move\01.png'
00:13.515  render           | Saved: 'D:\AI 종합 폴더\Games\Sable-circuit\art_src\characters\rook\fast_pipeline\motion\candidate_rook_c02_v19_two_bone_narrow_walk\blender_frames\S\move\02.png'
00:13.672  render           | Saved: 'D:\AI 종합 폴더\Games\Sable-circuit\art_src\characters\rook\fast_pipeline\motion\candidate_rook_c02_v19_two_bone_narrow_walk\blender_frames\S\move\03.png'
00:13.828  render           | Saved: 'D:\AI 종합 폴더\Games\Sable-circuit\art_src\characters\rook\fast_pipeline\motion\candidate_rook_c02_v19_two_bone_narrow_walk\blender_frames\S\move\04.png'
00:13.984  render           | Saved: 'D:\AI 종합 폴더\Games\Sable-circuit\art_src\characters\rook\fast_pipeline\motion\candidate_rook_c02_v19_two_bone_narrow_walk\blender_frames\S\move\05.png'
00:14.156  render           | Saved: 'D:\AI 종합 폴더\Games\Sable-circuit\art_src\characters\rook\fast_pipeline\motion\candidate_rook_c02_v19_two_bone_narrow_walk\blender_frames\S\move\06.png'
00:14.328  render           | Saved: 'D:\AI 종합 폴더\Games\Sable-circuit\art_src\characters\rook\fast_pipeline\motion\candidate_rook_c02_v19_two_bone_narrow_walk\blender_frames\S\move\07.png'
00:14.468  render           | Saved: 'D:\AI 종합 폴더\Games\Sable-circuit\art_src\characters\rook\fast_pipeline\motion\candidate_rook_c02_v19_two_bone_narrow_walk\blender_frames\S\move\08.png'
00:14.625  render           | Saved: 'D:\AI 종합 폴더\Games\Sable-circuit\art_src\characters\rook\fast_pipeline\motion\candidate_rook_c02_v19_two_bone_narrow_walk\blender_frames\S\move\09.png'
00:14.765  render           | Saved: 'D:\AI 종합 폴더\Games\Sable-circuit\art_src\characters\rook\fast_pipeline\motion\candidate_rook_c02_v19_two_bone_narrow_walk\blender_frames\S\move\10.png'
00:14.906  render           | Saved: 'D:\AI 종합 폴더\Games\Sable-circuit\art_src\characters\rook\fast_pipeline\motion\candidate_rook_c02_v19_two_bone_narrow_walk\blender_frames\S\move\11.png'
00:15.047  render           | Saved: 'D:\AI 종합 폴더\Games\Sable-circuit\art_src\characters\rook\fast_pipeline\motion\candidate_rook_c02_v19_two_bone_narrow_walk\blender_frames\S\move\12.png'
00:15.203  render           | Saved: 'D:\AI 종합 폴더\Games\Sable-circuit\art_src\characters\rook\fast_pipeline\motion\candidate_rook_c02_v19_two_bone_narrow_walk\blender_frames\S\move\13.png'
00:15.359  render           | Saved: 'D:\AI 종합 폴더\Games\Sable-circuit\art_src\characters\rook\fast_pipeline\motion\candidate_rook_c02_v19_two_bone_narrow_walk\blender_frames\S\move\14.png'
00:15.500  render           | Saved: 'D:\AI 종합 폴더\Games\Sable-circuit\art_src\characters\rook\fast_pipeline\motion\candidate_rook_c02_v19_two_bone_narrow_walk\blender_frames\S\move\15.png'
00:15.672  render           | Saved: 'D:\AI 종합 폴더\Games\Sable-circuit\art_src\characters\rook\fast_pipeline\motion\candidate_rook_c02_v19_two_bone_narrow_walk\blender_frames\S\move\16.png'
00:15.797  render           | Saved: 'D:\AI 종합 폴더\Games\Sable-circuit\art_src\characters\rook\fast_pipeline\motion\candidate_rook_c02_v19_two_bone_narrow_walk\blender_frames\S\move\17.png'
00:15.906  render           | Saved: 'D:\AI 종합 폴더\Games\Sable-circuit\art_src\characters\rook\fast_pipeline\motion\candidate_rook_c02_v19_two_bone_narrow_walk\blender_frames\S\move\18.png'
00:16.047  render           | Saved: 'D:\AI 종합 폴더\Games\Sable-circuit\art_src\characters\rook\fast_pipeline\motion\candidate_rook_c02_v19_two_bone_narrow_walk\blender_frames\S\move\19.png'
00:16.187  render           | Saved: 'D:\AI 종합 폴더\Games\Sable-circuit\art_src\characters\rook\fast_pipeline\motion\candidate_rook_c02_v19_two_bone_narrow_walk\blender_frames\S\move\20.png'
00:16.312  render           | Saved: 'D:\AI 종합 폴더\Games\Sable-circuit\art_src\characters\rook\fast_pipeline\motion\candidate_rook_c02_v19_two_bone_narrow_walk\blender_frames\S\move\21.png'
00:16.437  render           | Saved: 'D:\AI 종합 폴더\Games\Sable-circuit\art_src\characters\rook\fast_pipeline\motion\candidate_rook_c02_v19_two_bone_narrow_walk\blender_frames\S\move\22.png'
00:16.562  render           | Saved: 'D:\AI 종합 폴더\Games\Sable-circuit\art_src\characters\rook\fast_pipeline\motion\candidate_rook_c02_v19_two_bone_narrow_walk\blender_frames\S\move\23.png'
00:16.672  render           | Saved: 'D:\AI 종합 폴더\Games\Sable-circuit\art_src\characters\rook\fast_pipeline\motion\candidate_rook_c02_v19_two_bone_narrow_walk\blender_frames\S\fire\00.png'
00:16.781  render           | Saved: 'D:\AI 종합 폴더\Games\Sable-circuit\art_src\characters\rook\fast_pipeline\motion\candidate_rook_c02_v19_two_bone_narrow_walk\blender_frames\S\fire\01.png'
00:16.906  render           | Saved: 'D:\AI 종합 폴더\Games\Sable-circuit\art_src\characters\rook\fast_pipeline\motion\candidate_rook_c02_v19_two_bone_narrow_walk\blender_frames\S\fire\02.png'
00:17.015  render           | Saved: 'D:\AI 종합 폴더\Games\Sable-circuit\art_src\characters\rook\fast_pipeline\motion\candidate_rook_c02_v19_two_bone_narrow_walk\blender_frames\S\fire\03.png'
00:17.140  render           | Saved: 'D:\AI 종합 폴더\Games\Sable-circuit\art_src\characters\rook\fast_pipeline\motion\candidate_rook_c02_v19_two_bone_narrow_walk\blender_frames\S\fire\04.png'
00:17.265  render           | Saved: 'D:\AI 종합 폴더\Games\Sable-circuit\art_src\characters\rook\fast_pipeline\motion\candidate_rook_c02_v19_two_bone_narrow_walk\blender_frames\S\fire\05.png'
00:17.562  render           | Saved: 'D:\AI 종합 폴더\Games\Sable-circuit\art_src\characters\rook\fast_pipeline\motion\candidate_rook_c02_v19_two_bone_narrow_walk\blender_frames\SW\idle\00.png'
00:17.672  render           | Saved: 'D:\AI 종합 폴더\Games\Sable-circuit\art_src\characters\rook\fast_pipeline\motion\candidate_rook_c02_v19_two_bone_narrow_walk\blender_frames\SW\idle\01.png'
00:17.797  render           | Saved: 'D:\AI 종합 폴더\Games\Sable-circuit\art_src\characters\rook\fast_pipeline\motion\candidate_rook_c02_v19_two_bone_narrow_walk\blender_frames\SW\idle\02.png'
00:17.906  render           | Saved: 'D:\AI 종합 폴더\Games\Sable-circuit\art_src\characters\rook\fast_pipeline\motion\candidate_rook_c02_v19_two_bone_narrow_walk\blender_frames\SW\idle\03.png'
00:18.062  render           | Saved: 'D:\AI 종합 폴더\Games\Sable-circuit\art_src\characters\rook\fast_pipeline\motion\candidate_rook_c02_v19_two_bone_narrow_walk\blender_frames\SW\move\00.png'
00:18.203  render           | Saved: 'D:\AI 종합 폴더\Games\Sable-circuit\art_src\characters\rook\fast_pipeline\motion\candidate_rook_c02_v19_two_bone_narrow_walk\blender_frames\SW\move\01.png'
00:18.343  render           | Saved: 'D:\AI 종합 폴더\Games\Sable-circuit\art_src\characters\rook\fast_pipeline\motion\candidate_rook_c02_v19_two_bone_narrow_walk\blender_frames\SW\move\02.png'
00:18.468  render           | Saved: 'D:\AI 종합 폴더\Games\Sable-circuit\art_src\characters\rook\fast_pipeline\motion\candidate_rook_c02_v19_two_bone_narrow_walk\blender_frames\SW\move\03.png'
00:18.593  render           | Saved: 'D:\AI 종합 폴더\Games\Sable-circuit\art_src\characters\rook\fast_pipeline\motion\candidate_rook_c02_v19_two_bone_narrow_walk\blender_frames\SW\move\04.png'
00:18.703  render           | Saved: 'D:\AI 종합 폴더\Games\Sable-circuit\art_src\characters\rook\fast_pipeline\motion\candidate_rook_c02_v19_two_bone_narrow_walk\blender_frames\SW\move\05.png'
00:18.828  render           | Saved: 'D:\AI 종합 폴더\Games\Sable-circuit\art_src\characters\rook\fast_pipeline\motion\candidate_rook_c02_v19_two_bone_narrow_walk\blender_frames\SW\move\06.png'
00:18.984  render           | Saved: 'D:\AI 종합 폴더\Games\Sable-circuit\art_src\characters\rook\fast_pipeline\motion\candidate_rook_c02_v19_two_bone_narrow_walk\blender_frames\SW\move\07.png'
00:19.125  render           | Saved: 'D:\AI 종합 폴더\Games\Sable-circuit\art_src\characters\rook\fast_pipeline\motion\candidate_rook_c02_v19_two_bone_narrow_walk\blender_frames\SW\move\08.png'
00:19.265  render           | Saved: 'D:\AI 종합 폴더\Games\Sable-circuit\art_src\characters\rook\fast_pipeline\motion\candidate_rook_c02_v19_two_bone_narrow_walk\blender_frames\SW\move\09.png'
00:19.437  render           | Saved: 'D:\AI 종합 폴더\Games\Sable-circuit\art_src\characters\rook\fast_pipeline\motion\candidate_rook_c02_v19_two_bone_narrow_walk\blender_frames\SW\move\10.png'
00:19.593  render           | Saved: 'D:\AI 종합 폴더\Games\Sable-circuit\art_src\characters\rook\fast_pipeline\motion\candidate_rook_c02_v19_two_bone_narrow_walk\blender_frames\SW\move\11.png'
00:19.734  render           | Saved: 'D:\AI 종합 폴더\Games\Sable-circuit\art_src\characters\rook\fast_pipeline\motion\candidate_rook_c02_v19_two_bone_narrow_walk\blender_frames\SW\move\12.png'
00:19.859  render           | Saved: 'D:\AI 종합 폴더\Games\Sable-circuit\art_src\characters\rook\fast_pipeline\motion\candidate_rook_c02_v19_two_bone_narrow_walk\blender_frames\SW\move\13.png'
00:20.015  render           | Saved: 'D:\AI 종합 폴더\Games\Sable-circuit\art_src\characters\rook\fast_pipeline\motion\candidate_rook_c02_v19_two_bone_narrow_walk\blender_frames\SW\move\14.png'
00:20.156  render           | Saved: 'D:\AI 종합 폴더\Games\Sable-circuit\art_src\characters\rook\fast_pipeline\motion\candidate_rook_c02_v19_two_bone_narrow_walk\blender_frames\SW\move\15.png'
00:20.312  render           | Saved: 'D:\AI 종합 폴더\Games\Sable-circuit\art_src\characters\rook\fast_pipeline\motion\candidate_rook_c02_v19_two_bone_narrow_walk\blender_frames\SW\move\16.png'
00:20.437  render           | Saved: 'D:\AI 종합 폴더\Games\Sable-circuit\art_src\characters\rook\fast_pipeline\motion\candidate_rook_c02_v19_two_bone_narrow_walk\blender_frames\SW\move\17.png'
00:20.578  render           | Saved: 'D:\AI 종합 폴더\Games\Sable-circuit\art_src\characters\rook\fast_pipeline\motion\candidate_rook_c02_v19_two_bone_narrow_walk\blender_frames\SW\move\18.png'
00:20.703  render           | Saved: 'D:\AI 종합 폴더\Games\Sable-circuit\art_src\characters\rook\fast_pipeline\motion\candidate_rook_c02_v19_two_bone_narrow_walk\blender_frames\SW\move\19.png'
00:20.828  render           | Saved: 'D:\AI 종합 폴더\Games\Sable-circuit\art_src\characters\rook\fast_pipeline\motion\candidate_rook_c02_v19_two_bone_narrow_walk\blender_frames\SW\move\20.png'
00:20.953  render           | Saved: 'D:\AI 종합 폴더\Games\Sable-circuit\art_src\characters\rook\fast_pipeline\motion\candidate_rook_c02_v19_two_bone_narrow_walk\blender_frames\SW\move\21.png'
00:21.078  render           | Saved: 'D:\AI 종합 폴더\Games\Sable-circuit\art_src\characters\rook\fast_pipeline\motion\candidate_rook_c02_v19_two_bone_narrow_walk\blender_frames\SW\move\22.png'
00:21.250  render           | Saved: 'D:\AI 종합 폴더\Games\Sable-circuit\art_src\characters\rook\fast_pipeline\motion\candidate_rook_c02_v19_two_bone_narrow_walk\blender_frames\SW\move\23.png'
00:21.375  render           | Saved: 'D:\AI 종합 폴더\Games\Sable-circuit\art_src\characters\rook\fast_pipeline\motion\candidate_rook_c02_v19_two_bone_narrow_walk\blender_frames\SW\fire\00.png'
00:21.500  render           | Saved: 'D:\AI 종합 폴더\Games\Sable-circuit\art_src\characters\rook\fast_pipeline\motion\candidate_rook_c02_v19_two_bone_narrow_walk\blender_frames\SW\fire\01.png'
00:21.609  render           | Saved: 'D:\AI 종합 폴더\Games\Sable-circuit\art_src\characters\rook\fast_pipeline\motion\candidate_rook_c02_v19_two_bone_narrow_walk\blender_frames\SW\fire\02.png'
00:21.734  render           | Saved: 'D:\AI 종합 폴더\Games\Sable-circuit\art_src\characters\rook\fast_pipeline\motion\candidate_rook_c02_v19_two_bone_narrow_walk\blender_frames\SW\fire\03.png'
00:21.875  render           | Saved: 'D:\AI 종합 폴더\Games\Sable-circuit\art_src\characters\rook\fast_pipeline\motion\candidate_rook_c02_v19_two_bone_narrow_walk\blender_frames\SW\fire\04.png'
00:21.984  render           | Saved: 'D:\AI 종합 폴더\Games\Sable-circuit\art_src\characters\rook\fast_pipeline\motion\candidate_rook_c02_v19_two_bone_narrow_walk\blender_frames\SW\fire\05.png'
00:22.297  render           | Saved: 'D:\AI 종합 폴더\Games\Sable-circuit\art_src\characters\rook\fast_pipeline\motion\candidate_rook_c02_v19_two_bone_narrow_walk\blender_frames\W\idle\00.png'
00:22.406  render           | Saved: 'D:\AI 종합 폴더\Games\Sable-circuit\art_src\characters\rook\fast_pipeline\motion\candidate_rook_c02_v19_two_bone_narrow_walk\blender_frames\W\idle\01.png'
00:22.531  render           | Saved: 'D:\AI 종합 폴더\Games\Sable-circuit\art_src\characters\rook\fast_pipeline\motion\candidate_rook_c02_v19_two_bone_narrow_walk\blender_frames\W\idle\02.png'
00:22.640  render           | Saved: 'D:\AI 종합 폴더\Games\Sable-circuit\art_src\characters\rook\fast_pipeline\motion\candidate_rook_c02_v19_two_bone_narrow_walk\blender_frames\W\idle\03.png'
00:22.781  render           | Saved: 'D:\AI 종합 폴더\Games\Sable-circuit\art_src\characters\rook\fast_pipeline\motion\candidate_rook_c02_v19_two_bone_narrow_walk\blender_frames\W\move\00.png'
00:22.906  render           | Saved: 'D:\AI 종합 폴더\Games\Sable-circuit\art_src\characters\rook\fast_pipeline\motion\candidate_rook_c02_v19_two_bone_narrow_walk\blender_frames\W\move\01.png'
00:23.047  render           | Saved: 'D:\AI 종합 폴더\Games\Sable-circuit\art_src\characters\rook\fast_pipeline\motion\candidate_rook_c02_v19_two_bone_narrow_walk\blender_frames\W\move\02.png'
00:23.187  render           | Saved: 'D:\AI 종합 폴더\Games\Sable-circuit\art_src\characters\rook\fast_pipeline\motion\candidate_rook_c02_v19_two_bone_narrow_walk\blender_frames\W\move\03.png'
00:23.343  render           | Saved: 'D:\AI 종합 폴더\Games\Sable-circuit\art_src\characters\rook\fast_pipeline\motion\candidate_rook_c02_v19_two_bone_narrow_walk\blender_frames\W\move\04.png'
00:23.484  render           | Saved: 'D:\AI 종합 폴더\Games\Sable-circuit\art_src\characters\rook\fast_pipeline\motion\candidate_rook_c02_v19_two_bone_narrow_walk\blender_frames\W\move\05.png'
00:23.625  render           | Saved: 'D:\AI 종합 폴더\Games\Sable-circuit\art_src\characters\rook\fast_pipeline\motion\candidate_rook_c02_v19_two_bone_narrow_walk\blender_frames\W\move\06.png'
00:23.781  render           | Saved: 'D:\AI 종합 폴더\Games\Sable-circuit\art_src\characters\rook\fast_pipeline\motion\candidate_rook_c02_v19_two_bone_narrow_walk\blender_frames\W\move\07.png'
00:23.937  render           | Saved: 'D:\AI 종합 폴더\Games\Sable-circuit\art_src\characters\rook\fast_pipeline\motion\candidate_rook_c02_v19_two_bone_narrow_walk\blender_frames\W\move\08.png'
00:24.078  render           | Saved: 'D:\AI 종합 폴더\Games\Sable-circuit\art_src\characters\rook\fast_pipeline\motion\candidate_rook_c02_v19_two_bone_narrow_walk\blender_frames\W\move\09.png'
00:24.218  render           | Saved: 'D:\AI 종합 폴더\Games\Sable-circuit\art_src\characters\rook\fast_pipeline\motion\candidate_rook_c02_v19_two_bone_narrow_walk\blender_frames\W\move\10.png'
00:24.359  render           | Saved: 'D:\AI 종합 폴더\Games\Sable-circuit\art_src\characters\rook\fast_pipeline\motion\candidate_rook_c02_v19_two_bone_narrow_walk\blender_frames\W\move\11.png'
00:24.500  render           | Saved: 'D:\AI 종합 폴더\Games\Sable-circuit\art_src\characters\rook\fast_pipeline\motion\candidate_rook_c02_v19_two_bone_narrow_walk\blender_frames\W\move\12.png'
00:24.625  render           | Saved: 'D:\AI 종합 폴더\Games\Sable-circuit\art_src\characters\rook\fast_pipeline\motion\candidate_rook_c02_v19_two_bone_narrow_walk\blender_frames\W\move\13.png'
00:24.765  render           | Saved: 'D:\AI 종합 폴더\Games\Sable-circuit\art_src\characters\rook\fast_pipeline\motion\candidate_rook_c02_v19_two_bone_narrow_walk\blender_frames\W\move\14.png'
00:24.890  render           | Saved: 'D:\AI 종합 폴더\Games\Sable-circuit\art_src\characters\rook\fast_pipeline\motion\candidate_rook_c02_v19_two_bone_narrow_walk\blender_frames\W\move\15.png'
00:25.015  render           | Saved: 'D:\AI 종합 폴더\Games\Sable-circuit\art_src\characters\rook\fast_pipeline\motion\candidate_rook_c02_v19_two_bone_narrow_walk\blender_frames\W\move\16.png'
00:25.140  render           | Saved: 'D:\AI 종합 폴더\Games\Sable-circuit\art_src\characters\rook\fast_pipeline\motion\candidate_rook_c02_v19_two_bone_narrow_walk\blender_frames\W\move\17.png'
00:25.265  render           | Saved: 'D:\AI 종합 폴더\Games\Sable-circuit\art_src\characters\rook\fast_pipeline\motion\candidate_rook_c02_v19_two_bone_narrow_walk\blender_frames\W\move\18.png'
00:25.390  render           | Saved: 'D:\AI 종합 폴더\Games\Sable-circuit\art_src\characters\rook\fast_pipeline\motion\candidate_rook_c02_v19_two_bone_narrow_walk\blender_frames\W\move\19.png'
00:25.515  render           | Saved: 'D:\AI 종합 폴더\Games\Sable-circuit\art_src\characters\rook\fast_pipeline\motion\candidate_rook_c02_v19_two_bone_narrow_walk\blender_frames\W\move\20.png'
00:25.640  render           | Saved: 'D:\AI 종합 폴더\Games\Sable-circuit\art_src\characters\rook\fast_pipeline\motion\candidate_rook_c02_v19_two_bone_narrow_walk\blender_frames\W\move\21.png'
00:25.765  render           | Saved: 'D:\AI 종합 폴더\Games\Sable-circuit\art_src\characters\rook\fast_pipeline\motion\candidate_rook_c02_v19_two_bone_narrow_walk\blender_frames\W\move\22.png'
00:25.890  render           | Saved: 'D:\AI 종합 폴더\Games\Sable-circuit\art_src\characters\rook\fast_pipeline\motion\candidate_rook_c02_v19_two_bone_narrow_walk\blender_frames\W\move\23.png'
00:26.015  render           | Saved: 'D:\AI 종합 폴더\Games\Sable-circuit\art_src\characters\rook\fast_pipeline\motion\candidate_rook_c02_v19_two_bone_narrow_walk\blender_frames\W\fire\00.png'
00:26.140  render           | Saved: 'D:\AI 종합 폴더\Games\Sable-circuit\art_src\characters\rook\fast_pipeline\motion\candidate_rook_c02_v19_two_bone_narrow_walk\blender_frames\W\fire\01.png'
00:26.281  render           | Saved: 'D:\AI 종합 폴더\Games\Sable-circuit\art_src\characters\rook\fast_pipeline\motion\candidate_rook_c02_v19_two_bone_narrow_walk\blender_frames\W\fire\02.png'
00:26.406  render           | Saved: 'D:\AI 종합 폴더\Games\Sable-circuit\art_src\characters\rook\fast_pipeline\motion\candidate_rook_c02_v19_two_bone_narrow_walk\blender_frames\W\fire\03.png'
00:26.531  render           | Saved: 'D:\AI 종합 폴더\Games\Sable-circuit\art_src\characters\rook\fast_pipeline\motion\candidate_rook_c02_v19_two_bone_narrow_walk\blender_frames\W\fire\04.png'
00:26.640  render           | Saved: 'D:\AI 종합 폴더\Games\Sable-circuit\art_src\characters\rook\fast_pipeline\motion\candidate_rook_c02_v19_two_bone_narrow_walk\blender_frames\W\fire\05.png'
00:26.953  render           | Saved: 'D:\AI 종합 폴더\Games\Sable-circuit\art_src\characters\rook\fast_pipeline\motion\candidate_rook_c02_v19_two_bone_narrow_walk\blender_frames\NW\idle\00.png'
00:27.078  render           | Saved: 'D:\AI 종합 폴더\Games\Sable-circuit\art_src\characters\rook\fast_pipeline\motion\candidate_rook_c02_v19_two_bone_narrow_walk\blender_frames\NW\idle\01.png'
00:27.187  render           | Saved: 'D:\AI 종합 폴더\Games\Sable-circuit\art_src\characters\rook\fast_pipeline\motion\candidate_rook_c02_v19_two_bone_narrow_walk\blender_frames\NW\idle\02.png'
00:27.312  render           | Saved: 'D:\AI 종합 폴더\Games\Sable-circuit\art_src\characters\rook\fast_pipeline\motion\candidate_rook_c02_v19_two_bone_narrow_walk\blender_frames\NW\idle\03.png'
00:27.468  render           | Saved: 'D:\AI 종합 폴더\Games\Sable-circuit\art_src\characters\rook\fast_pipeline\motion\candidate_rook_c02_v19_two_bone_narrow_walk\blender_frames\NW\move\00.png'
00:27.578  render           | Saved: 'D:\AI 종합 폴더\Games\Sable-circuit\art_src\characters\rook\fast_pipeline\motion\candidate_rook_c02_v19_two_bone_narrow_walk\blender_frames\NW\move\01.png'
00:27.703  render           | Saved: 'D:\AI 종합 폴더\Games\Sable-circuit\art_src\characters\rook\fast_pipeline\motion\candidate_rook_c02_v19_two_bone_narrow_walk\blender_frames\NW\move\02.png'
00:27.843  render           | Saved: 'D:\AI 종합 폴더\Games\Sable-circuit\art_src\characters\rook\fast_pipeline\motion\candidate_rook_c02_v19_two_bone_narrow_walk\blender_frames\NW\move\03.png'
00:27.968  render           | Saved: 'D:\AI 종합 폴더\Games\Sable-circuit\art_src\characters\rook\fast_pipeline\motion\candidate_rook_c02_v19_two_bone_narrow_walk\blender_frames\NW\move\04.png'
00:28.093  render           | Saved: 'D:\AI 종합 폴더\Games\Sable-circuit\art_src\characters\rook\fast_pipeline\motion\candidate_rook_c02_v19_two_bone_narrow_walk\blender_frames\NW\move\05.png'
00:28.234  render           | Saved: 'D:\AI 종합 폴더\Games\Sable-circuit\art_src\characters\rook\fast_pipeline\motion\candidate_rook_c02_v19_two_bone_narrow_walk\blender_frames\NW\move\06.png'
00:28.375  render           | Saved: 'D:\AI 종합 폴더\Games\Sable-circuit\art_src\characters\rook\fast_pipeline\motion\candidate_rook_c02_v19_two_bone_narrow_walk\blender_frames\NW\move\07.png'
00:28.500  render           | Saved: 'D:\AI 종합 폴더\Games\Sable-circuit\art_src\characters\rook\fast_pipeline\motion\candidate_rook_c02_v19_two_bone_narrow_walk\blender_frames\NW\move\08.png'
00:28.625  render           | Saved: 'D:\AI 종합 폴더\Games\Sable-circuit\art_src\characters\rook\fast_pipeline\motion\candidate_rook_c02_v19_two_bone_narrow_walk\blender_frames\NW\move\09.png'
00:28.765  render           | Saved: 'D:\AI 종합 폴더\Games\Sable-circuit\art_src\characters\rook\fast_pipeline\motion\candidate_rook_c02_v19_two_bone_narrow_walk\blender_frames\NW\move\10.png'
00:28.890  render           | Saved: 'D:\AI 종합 폴더\Games\Sable-circuit\art_src\characters\rook\fast_pipeline\motion\candidate_rook_c02_v19_two_bone_narrow_walk\blender_frames\NW\move\11.png'
00:29.015  render           | Saved: 'D:\AI 종합 폴더\Games\Sable-circuit\art_src\characters\rook\fast_pipeline\motion\candidate_rook_c02_v19_two_bone_narrow_walk\blender_frames\NW\move\12.png'
00:29.156  render           | Saved: 'D:\AI 종합 폴더\Games\Sable-circuit\art_src\characters\rook\fast_pipeline\motion\candidate_rook_c02_v19_two_bone_narrow_walk\blender_frames\NW\move\13.png'
00:29.297  render           | Saved: 'D:\AI 종합 폴더\Games\Sable-circuit\art_src\characters\rook\fast_pipeline\motion\candidate_rook_c02_v19_two_bone_narrow_walk\blender_frames\NW\move\14.png'
00:29.422  render           | Saved: 'D:\AI 종합 폴더\Games\Sable-circuit\art_src\characters\rook\fast_pipeline\motion\candidate_rook_c02_v19_two_bone_narrow_walk\blender_frames\NW\move\15.png'
00:29.609  render           | Saved: 'D:\AI 종합 폴더\Games\Sable-circuit\art_src\characters\rook\fast_pipeline\motion\candidate_rook_c02_v19_two_bone_narrow_walk\blender_frames\NW\move\16.png'
00:29.750  render           | Saved: 'D:\AI 종합 폴더\Games\Sable-circuit\art_src\characters\rook\fast_pipeline\motion\candidate_rook_c02_v19_two_bone_narrow_walk\blender_frames\NW\move\17.png'
00:29.875  render           | Saved: 'D:\AI 종합 폴더\Games\Sable-circuit\art_src\characters\rook\fast_pipeline\motion\candidate_rook_c02_v19_two_bone_narrow_walk\blender_frames\NW\move\18.png'
00:30.000  render           | Saved: 'D:\AI 종합 폴더\Games\Sable-circuit\art_src\characters\rook\fast_pipeline\motion\candidate_rook_c02_v19_two_bone_narrow_walk\blender_frames\NW\move\19.png'
00:30.125  render           | Saved: 'D:\AI 종합 폴더\Games\Sable-circuit\art_src\characters\rook\fast_pipeline\motion\candidate_rook_c02_v19_two_bone_narrow_walk\blender_frames\NW\move\20.png'
00:30.265  render           | Saved: 'D:\AI 종합 폴더\Games\Sable-circuit\art_src\characters\rook\fast_pipeline\motion\candidate_rook_c02_v19_two_bone_narrow_walk\blender_frames\NW\move\21.png'
00:30.390  render           | Saved: 'D:\AI 종합 폴더\Games\Sable-circuit\art_src\characters\rook\fast_pipeline\motion\candidate_rook_c02_v19_two_bone_narrow_walk\blender_frames\NW\move\22.png'
00:30.531  render           | Saved: 'D:\AI 종합 폴더\Games\Sable-circuit\art_src\characters\rook\fast_pipeline\motion\candidate_rook_c02_v19_two_bone_narrow_walk\blender_frames\NW\move\23.png'
00:30.656  render           | Saved: 'D:\AI 종합 폴더\Games\Sable-circuit\art_src\characters\rook\fast_pipeline\motion\candidate_rook_c02_v19_two_bone_narrow_walk\blender_frames\NW\fire\00.png'
00:30.781  render           | Saved: 'D:\AI 종합 폴더\Games\Sable-circuit\art_src\characters\rook\fast_pipeline\motion\candidate_rook_c02_v19_two_bone_narrow_walk\blender_frames\NW\fire\01.png'
00:30.906  render           | Saved: 'D:\AI 종합 폴더\Games\Sable-circuit\art_src\characters\rook\fast_pipeline\motion\candidate_rook_c02_v19_two_bone_narrow_walk\blender_frames\NW\fire\02.png'
00:31.031  render           | Saved: 'D:\AI 종합 폴더\Games\Sable-circuit\art_src\characters\rook\fast_pipeline\motion\candidate_rook_c02_v19_two_bone_narrow_walk\blender_frames\NW\fire\03.png'
00:31.156  render           | Saved: 'D:\AI 종합 폴더\Games\Sable-circuit\art_src\characters\rook\fast_pipeline\motion\candidate_rook_c02_v19_two_bone_narrow_walk\blender_frames\NW\fire\04.png'
00:31.281  render           | Saved: 'D:\AI 종합 폴더\Games\Sable-circuit\art_src\characters\rook\fast_pipeline\motion\candidate_rook_c02_v19_two_bone_narrow_walk\blender_frames\NW\fire\05.png'
00:31.578  render           | Saved: 'D:\AI 종합 폴더\Games\Sable-circuit\art_src\characters\rook\fast_pipeline\motion\candidate_rook_c02_v19_two_bone_narrow_walk\blender_frames\N\idle\00.png'
00:31.703  render           | Saved: 'D:\AI 종합 폴더\Games\Sable-circuit\art_src\characters\rook\fast_pipeline\motion\candidate_rook_c02_v19_two_bone_narrow_walk\blender_frames\N\idle\01.png'
00:31.812  render           | Saved: 'D:\AI 종합 폴더\Games\Sable-circuit\art_src\characters\rook\fast_pipeline\motion\candidate_rook_c02_v19_two_bone_narrow_walk\blender_frames\N\idle\02.png'
00:31.937  render           | Saved: 'D:\AI 종합 폴더\Games\Sable-circuit\art_src\characters\rook\fast_pipeline\motion\candidate_rook_c02_v19_two_bone_narrow_walk\blender_frames\N\idle\03.png'
00:32.093  render           | Saved: 'D:\AI 종합 폴더\Games\Sable-circuit\art_src\characters\rook\fast_pipeline\motion\candidate_rook_c02_v19_two_bone_narrow_walk\blender_frames\N\move\00.png'
00:32.265  render           | Saved: 'D:\AI 종합 폴더\Games\Sable-circuit\art_src\characters\rook\fast_pipeline\motion\candidate_rook_c02_v19_two_bone_narrow_walk\blender_frames\N\move\01.png'
00:32.406  render           | Saved: 'D:\AI 종합 폴더\Games\Sable-circuit\art_src\characters\rook\fast_pipeline\motion\candidate_rook_c02_v19_two_bone_narrow_walk\blender_frames\N\move\02.png'
00:32.547  render           | Saved: 'D:\AI 종합 폴더\Games\Sable-circuit\art_src\characters\rook\fast_pipeline\motion\candidate_rook_c02_v19_two_bone_narrow_walk\blender_frames\N\move\03.png'
00:32.672  render           | Saved: 'D:\AI 종합 폴더\Games\Sable-circuit\art_src\characters\rook\fast_pipeline\motion\candidate_rook_c02_v19_two_bone_narrow_walk\blender_frames\N\move\04.png'
00:32.797  render           | Saved: 'D:\AI 종합 폴더\Games\Sable-circuit\art_src\characters\rook\fast_pipeline\motion\candidate_rook_c02_v19_two_bone_narrow_walk\blender_frames\N\move\05.png'
00:32.906  render           | Saved: 'D:\AI 종합 폴더\Games\Sable-circuit\art_src\characters\rook\fast_pipeline\motion\candidate_rook_c02_v19_two_bone_narrow_walk\blender_frames\N\move\06.png'
00:33.047  render           | Saved: 'D:\AI 종합 폴더\Games\Sable-circuit\art_src\characters\rook\fast_pipeline\motion\candidate_rook_c02_v19_two_bone_narrow_walk\blender_frames\N\move\07.png'
00:33.187  render           | Saved: 'D:\AI 종합 폴더\Games\Sable-circuit\art_src\characters\rook\fast_pipeline\motion\candidate_rook_c02_v19_two_bone_narrow_walk\blender_frames\N\move\08.png'
00:33.328  render           | Saved: 'D:\AI 종합 폴더\Games\Sable-circuit\art_src\characters\rook\fast_pipeline\motion\candidate_rook_c02_v19_two_bone_narrow_walk\blender_frames\N\move\09.png'
00:33.453  render           | Saved: 'D:\AI 종합 폴더\Games\Sable-circuit\art_src\characters\rook\fast_pipeline\motion\candidate_rook_c02_v19_two_bone_narrow_walk\blender_frames\N\move\10.png'
00:33.578  render           | Saved: 'D:\AI 종합 폴더\Games\Sable-circuit\art_src\characters\rook\fast_pipeline\motion\candidate_rook_c02_v19_two_bone_narrow_walk\blender_frames\N\move\11.png'
00:33.703  render           | Saved: 'D:\AI 종합 폴더\Games\Sable-circuit\art_src\characters\rook\fast_pipeline\motion\candidate_rook_c02_v19_two_bone_narrow_walk\blender_frames\N\move\12.png'
00:33.843  render           | Saved: 'D:\AI 종합 폴더\Games\Sable-circuit\art_src\characters\rook\fast_pipeline\motion\candidate_rook_c02_v19_two_bone_narrow_walk\blender_frames\N\move\13.png'
00:33.968  render           | Saved: 'D:\AI 종합 폴더\Games\Sable-circuit\art_src\characters\rook\fast_pipeline\motion\candidate_rook_c02_v19_two_bone_narrow_walk\blender_frames\N\move\14.png'
00:34.093  render           | Saved: 'D:\AI 종합 폴더\Games\Sable-circuit\art_src\characters\rook\fast_pipeline\motion\candidate_rook_c02_v19_two_bone_narrow_walk\blender_frames\N\move\15.png'
00:34.218  render           | Saved: 'D:\AI 종합 폴더\Games\Sable-circuit\art_src\characters\rook\fast_pipeline\motion\candidate_rook_c02_v19_two_bone_narrow_walk\blender_frames\N\move\16.png'
00:34.343  render           | Saved: 'D:\AI 종합 폴더\Games\Sable-circuit\art_src\characters\rook\fast_pipeline\motion\candidate_rook_c02_v19_two_bone_narrow_walk\blender_frames\N\move\17.png'
00:34.453  render           | Saved: 'D:\AI 종합 폴더\Games\Sable-circuit\art_src\characters\rook\fast_pipeline\motion\candidate_rook_c02_v19_two_bone_narrow_walk\blender_frames\N\move\18.png'
00:34.578  render           | Saved: 'D:\AI 종합 폴더\Games\Sable-circuit\art_src\characters\rook\fast_pipeline\motion\candidate_rook_c02_v19_two_bone_narrow_walk\blender_frames\N\move\19.png'
00:34.703  render           | Saved: 'D:\AI 종합 폴더\Games\Sable-circuit\art_src\characters\rook\fast_pipeline\motion\candidate_rook_c02_v19_two_bone_narrow_walk\blender_frames\N\move\20.png'
00:34.812  render           | Saved: 'D:\AI 종합 폴더\Games\Sable-circuit\art_src\characters\rook\fast_pipeline\motion\candidate_rook_c02_v19_two_bone_narrow_walk\blender_frames\N\move\21.png'
00:34.937  render           | Saved: 'D:\AI 종합 폴더\Games\Sable-circuit\art_src\characters\rook\fast_pipeline\motion\candidate_rook_c02_v19_two_bone_narrow_walk\blender_frames\N\move\22.png'
00:35.078  render           | Saved: 'D:\AI 종합 폴더\Games\Sable-circuit\art_src\characters\rook\fast_pipeline\motion\candidate_rook_c02_v19_two_bone_narrow_walk\blender_frames\N\move\23.png'
00:35.203  render           | Saved: 'D:\AI 종합 폴더\Games\Sable-circuit\art_src\characters\rook\fast_pipeline\motion\candidate_rook_c02_v19_two_bone_narrow_walk\blender_frames\N\fire\00.png'
00:35.328  render           | Saved: 'D:\AI 종합 폴더\Games\Sable-circuit\art_src\characters\rook\fast_pipeline\motion\candidate_rook_c02_v19_two_bone_narrow_walk\blender_frames\N\fire\01.png'
00:35.500  render           | Saved: 'D:\AI 종합 폴더\Games\Sable-circuit\art_src\characters\rook\fast_pipeline\motion\candidate_rook_c02_v19_two_bone_narrow_walk\blender_frames\N\fire\02.png'
00:35.625  render           | Saved: 'D:\AI 종합 폴더\Games\Sable-circuit\art_src\characters\rook\fast_pipeline\motion\candidate_rook_c02_v19_two_bone_narrow_walk\blender_frames\N\fire\03.png'
00:35.750  render           | Saved: 'D:\AI 종합 폴더\Games\Sable-circuit\art_src\characters\rook\fast_pipeline\motion\candidate_rook_c02_v19_two_bone_narrow_walk\blender_frames\N\fire\04.png'
00:35.875  render           | Saved: 'D:\AI 종합 폴더\Games\Sable-circuit\art_src\characters\rook\fast_pipeline\motion\candidate_rook_c02_v19_two_bone_narrow_walk\blender_frames\N\fire\05.png'
00:36.203  render           | Saved: 'D:\AI 종합 폴더\Games\Sable-circuit\art_src\characters\rook\fast_pipeline\motion\candidate_rook_c02_v19_two_bone_narrow_walk\blender_frames\NE\idle\00.png'
00:36.343  render           | Saved: 'D:\AI 종합 폴더\Games\Sable-circuit\art_src\characters\rook\fast_pipeline\motion\candidate_rook_c02_v19_two_bone_narrow_walk\blender_frames\NE\idle\01.png'
00:36.468  render           | Saved: 'D:\AI 종합 폴더\Games\Sable-circuit\art_src\characters\rook\fast_pipeline\motion\candidate_rook_c02_v19_two_bone_narrow_walk\blender_frames\NE\idle\02.png'
00:36.609  render           | Saved: 'D:\AI 종합 폴더\Games\Sable-circuit\art_src\characters\rook\fast_pipeline\motion\candidate_rook_c02_v19_two_bone_narrow_walk\blender_frames\NE\idle\03.png'
00:36.781  render           | Saved: 'D:\AI 종합 폴더\Games\Sable-circuit\art_src\characters\rook\fast_pipeline\motion\candidate_rook_c02_v19_two_bone_narrow_walk\blender_frames\NE\move\00.png'
00:36.922  render           | Saved: 'D:\AI 종합 폴더\Games\Sable-circuit\art_src\characters\rook\fast_pipeline\motion\candidate_rook_c02_v19_two_bone_narrow_walk\blender_frames\NE\move\01.png'
00:37.062  render           | Saved: 'D:\AI 종합 폴더\Games\Sable-circuit\art_src\characters\rook\fast_pipeline\motion\candidate_rook_c02_v19_two_bone_narrow_walk\blender_frames\NE\move\02.png'
00:37.187  render           | Saved: 'D:\AI 종합 폴더\Games\Sable-circuit\art_src\characters\rook\fast_pipeline\motion\candidate_rook_c02_v19_two_bone_narrow_walk\blender_frames\NE\move\03.png'
00:37.343  render           | Saved: 'D:\AI 종합 폴더\Games\Sable-circuit\art_src\characters\rook\fast_pipeline\motion\candidate_rook_c02_v19_two_bone_narrow_walk\blender_frames\NE\move\04.png'
00:37.484  render           | Saved: 'D:\AI 종합 폴더\Games\Sable-circuit\art_src\characters\rook\fast_pipeline\motion\candidate_rook_c02_v19_two_bone_narrow_walk\blender_frames\NE\move\05.png'
00:37.609  render           | Saved: 'D:\AI 종합 폴더\Games\Sable-circuit\art_src\characters\rook\fast_pipeline\motion\candidate_rook_c02_v19_two_bone_narrow_walk\blender_frames\NE\move\06.png'
00:37.750  render           | Saved: 'D:\AI 종합 폴더\Games\Sable-circuit\art_src\characters\rook\fast_pipeline\motion\candidate_rook_c02_v19_two_bone_narrow_walk\blender_frames\NE\move\07.png'
00:37.890  render           | Saved: 'D:\AI 종합 폴더\Games\Sable-circuit\art_src\characters\rook\fast_pipeline\motion\candidate_rook_c02_v19_two_bone_narrow_walk\blender_frames\NE\move\08.png'
00:38.015  render           | Saved: 'D:\AI 종합 폴더\Games\Sable-circuit\art_src\characters\rook\fast_pipeline\motion\candidate_rook_c02_v19_two_bone_narrow_walk\blender_frames\NE\move\09.png'
00:38.156  render           | Saved: 'D:\AI 종합 폴더\Games\Sable-circuit\art_src\characters\rook\fast_pipeline\motion\candidate_rook_c02_v19_two_bone_narrow_walk\blender_frames\NE\move\10.png'
00:38.359  render           | Saved: 'D:\AI 종합 폴더\Games\Sable-circuit\art_src\characters\rook\fast_pipeline\motion\candidate_rook_c02_v19_two_bone_narrow_walk\blender_frames\NE\move\11.png'
00:38.515  render           | Saved: 'D:\AI 종합 폴더\Games\Sable-circuit\art_src\characters\rook\fast_pipeline\motion\candidate_rook_c02_v19_two_bone_narrow_walk\blender_frames\NE\move\12.png'
00:38.672  render           | Saved: 'D:\AI 종합 폴더\Games\Sable-circuit\art_src\characters\rook\fast_pipeline\motion\candidate_rook_c02_v19_two_bone_narrow_walk\blender_frames\NE\move\13.png'
00:38.797  render           | Saved: 'D:\AI 종합 폴더\Games\Sable-circuit\art_src\characters\rook\fast_pipeline\motion\candidate_rook_c02_v19_two_bone_narrow_walk\blender_frames\NE\move\14.png'
00:39.000  render           | Saved: 'D:\AI 종합 폴더\Games\Sable-circuit\art_src\characters\rook\fast_pipeline\motion\candidate_rook_c02_v19_two_bone_narrow_walk\blender_frames\NE\move\15.png'
00:39.156  render           | Saved: 'D:\AI 종합 폴더\Games\Sable-circuit\art_src\characters\rook\fast_pipeline\motion\candidate_rook_c02_v19_two_bone_narrow_walk\blender_frames\NE\move\16.png'
00:39.297  render           | Saved: 'D:\AI 종합 폴더\Games\Sable-circuit\art_src\characters\rook\fast_pipeline\motion\candidate_rook_c02_v19_two_bone_narrow_walk\blender_frames\NE\move\17.png'
00:39.422  render           | Saved: 'D:\AI 종합 폴더\Games\Sable-circuit\art_src\characters\rook\fast_pipeline\motion\candidate_rook_c02_v19_two_bone_narrow_walk\blender_frames\NE\move\18.png'
00:39.562  render           | Saved: 'D:\AI 종합 폴더\Games\Sable-circuit\art_src\characters\rook\fast_pipeline\motion\candidate_rook_c02_v19_two_bone_narrow_walk\blender_frames\NE\move\19.png'
00:39.687  render           | Saved: 'D:\AI 종합 폴더\Games\Sable-circuit\art_src\characters\rook\fast_pipeline\motion\candidate_rook_c02_v19_two_bone_narrow_walk\blender_frames\NE\move\20.png'
00:39.812  render           | Saved: 'D:\AI 종합 폴더\Games\Sable-circuit\art_src\characters\rook\fast_pipeline\motion\candidate_rook_c02_v19_two_bone_narrow_walk\blender_frames\NE\move\21.png'
00:39.937  render           | Saved: 'D:\AI 종합 폴더\Games\Sable-circuit\art_src\characters\rook\fast_pipeline\motion\candidate_rook_c02_v19_two_bone_narrow_walk\blender_frames\NE\move\22.png'
00:40.047  render           | Saved: 'D:\AI 종합 폴더\Games\Sable-circuit\art_src\characters\rook\fast_pipeline\motion\candidate_rook_c02_v19_two_bone_narrow_walk\blender_frames\NE\move\23.png'
00:40.172  render           | Saved: 'D:\AI 종합 폴더\Games\Sable-circuit\art_src\characters\rook\fast_pipeline\motion\candidate_rook_c02_v19_two_bone_narrow_walk\blender_frames\NE\fire\00.png'
00:40.297  render           | Saved: 'D:\AI 종합 폴더\Games\Sable-circuit\art_src\characters\rook\fast_pipeline\motion\candidate_rook_c02_v19_two_bone_narrow_walk\blender_frames\NE\fire\01.png'
00:40.422  render           | Saved: 'D:\AI 종합 폴더\Games\Sable-circuit\art_src\characters\rook\fast_pipeline\motion\candidate_rook_c02_v19_two_bone_narrow_walk\blender_frames\NE\fire\02.png'
00:40.547  render           | Saved: 'D:\AI 종합 폴더\Games\Sable-circuit\art_src\characters\rook\fast_pipeline\motion\candidate_rook_c02_v19_two_bone_narrow_walk\blender_frames\NE\fire\03.png'
00:40.656  render           | Saved: 'D:\AI 종합 폴더\Games\Sable-circuit\art_src\characters\rook\fast_pipeline\motion\candidate_rook_c02_v19_two_bone_narrow_walk\blender_frames\NE\fire\04.png'
00:40.781  render           | Saved: 'D:\AI 종합 폴더\Games\Sable-circuit\art_src\characters\rook\fast_pipeline\motion\candidate_rook_c02_v19_two_bone_narrow_walk\blender_frames\NE\fire\05.png'
Blender 5.2.1 LTS (hash 9e2066aef7ef built 2026-08-25 02:38:20)
Info: Saved as "ROOK_C02_FAST_UAL_V1.blend"
ROOK_FAST_BLENDER_UAL_RENDER_PASS={"candidate": "art_src/characters/rook/fast_pipeline/motion/candidate_rook_c02_v19_two_bone_narrow_walk", "frames": 272, "manifest": "art_src/characters/rook/fast_pipeline/motion/candidate_rook_c02_v19_two_bone_narrow_walk/ROOK_C02_BLENDER_UAL_RENDER_MANIFEST.json"}
