00:01.953  render           | Saved: 'D:\AI 종합 폴더\Games\Sable-circuit\art_src\characters\rook\fast_pipeline\motion\candidate_rook_c02_v16_two_bone_overlap_walk\blender_frames\E\idle\00.png'
00:02.078  render           | Saved: 'D:\AI 종합 폴더\Games\Sable-circuit\art_src\characters\rook\fast_pipeline\motion\candidate_rook_c02_v16_two_bone_overlap_walk\blender_frames\E\idle\01.png'
00:02.219  render           | Saved: 'D:\AI 종합 폴더\Games\Sable-circuit\art_src\characters\rook\fast_pipeline\motion\candidate_rook_c02_v16_two_bone_overlap_walk\blender_frames\E\idle\02.png'
00:02.328  render           | Saved: 'D:\AI 종합 폴더\Games\Sable-circuit\art_src\characters\rook\fast_pipeline\motion\candidate_rook_c02_v16_two_bone_overlap_walk\blender_frames\E\idle\03.png'
00:02.500  render           | Saved: 'D:\AI 종합 폴더\Games\Sable-circuit\art_src\characters\rook\fast_pipeline\motion\candidate_rook_c02_v16_two_bone_overlap_walk\blender_frames\E\move\00.png'
00:02.640  render           | Saved: 'D:\AI 종합 폴더\Games\Sable-circuit\art_src\characters\rook\fast_pipeline\motion\candidate_rook_c02_v16_two_bone_overlap_walk\blender_frames\E\move\01.png'
00:02.781  render           | Saved: 'D:\AI 종합 폴더\Games\Sable-circuit\art_src\characters\rook\fast_pipeline\motion\candidate_rook_c02_v16_two_bone_overlap_walk\blender_frames\E\move\02.png'
00:02.906  render           | Saved: 'D:\AI 종합 폴더\Games\Sable-circuit\art_src\characters\rook\fast_pipeline\motion\candidate_rook_c02_v16_two_bone_overlap_walk\blender_frames\E\move\03.png'
00:03.031  render           | Saved: 'D:\AI 종합 폴더\Games\Sable-circuit\art_src\characters\rook\fast_pipeline\motion\candidate_rook_c02_v16_two_bone_overlap_walk\blender_frames\E\move\04.png'
00:03.172  render           | Saved: 'D:\AI 종합 폴더\Games\Sable-circuit\art_src\characters\rook\fast_pipeline\motion\candidate_rook_c02_v16_two_bone_overlap_walk\blender_frames\E\move\05.png'
00:03.297  render           | Saved: 'D:\AI 종합 폴더\Games\Sable-circuit\art_src\characters\rook\fast_pipeline\motion\candidate_rook_c02_v16_two_bone_overlap_walk\blender_frames\E\move\06.png'
00:03.437  render           | Saved: 'D:\AI 종합 폴더\Games\Sable-circuit\art_src\characters\rook\fast_pipeline\motion\candidate_rook_c02_v16_two_bone_overlap_walk\blender_frames\E\move\07.png'
00:03.562  render           | Saved: 'D:\AI 종합 폴더\Games\Sable-circuit\art_src\characters\rook\fast_pipeline\motion\candidate_rook_c02_v16_two_bone_overlap_walk\blender_frames\E\move\08.png'
00:03.703  render           | Saved: 'D:\AI 종합 폴더\Games\Sable-circuit\art_src\characters\rook\fast_pipeline\motion\candidate_rook_c02_v16_two_bone_overlap_walk\blender_frames\E\move\09.png'
00:03.875  render           | Saved: 'D:\AI 종합 폴더\Games\Sable-circuit\art_src\characters\rook\fast_pipeline\motion\candidate_rook_c02_v16_two_bone_overlap_walk\blender_frames\E\move\10.png'
00:04.078  render           | Saved: 'D:\AI 종합 폴더\Games\Sable-circuit\art_src\characters\rook\fast_pipeline\motion\candidate_rook_c02_v16_two_bone_overlap_walk\blender_frames\E\move\11.png'
00:04.281  render           | Saved: 'D:\AI 종합 폴더\Games\Sable-circuit\art_src\characters\rook\fast_pipeline\motion\candidate_rook_c02_v16_two_bone_overlap_walk\blender_frames\E\move\12.png'
00:04.422  render           | Saved: 'D:\AI 종합 폴더\Games\Sable-circuit\art_src\characters\rook\fast_pipeline\motion\candidate_rook_c02_v16_two_bone_overlap_walk\blender_frames\E\move\13.png'
00:04.562  render           | Saved: 'D:\AI 종합 폴더\Games\Sable-circuit\art_src\characters\rook\fast_pipeline\motion\candidate_rook_c02_v16_two_bone_overlap_walk\blender_frames\E\move\14.png'
00:04.703  render           | Saved: 'D:\AI 종합 폴더\Games\Sable-circuit\art_src\characters\rook\fast_pipeline\motion\candidate_rook_c02_v16_two_bone_overlap_walk\blender_frames\E\move\15.png'
00:04.828  render           | Saved: 'D:\AI 종합 폴더\Games\Sable-circuit\art_src\characters\rook\fast_pipeline\motion\candidate_rook_c02_v16_two_bone_overlap_walk\blender_frames\E\move\16.png'
00:04.969  render           | Saved: 'D:\AI 종합 폴더\Games\Sable-circuit\art_src\characters\rook\fast_pipeline\motion\candidate_rook_c02_v16_two_bone_overlap_walk\blender_frames\E\move\17.png'
00:05.109  render           | Saved: 'D:\AI 종합 폴더\Games\Sable-circuit\art_src\characters\rook\fast_pipeline\motion\candidate_rook_c02_v16_two_bone_overlap_walk\blender_frames\E\move\18.png'
00:05.250  render           | Saved: 'D:\AI 종합 폴더\Games\Sable-circuit\art_src\characters\rook\fast_pipeline\motion\candidate_rook_c02_v16_two_bone_overlap_walk\blender_frames\E\move\19.png'
00:05.390  render           | Saved: 'D:\AI 종합 폴더\Games\Sable-circuit\art_src\characters\rook\fast_pipeline\motion\candidate_rook_c02_v16_two_bone_overlap_walk\blender_frames\E\move\20.png'
00:05.500  render           | Saved: 'D:\AI 종합 폴더\Games\Sable-circuit\art_src\characters\rook\fast_pipeline\motion\candidate_rook_c02_v16_two_bone_overlap_walk\blender_frames\E\move\21.png'
00:05.672  render           | Saved: 'D:\AI 종합 폴더\Games\Sable-circuit\art_src\characters\rook\fast_pipeline\motion\candidate_rook_c02_v16_two_bone_overlap_walk\blender_frames\E\move\22.png'
00:05.812  render           | Saved: 'D:\AI 종합 폴더\Games\Sable-circuit\art_src\characters\rook\fast_pipeline\motion\candidate_rook_c02_v16_two_bone_overlap_walk\blender_frames\E\move\23.png'
00:05.969  render           | Saved: 'D:\AI 종합 폴더\Games\Sable-circuit\art_src\characters\rook\fast_pipeline\motion\candidate_rook_c02_v16_two_bone_overlap_walk\blender_frames\E\fire\00.png'
00:06.094  render           | Saved: 'D:\AI 종합 폴더\Games\Sable-circuit\art_src\characters\rook\fast_pipeline\motion\candidate_rook_c02_v16_two_bone_overlap_walk\blender_frames\E\fire\01.png'
00:06.234  render           | Saved: 'D:\AI 종합 폴더\Games\Sable-circuit\art_src\characters\rook\fast_pipeline\motion\candidate_rook_c02_v16_two_bone_overlap_walk\blender_frames\E\fire\02.png'
00:06.422  render           | Saved: 'D:\AI 종합 폴더\Games\Sable-circuit\art_src\characters\rook\fast_pipeline\motion\candidate_rook_c02_v16_two_bone_overlap_walk\blender_frames\E\fire\03.png'
00:06.703  render           | Saved: 'D:\AI 종합 폴더\Games\Sable-circuit\art_src\characters\rook\fast_pipeline\motion\candidate_rook_c02_v16_two_bone_overlap_walk\blender_frames\E\fire\04.png'
00:06.875  render           | Saved: 'D:\AI 종합 폴더\Games\Sable-circuit\art_src\characters\rook\fast_pipeline\motion\candidate_rook_c02_v16_two_bone_overlap_walk\blender_frames\E\fire\05.png'
00:07.265  render           | Saved: 'D:\AI 종합 폴더\Games\Sable-circuit\art_src\characters\rook\fast_pipeline\motion\candidate_rook_c02_v16_two_bone_overlap_walk\blender_frames\SE\idle\00.png'
00:07.453  render           | Saved: 'D:\AI 종합 폴더\Games\Sable-circuit\art_src\characters\rook\fast_pipeline\motion\candidate_rook_c02_v16_two_bone_overlap_walk\blender_frames\SE\idle\01.png'
00:07.578  render           | Saved: 'D:\AI 종합 폴더\Games\Sable-circuit\art_src\characters\rook\fast_pipeline\motion\candidate_rook_c02_v16_two_bone_overlap_walk\blender_frames\SE\idle\02.png'
00:07.719  render           | Saved: 'D:\AI 종합 폴더\Games\Sable-circuit\art_src\characters\rook\fast_pipeline\motion\candidate_rook_c02_v16_two_bone_overlap_walk\blender_frames\SE\idle\03.png'
00:07.875  render           | Saved: 'D:\AI 종합 폴더\Games\Sable-circuit\art_src\characters\rook\fast_pipeline\motion\candidate_rook_c02_v16_two_bone_overlap_walk\blender_frames\SE\move\00.png'
00:08.000  render           | Saved: 'D:\AI 종합 폴더\Games\Sable-circuit\art_src\characters\rook\fast_pipeline\motion\candidate_rook_c02_v16_two_bone_overlap_walk\blender_frames\SE\move\01.png'
00:08.140  render           | Saved: 'D:\AI 종합 폴더\Games\Sable-circuit\art_src\characters\rook\fast_pipeline\motion\candidate_rook_c02_v16_two_bone_overlap_walk\blender_frames\SE\move\02.png'
00:08.265  render           | Saved: 'D:\AI 종합 폴더\Games\Sable-circuit\art_src\characters\rook\fast_pipeline\motion\candidate_rook_c02_v16_two_bone_overlap_walk\blender_frames\SE\move\03.png'
00:08.406  render           | Saved: 'D:\AI 종합 폴더\Games\Sable-circuit\art_src\characters\rook\fast_pipeline\motion\candidate_rook_c02_v16_two_bone_overlap_walk\blender_frames\SE\move\04.png'
00:08.531  render           | Saved: 'D:\AI 종합 폴더\Games\Sable-circuit\art_src\characters\rook\fast_pipeline\motion\candidate_rook_c02_v16_two_bone_overlap_walk\blender_frames\SE\move\05.png'
00:08.672  render           | Saved: 'D:\AI 종합 폴더\Games\Sable-circuit\art_src\characters\rook\fast_pipeline\motion\candidate_rook_c02_v16_two_bone_overlap_walk\blender_frames\SE\move\06.png'
00:08.797  render           | Saved: 'D:\AI 종합 폴더\Games\Sable-circuit\art_src\characters\rook\fast_pipeline\motion\candidate_rook_c02_v16_two_bone_overlap_walk\blender_frames\SE\move\07.png'
00:08.953  render           | Saved: 'D:\AI 종합 폴더\Games\Sable-circuit\art_src\characters\rook\fast_pipeline\motion\candidate_rook_c02_v16_two_bone_overlap_walk\blender_frames\SE\move\08.png'
00:09.078  render           | Saved: 'D:\AI 종합 폴더\Games\Sable-circuit\art_src\characters\rook\fast_pipeline\motion\candidate_rook_c02_v16_two_bone_overlap_walk\blender_frames\SE\move\09.png'
00:09.234  render           | Saved: 'D:\AI 종합 폴더\Games\Sable-circuit\art_src\characters\rook\fast_pipeline\motion\candidate_rook_c02_v16_two_bone_overlap_walk\blender_frames\SE\move\10.png'
00:09.375  render           | Saved: 'D:\AI 종합 폴더\Games\Sable-circuit\art_src\characters\rook\fast_pipeline\motion\candidate_rook_c02_v16_two_bone_overlap_walk\blender_frames\SE\move\11.png'
00:09.500  render           | Saved: 'D:\AI 종합 폴더\Games\Sable-circuit\art_src\characters\rook\fast_pipeline\motion\candidate_rook_c02_v16_two_bone_overlap_walk\blender_frames\SE\move\12.png'
00:09.640  render           | Saved: 'D:\AI 종합 폴더\Games\Sable-circuit\art_src\characters\rook\fast_pipeline\motion\candidate_rook_c02_v16_two_bone_overlap_walk\blender_frames\SE\move\13.png'
00:09.812  render           | Saved: 'D:\AI 종합 폴더\Games\Sable-circuit\art_src\characters\rook\fast_pipeline\motion\candidate_rook_c02_v16_two_bone_overlap_walk\blender_frames\SE\move\14.png'
00:09.953  render           | Saved: 'D:\AI 종합 폴더\Games\Sable-circuit\art_src\characters\rook\fast_pipeline\motion\candidate_rook_c02_v16_two_bone_overlap_walk\blender_frames\SE\move\15.png'
00:10.094  render           | Saved: 'D:\AI 종합 폴더\Games\Sable-circuit\art_src\characters\rook\fast_pipeline\motion\candidate_rook_c02_v16_two_bone_overlap_walk\blender_frames\SE\move\16.png'
00:10.250  render           | Saved: 'D:\AI 종합 폴더\Games\Sable-circuit\art_src\characters\rook\fast_pipeline\motion\candidate_rook_c02_v16_two_bone_overlap_walk\blender_frames\SE\move\17.png'
00:10.437  render           | Saved: 'D:\AI 종합 폴더\Games\Sable-circuit\art_src\characters\rook\fast_pipeline\motion\candidate_rook_c02_v16_two_bone_overlap_walk\blender_frames\SE\move\18.png'
00:10.562  render           | Saved: 'D:\AI 종합 폴더\Games\Sable-circuit\art_src\characters\rook\fast_pipeline\motion\candidate_rook_c02_v16_two_bone_overlap_walk\blender_frames\SE\move\19.png'
00:10.672  render           | Saved: 'D:\AI 종합 폴더\Games\Sable-circuit\art_src\characters\rook\fast_pipeline\motion\candidate_rook_c02_v16_two_bone_overlap_walk\blender_frames\SE\move\20.png'
00:10.828  render           | Saved: 'D:\AI 종합 폴더\Games\Sable-circuit\art_src\characters\rook\fast_pipeline\motion\candidate_rook_c02_v16_two_bone_overlap_walk\blender_frames\SE\move\21.png'
00:10.969  render           | Saved: 'D:\AI 종합 폴더\Games\Sable-circuit\art_src\characters\rook\fast_pipeline\motion\candidate_rook_c02_v16_two_bone_overlap_walk\blender_frames\SE\move\22.png'
00:11.109  render           | Saved: 'D:\AI 종합 폴더\Games\Sable-circuit\art_src\characters\rook\fast_pipeline\motion\candidate_rook_c02_v16_two_bone_overlap_walk\blender_frames\SE\move\23.png'
00:11.234  render           | Saved: 'D:\AI 종합 폴더\Games\Sable-circuit\art_src\characters\rook\fast_pipeline\motion\candidate_rook_c02_v16_two_bone_overlap_walk\blender_frames\SE\fire\00.png'
00:11.375  render           | Saved: 'D:\AI 종합 폴더\Games\Sable-circuit\art_src\characters\rook\fast_pipeline\motion\candidate_rook_c02_v16_two_bone_overlap_walk\blender_frames\SE\fire\01.png'
00:11.500  render           | Saved: 'D:\AI 종합 폴더\Games\Sable-circuit\art_src\characters\rook\fast_pipeline\motion\candidate_rook_c02_v16_two_bone_overlap_walk\blender_frames\SE\fire\02.png'
00:11.625  render           | Saved: 'D:\AI 종합 폴더\Games\Sable-circuit\art_src\characters\rook\fast_pipeline\motion\candidate_rook_c02_v16_two_bone_overlap_walk\blender_frames\SE\fire\03.png'
00:11.765  render           | Saved: 'D:\AI 종합 폴더\Games\Sable-circuit\art_src\characters\rook\fast_pipeline\motion\candidate_rook_c02_v16_two_bone_overlap_walk\blender_frames\SE\fire\04.png'
00:11.890  render           | Saved: 'D:\AI 종합 폴더\Games\Sable-circuit\art_src\characters\rook\fast_pipeline\motion\candidate_rook_c02_v16_two_bone_overlap_walk\blender_frames\SE\fire\05.png'
00:12.203  render           | Saved: 'D:\AI 종합 폴더\Games\Sable-circuit\art_src\characters\rook\fast_pipeline\motion\candidate_rook_c02_v16_two_bone_overlap_walk\blender_frames\S\idle\00.png'
00:12.328  render           | Saved: 'D:\AI 종합 폴더\Games\Sable-circuit\art_src\characters\rook\fast_pipeline\motion\candidate_rook_c02_v16_two_bone_overlap_walk\blender_frames\S\idle\01.png'
00:12.437  render           | Saved: 'D:\AI 종합 폴더\Games\Sable-circuit\art_src\characters\rook\fast_pipeline\motion\candidate_rook_c02_v16_two_bone_overlap_walk\blender_frames\S\idle\02.png'
00:12.578  render           | Saved: 'D:\AI 종합 폴더\Games\Sable-circuit\art_src\characters\rook\fast_pipeline\motion\candidate_rook_c02_v16_two_bone_overlap_walk\blender_frames\S\idle\03.png'
00:12.734  render           | Saved: 'D:\AI 종합 폴더\Games\Sable-circuit\art_src\characters\rook\fast_pipeline\motion\candidate_rook_c02_v16_two_bone_overlap_walk\blender_frames\S\move\00.png'
00:12.859  render           | Saved: 'D:\AI 종합 폴더\Games\Sable-circuit\art_src\characters\rook\fast_pipeline\motion\candidate_rook_c02_v16_two_bone_overlap_walk\blender_frames\S\move\01.png'
00:13.031  render           | Saved: 'D:\AI 종합 폴더\Games\Sable-circuit\art_src\characters\rook\fast_pipeline\motion\candidate_rook_c02_v16_two_bone_overlap_walk\blender_frames\S\move\02.png'
00:13.203  render           | Saved: 'D:\AI 종합 폴더\Games\Sable-circuit\art_src\characters\rook\fast_pipeline\motion\candidate_rook_c02_v16_two_bone_overlap_walk\blender_frames\S\move\03.png'
00:13.375  render           | Saved: 'D:\AI 종합 폴더\Games\Sable-circuit\art_src\characters\rook\fast_pipeline\motion\candidate_rook_c02_v16_two_bone_overlap_walk\blender_frames\S\move\04.png'
00:13.547  render           | Saved: 'D:\AI 종합 폴더\Games\Sable-circuit\art_src\characters\rook\fast_pipeline\motion\candidate_rook_c02_v16_two_bone_overlap_walk\blender_frames\S\move\05.png'
00:13.672  render           | Saved: 'D:\AI 종합 폴더\Games\Sable-circuit\art_src\characters\rook\fast_pipeline\motion\candidate_rook_c02_v16_two_bone_overlap_walk\blender_frames\S\move\06.png'
00:13.812  render           | Saved: 'D:\AI 종합 폴더\Games\Sable-circuit\art_src\characters\rook\fast_pipeline\motion\candidate_rook_c02_v16_two_bone_overlap_walk\blender_frames\S\move\07.png'
00:13.937  render           | Saved: 'D:\AI 종합 폴더\Games\Sable-circuit\art_src\characters\rook\fast_pipeline\motion\candidate_rook_c02_v16_two_bone_overlap_walk\blender_frames\S\move\08.png'
00:14.078  render           | Saved: 'D:\AI 종합 폴더\Games\Sable-circuit\art_src\characters\rook\fast_pipeline\motion\candidate_rook_c02_v16_two_bone_overlap_walk\blender_frames\S\move\09.png'
00:14.250  render           | Saved: 'D:\AI 종합 폴더\Games\Sable-circuit\art_src\characters\rook\fast_pipeline\motion\candidate_rook_c02_v16_two_bone_overlap_walk\blender_frames\S\move\10.png'
00:14.422  render           | Saved: 'D:\AI 종합 폴더\Games\Sable-circuit\art_src\characters\rook\fast_pipeline\motion\candidate_rook_c02_v16_two_bone_overlap_walk\blender_frames\S\move\11.png'
00:14.562  render           | Saved: 'D:\AI 종합 폴더\Games\Sable-circuit\art_src\characters\rook\fast_pipeline\motion\candidate_rook_c02_v16_two_bone_overlap_walk\blender_frames\S\move\12.png'
00:14.719  render           | Saved: 'D:\AI 종합 폴더\Games\Sable-circuit\art_src\characters\rook\fast_pipeline\motion\candidate_rook_c02_v16_two_bone_overlap_walk\blender_frames\S\move\13.png'
00:14.859  render           | Saved: 'D:\AI 종합 폴더\Games\Sable-circuit\art_src\characters\rook\fast_pipeline\motion\candidate_rook_c02_v16_two_bone_overlap_walk\blender_frames\S\move\14.png'
00:14.984  render           | Saved: 'D:\AI 종합 폴더\Games\Sable-circuit\art_src\characters\rook\fast_pipeline\motion\candidate_rook_c02_v16_two_bone_overlap_walk\blender_frames\S\move\15.png'
00:15.156  render           | Saved: 'D:\AI 종합 폴더\Games\Sable-circuit\art_src\characters\rook\fast_pipeline\motion\candidate_rook_c02_v16_two_bone_overlap_walk\blender_frames\S\move\16.png'
00:15.390  render           | Saved: 'D:\AI 종합 폴더\Games\Sable-circuit\art_src\characters\rook\fast_pipeline\motion\candidate_rook_c02_v16_two_bone_overlap_walk\blender_frames\S\move\17.png'
00:15.531  render           | Saved: 'D:\AI 종합 폴더\Games\Sable-circuit\art_src\characters\rook\fast_pipeline\motion\candidate_rook_c02_v16_two_bone_overlap_walk\blender_frames\S\move\18.png'
00:15.672  render           | Saved: 'D:\AI 종합 폴더\Games\Sable-circuit\art_src\characters\rook\fast_pipeline\motion\candidate_rook_c02_v16_two_bone_overlap_walk\blender_frames\S\move\19.png'
00:15.812  render           | Saved: 'D:\AI 종합 폴더\Games\Sable-circuit\art_src\characters\rook\fast_pipeline\motion\candidate_rook_c02_v16_two_bone_overlap_walk\blender_frames\S\move\20.png'
00:15.969  render           | Saved: 'D:\AI 종합 폴더\Games\Sable-circuit\art_src\characters\rook\fast_pipeline\motion\candidate_rook_c02_v16_two_bone_overlap_walk\blender_frames\S\move\21.png'
00:16.109  render           | Saved: 'D:\AI 종합 폴더\Games\Sable-circuit\art_src\characters\rook\fast_pipeline\motion\candidate_rook_c02_v16_two_bone_overlap_walk\blender_frames\S\move\22.png'
00:16.234  render           | Saved: 'D:\AI 종합 폴더\Games\Sable-circuit\art_src\characters\rook\fast_pipeline\motion\candidate_rook_c02_v16_two_bone_overlap_walk\blender_frames\S\move\23.png'
00:16.390  render           | Saved: 'D:\AI 종합 폴더\Games\Sable-circuit\art_src\characters\rook\fast_pipeline\motion\candidate_rook_c02_v16_two_bone_overlap_walk\blender_frames\S\fire\00.png'
00:16.562  render           | Saved: 'D:\AI 종합 폴더\Games\Sable-circuit\art_src\characters\rook\fast_pipeline\motion\candidate_rook_c02_v16_two_bone_overlap_walk\blender_frames\S\fire\01.png'
00:16.687  render           | Saved: 'D:\AI 종합 폴더\Games\Sable-circuit\art_src\characters\rook\fast_pipeline\motion\candidate_rook_c02_v16_two_bone_overlap_walk\blender_frames\S\fire\02.png'
00:16.812  render           | Saved: 'D:\AI 종합 폴더\Games\Sable-circuit\art_src\characters\rook\fast_pipeline\motion\candidate_rook_c02_v16_two_bone_overlap_walk\blender_frames\S\fire\03.png'
00:16.937  render           | Saved: 'D:\AI 종합 폴더\Games\Sable-circuit\art_src\characters\rook\fast_pipeline\motion\candidate_rook_c02_v16_two_bone_overlap_walk\blender_frames\S\fire\04.png'
00:17.062  render           | Saved: 'D:\AI 종합 폴더\Games\Sable-circuit\art_src\characters\rook\fast_pipeline\motion\candidate_rook_c02_v16_two_bone_overlap_walk\blender_frames\S\fire\05.png'
00:17.390  render           | Saved: 'D:\AI 종합 폴더\Games\Sable-circuit\art_src\characters\rook\fast_pipeline\motion\candidate_rook_c02_v16_two_bone_overlap_walk\blender_frames\SW\idle\00.png'
00:17.515  render           | Saved: 'D:\AI 종합 폴더\Games\Sable-circuit\art_src\characters\rook\fast_pipeline\motion\candidate_rook_c02_v16_two_bone_overlap_walk\blender_frames\SW\idle\01.png'
00:17.640  render           | Saved: 'D:\AI 종합 폴더\Games\Sable-circuit\art_src\characters\rook\fast_pipeline\motion\candidate_rook_c02_v16_two_bone_overlap_walk\blender_frames\SW\idle\02.png'
00:17.781  render           | Saved: 'D:\AI 종합 폴더\Games\Sable-circuit\art_src\characters\rook\fast_pipeline\motion\candidate_rook_c02_v16_two_bone_overlap_walk\blender_frames\SW\idle\03.png'
00:17.937  render           | Saved: 'D:\AI 종합 폴더\Games\Sable-circuit\art_src\characters\rook\fast_pipeline\motion\candidate_rook_c02_v16_two_bone_overlap_walk\blender_frames\SW\move\00.png'
00:18.094  render           | Saved: 'D:\AI 종합 폴더\Games\Sable-circuit\art_src\characters\rook\fast_pipeline\motion\candidate_rook_c02_v16_two_bone_overlap_walk\blender_frames\SW\move\01.png'
00:18.234  render           | Saved: 'D:\AI 종합 폴더\Games\Sable-circuit\art_src\characters\rook\fast_pipeline\motion\candidate_rook_c02_v16_two_bone_overlap_walk\blender_frames\SW\move\02.png'
00:18.375  render           | Saved: 'D:\AI 종합 폴더\Games\Sable-circuit\art_src\characters\rook\fast_pipeline\motion\candidate_rook_c02_v16_two_bone_overlap_walk\blender_frames\SW\move\03.png'
00:18.500  render           | Saved: 'D:\AI 종합 폴더\Games\Sable-circuit\art_src\characters\rook\fast_pipeline\motion\candidate_rook_c02_v16_two_bone_overlap_walk\blender_frames\SW\move\04.png'
00:18.672  render           | Saved: 'D:\AI 종합 폴더\Games\Sable-circuit\art_src\characters\rook\fast_pipeline\motion\candidate_rook_c02_v16_two_bone_overlap_walk\blender_frames\SW\move\05.png'
00:18.812  render           | Saved: 'D:\AI 종합 폴더\Games\Sable-circuit\art_src\characters\rook\fast_pipeline\motion\candidate_rook_c02_v16_two_bone_overlap_walk\blender_frames\SW\move\06.png'
00:18.937  render           | Saved: 'D:\AI 종합 폴더\Games\Sable-circuit\art_src\characters\rook\fast_pipeline\motion\candidate_rook_c02_v16_two_bone_overlap_walk\blender_frames\SW\move\07.png'
00:19.078  render           | Saved: 'D:\AI 종합 폴더\Games\Sable-circuit\art_src\characters\rook\fast_pipeline\motion\candidate_rook_c02_v16_two_bone_overlap_walk\blender_frames\SW\move\08.png'
00:19.203  render           | Saved: 'D:\AI 종합 폴더\Games\Sable-circuit\art_src\characters\rook\fast_pipeline\motion\candidate_rook_c02_v16_two_bone_overlap_walk\blender_frames\SW\move\09.png'
00:19.375  render           | Saved: 'D:\AI 종합 폴더\Games\Sable-circuit\art_src\characters\rook\fast_pipeline\motion\candidate_rook_c02_v16_two_bone_overlap_walk\blender_frames\SW\move\10.png'
00:19.500  render           | Saved: 'D:\AI 종합 폴더\Games\Sable-circuit\art_src\characters\rook\fast_pipeline\motion\candidate_rook_c02_v16_two_bone_overlap_walk\blender_frames\SW\move\11.png'
00:19.640  render           | Saved: 'D:\AI 종합 폴더\Games\Sable-circuit\art_src\characters\rook\fast_pipeline\motion\candidate_rook_c02_v16_two_bone_overlap_walk\blender_frames\SW\move\12.png'
00:19.765  render           | Saved: 'D:\AI 종합 폴더\Games\Sable-circuit\art_src\characters\rook\fast_pipeline\motion\candidate_rook_c02_v16_two_bone_overlap_walk\blender_frames\SW\move\13.png'
00:19.890  render           | Saved: 'D:\AI 종합 폴더\Games\Sable-circuit\art_src\characters\rook\fast_pipeline\motion\candidate_rook_c02_v16_two_bone_overlap_walk\blender_frames\SW\move\14.png'
00:20.015  render           | Saved: 'D:\AI 종합 폴더\Games\Sable-circuit\art_src\characters\rook\fast_pipeline\motion\candidate_rook_c02_v16_two_bone_overlap_walk\blender_frames\SW\move\15.png'
00:20.156  render           | Saved: 'D:\AI 종합 폴더\Games\Sable-circuit\art_src\characters\rook\fast_pipeline\motion\candidate_rook_c02_v16_two_bone_overlap_walk\blender_frames\SW\move\16.png'
00:20.297  render           | Saved: 'D:\AI 종합 폴더\Games\Sable-circuit\art_src\characters\rook\fast_pipeline\motion\candidate_rook_c02_v16_two_bone_overlap_walk\blender_frames\SW\move\17.png'
00:20.422  render           | Saved: 'D:\AI 종합 폴더\Games\Sable-circuit\art_src\characters\rook\fast_pipeline\motion\candidate_rook_c02_v16_two_bone_overlap_walk\blender_frames\SW\move\18.png'
00:20.547  render           | Saved: 'D:\AI 종합 폴더\Games\Sable-circuit\art_src\characters\rook\fast_pipeline\motion\candidate_rook_c02_v16_two_bone_overlap_walk\blender_frames\SW\move\19.png'
00:20.672  render           | Saved: 'D:\AI 종합 폴더\Games\Sable-circuit\art_src\characters\rook\fast_pipeline\motion\candidate_rook_c02_v16_two_bone_overlap_walk\blender_frames\SW\move\20.png'
00:20.781  render           | Saved: 'D:\AI 종합 폴더\Games\Sable-circuit\art_src\characters\rook\fast_pipeline\motion\candidate_rook_c02_v16_two_bone_overlap_walk\blender_frames\SW\move\21.png'
00:20.922  render           | Saved: 'D:\AI 종합 폴더\Games\Sable-circuit\art_src\characters\rook\fast_pipeline\motion\candidate_rook_c02_v16_two_bone_overlap_walk\blender_frames\SW\move\22.png'
00:21.047  render           | Saved: 'D:\AI 종합 폴더\Games\Sable-circuit\art_src\characters\rook\fast_pipeline\motion\candidate_rook_c02_v16_two_bone_overlap_walk\blender_frames\SW\move\23.png'
00:21.172  render           | Saved: 'D:\AI 종합 폴더\Games\Sable-circuit\art_src\characters\rook\fast_pipeline\motion\candidate_rook_c02_v16_two_bone_overlap_walk\blender_frames\SW\fire\00.png'
00:21.344  render           | Saved: 'D:\AI 종합 폴더\Games\Sable-circuit\art_src\characters\rook\fast_pipeline\motion\candidate_rook_c02_v16_two_bone_overlap_walk\blender_frames\SW\fire\01.png'
00:21.500  render           | Saved: 'D:\AI 종합 폴더\Games\Sable-circuit\art_src\characters\rook\fast_pipeline\motion\candidate_rook_c02_v16_two_bone_overlap_walk\blender_frames\SW\fire\02.png'
00:21.640  render           | Saved: 'D:\AI 종합 폴더\Games\Sable-circuit\art_src\characters\rook\fast_pipeline\motion\candidate_rook_c02_v16_two_bone_overlap_walk\blender_frames\SW\fire\03.png'
00:21.781  render           | Saved: 'D:\AI 종합 폴더\Games\Sable-circuit\art_src\characters\rook\fast_pipeline\motion\candidate_rook_c02_v16_two_bone_overlap_walk\blender_frames\SW\fire\04.png'
00:21.922  render           | Saved: 'D:\AI 종합 폴더\Games\Sable-circuit\art_src\characters\rook\fast_pipeline\motion\candidate_rook_c02_v16_two_bone_overlap_walk\blender_frames\SW\fire\05.png'
00:22.297  render           | Saved: 'D:\AI 종합 폴더\Games\Sable-circuit\art_src\characters\rook\fast_pipeline\motion\candidate_rook_c02_v16_two_bone_overlap_walk\blender_frames\W\idle\00.png'
00:22.453  render           | Saved: 'D:\AI 종합 폴더\Games\Sable-circuit\art_src\characters\rook\fast_pipeline\motion\candidate_rook_c02_v16_two_bone_overlap_walk\blender_frames\W\idle\01.png'
00:22.578  render           | Saved: 'D:\AI 종합 폴더\Games\Sable-circuit\art_src\characters\rook\fast_pipeline\motion\candidate_rook_c02_v16_two_bone_overlap_walk\blender_frames\W\idle\02.png'
00:22.719  render           | Saved: 'D:\AI 종합 폴더\Games\Sable-circuit\art_src\characters\rook\fast_pipeline\motion\candidate_rook_c02_v16_two_bone_overlap_walk\blender_frames\W\idle\03.png'
00:22.875  render           | Saved: 'D:\AI 종합 폴더\Games\Sable-circuit\art_src\characters\rook\fast_pipeline\motion\candidate_rook_c02_v16_two_bone_overlap_walk\blender_frames\W\move\00.png'
00:23.015  render           | Saved: 'D:\AI 종합 폴더\Games\Sable-circuit\art_src\characters\rook\fast_pipeline\motion\candidate_rook_c02_v16_two_bone_overlap_walk\blender_frames\W\move\01.png'
00:23.156  render           | Saved: 'D:\AI 종합 폴더\Games\Sable-circuit\art_src\characters\rook\fast_pipeline\motion\candidate_rook_c02_v16_two_bone_overlap_walk\blender_frames\W\move\02.png'
00:23.312  render           | Saved: 'D:\AI 종합 폴더\Games\Sable-circuit\art_src\characters\rook\fast_pipeline\motion\candidate_rook_c02_v16_two_bone_overlap_walk\blender_frames\W\move\03.png'
00:23.453  render           | Saved: 'D:\AI 종합 폴더\Games\Sable-circuit\art_src\characters\rook\fast_pipeline\motion\candidate_rook_c02_v16_two_bone_overlap_walk\blender_frames\W\move\04.png'
00:23.594  render           | Saved: 'D:\AI 종합 폴더\Games\Sable-circuit\art_src\characters\rook\fast_pipeline\motion\candidate_rook_c02_v16_two_bone_overlap_walk\blender_frames\W\move\05.png'
00:23.719  render           | Saved: 'D:\AI 종합 폴더\Games\Sable-circuit\art_src\characters\rook\fast_pipeline\motion\candidate_rook_c02_v16_two_bone_overlap_walk\blender_frames\W\move\06.png'
00:23.844  render           | Saved: 'D:\AI 종합 폴더\Games\Sable-circuit\art_src\characters\rook\fast_pipeline\motion\candidate_rook_c02_v16_two_bone_overlap_walk\blender_frames\W\move\07.png'
00:23.969  render           | Saved: 'D:\AI 종합 폴더\Games\Sable-circuit\art_src\characters\rook\fast_pipeline\motion\candidate_rook_c02_v16_two_bone_overlap_walk\blender_frames\W\move\08.png'
00:24.094  render           | Saved: 'D:\AI 종합 폴더\Games\Sable-circuit\art_src\characters\rook\fast_pipeline\motion\candidate_rook_c02_v16_two_bone_overlap_walk\blender_frames\W\move\09.png'
00:24.234  render           | Saved: 'D:\AI 종합 폴더\Games\Sable-circuit\art_src\characters\rook\fast_pipeline\motion\candidate_rook_c02_v16_two_bone_overlap_walk\blender_frames\W\move\10.png'
00:24.359  render           | Saved: 'D:\AI 종합 폴더\Games\Sable-circuit\art_src\characters\rook\fast_pipeline\motion\candidate_rook_c02_v16_two_bone_overlap_walk\blender_frames\W\move\11.png'
00:24.500  render           | Saved: 'D:\AI 종합 폴더\Games\Sable-circuit\art_src\characters\rook\fast_pipeline\motion\candidate_rook_c02_v16_two_bone_overlap_walk\blender_frames\W\move\12.png'
00:24.640  render           | Saved: 'D:\AI 종합 폴더\Games\Sable-circuit\art_src\characters\rook\fast_pipeline\motion\candidate_rook_c02_v16_two_bone_overlap_walk\blender_frames\W\move\13.png'
00:24.797  render           | Saved: 'D:\AI 종합 폴더\Games\Sable-circuit\art_src\characters\rook\fast_pipeline\motion\candidate_rook_c02_v16_two_bone_overlap_walk\blender_frames\W\move\14.png'
00:24.922  render           | Saved: 'D:\AI 종합 폴더\Games\Sable-circuit\art_src\characters\rook\fast_pipeline\motion\candidate_rook_c02_v16_two_bone_overlap_walk\blender_frames\W\move\15.png'
00:25.078  render           | Saved: 'D:\AI 종합 폴더\Games\Sable-circuit\art_src\characters\rook\fast_pipeline\motion\candidate_rook_c02_v16_two_bone_overlap_walk\blender_frames\W\move\16.png'
00:25.281  render           | Saved: 'D:\AI 종합 폴더\Games\Sable-circuit\art_src\characters\rook\fast_pipeline\motion\candidate_rook_c02_v16_two_bone_overlap_walk\blender_frames\W\move\17.png'
00:25.422  render           | Saved: 'D:\AI 종합 폴더\Games\Sable-circuit\art_src\characters\rook\fast_pipeline\motion\candidate_rook_c02_v16_two_bone_overlap_walk\blender_frames\W\move\18.png'
00:25.562  render           | Saved: 'D:\AI 종합 폴더\Games\Sable-circuit\art_src\characters\rook\fast_pipeline\motion\candidate_rook_c02_v16_two_bone_overlap_walk\blender_frames\W\move\19.png'
00:25.687  render           | Saved: 'D:\AI 종합 폴더\Games\Sable-circuit\art_src\characters\rook\fast_pipeline\motion\candidate_rook_c02_v16_two_bone_overlap_walk\blender_frames\W\move\20.png'
00:25.828  render           | Saved: 'D:\AI 종합 폴더\Games\Sable-circuit\art_src\characters\rook\fast_pipeline\motion\candidate_rook_c02_v16_two_bone_overlap_walk\blender_frames\W\move\21.png'
00:25.969  render           | Saved: 'D:\AI 종합 폴더\Games\Sable-circuit\art_src\characters\rook\fast_pipeline\motion\candidate_rook_c02_v16_two_bone_overlap_walk\blender_frames\W\move\22.png'
00:26.109  render           | Saved: 'D:\AI 종합 폴더\Games\Sable-circuit\art_src\characters\rook\fast_pipeline\motion\candidate_rook_c02_v16_two_bone_overlap_walk\blender_frames\W\move\23.png'
00:26.265  render           | Saved: 'D:\AI 종합 폴더\Games\Sable-circuit\art_src\characters\rook\fast_pipeline\motion\candidate_rook_c02_v16_two_bone_overlap_walk\blender_frames\W\fire\00.png'
00:26.406  render           | Saved: 'D:\AI 종합 폴더\Games\Sable-circuit\art_src\characters\rook\fast_pipeline\motion\candidate_rook_c02_v16_two_bone_overlap_walk\blender_frames\W\fire\01.png'
00:26.531  render           | Saved: 'D:\AI 종합 폴더\Games\Sable-circuit\art_src\characters\rook\fast_pipeline\motion\candidate_rook_c02_v16_two_bone_overlap_walk\blender_frames\W\fire\02.png'
00:26.656  render           | Saved: 'D:\AI 종합 폴더\Games\Sable-circuit\art_src\characters\rook\fast_pipeline\motion\candidate_rook_c02_v16_two_bone_overlap_walk\blender_frames\W\fire\03.png'
00:26.781  render           | Saved: 'D:\AI 종합 폴더\Games\Sable-circuit\art_src\characters\rook\fast_pipeline\motion\candidate_rook_c02_v16_two_bone_overlap_walk\blender_frames\W\fire\04.png'
00:26.922  render           | Saved: 'D:\AI 종합 폴더\Games\Sable-circuit\art_src\characters\rook\fast_pipeline\motion\candidate_rook_c02_v16_two_bone_overlap_walk\blender_frames\W\fire\05.png'
00:27.265  render           | Saved: 'D:\AI 종합 폴더\Games\Sable-circuit\art_src\characters\rook\fast_pipeline\motion\candidate_rook_c02_v16_two_bone_overlap_walk\blender_frames\NW\idle\00.png'
00:27.437  render           | Saved: 'D:\AI 종합 폴더\Games\Sable-circuit\art_src\characters\rook\fast_pipeline\motion\candidate_rook_c02_v16_two_bone_overlap_walk\blender_frames\NW\idle\01.png'
00:27.578  render           | Saved: 'D:\AI 종합 폴더\Games\Sable-circuit\art_src\characters\rook\fast_pipeline\motion\candidate_rook_c02_v16_two_bone_overlap_walk\blender_frames\NW\idle\02.png'
00:27.719  render           | Saved: 'D:\AI 종합 폴더\Games\Sable-circuit\art_src\characters\rook\fast_pipeline\motion\candidate_rook_c02_v16_two_bone_overlap_walk\blender_frames\NW\idle\03.png'
00:27.890  render           | Saved: 'D:\AI 종합 폴더\Games\Sable-circuit\art_src\characters\rook\fast_pipeline\motion\candidate_rook_c02_v16_two_bone_overlap_walk\blender_frames\NW\move\00.png'
00:28.062  render           | Saved: 'D:\AI 종합 폴더\Games\Sable-circuit\art_src\characters\rook\fast_pipeline\motion\candidate_rook_c02_v16_two_bone_overlap_walk\blender_frames\NW\move\01.png'
00:28.281  render           | Saved: 'D:\AI 종합 폴더\Games\Sable-circuit\art_src\characters\rook\fast_pipeline\motion\candidate_rook_c02_v16_two_bone_overlap_walk\blender_frames\NW\move\02.png'
00:28.453  render           | Saved: 'D:\AI 종합 폴더\Games\Sable-circuit\art_src\characters\rook\fast_pipeline\motion\candidate_rook_c02_v16_two_bone_overlap_walk\blender_frames\NW\move\03.png'
00:28.594  render           | Saved: 'D:\AI 종합 폴더\Games\Sable-circuit\art_src\characters\rook\fast_pipeline\motion\candidate_rook_c02_v16_two_bone_overlap_walk\blender_frames\NW\move\04.png'
00:28.750  render           | Saved: 'D:\AI 종합 폴더\Games\Sable-circuit\art_src\characters\rook\fast_pipeline\motion\candidate_rook_c02_v16_two_bone_overlap_walk\blender_frames\NW\move\05.png'
00:28.890  render           | Saved: 'D:\AI 종합 폴더\Games\Sable-circuit\art_src\characters\rook\fast_pipeline\motion\candidate_rook_c02_v16_two_bone_overlap_walk\blender_frames\NW\move\06.png'
00:29.015  render           | Saved: 'D:\AI 종합 폴더\Games\Sable-circuit\art_src\characters\rook\fast_pipeline\motion\candidate_rook_c02_v16_two_bone_overlap_walk\blender_frames\NW\move\07.png'
00:29.156  render           | Saved: 'D:\AI 종합 폴더\Games\Sable-circuit\art_src\characters\rook\fast_pipeline\motion\candidate_rook_c02_v16_two_bone_overlap_walk\blender_frames\NW\move\08.png'
00:29.281  render           | Saved: 'D:\AI 종합 폴더\Games\Sable-circuit\art_src\characters\rook\fast_pipeline\motion\candidate_rook_c02_v16_two_bone_overlap_walk\blender_frames\NW\move\09.png'
00:29.422  render           | Saved: 'D:\AI 종합 폴더\Games\Sable-circuit\art_src\characters\rook\fast_pipeline\motion\candidate_rook_c02_v16_two_bone_overlap_walk\blender_frames\NW\move\10.png'
00:29.562  render           | Saved: 'D:\AI 종합 폴더\Games\Sable-circuit\art_src\characters\rook\fast_pipeline\motion\candidate_rook_c02_v16_two_bone_overlap_walk\blender_frames\NW\move\11.png'
00:29.719  render           | Saved: 'D:\AI 종합 폴더\Games\Sable-circuit\art_src\characters\rook\fast_pipeline\motion\candidate_rook_c02_v16_two_bone_overlap_walk\blender_frames\NW\move\12.png'
00:29.844  render           | Saved: 'D:\AI 종합 폴더\Games\Sable-circuit\art_src\characters\rook\fast_pipeline\motion\candidate_rook_c02_v16_two_bone_overlap_walk\blender_frames\NW\move\13.png'
00:29.984  render           | Saved: 'D:\AI 종합 폴더\Games\Sable-circuit\art_src\characters\rook\fast_pipeline\motion\candidate_rook_c02_v16_two_bone_overlap_walk\blender_frames\NW\move\14.png'
00:30.109  render           | Saved: 'D:\AI 종합 폴더\Games\Sable-circuit\art_src\characters\rook\fast_pipeline\motion\candidate_rook_c02_v16_two_bone_overlap_walk\blender_frames\NW\move\15.png'
00:30.234  render           | Saved: 'D:\AI 종합 폴더\Games\Sable-circuit\art_src\characters\rook\fast_pipeline\motion\candidate_rook_c02_v16_two_bone_overlap_walk\blender_frames\NW\move\16.png'
00:30.375  render           | Saved: 'D:\AI 종합 폴더\Games\Sable-circuit\art_src\characters\rook\fast_pipeline\motion\candidate_rook_c02_v16_two_bone_overlap_walk\blender_frames\NW\move\17.png'
00:30.515  render           | Saved: 'D:\AI 종합 폴더\Games\Sable-circuit\art_src\characters\rook\fast_pipeline\motion\candidate_rook_c02_v16_two_bone_overlap_walk\blender_frames\NW\move\18.png'
00:30.687  render           | Saved: 'D:\AI 종합 폴더\Games\Sable-circuit\art_src\characters\rook\fast_pipeline\motion\candidate_rook_c02_v16_two_bone_overlap_walk\blender_frames\NW\move\19.png'
00:30.828  render           | Saved: 'D:\AI 종합 폴더\Games\Sable-circuit\art_src\characters\rook\fast_pipeline\motion\candidate_rook_c02_v16_two_bone_overlap_walk\blender_frames\NW\move\20.png'
00:30.953  render           | Saved: 'D:\AI 종합 폴더\Games\Sable-circuit\art_src\characters\rook\fast_pipeline\motion\candidate_rook_c02_v16_two_bone_overlap_walk\blender_frames\NW\move\21.png'
00:31.094  render           | Saved: 'D:\AI 종합 폴더\Games\Sable-circuit\art_src\characters\rook\fast_pipeline\motion\candidate_rook_c02_v16_two_bone_overlap_walk\blender_frames\NW\move\22.png'
00:31.250  render           | Saved: 'D:\AI 종합 폴더\Games\Sable-circuit\art_src\characters\rook\fast_pipeline\motion\candidate_rook_c02_v16_two_bone_overlap_walk\blender_frames\NW\move\23.png'
00:31.422  render           | Saved: 'D:\AI 종합 폴더\Games\Sable-circuit\art_src\characters\rook\fast_pipeline\motion\candidate_rook_c02_v16_two_bone_overlap_walk\blender_frames\NW\fire\00.png'
00:31.562  render           | Saved: 'D:\AI 종합 폴더\Games\Sable-circuit\art_src\characters\rook\fast_pipeline\motion\candidate_rook_c02_v16_two_bone_overlap_walk\blender_frames\NW\fire\01.png'
00:31.687  render           | Saved: 'D:\AI 종합 폴더\Games\Sable-circuit\art_src\characters\rook\fast_pipeline\motion\candidate_rook_c02_v16_two_bone_overlap_walk\blender_frames\NW\fire\02.png'
00:31.797  render           | Saved: 'D:\AI 종합 폴더\Games\Sable-circuit\art_src\characters\rook\fast_pipeline\motion\candidate_rook_c02_v16_two_bone_overlap_walk\blender_frames\NW\fire\03.png'
00:31.922  render           | Saved: 'D:\AI 종합 폴더\Games\Sable-circuit\art_src\characters\rook\fast_pipeline\motion\candidate_rook_c02_v16_two_bone_overlap_walk\blender_frames\NW\fire\04.png'
00:32.047  render           | Saved: 'D:\AI 종합 폴더\Games\Sable-circuit\art_src\characters\rook\fast_pipeline\motion\candidate_rook_c02_v16_two_bone_overlap_walk\blender_frames\NW\fire\05.png'
00:32.344  render           | Saved: 'D:\AI 종합 폴더\Games\Sable-circuit\art_src\characters\rook\fast_pipeline\motion\candidate_rook_c02_v16_two_bone_overlap_walk\blender_frames\N\idle\00.png'
00:32.469  render           | Saved: 'D:\AI 종합 폴더\Games\Sable-circuit\art_src\characters\rook\fast_pipeline\motion\candidate_rook_c02_v16_two_bone_overlap_walk\blender_frames\N\idle\01.png'
00:32.609  render           | Saved: 'D:\AI 종합 폴더\Games\Sable-circuit\art_src\characters\rook\fast_pipeline\motion\candidate_rook_c02_v16_two_bone_overlap_walk\blender_frames\N\idle\02.png'
00:32.734  render           | Saved: 'D:\AI 종합 폴더\Games\Sable-circuit\art_src\characters\rook\fast_pipeline\motion\candidate_rook_c02_v16_two_bone_overlap_walk\blender_frames\N\idle\03.png'
00:32.890  render           | Saved: 'D:\AI 종합 폴더\Games\Sable-circuit\art_src\characters\rook\fast_pipeline\motion\candidate_rook_c02_v16_two_bone_overlap_walk\blender_frames\N\move\00.png'
00:33.000  render           | Saved: 'D:\AI 종합 폴더\Games\Sable-circuit\art_src\characters\rook\fast_pipeline\motion\candidate_rook_c02_v16_two_bone_overlap_walk\blender_frames\N\move\01.png'
00:33.140  render           | Saved: 'D:\AI 종합 폴더\Games\Sable-circuit\art_src\characters\rook\fast_pipeline\motion\candidate_rook_c02_v16_two_bone_overlap_walk\blender_frames\N\move\02.png'
00:33.265  render           | Saved: 'D:\AI 종합 폴더\Games\Sable-circuit\art_src\characters\rook\fast_pipeline\motion\candidate_rook_c02_v16_two_bone_overlap_walk\blender_frames\N\move\03.png'
00:33.406  render           | Saved: 'D:\AI 종합 폴더\Games\Sable-circuit\art_src\characters\rook\fast_pipeline\motion\candidate_rook_c02_v16_two_bone_overlap_walk\blender_frames\N\move\04.png'
00:33.531  render           | Saved: 'D:\AI 종합 폴더\Games\Sable-circuit\art_src\characters\rook\fast_pipeline\motion\candidate_rook_c02_v16_two_bone_overlap_walk\blender_frames\N\move\05.png'
00:33.672  render           | Saved: 'D:\AI 종합 폴더\Games\Sable-circuit\art_src\characters\rook\fast_pipeline\motion\candidate_rook_c02_v16_two_bone_overlap_walk\blender_frames\N\move\06.png'
00:33.844  render           | Saved: 'D:\AI 종합 폴더\Games\Sable-circuit\art_src\characters\rook\fast_pipeline\motion\candidate_rook_c02_v16_two_bone_overlap_walk\blender_frames\N\move\07.png'
00:34.000  render           | Saved: 'D:\AI 종합 폴더\Games\Sable-circuit\art_src\characters\rook\fast_pipeline\motion\candidate_rook_c02_v16_two_bone_overlap_walk\blender_frames\N\move\08.png'
00:34.125  render           | Saved: 'D:\AI 종합 폴더\Games\Sable-circuit\art_src\characters\rook\fast_pipeline\motion\candidate_rook_c02_v16_two_bone_overlap_walk\blender_frames\N\move\09.png'
00:34.250  render           | Saved: 'D:\AI 종합 폴더\Games\Sable-circuit\art_src\characters\rook\fast_pipeline\motion\candidate_rook_c02_v16_two_bone_overlap_walk\blender_frames\N\move\10.png'
00:34.375  render           | Saved: 'D:\AI 종합 폴더\Games\Sable-circuit\art_src\characters\rook\fast_pipeline\motion\candidate_rook_c02_v16_two_bone_overlap_walk\blender_frames\N\move\11.png'
00:34.500  render           | Saved: 'D:\AI 종합 폴더\Games\Sable-circuit\art_src\characters\rook\fast_pipeline\motion\candidate_rook_c02_v16_two_bone_overlap_walk\blender_frames\N\move\12.png'
00:34.625  render           | Saved: 'D:\AI 종합 폴더\Games\Sable-circuit\art_src\characters\rook\fast_pipeline\motion\candidate_rook_c02_v16_two_bone_overlap_walk\blender_frames\N\move\13.png'
00:34.765  render           | Saved: 'D:\AI 종합 폴더\Games\Sable-circuit\art_src\characters\rook\fast_pipeline\motion\candidate_rook_c02_v16_two_bone_overlap_walk\blender_frames\N\move\14.png'
00:34.890  render           | Saved: 'D:\AI 종합 폴더\Games\Sable-circuit\art_src\characters\rook\fast_pipeline\motion\candidate_rook_c02_v16_two_bone_overlap_walk\blender_frames\N\move\15.png'
00:35.015  render           | Saved: 'D:\AI 종합 폴더\Games\Sable-circuit\art_src\characters\rook\fast_pipeline\motion\candidate_rook_c02_v16_two_bone_overlap_walk\blender_frames\N\move\16.png'
00:35.156  render           | Saved: 'D:\AI 종합 폴더\Games\Sable-circuit\art_src\characters\rook\fast_pipeline\motion\candidate_rook_c02_v16_two_bone_overlap_walk\blender_frames\N\move\17.png'
00:35.281  render           | Saved: 'D:\AI 종합 폴더\Games\Sable-circuit\art_src\characters\rook\fast_pipeline\motion\candidate_rook_c02_v16_two_bone_overlap_walk\blender_frames\N\move\18.png'
00:35.422  render           | Saved: 'D:\AI 종합 폴더\Games\Sable-circuit\art_src\characters\rook\fast_pipeline\motion\candidate_rook_c02_v16_two_bone_overlap_walk\blender_frames\N\move\19.png'
00:35.547  render           | Saved: 'D:\AI 종합 폴더\Games\Sable-circuit\art_src\characters\rook\fast_pipeline\motion\candidate_rook_c02_v16_two_bone_overlap_walk\blender_frames\N\move\20.png'
00:35.672  render           | Saved: 'D:\AI 종합 폴더\Games\Sable-circuit\art_src\characters\rook\fast_pipeline\motion\candidate_rook_c02_v16_two_bone_overlap_walk\blender_frames\N\move\21.png'
00:35.797  render           | Saved: 'D:\AI 종합 폴더\Games\Sable-circuit\art_src\characters\rook\fast_pipeline\motion\candidate_rook_c02_v16_two_bone_overlap_walk\blender_frames\N\move\22.png'
00:35.922  render           | Saved: 'D:\AI 종합 폴더\Games\Sable-circuit\art_src\characters\rook\fast_pipeline\motion\candidate_rook_c02_v16_two_bone_overlap_walk\blender_frames\N\move\23.png'
00:36.047  render           | Saved: 'D:\AI 종합 폴더\Games\Sable-circuit\art_src\characters\rook\fast_pipeline\motion\candidate_rook_c02_v16_two_bone_overlap_walk\blender_frames\N\fire\00.png'
00:36.172  render           | Saved: 'D:\AI 종합 폴더\Games\Sable-circuit\art_src\characters\rook\fast_pipeline\motion\candidate_rook_c02_v16_two_bone_overlap_walk\blender_frames\N\fire\01.png'
00:36.297  render           | Saved: 'D:\AI 종합 폴더\Games\Sable-circuit\art_src\characters\rook\fast_pipeline\motion\candidate_rook_c02_v16_two_bone_overlap_walk\blender_frames\N\fire\02.png'
00:36.422  render           | Saved: 'D:\AI 종합 폴더\Games\Sable-circuit\art_src\characters\rook\fast_pipeline\motion\candidate_rook_c02_v16_two_bone_overlap_walk\blender_frames\N\fire\03.png'
00:36.547  render           | Saved: 'D:\AI 종합 폴더\Games\Sable-circuit\art_src\characters\rook\fast_pipeline\motion\candidate_rook_c02_v16_two_bone_overlap_walk\blender_frames\N\fire\04.png'
00:36.672  render           | Saved: 'D:\AI 종합 폴더\Games\Sable-circuit\art_src\characters\rook\fast_pipeline\motion\candidate_rook_c02_v16_two_bone_overlap_walk\blender_frames\N\fire\05.png'
00:37.031  render           | Saved: 'D:\AI 종합 폴더\Games\Sable-circuit\art_src\characters\rook\fast_pipeline\motion\candidate_rook_c02_v16_two_bone_overlap_walk\blender_frames\NE\idle\00.png'
00:37.156  render           | Saved: 'D:\AI 종합 폴더\Games\Sable-circuit\art_src\characters\rook\fast_pipeline\motion\candidate_rook_c02_v16_two_bone_overlap_walk\blender_frames\NE\idle\01.png'
00:37.281  render           | Saved: 'D:\AI 종합 폴더\Games\Sable-circuit\art_src\characters\rook\fast_pipeline\motion\candidate_rook_c02_v16_two_bone_overlap_walk\blender_frames\NE\idle\02.png'
00:37.422  render           | Saved: 'D:\AI 종합 폴더\Games\Sable-circuit\art_src\characters\rook\fast_pipeline\motion\candidate_rook_c02_v16_two_bone_overlap_walk\blender_frames\NE\idle\03.png'
00:37.578  render           | Saved: 'D:\AI 종합 폴더\Games\Sable-circuit\art_src\characters\rook\fast_pipeline\motion\candidate_rook_c02_v16_two_bone_overlap_walk\blender_frames\NE\move\00.png'
00:37.719  render           | Saved: 'D:\AI 종합 폴더\Games\Sable-circuit\art_src\characters\rook\fast_pipeline\motion\candidate_rook_c02_v16_two_bone_overlap_walk\blender_frames\NE\move\01.png'
00:37.844  render           | Saved: 'D:\AI 종합 폴더\Games\Sable-circuit\art_src\characters\rook\fast_pipeline\motion\candidate_rook_c02_v16_two_bone_overlap_walk\blender_frames\NE\move\02.png'
00:37.984  render           | Saved: 'D:\AI 종합 폴더\Games\Sable-circuit\art_src\characters\rook\fast_pipeline\motion\candidate_rook_c02_v16_two_bone_overlap_walk\blender_frames\NE\move\03.png'
00:38.109  render           | Saved: 'D:\AI 종합 폴더\Games\Sable-circuit\art_src\characters\rook\fast_pipeline\motion\candidate_rook_c02_v16_two_bone_overlap_walk\blender_frames\NE\move\04.png'
00:38.219  render           | Saved: 'D:\AI 종합 폴더\Games\Sable-circuit\art_src\characters\rook\fast_pipeline\motion\candidate_rook_c02_v16_two_bone_overlap_walk\blender_frames\NE\move\05.png'
00:38.359  render           | Saved: 'D:\AI 종합 폴더\Games\Sable-circuit\art_src\characters\rook\fast_pipeline\motion\candidate_rook_c02_v16_two_bone_overlap_walk\blender_frames\NE\move\06.png'
00:38.515  render           | Saved: 'D:\AI 종합 폴더\Games\Sable-circuit\art_src\characters\rook\fast_pipeline\motion\candidate_rook_c02_v16_two_bone_overlap_walk\blender_frames\NE\move\07.png'
00:38.656  render           | Saved: 'D:\AI 종합 폴더\Games\Sable-circuit\art_src\characters\rook\fast_pipeline\motion\candidate_rook_c02_v16_two_bone_overlap_walk\blender_frames\NE\move\08.png'
00:38.797  render           | Saved: 'D:\AI 종합 폴더\Games\Sable-circuit\art_src\characters\rook\fast_pipeline\motion\candidate_rook_c02_v16_two_bone_overlap_walk\blender_frames\NE\move\09.png'
00:38.953  render           | Saved: 'D:\AI 종합 폴더\Games\Sable-circuit\art_src\characters\rook\fast_pipeline\motion\candidate_rook_c02_v16_two_bone_overlap_walk\blender_frames\NE\move\10.png'
00:39.094  render           | Saved: 'D:\AI 종합 폴더\Games\Sable-circuit\art_src\characters\rook\fast_pipeline\motion\candidate_rook_c02_v16_two_bone_overlap_walk\blender_frames\NE\move\11.png'
00:39.250  render           | Saved: 'D:\AI 종합 폴더\Games\Sable-circuit\art_src\characters\rook\fast_pipeline\motion\candidate_rook_c02_v16_two_bone_overlap_walk\blender_frames\NE\move\12.png'
00:39.406  render           | Saved: 'D:\AI 종합 폴더\Games\Sable-circuit\art_src\characters\rook\fast_pipeline\motion\candidate_rook_c02_v16_two_bone_overlap_walk\blender_frames\NE\move\13.png'
00:39.531  render           | Saved: 'D:\AI 종합 폴더\Games\Sable-circuit\art_src\characters\rook\fast_pipeline\motion\candidate_rook_c02_v16_two_bone_overlap_walk\blender_frames\NE\move\14.png'
00:39.703  render           | Saved: 'D:\AI 종합 폴더\Games\Sable-circuit\art_src\characters\rook\fast_pipeline\motion\candidate_rook_c02_v16_two_bone_overlap_walk\blender_frames\NE\move\15.png'
00:39.828  render           | Saved: 'D:\AI 종합 폴더\Games\Sable-circuit\art_src\characters\rook\fast_pipeline\motion\candidate_rook_c02_v16_two_bone_overlap_walk\blender_frames\NE\move\16.png'
00:39.953  render           | Saved: 'D:\AI 종합 폴더\Games\Sable-circuit\art_src\characters\rook\fast_pipeline\motion\candidate_rook_c02_v16_two_bone_overlap_walk\blender_frames\NE\move\17.png'
00:40.109  render           | Saved: 'D:\AI 종합 폴더\Games\Sable-circuit\art_src\characters\rook\fast_pipeline\motion\candidate_rook_c02_v16_two_bone_overlap_walk\blender_frames\NE\move\18.png'
00:40.234  render           | Saved: 'D:\AI 종합 폴더\Games\Sable-circuit\art_src\characters\rook\fast_pipeline\motion\candidate_rook_c02_v16_two_bone_overlap_walk\blender_frames\NE\move\19.png'
00:40.375  render           | Saved: 'D:\AI 종합 폴더\Games\Sable-circuit\art_src\characters\rook\fast_pipeline\motion\candidate_rook_c02_v16_two_bone_overlap_walk\blender_frames\NE\move\20.png'
00:40.500  render           | Saved: 'D:\AI 종합 폴더\Games\Sable-circuit\art_src\characters\rook\fast_pipeline\motion\candidate_rook_c02_v16_two_bone_overlap_walk\blender_frames\NE\move\21.png'
00:40.625  render           | Saved: 'D:\AI 종합 폴더\Games\Sable-circuit\art_src\characters\rook\fast_pipeline\motion\candidate_rook_c02_v16_two_bone_overlap_walk\blender_frames\NE\move\22.png'
00:40.750  render           | Saved: 'D:\AI 종합 폴더\Games\Sable-circuit\art_src\characters\rook\fast_pipeline\motion\candidate_rook_c02_v16_two_bone_overlap_walk\blender_frames\NE\move\23.png'
00:40.875  render           | Saved: 'D:\AI 종합 폴더\Games\Sable-circuit\art_src\characters\rook\fast_pipeline\motion\candidate_rook_c02_v16_two_bone_overlap_walk\blender_frames\NE\fire\00.png'
00:41.000  render           | Saved: 'D:\AI 종합 폴더\Games\Sable-circuit\art_src\characters\rook\fast_pipeline\motion\candidate_rook_c02_v16_two_bone_overlap_walk\blender_frames\NE\fire\01.png'
00:41.109  render           | Saved: 'D:\AI 종합 폴더\Games\Sable-circuit\art_src\characters\rook\fast_pipeline\motion\candidate_rook_c02_v16_two_bone_overlap_walk\blender_frames\NE\fire\02.png'
00:41.234  render           | Saved: 'D:\AI 종합 폴더\Games\Sable-circuit\art_src\characters\rook\fast_pipeline\motion\candidate_rook_c02_v16_two_bone_overlap_walk\blender_frames\NE\fire\03.png'
00:41.359  render           | Saved: 'D:\AI 종합 폴더\Games\Sable-circuit\art_src\characters\rook\fast_pipeline\motion\candidate_rook_c02_v16_two_bone_overlap_walk\blender_frames\NE\fire\04.png'
00:41.484  render           | Saved: 'D:\AI 종합 폴더\Games\Sable-circuit\art_src\characters\rook\fast_pipeline\motion\candidate_rook_c02_v16_two_bone_overlap_walk\blender_frames\NE\fire\05.png'
Blender 5.2.1 LTS (hash 9e2066aef7ef built 2026-08-25 02:38:20)
Info: Saved as "ROOK_C02_FAST_UAL_V1.blend"
ROOK_FAST_BLENDER_UAL_RENDER_PASS={"candidate": "art_src/characters/rook/fast_pipeline/motion/candidate_rook_c02_v16_two_bone_overlap_walk", "frames": 272, "manifest": "art_src/characters/rook/fast_pipeline/motion/candidate_rook_c02_v16_two_bone_overlap_walk/ROOK_C02_BLENDER_UAL_RENDER_MANIFEST.json"}
