21:26:15 | INFO: Data are loaded, start creating Blender stuff
21:26:17 | INFO: glTF import finished in 1.63s
ACTION [('A_TPose', [0.0, 60.0]), ('Crouch_Fwd_Loop', [0.0, 48.0]), ('Crouch_Idle_Loop', [0.0, 70.4000015258789]), ('Dance_Loop', [0.0, 24.0]), ('Death01', [0.0, 57.60000228881836]), ('Driving_Loop', [0.0, 40.0]), ('Fixing_Kneeling', [0.0, 124.79999542236328]), ('Hit_Chest', [0.0, 8.0]), ('Hit_Head', [0.0, 10.399999618530273]), ('Idle_Loop', [0.0, 60.0]), ('Idle_Talking_Loop', [0.0, 70.4000015258789]), ('Idle_Torch_Loop', [0.0, 30.399999618530273]), ('Interact', [0.0, 48.0]), ('Jog_Fwd_Loop', [0.0, 22.399999618530273]), ('Jump_Land', [0.0, 30.399999618530273]), ('Jump_Loop', [0.0, 60.0]), ('Jump_Start', [0.0, 32.0]), ('PickUp_Table', [0.0, 20.0]), ('Pistol_Aim_Down', [0.0, 4.0]), ('Pistol_Aim_Neutral', [0.0, 4.0]), ('Pistol_Aim_Up', [0.0, 4.0]), ('Pistol_Idle_Loop', [0.0, 40.0]), ('Pistol_Reload', [0.0, 40.0]), ('Pistol_Shoot', [0.0, 15.199999809265137]), ('Punch_Cross', [0.0, 24.0]), ('Punch_Jab', [0.0, 20.799999237060547]), ('Push_Loop', [0.0, 64.0]), ('Roll', [0.0, 35.20000076293945]), ('Sitting_Enter', [0.0, 31.19999885559082]), ('Sitting_Exit', [0.0, 24.799999237060547]), ('Sitting_Idle_Loop', [0.0, 40.0]), ('Sitting_Talking_Loop', [0.0, 70.4000015258789]), ('Spell_Simple_Enter', [0.0, 12.80000114440918]), ('Spell_Simple_Exit', [0.0, 10.399999618530273]), ('Spell_Simple_Idle_Loop', [0.0, 50.39999771118164]), ('Spell_Simple_Shoot', [0.0, 12.0]), ('Sprint_Loop', [0.0, 16.0]), ('Swim_Fwd_Loop', [0.0, 32.0]), ('Swim_Idle_Loop', [0.0, 80.0]), ('Sword_Attack', [0.0, 36.79999923706055]), ('Sword_Idle', [0.0, 40.0]), ('Walk_Formal_Loop', [0.0, 32.0]), ('Walk_Loop', [0.0, 32.0])]
REST [('pelvis', [0.0, 0.05010002851486206, 0.916700005531311]), ('Head', [0.0, -0.005099782720208168, 1.5687003135681152]), ('thigh_l', [0.08899997919797897, -0.0013999640941619873, 0.9321000576019287]), ('calf_l', [0.08899998664855957, 0.0013999845832586288, 0.5318001508712769]), ('foot_l', [0.08899997174739838, 0.03579995408654213, 0.10370010137557983]), ('ball_l', [0.08899999409914017, -0.11320007592439651, 0.015200069174170494]), ('hand_r', [-0.7388997673988342, 0.06540004163980484, 1.440800428390503]), ('hand_l', [0.7389000058174133, 0.06540010124444962, 1.440800666809082])]
00:03.907  render           | Saved: 'D:\AI 종합 폴더\Games\Sable-circuit\motion_lab_v1\reference\ual_guides\E_Walk_Loop_0.png'
00:04.063  render           | Saved: 'D:\AI 종합 폴더\Games\Sable-circuit\motion_lab_v1\reference\ual_guides\E_Walk_Loop_1.png'
00:04.203  render           | Saved: 'D:\AI 종합 폴더\Games\Sable-circuit\motion_lab_v1\reference\ual_guides\E_Walk_Loop_2.png'
00:04.360  render           | Saved: 'D:\AI 종합 폴더\Games\Sable-circuit\motion_lab_v1\reference\ual_guides\E_Walk_Loop_3.png'
00:04.516  render           | Saved: 'D:\AI 종합 폴더\Games\Sable-circuit\motion_lab_v1\reference\ual_guides\E_Walk_Loop_4.png'
00:04.672  render           | Saved: 'D:\AI 종합 폴더\Games\Sable-circuit\motion_lab_v1\reference\ual_guides\E_Walk_Loop_5.png'
00:04.828  render           | Saved: 'D:\AI 종합 폴더\Games\Sable-circuit\motion_lab_v1\reference\ual_guides\SE_Walk_Loop_0.png'
00:04.985  render           | Saved: 'D:\AI 종합 폴더\Games\Sable-circuit\motion_lab_v1\reference\ual_guides\SE_Walk_Loop_1.png'
00:05.141  render           | Saved: 'D:\AI 종합 폴더\Games\Sable-circuit\motion_lab_v1\reference\ual_guides\SE_Walk_Loop_2.png'
00:05.297  render           | Saved: 'D:\AI 종합 폴더\Games\Sable-circuit\motion_lab_v1\reference\ual_guides\SE_Walk_Loop_3.png'
00:05.438  render           | Saved: 'D:\AI 종합 폴더\Games\Sable-circuit\motion_lab_v1\reference\ual_guides\SE_Walk_Loop_4.png'
00:05.610  render           | Saved: 'D:\AI 종합 폴더\Games\Sable-circuit\motion_lab_v1\reference\ual_guides\SE_Walk_Loop_5.png'
00:05.766  render           | Saved: 'D:\AI 종합 폴더\Games\Sable-circuit\motion_lab_v1\reference\ual_guides\S_Walk_Loop_0.png'
00:05.938  render           | Saved: 'D:\AI 종합 폴더\Games\Sable-circuit\motion_lab_v1\reference\ual_guides\S_Walk_Loop_1.png'
00:06.125  render           | Saved: 'D:\AI 종합 폴더\Games\Sable-circuit\motion_lab_v1\reference\ual_guides\S_Walk_Loop_2.png'
00:06.282  render           | Saved: 'D:\AI 종합 폴더\Games\Sable-circuit\motion_lab_v1\reference\ual_guides\S_Walk_Loop_3.png'
00:06.438  render           | Saved: 'D:\AI 종합 폴더\Games\Sable-circuit\motion_lab_v1\reference\ual_guides\S_Walk_Loop_4.png'
00:06.610  render           | Saved: 'D:\AI 종합 폴더\Games\Sable-circuit\motion_lab_v1\reference\ual_guides\S_Walk_Loop_5.png'
00:06.782  render           | Saved: 'D:\AI 종합 폴더\Games\Sable-circuit\motion_lab_v1\reference\ual_guides\SW_Walk_Loop_0.png'
00:06.953  render           | Saved: 'D:\AI 종합 폴더\Games\Sable-circuit\motion_lab_v1\reference\ual_guides\SW_Walk_Loop_1.png'
00:07.125  render           | Saved: 'D:\AI 종합 폴더\Games\Sable-circuit\motion_lab_v1\reference\ual_guides\SW_Walk_Loop_2.png'
00:07.282  render           | Saved: 'D:\AI 종합 폴더\Games\Sable-circuit\motion_lab_v1\reference\ual_guides\SW_Walk_Loop_3.png'
00:07.453  render           | Saved: 'D:\AI 종합 폴더\Games\Sable-circuit\motion_lab_v1\reference\ual_guides\SW_Walk_Loop_4.png'
00:07.625  render           | Saved: 'D:\AI 종합 폴더\Games\Sable-circuit\motion_lab_v1\reference\ual_guides\SW_Walk_Loop_5.png'
00:07.797  render           | Saved: 'D:\AI 종합 폴더\Games\Sable-circuit\motion_lab_v1\reference\ual_guides\W_Walk_Loop_0.png'
00:07.969  render           | Saved: 'D:\AI 종합 폴더\Games\Sable-circuit\motion_lab_v1\reference\ual_guides\W_Walk_Loop_1.png'
00:08.157  render           | Saved: 'D:\AI 종합 폴더\Games\Sable-circuit\motion_lab_v1\reference\ual_guides\W_Walk_Loop_2.png'
00:08.328  render           | Saved: 'D:\AI 종합 폴더\Games\Sable-circuit\motion_lab_v1\reference\ual_guides\W_Walk_Loop_3.png'
00:08.500  render           | Saved: 'D:\AI 종합 폴더\Games\Sable-circuit\motion_lab_v1\reference\ual_guides\W_Walk_Loop_4.png'
00:08.672  render           | Saved: 'D:\AI 종합 폴더\Games\Sable-circuit\motion_lab_v1\reference\ual_guides\W_Walk_Loop_5.png'
00:08.860  render           | Saved: 'D:\AI 종합 폴더\Games\Sable-circuit\motion_lab_v1\reference\ual_guides\NW_Walk_Loop_0.png'
00:09.047  render           | Saved: 'D:\AI 종합 폴더\Games\Sable-circuit\motion_lab_v1\reference\ual_guides\NW_Walk_Loop_1.png'
00:09.235  render           | Saved: 'D:\AI 종합 폴더\Games\Sable-circuit\motion_lab_v1\reference\ual_guides\NW_Walk_Loop_2.png'
00:09.453  render           | Saved: 'D:\AI 종합 폴더\Games\Sable-circuit\motion_lab_v1\reference\ual_guides\NW_Walk_Loop_3.png'
00:09.672  render           | Saved: 'D:\AI 종합 폴더\Games\Sable-circuit\motion_lab_v1\reference\ual_guides\NW_Walk_Loop_4.png'
00:09.922  render           | Saved: 'D:\AI 종합 폴더\Games\Sable-circuit\motion_lab_v1\reference\ual_guides\NW_Walk_Loop_5.png'
00:10.188  render           | Saved: 'D:\AI 종합 폴더\Games\Sable-circuit\motion_lab_v1\reference\ual_guides\N_Walk_Loop_0.png'
00:10.360  render           | Saved: 'D:\AI 종합 폴더\Games\Sable-circuit\motion_lab_v1\reference\ual_guides\N_Walk_Loop_1.png'
00:10.532  render           | Saved: 'D:\AI 종합 폴더\Games\Sable-circuit\motion_lab_v1\reference\ual_guides\N_Walk_Loop_2.png'
00:10.703  render           | Saved: 'D:\AI 종합 폴더\Games\Sable-circuit\motion_lab_v1\reference\ual_guides\N_Walk_Loop_3.png'
00:10.875  render           | Saved: 'D:\AI 종합 폴더\Games\Sable-circuit\motion_lab_v1\reference\ual_guides\N_Walk_Loop_4.png'
00:11.047  render           | Saved: 'D:\AI 종합 폴더\Games\Sable-circuit\motion_lab_v1\reference\ual_guides\N_Walk_Loop_5.png'
00:11.203  render           | Saved: 'D:\AI 종합 폴더\Games\Sable-circuit\motion_lab_v1\reference\ual_guides\NE_Walk_Loop_0.png'
00:11.375  render           | Saved: 'D:\AI 종합 폴더\Games\Sable-circuit\motion_lab_v1\reference\ual_guides\NE_Walk_Loop_1.png'
00:11.547  render           | Saved: 'D:\AI 종합 폴더\Games\Sable-circuit\motion_lab_v1\reference\ual_guides\NE_Walk_Loop_2.png'
00:11.719  render           | Saved: 'D:\AI 종합 폴더\Games\Sable-circuit\motion_lab_v1\reference\ual_guides\NE_Walk_Loop_3.png'
00:11.875  render           | Saved: 'D:\AI 종합 폴더\Games\Sable-circuit\motion_lab_v1\reference\ual_guides\NE_Walk_Loop_4.png'
00:12.078  render           | Saved: 'D:\AI 종합 폴더\Games\Sable-circuit\motion_lab_v1\reference\ual_guides\NE_Walk_Loop_5.png'
00:12.219  render           | Saved: 'D:\AI 종합 폴더\Games\Sable-circuit\motion_lab_v1\reference\ual_guides\E_Jog_Fwd_Loop_0.png'
00:12.375  render           | Saved: 'D:\AI 종합 폴더\Games\Sable-circuit\motion_lab_v1\reference\ual_guides\E_Jog_Fwd_Loop_1.png'
00:12.532  render           | Saved: 'D:\AI 종합 폴더\Games\Sable-circuit\motion_lab_v1\reference\ual_guides\E_Jog_Fwd_Loop_2.png'
00:12.688  render           | Saved: 'D:\AI 종합 폴더\Games\Sable-circuit\motion_lab_v1\reference\ual_guides\E_Jog_Fwd_Loop_3.png'
00:12.860  render           | Saved: 'D:\AI 종합 폴더\Games\Sable-circuit\motion_lab_v1\reference\ual_guides\E_Jog_Fwd_Loop_4.png'
00:13.047  render           | Saved: 'D:\AI 종합 폴더\Games\Sable-circuit\motion_lab_v1\reference\ual_guides\E_Jog_Fwd_Loop_5.png'
00:13.203  render           | Saved: 'D:\AI 종합 폴더\Games\Sable-circuit\motion_lab_v1\reference\ual_guides\SE_Jog_Fwd_Loop_0.png'
00:13.375  render           | Saved: 'D:\AI 종합 폴더\Games\Sable-circuit\motion_lab_v1\reference\ual_guides\SE_Jog_Fwd_Loop_1.png'
00:13.547  render           | Saved: 'D:\AI 종합 폴더\Games\Sable-circuit\motion_lab_v1\reference\ual_guides\SE_Jog_Fwd_Loop_2.png'
00:13.703  render           | Saved: 'D:\AI 종합 폴더\Games\Sable-circuit\motion_lab_v1\reference\ual_guides\SE_Jog_Fwd_Loop_3.png'
00:13.875  render           | Saved: 'D:\AI 종합 폴더\Games\Sable-circuit\motion_lab_v1\reference\ual_guides\SE_Jog_Fwd_Loop_4.png'
00:14.047  render           | Saved: 'D:\AI 종합 폴더\Games\Sable-circuit\motion_lab_v1\reference\ual_guides\SE_Jog_Fwd_Loop_5.png'
00:14.219  render           | Saved: 'D:\AI 종합 폴더\Games\Sable-circuit\motion_lab_v1\reference\ual_guides\S_Jog_Fwd_Loop_0.png'
00:14.375  render           | Saved: 'D:\AI 종합 폴더\Games\Sable-circuit\motion_lab_v1\reference\ual_guides\S_Jog_Fwd_Loop_1.png'
00:14.547  render           | Saved: 'D:\AI 종합 폴더\Games\Sable-circuit\motion_lab_v1\reference\ual_guides\S_Jog_Fwd_Loop_2.png'
00:14.703  render           | Saved: 'D:\AI 종합 폴더\Games\Sable-circuit\motion_lab_v1\reference\ual_guides\S_Jog_Fwd_Loop_3.png'
00:14.875  render           | Saved: 'D:\AI 종합 폴더\Games\Sable-circuit\motion_lab_v1\reference\ual_guides\S_Jog_Fwd_Loop_4.png'
00:15.047  render           | Saved: 'D:\AI 종합 폴더\Games\Sable-circuit\motion_lab_v1\reference\ual_guides\S_Jog_Fwd_Loop_5.png'
00:15.219  render           | Saved: 'D:\AI 종합 폴더\Games\Sable-circuit\motion_lab_v1\reference\ual_guides\SW_Jog_Fwd_Loop_0.png'
00:15.391  render           | Saved: 'D:\AI 종합 폴더\Games\Sable-circuit\motion_lab_v1\reference\ual_guides\SW_Jog_Fwd_Loop_1.png'
00:15.563  render           | Saved: 'D:\AI 종합 폴더\Games\Sable-circuit\motion_lab_v1\reference\ual_guides\SW_Jog_Fwd_Loop_2.png'
00:15.735  render           | Saved: 'D:\AI 종합 폴더\Games\Sable-circuit\motion_lab_v1\reference\ual_guides\SW_Jog_Fwd_Loop_3.png'
00:15.922  render           | Saved: 'D:\AI 종합 폴더\Games\Sable-circuit\motion_lab_v1\reference\ual_guides\SW_Jog_Fwd_Loop_4.png'
00:16.094  render           | Saved: 'D:\AI 종합 폴더\Games\Sable-circuit\motion_lab_v1\reference\ual_guides\SW_Jog_Fwd_Loop_5.png'
00:16.266  render           | Saved: 'D:\AI 종합 폴더\Games\Sable-circuit\motion_lab_v1\reference\ual_guides\W_Jog_Fwd_Loop_0.png'
00:16.438  render           | Saved: 'D:\AI 종합 폴더\Games\Sable-circuit\motion_lab_v1\reference\ual_guides\W_Jog_Fwd_Loop_1.png'
00:16.610  render           | Saved: 'D:\AI 종합 폴더\Games\Sable-circuit\motion_lab_v1\reference\ual_guides\W_Jog_Fwd_Loop_2.png'
00:16.782  render           | Saved: 'D:\AI 종합 폴더\Games\Sable-circuit\motion_lab_v1\reference\ual_guides\W_Jog_Fwd_Loop_3.png'
00:16.953  render           | Saved: 'D:\AI 종합 폴더\Games\Sable-circuit\motion_lab_v1\reference\ual_guides\W_Jog_Fwd_Loop_4.png'
00:17.141  render           | Saved: 'D:\AI 종합 폴더\Games\Sable-circuit\motion_lab_v1\reference\ual_guides\W_Jog_Fwd_Loop_5.png'
00:17.313  render           | Saved: 'D:\AI 종합 폴더\Games\Sable-circuit\motion_lab_v1\reference\ual_guides\NW_Jog_Fwd_Loop_0.png'
00:17.485  render           | Saved: 'D:\AI 종합 폴더\Games\Sable-circuit\motion_lab_v1\reference\ual_guides\NW_Jog_Fwd_Loop_1.png'
00:17.657  render           | Saved: 'D:\AI 종합 폴더\Games\Sable-circuit\motion_lab_v1\reference\ual_guides\NW_Jog_Fwd_Loop_2.png'
00:17.844  render           | Saved: 'D:\AI 종합 폴더\Games\Sable-circuit\motion_lab_v1\reference\ual_guides\NW_Jog_Fwd_Loop_3.png'
00:18.000  render           | Saved: 'D:\AI 종합 폴더\Games\Sable-circuit\motion_lab_v1\reference\ual_guides\NW_Jog_Fwd_Loop_4.png'
00:18.188  render           | Saved: 'D:\AI 종합 폴더\Games\Sable-circuit\motion_lab_v1\reference\ual_guides\NW_Jog_Fwd_Loop_5.png'
00:18.360  render           | Saved: 'D:\AI 종합 폴더\Games\Sable-circuit\motion_lab_v1\reference\ual_guides\N_Jog_Fwd_Loop_0.png'
00:18.547  render           | Saved: 'D:\AI 종합 폴더\Games\Sable-circuit\motion_lab_v1\reference\ual_guides\N_Jog_Fwd_Loop_1.png'
00:18.719  render           | Saved: 'D:\AI 종합 폴더\Games\Sable-circuit\motion_lab_v1\reference\ual_guides\N_Jog_Fwd_Loop_2.png'
00:18.922  render           | Saved: 'D:\AI 종합 폴더\Games\Sable-circuit\motion_lab_v1\reference\ual_guides\N_Jog_Fwd_Loop_3.png'
00:19.110  render           | Saved: 'D:\AI 종합 폴더\Games\Sable-circuit\motion_lab_v1\reference\ual_guides\N_Jog_Fwd_Loop_4.png'
00:19.282  render           | Saved: 'D:\AI 종합 폴더\Games\Sable-circuit\motion_lab_v1\reference\ual_guides\N_Jog_Fwd_Loop_5.png'
00:19.453  render           | Saved: 'D:\AI 종합 폴더\Games\Sable-circuit\motion_lab_v1\reference\ual_guides\NE_Jog_Fwd_Loop_0.png'
00:19.641  render           | Saved: 'D:\AI 종합 폴더\Games\Sable-circuit\motion_lab_v1\reference\ual_guides\NE_Jog_Fwd_Loop_1.png'
00:19.828  render           | Saved: 'D:\AI 종합 폴더\Games\Sable-circuit\motion_lab_v1\reference\ual_guides\NE_Jog_Fwd_Loop_2.png'
00:20.016  render           | Saved: 'D:\AI 종합 폴더\Games\Sable-circuit\motion_lab_v1\reference\ual_guides\NE_Jog_Fwd_Loop_3.png'
00:20.188  render           | Saved: 'D:\AI 종합 폴더\Games\Sable-circuit\motion_lab_v1\reference\ual_guides\NE_Jog_Fwd_Loop_4.png'
00:20.360  render           | Saved: 'D:\AI 종합 폴더\Games\Sable-circuit\motion_lab_v1\reference\ual_guides\NE_Jog_Fwd_Loop_5.png'
Info: Saved as "guide_scene.blend"
Blender 5.2.1 LTS (hash 9e2066aef7ef built 2026-08-25 02:38:20)

Blender quit
