✔ An authored profile ignores leftover character-specific fire and leg-warp bundles (2.1288ms)
✔ Shared authored route keeps identical leg phases with and without fire (0.6206ms)
✔ Authored contact timing holds planted steps while preserving phase order (0.4034ms)
✔ Shared recoil transform cannot move support feet (0.6421ms)
✔ Full-body walk AND run select all six phases, never recoil recovery frame 5 (1.8206ms)
✔ Locomotion is distance phase driven, not wall-clock or firing cadence (0.2333ms)
✔ Live Actor → full-body renderer traverses walk/run cycles at 30/60/120 Hz (14.3783ms)
✔ A cursor between the character and illustrated muzzle cannot make a bullet fly behind the facing (3.2697ms)
✔ Turning throughout held moving fire keeps every projectile and rendered facing on one aim at 30/60/120 Hz (29.307ms)
✔ A fresh movement chord can take aim during held mouse fire and the next mouse move can take it back (0.7406ms)
✔ An exactly centred cursor retains the previous aim instead of forcing east (0.2294ms)
✔ One muzzle-aware solution preserves actual cursor hits and body/shot alignment throughout a turn (4.4377ms)
✔ A target inside weapon reach cannot turn only the bullet backwards (0.5791ms)
✔ Rapid aim commits without advancing gait, recoil, ammo or cooldown; old projectiles do not home (0.751ms)
✔ 30/60/120 Hz rapid reversals use the latest sample at the first eligible shot without changing cadence (11.2264ms)
✔ All four WASD diagonals work in either press order, with Korean/English/Shift/IME event values (7.5082ms)
✔ Arrow key pairs drive all four diagonals through the same actor (0.3104ms)
✔ Releasing one key returns to the remaining direction; opposite-key and alias chords do not stick (0.2609ms)
✔ A new movement chord takes facing from an idle pointer, but key repeat does not cancel active mouse aim (0.2063ms)
✔ Shift and Space continue to work with diagonal motion and independent mouse firing (0.4824ms)
✔ Settings controls allow WASD without swallowing text editing or native slider/checkbox keys (0.3242ms)
✔ Keyboard movement, reload, and fire all clear on focus loss (0.2061ms)
✔ A click shorter than one render frame fires once without a held button (3.5599ms)
✔ All eight movement directions and all eight independent firing facings, at three display rates (27.2704ms)
✔ Diagonal keys do not create a speed advantage (0.7178ms)
✔ Stop, resume and speed switch retain a valid continuous locomotion phase (1.2343ms)
✔ Held fire consumes ammunition, automatically reloads, and remains rate independent (3.7611ms)
✔ Reload prevents shots and restores the magazine only when complete (0.621ms)
✔ Obstacles and world bounds constrain actual position (2.8327ms)
✔ Swept projectile collision catches thin targets between ticks (0.3679ms)
ℹ tests 30
ℹ suites 0
ℹ pass 30
ℹ fail 0
ℹ cancelled 0
ℹ skipped 0
ℹ todo 0
ℹ duration_ms 175.1537

