✔ A cursor between the character and illustrated muzzle cannot make a bullet fly behind the facing (2.0966ms)
✔ Turning throughout held moving fire keeps every projectile and rendered facing on one aim at 30/60/120 Hz (19.0177ms)
✔ A fresh movement chord can take aim during held mouse fire and the next mouse move can take it back (0.5143ms)
✔ An exactly centred cursor retains the previous aim instead of forcing east (0.173ms)
✔ One muzzle-aware solution preserves actual cursor hits and body/shot alignment throughout a turn (3.0062ms)
✔ A target inside weapon reach cannot turn only the bullet backwards (0.3662ms)
✔ All four WASD diagonals work in either press order, with Korean/English/Shift/IME event values (4.6385ms)
✔ Arrow key pairs drive all four diagonals through the same actor (0.2311ms)
✔ Releasing one key returns to the remaining direction; opposite-key and alias chords do not stick (0.2163ms)
✔ A new movement chord takes facing from an idle pointer, but key repeat does not cancel active mouse aim (0.184ms)
✔ Shift and Space continue to work with diagonal motion and independent mouse firing (0.4017ms)
✔ Settings controls allow WASD without swallowing text editing or native slider/checkbox keys (0.3207ms)
✔ Keyboard movement, reload, and fire all clear on focus loss (0.565ms)
✔ A click shorter than one render frame fires once without a held button (2.4354ms)
✔ All eight movement directions and all eight independent firing facings, at three display rates (17.3539ms)
✔ Diagonal keys do not create a speed advantage (0.3668ms)
✔ Stop, resume and speed switch retain a valid continuous locomotion phase (1.096ms)
✔ Held fire consumes ammunition, automatically reloads, and remains rate independent (3.3868ms)
✔ Reload prevents shots and restores the magazine only when complete (0.3167ms)
✔ Obstacles and world bounds constrain actual position (1.5488ms)
✔ Swept projectile collision catches thin targets between ticks (0.2185ms)
ℹ tests 21
ℹ suites 0
ℹ pass 21
ℹ fail 0
ℹ cancelled 0
ℹ skipped 0
ℹ todo 0
ℹ duration_ms 118.3971

