✔ An authored profile ignores leftover character-specific fire and leg-warp bundles (2.1636ms)
✔ Shared authored route keeps identical leg phases with and without fire (0.678ms)
✔ Authored contact timing holds planted steps while preserving phase order (0.5399ms)
✔ Shared recoil transform cannot move support feet (0.8379ms)
✔ Full-body walk AND run select all six phases, never recoil recovery frame 5 (2.379ms)
✔ Locomotion is distance phase driven, not wall-clock or firing cadence (0.3394ms)
✔ Live Actor → full-body renderer traverses walk/run cycles at 30/60/120 Hz (26.0238ms)
✔ A cursor between the character and illustrated muzzle cannot make a bullet fly behind the facing (7.3092ms)
✔ Turning throughout held moving fire keeps every projectile and rendered facing on one aim at 30/60/120 Hz (43.6283ms)
✔ A fresh movement chord can take aim during held mouse fire and the next mouse move can take it back (0.931ms)
✔ An exactly centred cursor retains the previous aim instead of forcing east (0.2461ms)
✔ One muzzle-aware solution preserves actual cursor hits and body/shot alignment throughout a turn (4.6578ms)
✔ A target inside weapon reach cannot turn only the bullet backwards (0.4538ms)
✔ All four WASD diagonals work in either press order, with Korean/English/Shift/IME event values (14.5767ms)
✔ Arrow key pairs drive all four diagonals through the same actor (0.3711ms)
✔ Releasing one key returns to the remaining direction; opposite-key and alias chords do not stick (0.3586ms)
✔ A new movement chord takes facing from an idle pointer, but key repeat does not cancel active mouse aim (0.2322ms)
✔ Shift and Space continue to work with diagonal motion and independent mouse firing (0.4743ms)
✔ Settings controls allow WASD without swallowing text editing or native slider/checkbox keys (0.8154ms)
✔ Keyboard movement, reload, and fire all clear on focus loss (0.2448ms)
✔ A click shorter than one render frame fires once without a held button (5.9489ms)
✔ All eight movement directions and all eight independent firing facings, at three display rates (38.1261ms)
✔ Diagonal keys do not create a speed advantage (0.873ms)
✔ Stop, resume and speed switch retain a valid continuous locomotion phase (1.6889ms)
✔ Held fire consumes ammunition, automatically reloads, and remains rate independent (4.7498ms)
✔ Reload prevents shots and restores the magazine only when complete (0.5859ms)
✔ Obstacles and world bounds constrain actual position (4.0157ms)
✔ Swept projectile collision catches thin targets between ticks (0.4544ms)
ℹ tests 28
ℹ suites 0
ℹ pass 28
ℹ fail 0
ℹ cancelled 0
ℹ skipped 0
ℹ todo 0
ℹ duration_ms 290.8545

