Godot Engine v4.7.1.stable.official.a13da4feb - https://godotengine.org
OpenGL API 3.3.0 NVIDIA 591.86 - Compatibility - Using Device: NVIDIA - NVIDIA GeForce RTX 4070 SUPER

Movie Maker mode enabled, recording movie in 1280×720 @ 60 FPS...
M7_RASTER_QUARANTINED identity=aster status=partial chunks=2 encoded=20000 present=15000 declared=94718
STAGE_CAPTURE_FRAME MIS_CH01_04 0/600
STAGE_CAPTURE_FRAME MIS_CH01_04 120/600
STAGE_CAPTURE_FRAME MIS_CH01_04 240/600
STAGE_CAPTURE_FRAME MIS_CH01_04 360/600
STAGE_CAPTURE_FRAME MIS_CH01_04 480/600
STAGE_BATTLE_VIDEO_CAPTURE_COMPLETE mission=MIS_CH01_04 shots=146 seen=["ENM_SITE7_BULWARK_01", "ENM_SITE7_PRISM_01", "ENM_SITE7_RAM_01", "ENM_SITE7_MORTAR_01"]
--------------------------------------------------------------------------------
Done recording movie at path: D:\AI 종합 폴더\Games\Sable-circuit\qa\enemy_cover_repair_20260919\video_061018\stage4\native_mix.avi
610 frames at 60 FPS (movie length: 00:00:10:10), recorded in 00:00:37 (27% of real-time speed).
CPU render time: 0.95 seconds (average: 1.56 ms/frame)
GPU render time: 1.03 seconds (average: 1.69 ms/frame)
Encoding time: 6.87 seconds (average: 11.26 ms/frame)
--------------------------------------------------------------------------------
WARNING: 11 ObjectDB instances were leaked at exit (run with `--verbose` for details).
   at: cleanup (core/object/object.cpp:2536)
ERROR: 5 resources still in use at exit (run with --verbose for details).
   at: clear (core/io/resource.cpp:822)
