Godot Engine v4.7.1.stable.official.a13da4feb - https://godotengine.org

[   0% ] [90m[1mfirst_scan_filesystem[22m | Started 프로젝트 초기화 (5 steps)[39m[0m
[   0% ] [90m[1mfirst_scan_filesystem[22m | 파일 구조 스캔 중...[39m[0m
[  16% ] [90m[1mfirst_scan_filesystem[22m | 전역 클래스 이름을 불러오는 중...[39m[0m
[  33% ] [90m[1mfirst_scan_filesystem[22m | GDExtensions 검증 중...[39m[0m
[  50% ] [90m[1mfirst_scan_filesystem[22m | 오토로드 스크립트를 만드는 중...[39m[0m
[  66% ] [90m[1mfirst_scan_filesystem[22m | 플러그인을 초기화 중...[39m[0m
[  83% ] [90m[1mfirst_scan_filesystem[22m | 파일 스캔 시작 중...[39m[0m
[92m[ DONE ][39m [1mfirst_scan_filesystem[22m
[0m
[   0% ] [90m[1mupdate_scripts_classes[22m | Started 전역 클래스를 등록하는 중... (3 steps)[39m[0m
[   0% ] [90m[1mupdate_scripts_classes[22m | [39m[0m
[  25% ] [90m[1mupdate_scripts_classes[22m | [39m[0m
[  50% ] [90m[1mupdate_scripts_classes[22m | Site7RoomArtLayer[39m[0m
[92m[ DONE ][39m [1mupdate_scripts_classes[22m
[0m
[   0% ] [90m[1m_update_scan_actions[22m | Started 액션 스캔 중... (649 steps)[39m[0m
[   0% ] [90m[1m_update_scan_actions[22m | E.png[39m[0m
[   0% ] [90m[1m_update_scan_actions[22m | E.web.webp[39m[0m
[   0% ] [90m[1m_update_scan_actions[22m | N.png[39m[0m
[   0% ] [90m[1m_update_scan_actions[22m | N.web.webp[39m[0m
[   0% ] [90m[1m_update_scan_actions[22m | NE.png[39m[0m
[   0% ] [90m[1m_update_scan_actions[22m | NE.web.webp[39m[0m
[   0% ] [90m[1m_update_scan_actions[22m | NW.png[39m[0m
[   1% ] [90m[1m_update_scan_actions[22m | NW.web.webp[39m[0m
[   1% ] [90m[1m_update_scan_actions[22m | S.png[39m[0m
[   1% ] [90m[1m_update_scan_actions[22m | S.web.webp[39m[0m
[   1% ] [90m[1m_update_scan_actions[22m | SE.png[39m[0m
[   1% ] [90m[1m_update_scan_actions[22m | SE.web.webp[39m[0m
[   1% ] [90m[1m_update_scan_actions[22m | SW.png[39m[0m
[   2% ] [90m[1m_update_scan_actions[22m | SW.web.webp[39m[0m
[   2% ] [90m[1m_update_scan_actions[22m | W.png[39m[0m
[   2% ] [90m[1m_update_scan_actions[22m | W.web.webp[39m[0m
[   2% ] [90m[1m_update_scan_actions[22m | E.png[39m[0m
[   2% ] [90m[1m_update_scan_actions[22m | E.web.webp[39m[0m
[   2% ] [90m[1m_update_scan_actions[22m | N.png[39m[0m
[   2% ] [90m[1m_update_scan_actions[22m | N.web.webp[39m[0m
[   3% ] [90m[1m_update_scan_actions[22m | NE.png[39m[0m
[   3% ] [90m[1m_update_scan_actions[22m | NE.web.webp[39m[0m
[   3% ] [90m[1m_update_scan_actions[22m | NW.png[39m[0m
[   3% ] [90m[1m_update_scan_actions[22m | NW.web.webp[39m[0m
[   3% ] [90m[1m_update_scan_actions[22m | S.png[39m[0m
[   3% ] [90m[1m_update_scan_actions[22m | S.web.webp[39m[0m
[   4% ] [90m[1m_update_scan_actions[22m | SE.png[39m[0m
[   4% ] [90m[1m_update_scan_actions[22m | SE.web.webp[39m[0m
[   4% ] [90m[1m_update_scan_actions[22m | SW.png[39m[0m
[   4% ] [90m[1m_update_scan_actions[22m | SW.web.webp[39m[0m
[   4% ] [90m[1m_update_scan_actions[22m | W.png[39m[0m
[   4% ] [90m[1m_update_scan_actions[22m | W.web.webp[39m[0m
[   4% ] [90m[1m_update_scan_actions[22m | NULL_PYLON.png[39m[0m
[   5% ] [90m[1m_update_scan_actions[22m | NULL_PYLON.web.webp[39m[0m
[   5% ] [90m[1m_update_scan_actions[22m | E.png[39m[0m
[   5% ] [90m[1m_update_scan_actions[22m | E.web.webp[39m[0m
[   5% ] [90m[1m_update_scan_actions[22m | N.png[39m[0m
[   5% ] [90m[1m_update_scan_actions[22m | N.web.webp[39m[0m
[   5% ] [90m[1m_update_scan_actions[22m | NE.png[39m[0m
[   6% ] [90m[1m_update_scan_actions[22m | NE.web.webp[39m[0m
[   6% ] [90m[1m_update_scan_actions[22m | NW.png[39m[0m
[   6% ] [90m[1m_update_scan_actions[22m | NW.web.webp[39m[0m
[   6% ] [90m[1m_update_scan_actions[22m | S.png[39m[0m
[   6% ] [90m[1m_update_scan_actions[22m | S.web.webp[39m[0m
[   6% ] [90m[1m_update_scan_actions[22m | SE.png[39m[0m
[   6% ] [90m[1m_update_scan_actions[22m | SE.web.webp[39m[0m
[   7% ] [90m[1m_update_scan_actions[22m | SW.png[39m[0m
[   7% ] [90m[1m_update_scan_actions[22m | SW.web.webp[39m[0m
[   7% ] [90m[1m_update_scan_actions[22m | W.png[39m[0m
[   7% ] [90m[1m_update_scan_actions[22m | W.web.webp[39m[0m
[   7% ] [90m[1m_update_scan_actions[22m | E.png[39m[0m
[   7% ] [90m[1m_update_scan_actions[22m | E.web.webp[39m[0m
[   8% ] [90m[1m_update_scan_actions[22m | N.png[39m[0m
[   8% ] [90m[1m_update_scan_actions[22m | N.web.webp[39m[0m
[   8% ] [90m[1m_update_scan_actions[22m | NE.png[39m[0m
[   8% ] [90m[1m_update_scan_actions[22m | NE.web.webp[39m[0m
[   8% ] [90m[1m_update_scan_actions[22m | NW.png[39m[0m
[   8% ] [90m[1m_update_scan_actions[22m | NW.web.webp[39m[0m
[   8% ] [90m[1m_update_scan_actions[22m | S.png[39m[0m
[   9% ] [90m[1m_update_scan_actions[22m | S.web.webp[39m[0m
[   9% ] [90m[1m_update_scan_actions[22m | SE.png[39m[0m
[   9% ] [90m[1m_update_scan_actions[22m | SE.web.webp[39m[0m
[   9% ] [90m[1m_update_scan_actions[22m | SW.png[39m[0m
[   9% ] [90m[1m_update_scan_actions[22m | SW.web.webp[39m[0m
[   9% ] [90m[1m_update_scan_actions[22m | W.png[39m[0m
[  10% ] [90m[1m_update_scan_actions[22m | W.web.webp[39m[0m
[  10% ] [90m[1m_update_scan_actions[22m | anchor.png[39m[0m
[  10% ] [90m[1m_update_scan_actions[22m | anchor.web.webp[39m[0m
[  10% ] [90m[1m_update_scan_actions[22m | FORGE_WARDEN.png[39m[0m
[  10% ] [90m[1m_update_scan_actions[22m | FORGE_WARDEN.web.webp[39m[0m
[  10% ] [90m[1m_update_scan_actions[22m | CARRIER_NULL.png[39m[0m
[  10% ] [90m[1m_update_scan_actions[22m | CARRIER_NULL.web.webp[39m[0m
[  11% ] [90m[1m_update_scan_actions[22m | ANCHORED.png[39m[0m
[  11% ] [90m[1m_update_scan_actions[22m | ANCHORED.web.webp[39m[0m
[  11% ] [90m[1m_update_scan_actions[22m | 03_ARCHIVE_ANNEX_CONTINUITY.png[39m[0m
[  11% ] [90m[1m_update_scan_actions[22m | 03_ARCHIVE_ANNEX_CONTINUITY.webp[39m[0m
[  11% ] [90m[1m_update_scan_actions[22m | 03_ARCHIVE_ANNEX_GAME.png[39m[0m
[  11% ] [90m[1m_update_scan_actions[22m | 03_ARCHIVE_ANNEX_GAME.webp[39m[0m
[  12% ] [90m[1m_update_scan_actions[22m | 11_ARCHIVE_CONTAINMENT_CONNECTOR_CONTINUITY.png[39m[0m
[  12% ] [90m[1m_update_scan_actions[22m | 11_ARCHIVE_CONTAINMENT_CONNECTOR_CONTINUITY.webp[39m[0m
[  12% ] [90m[1m_update_scan_actions[22m | 11_ARCHIVE_CONTAINMENT_CONNECTOR_GAME.png[39m[0m
[  12% ] [90m[1m_update_scan_actions[22m | 11_ARCHIVE_CONTAINMENT_CONNECTOR_GAME.webp[39m[0m
[  12% ] [90m[1m_update_scan_actions[22m | 14_ARCHIVE_STORES_CONNECTOR_CONTINUITY.png[39m[0m
[  12% ] [90m[1m_update_scan_actions[22m | 14_ARCHIVE_STORES_CONNECTOR_CONTINUITY.webp[39m[0m
[  12% ] [90m[1m_update_scan_actions[22m | 14_ARCHIVE_STORES_CONNECTOR_GAME.png[39m[0m
[  13% ] [90m[1m_update_scan_actions[22m | 14_ARCHIVE_STORES_CONNECTOR_GAME.webp[39m[0m
[  13% ] [90m[1m_update_scan_actions[22m | 12_CONTAINMENT_CORE_CONNECTOR_CONTINUITY.png[39m[0m
[  13% ] [90m[1m_update_scan_actions[22m | 12_CONTAINMENT_CORE_CONNECTOR_CONTINUITY.webp[39m[0m
[  13% ] [90m[1m_update_scan_actions[22m | 12_CONTAINMENT_CORE_CONNECTOR_GAME.png[39m[0m
[  13% ] [90m[1m_update_scan_actions[22m | 12_CONTAINMENT_CORE_CONNECTOR_GAME.webp[39m[0m
[  13% ] [90m[1m_update_scan_actions[22m | 15_CONTAINMENT_SIGNAL_CONNECTOR_CONTINUITY.png[39m[0m
[  14% ] [90m[1m_update_scan_actions[22m | 15_CONTAINMENT_SIGNAL_CONNECTOR_CONTINUITY.webp[39m[0m
[  14% ] [90m[1m_update_scan_actions[22m | 15_CONTAINMENT_SIGNAL_CONNECTOR_GAME.png[39m[0m
[  14% ] [90m[1m_update_scan_actions[22m | 15_CONTAINMENT_SIGNAL_CONNECTOR_GAME.webp[39m[0m
[  14% ] [90m[1m_update_scan_actions[22m | 13_CORE_LIFT_CONNECTOR_CONTINUITY.png[39m[0m
[  14% ] [90m[1m_update_scan_actions[22m | 13_CORE_LIFT_CONNECTOR_CONTINUITY.webp[39m[0m
[  14% ] [90m[1m_update_scan_actions[22m | 13_CORE_LIFT_CONNECTOR_GAME.png[39m[0m
[  14% ] [90m[1m_update_scan_actions[22m | 13_CORE_LIFT_CONNECTOR_GAME.webp[39m[0m
[  15% ] [90m[1m_update_scan_actions[22m | 10_DECON_ARCHIVE_CONNECTOR_CONTINUITY.png[39m[0m
[  15% ] [90m[1m_update_scan_actions[22m | 10_DECON_ARCHIVE_CONNECTOR_CONTINUITY.webp[39m[0m
[  15% ] [90m[1m_update_scan_actions[22m | 10_DECON_ARCHIVE_CONNECTOR_GAME.png[39m[0m
[  15% ] [90m[1m_update_scan_actions[22m | 10_DECON_ARCHIVE_CONNECTOR_GAME.webp[39m[0m
[  15% ] [90m[1m_update_scan_actions[22m | 09_GATE_DECON_CONNECTOR_CONTINUITY.png[39m[0m
[  15% ] [90m[1m_update_scan_actions[22m | 09_GATE_DECON_CONNECTOR_CONTINUITY.webp[39m[0m
[  16% ] [90m[1m_update_scan_actions[22m | 09_GATE_DECON_CONNECTOR_GAME.png[39m[0m
[  16% ] [90m[1m_update_scan_actions[22m | 09_GATE_DECON_CONNECTOR_GAME.webp[39m[0m
[  16% ] [90m[1m_update_scan_actions[22m | 04_CONTAINMENT_JUNCTION_CONTINUITY.png[39m[0m
[  16% ] [90m[1m_update_scan_actions[22m | 04_CONTAINMENT_JUNCTION_CONTINUITY.webp[39m[0m
[  16% ] [90m[1m_update_scan_actions[22m | 04_CONTAINMENT_JUNCTION_GAME.png[39m[0m
[  16% ] [90m[1m_update_scan_actions[22m | 04_CONTAINMENT_JUNCTION_GAME.webp[39m[0m
[  16% ] [90m[1m_update_scan_actions[22m | 05_CORE_C_CONTINUITY.png[39m[0m
[  17% ] [90m[1m_update_scan_actions[22m | 05_CORE_C_CONTINUITY.webp[39m[0m
[  17% ] [90m[1m_update_scan_actions[22m | 05_CORE_C_GAME.png[39m[0m
[  17% ] [90m[1m_update_scan_actions[22m | 05_CORE_C_GAME.webp[39m[0m
[  17% ] [90m[1m_update_scan_actions[22m | 02_DECON_CORRIDOR_CONTINUITY.png[39m[0m
[  17% ] [90m[1m_update_scan_actions[22m | 02_DECON_CORRIDOR_CONTINUITY.webp[39m[0m
[  17% ] [90m[1m_update_scan_actions[22m | 02_DECON_CORRIDOR_GAME.png[39m[0m
[  18% ] [90m[1m_update_scan_actions[22m | 02_DECON_CORRIDOR_GAME.webp[39m[0m
[  18% ] [90m[1m_update_scan_actions[22m | 06_EMERGENCY_LIFT_CONTINUITY.png[39m[0m
[  18% ] [90m[1m_update_scan_actions[22m | 06_EMERGENCY_LIFT_CONTINUITY.webp[39m[0m
[  18% ] [90m[1m_update_scan_actions[22m | 06_EMERGENCY_LIFT_GAME.png[39m[0m
[  18% ] [90m[1m_update_scan_actions[22m | 06_EMERGENCY_LIFT_GAME.webp[39m[0m
[  18% ] [90m[1m_update_scan_actions[22m | 07_EMERGENCY_STORES_CONTINUITY.png[39m[0m
[  18% ] [90m[1m_update_scan_actions[22m | 07_EMERGENCY_STORES_CONTINUITY.webp[39m[0m
[  19% ] [90m[1m_update_scan_actions[22m | 07_EMERGENCY_STORES_GAME.png[39m[0m
[  19% ] [90m[1m_update_scan_actions[22m | 07_EMERGENCY_STORES_GAME.webp[39m[0m
[  19% ] [90m[1m_update_scan_actions[22m | barrier.png[39m[0m
[  19% ] [90m[1m_update_scan_actions[22m | cabinet.png[39m[0m
[  19% ] [90m[1m_update_scan_actions[22m | crate.png[39m[0m
[  19% ] [90m[1m_update_scan_actions[22m | generator.png[39m[0m
[  20% ] [90m[1m_update_scan_actions[22m | 01_OUTER_GATE_CONTINUITY.png[39m[0m
[  20% ] [90m[1m_update_scan_actions[22m | 01_OUTER_GATE_CONTINUITY.webp[39m[0m
[  20% ] [90m[1m_update_scan_actions[22m | 01_OUTER_GATE_GAME.png[39m[0m
[  20% ] [90m[1m_update_scan_actions[22m | 01_OUTER_GATE_GAME.webp[39m[0m
[  20% ] [90m[1m_update_scan_actions[22m | 08_SIGNAL_LAB_CONTINUITY.png[39m[0m
[  20% ] [90m[1m_update_scan_actions[22m | 08_SIGNAL_LAB_CONTINUITY.webp[39m[0m
[  20% ] [90m[1m_update_scan_actions[22m | 08_SIGNAL_LAB_GAME.png[39m[0m
[  21% ] [90m[1m_update_scan_actions[22m | 08_SIGNAL_LAB_GAME.webp[39m[0m
[  21% ] [90m[1m_update_scan_actions[22m | S02_10_MAINTENANCE_RELAY_ARCHIVE_CONTINUITY.png[39m[0m
[  21% ] [90m[1m_update_scan_actions[22m | S02_10_MAINTENANCE_RELAY_ARCHIVE_CONTINUITY.webp[39m[0m
[  21% ] [90m[1m_update_scan_actions[22m | S02_10_MAINTENANCE_RELAY_ARCHIVE_GAME.png[39m[0m
[  21% ] [90m[1m_update_scan_actions[22m | S02_10_MAINTENANCE_RELAY_ARCHIVE_GAME.webp[39m[0m
[  21% ] [90m[1m_update_scan_actions[22m | S02_15_QUARANTINE_ECHO_RECORDER_CONTINUITY.png[39m[0m
[  22% ] [90m[1m_update_scan_actions[22m | S02_15_QUARANTINE_ECHO_RECORDER_CONTINUITY.webp[39m[0m
[  22% ] [90m[1m_update_scan_actions[22m | S02_15_QUARANTINE_ECHO_RECORDER_GAME.png[39m[0m
[  22% ] [90m[1m_update_scan_actions[22m | S02_15_QUARANTINE_ECHO_RECORDER_GAME.webp[39m[0m
[  22% ] [90m[1m_update_scan_actions[22m | S02_12_QUARANTINE_SUBLEVEL_RELAY_CONTINUITY.png[39m[0m
[  22% ] [90m[1m_update_scan_actions[22m | S02_12_QUARANTINE_SUBLEVEL_RELAY_CONTINUITY.webp[39m[0m
[  22% ] [90m[1m_update_scan_actions[22m | S02_12_QUARANTINE_SUBLEVEL_RELAY_GAME.png[39m[0m
[  22% ] [90m[1m_update_scan_actions[22m | S02_12_QUARANTINE_SUBLEVEL_RELAY_GAME.webp[39m[0m
[  23% ] [90m[1m_update_scan_actions[22m | S02_09_REENTRY_MAINTENANCE_CONTINUITY.png[39m[0m
[  23% ] [90m[1m_update_scan_actions[22m | S02_09_REENTRY_MAINTENANCE_CONTINUITY.webp[39m[0m
[  23% ] [90m[1m_update_scan_actions[22m | S02_09_REENTRY_MAINTENANCE_GAME.png[39m[0m
[  23% ] [90m[1m_update_scan_actions[22m | S02_09_REENTRY_MAINTENANCE_GAME.webp[39m[0m
[  23% ] [90m[1m_update_scan_actions[22m | S02_14_RELAY_ARCHIVE_FIELD_CACHE_CONTINUITY.png[39m[0m
[  23% ] [90m[1m_update_scan_actions[22m | S02_14_RELAY_ARCHIVE_FIELD_CACHE_CONTINUITY.webp[39m[0m
[  24% ] [90m[1m_update_scan_actions[22m | S02_14_RELAY_ARCHIVE_FIELD_CACHE_GAME.png[39m[0m
[  24% ] [90m[1m_update_scan_actions[22m | S02_14_RELAY_ARCHIVE_FIELD_CACHE_GAME.webp[39m[0m
[  24% ] [90m[1m_update_scan_actions[22m | S02_11_RELAY_ARCHIVE_QUARANTINE_CONTINUITY.png[39m[0m
[  24% ] [90m[1m_update_scan_actions[22m | S02_11_RELAY_ARCHIVE_QUARANTINE_CONTINUITY.webp[39m[0m
[  24% ] [90m[1m_update_scan_actions[22m | S02_11_RELAY_ARCHIVE_QUARANTINE_GAME.png[39m[0m
[  24% ] [90m[1m_update_scan_actions[22m | S02_11_RELAY_ARCHIVE_QUARANTINE_GAME.webp[39m[0m
[  24% ] [90m[1m_update_scan_actions[22m | S02_13_SUBLEVEL_RELAY_SERVICE_LIFT_CONTINUITY.png[39m[0m
[  25% ] [90m[1m_update_scan_actions[22m | S02_13_SUBLEVEL_RELAY_SERVICE_LIFT_CONTINUITY.webp[39m[0m
[  25% ] [90m[1m_update_scan_actions[22m | S02_13_SUBLEVEL_RELAY_SERVICE_LIFT_GAME.png[39m[0m
[  25% ] [90m[1m_update_scan_actions[22m | S02_13_SUBLEVEL_RELAY_SERVICE_LIFT_GAME.webp[39m[0m
[  25% ] [90m[1m_update_scan_actions[22m | S02_08_ECHO_RECORDER_CONTINUITY.png[39m[0m
[  25% ] [90m[1m_update_scan_actions[22m | S02_08_ECHO_RECORDER_CONTINUITY.webp[39m[0m
[  25% ] [90m[1m_update_scan_actions[22m | S02_08_ECHO_RECORDER_GAME.png[39m[0m
[  26% ] [90m[1m_update_scan_actions[22m | S02_08_ECHO_RECORDER_GAME.webp[39m[0m
[  26% ] [90m[1m_update_scan_actions[22m | S02_02_FLOODED_MAINTENANCE_CONTINUITY.png[39m[0m
[  26% ] [90m[1m_update_scan_actions[22m | S02_02_FLOODED_MAINTENANCE_CONTINUITY.webp[39m[0m
[  26% ] [90m[1m_update_scan_actions[22m | S02_02_FLOODED_MAINTENANCE_GAME.png[39m[0m
[  26% ] [90m[1m_update_scan_actions[22m | S02_02_FLOODED_MAINTENANCE_GAME.webp[39m[0m
[  26% ] [90m[1m_update_scan_actions[22m | S02_04_QUARANTINE_CROSSING_CONTINUITY.png[39m[0m
[  26% ] [90m[1m_update_scan_actions[22m | S02_04_QUARANTINE_CROSSING_CONTINUITY.webp[39m[0m
[  27% ] [90m[1m_update_scan_actions[22m | S02_04_QUARANTINE_CROSSING_GAME.png[39m[0m
[  27% ] [90m[1m_update_scan_actions[22m | S02_04_QUARANTINE_CROSSING_GAME.webp[39m[0m
[  27% ] [90m[1m_update_scan_actions[22m | S02_03_RELAY_ARCHIVE_CONTINUITY.png[39m[0m
[  27% ] [90m[1m_update_scan_actions[22m | S02_03_RELAY_ARCHIVE_CONTINUITY.webp[39m[0m
[  27% ] [90m[1m_update_scan_actions[22m | S02_03_RELAY_ARCHIVE_GAME.png[39m[0m
[  27% ] [90m[1m_update_scan_actions[22m | S02_03_RELAY_ARCHIVE_GAME.webp[39m[0m
[  28% ] [90m[1m_update_scan_actions[22m | S02_07_RESERVE_FIELD_CACHE_CONTINUITY.png[39m[0m
[  28% ] [90m[1m_update_scan_actions[22m | S02_07_RESERVE_FIELD_CACHE_CONTINUITY.webp[39m[0m
[  28% ] [90m[1m_update_scan_actions[22m | S02_07_RESERVE_FIELD_CACHE_GAME.png[39m[0m
[  28% ] [90m[1m_update_scan_actions[22m | S02_07_RESERVE_FIELD_CACHE_GAME.webp[39m[0m
[  28% ] [90m[1m_update_scan_actions[22m | S02_06_SERVICE_LIFT_CONTINUITY.png[39m[0m
[  28% ] [90m[1m_update_scan_actions[22m | S02_06_SERVICE_LIFT_CONTINUITY.webp[39m[0m
[  28% ] [90m[1m_update_scan_actions[22m | S02_06_SERVICE_LIFT_GAME.png[39m[0m
[  29% ] [90m[1m_update_scan_actions[22m | S02_06_SERVICE_LIFT_GAME.webp[39m[0m
[  29% ] [90m[1m_update_scan_actions[22m | S02_01_SERVICE_REENTRY_CONTINUITY.png[39m[0m
[  29% ] [90m[1m_update_scan_actions[22m | S02_01_SERVICE_REENTRY_CONTINUITY.webp[39m[0m
[  29% ] [90m[1m_update_scan_actions[22m | S02_01_SERVICE_REENTRY_GAME.png[39m[0m
[  29% ] [90m[1m_update_scan_actions[22m | S02_01_SERVICE_REENTRY_GAME.webp[39m[0m
[  29% ] [90m[1m_update_scan_actions[22m | S02_05_SUBLEVEL_RELAY_CONTINUITY.png[39m[0m
[  30% ] [90m[1m_update_scan_actions[22m | S02_05_SUBLEVEL_RELAY_CONTINUITY.webp[39m[0m
[  30% ] [90m[1m_update_scan_actions[22m | S02_05_SUBLEVEL_RELAY_GAME.png[39m[0m
[  30% ] [90m[1m_update_scan_actions[22m | S02_05_SUBLEVEL_RELAY_GAME.webp[39m[0m
[  30% ] [90m[1m_update_scan_actions[22m | S03_05_ANCHOR_REMNANT_CONTINUITY.png[39m[0m
[  30% ] [90m[1m_update_scan_actions[22m | S03_05_ANCHOR_REMNANT_CONTINUITY.webp[39m[0m
[  30% ] [90m[1m_update_scan_actions[22m | S03_05_ANCHOR_REMNANT_GAME.png[39m[0m
[  30% ] [90m[1m_update_scan_actions[22m | S03_05_ANCHOR_REMNANT_GAME.webp[39m[0m
[  31% ] [90m[1m_update_scan_actions[22m | S03_07_BREACHED_ARMORY_CONTINUITY.png[39m[0m
[  31% ] [90m[1m_update_scan_actions[22m | S03_07_BREACHED_ARMORY_CONTINUITY.webp[39m[0m
[  31% ] [90m[1m_update_scan_actions[22m | S03_07_BREACHED_ARMORY_GAME.png[39m[0m
[  31% ] [90m[1m_update_scan_actions[22m | S03_07_BREACHED_ARMORY_GAME.webp[39m[0m
[  31% ] [90m[1m_update_scan_actions[22m | S03_03_CARRIER_TRACE_CONTINUITY.png[39m[0m
[  31% ] [90m[1m_update_scan_actions[22m | S03_03_CARRIER_TRACE_CONTINUITY.webp[39m[0m
[  32% ] [90m[1m_update_scan_actions[22m | S03_03_CARRIER_TRACE_GAME.png[39m[0m
[  32% ] [90m[1m_update_scan_actions[22m | S03_03_CARRIER_TRACE_GAME.webp[39m[0m
[  32% ] [90m[1m_update_scan_actions[22m | S03_04_COLLAPSED_BULKHEAD_CONTINUITY.png[39m[0m
[  32% ] [90m[1m_update_scan_actions[22m | S03_04_COLLAPSED_BULKHEAD_CONTINUITY.webp[39m[0m
[  32% ] [90m[1m_update_scan_actions[22m | S03_04_COLLAPSED_BULKHEAD_GAME.png[39m[0m
[  32% ] [90m[1m_update_scan_actions[22m | S03_04_COLLAPSED_BULKHEAD_GAME.webp[39m[0m
[  32% ] [90m[1m_update_scan_actions[22m | S03_13_ANCHOR_EMERGENCY_SHAFT_CONTINUITY.png[39m[0m
[  33% ] [90m[1m_update_scan_actions[22m | S03_13_ANCHOR_EMERGENCY_SHAFT_CONTINUITY.webp[39m[0m
[  33% ] [90m[1m_update_scan_actions[22m | S03_13_ANCHOR_EMERGENCY_SHAFT_GAME.png[39m[0m
[  33% ] [90m[1m_update_scan_actions[22m | S03_13_ANCHOR_EMERGENCY_SHAFT_GAME.webp[39m[0m
[  33% ] [90m[1m_update_scan_actions[22m | S03_12_BULKHEAD_ANCHOR_REMNANT_CONTINUITY.png[39m[0m
[  33% ] [90m[1m_update_scan_actions[22m | S03_12_BULKHEAD_ANCHOR_REMNANT_CONTINUITY.webp[39m[0m
[  33% ] [90m[1m_update_scan_actions[22m | S03_12_BULKHEAD_ANCHOR_REMNANT_GAME.png[39m[0m
[  34% ] [90m[1m_update_scan_actions[22m | S03_12_BULKHEAD_ANCHOR_REMNANT_GAME.webp[39m[0m
[  34% ] [90m[1m_update_scan_actions[22m | S03_15_BULKHEAD_RESONANCE_CONTINUITY.png[39m[0m
[  34% ] [90m[1m_update_scan_actions[22m | S03_15_BULKHEAD_RESONANCE_CONTINUITY.webp[39m[0m
[  34% ] [90m[1m_update_scan_actions[22m | S03_15_BULKHEAD_RESONANCE_GAME.png[39m[0m
[  34% ] [90m[1m_update_scan_actions[22m | S03_15_BULKHEAD_RESONANCE_GAME.webp[39m[0m
[  34% ] [90m[1m_update_scan_actions[22m | S03_14_CARRIER_TRACE_ARMORY_CONTINUITY.png[39m[0m
[  34% ] [90m[1m_update_scan_actions[22m | S03_14_CARRIER_TRACE_ARMORY_CONTINUITY.webp[39m[0m
[  35% ] [90m[1m_update_scan_actions[22m | S03_14_CARRIER_TRACE_ARMORY_GAME.png[39m[0m
[  35% ] [90m[1m_update_scan_actions[22m | S03_14_CARRIER_TRACE_ARMORY_GAME.webp[39m[0m
[  35% ] [90m[1m_update_scan_actions[22m | S03_11_CARRIER_TRACE_BULKHEAD_CONTINUITY.png[39m[0m
[  35% ] [90m[1m_update_scan_actions[22m | S03_11_CARRIER_TRACE_BULKHEAD_CONTINUITY.webp[39m[0m
[  35% ] [90m[1m_update_scan_actions[22m | S03_11_CARRIER_TRACE_BULKHEAD_GAME.png[39m[0m
[  35% ] [90m[1m_update_scan_actions[22m | S03_11_CARRIER_TRACE_BULKHEAD_GAME.webp[39m[0m
[  36% ] [90m[1m_update_scan_actions[22m | S03_10_DEFENSE_CARRIER_TRACE_CONTINUITY.png[39m[0m
[  36% ] [90m[1m_update_scan_actions[22m | S03_10_DEFENSE_CARRIER_TRACE_CONTINUITY.webp[39m[0m
[  36% ] [90m[1m_update_scan_actions[22m | S03_10_DEFENSE_CARRIER_TRACE_GAME.png[39m[0m
[  36% ] [90m[1m_update_scan_actions[22m | S03_10_DEFENSE_CARRIER_TRACE_GAME.webp[39m[0m
[  36% ] [90m[1m_update_scan_actions[22m | S03_09_PRESSURE_DEFENSE_CONTINUITY.png[39m[0m
[  36% ] [90m[1m_update_scan_actions[22m | S03_09_PRESSURE_DEFENSE_CONTINUITY.webp[39m[0m
[  36% ] [90m[1m_update_scan_actions[22m | S03_09_PRESSURE_DEFENSE_GAME.png[39m[0m
[  37% ] [90m[1m_update_scan_actions[22m | S03_09_PRESSURE_DEFENSE_GAME.webp[39m[0m
[  37% ] [90m[1m_update_scan_actions[22m | S03_06_EMERGENCY_SHAFT_CONTINUITY.png[39m[0m
[  37% ] [90m[1m_update_scan_actions[22m | S03_06_EMERGENCY_SHAFT_CONTINUITY.webp[39m[0m
[  37% ] [90m[1m_update_scan_actions[22m | S03_06_EMERGENCY_SHAFT_GAME.png[39m[0m
[  37% ] [90m[1m_update_scan_actions[22m | S03_06_EMERGENCY_SHAFT_GAME.webp[39m[0m
[  37% ] [90m[1m_update_scan_actions[22m | S03_02_INNER_DEFENSE_LINE_CONTINUITY.png[39m[0m
[  38% ] [90m[1m_update_scan_actions[22m | S03_02_INNER_DEFENSE_LINE_CONTINUITY.webp[39m[0m
[  38% ] [90m[1m_update_scan_actions[22m | S03_02_INNER_DEFENSE_LINE_GAME.png[39m[0m
[  38% ] [90m[1m_update_scan_actions[22m | S03_02_INNER_DEFENSE_LINE_GAME.webp[39m[0m
[  38% ] [90m[1m_update_scan_actions[22m | S03_01_PRESSURE_BREACH_CONTINUITY.png[39m[0m
[  38% ] [90m[1m_update_scan_actions[22m | S03_01_PRESSURE_BREACH_CONTINUITY.webp[39m[0m
[  38% ] [90m[1m_update_scan_actions[22m | S03_01_PRESSURE_BREACH_GAME.png[39m[0m
[  38% ] [90m[1m_update_scan_actions[22m | S03_01_PRESSURE_BREACH_GAME.webp[39m[0m
[  39% ] [90m[1m_update_scan_actions[22m | S03_08_RESONANCE_CHAMBER_CONTINUITY.png[39m[0m
[  39% ] [90m[1m_update_scan_actions[22m | S03_08_RESONANCE_CHAMBER_CONTINUITY.webp[39m[0m
[  39% ] [90m[1m_update_scan_actions[22m | S03_08_RESONANCE_CHAMBER_GAME.png[39m[0m
[  39% ] [90m[1m_update_scan_actions[22m | S03_08_RESONANCE_CHAMBER_GAME.webp[39m[0m
[  39% ] [90m[1m_update_scan_actions[22m | ASTER_FIRE_E_UPPER_V5_ATLAS.webp[39m[0m
[  39% ] [90m[1m_update_scan_actions[22m | ASTER_FIRE_N_UPPER_V5_ATLAS.webp[39m[0m
[  40% ] [90m[1m_update_scan_actions[22m | ASTER_FIRE_NE_UPPER_V5_ATLAS.webp[39m[0m
[  40% ] [90m[1m_update_scan_actions[22m | ASTER_FIRE_NW_UPPER_V5_ATLAS.webp[39m[0m
[  40% ] [90m[1m_update_scan_actions[22m | ASTER_FIRE_S_UPPER_V5_ATLAS.webp[39m[0m
[  40% ] [90m[1m_update_scan_actions[22m | ASTER_FIRE_SE_UPPER_V5_ATLAS.webp[39m[0m
[  40% ] [90m[1m_update_scan_actions[22m | ASTER_FIRE_SW_UPPER_V5_ATLAS.webp[39m[0m
[  40% ] [90m[1m_update_scan_actions[22m | ASTER_FIRE_W_UPPER_V5_ATLAS.webp[39m[0m
[  40% ] [90m[1m_update_scan_actions[22m | ASTER_IDLE_E_LOWER_V5_ATLAS.webp[39m[0m
[  41% ] [90m[1m_update_scan_actions[22m | ASTER_IDLE_N_LOWER_V5_ATLAS.webp[39m[0m
[  41% ] [90m[1m_update_scan_actions[22m | ASTER_IDLE_NE_LOWER_V5_ATLAS.webp[39m[0m
[  41% ] [90m[1m_update_scan_actions[22m | ASTER_IDLE_NW_LOWER_V5_ATLAS.webp[39m[0m
[  41% ] [90m[1m_update_scan_actions[22m | ASTER_IDLE_S_LOWER_V5_ATLAS.webp[39m[0m
[  41% ] [90m[1m_update_scan_actions[22m | ASTER_IDLE_SE_LOWER_V5_ATLAS.webp[39m[0m
[  41% ] [90m[1m_update_scan_actions[22m | ASTER_IDLE_SW_LOWER_V5_ATLAS.webp[39m[0m
[  42% ] [90m[1m_update_scan_actions[22m | ASTER_IDLE_W_LOWER_V5_ATLAS.webp[39m[0m
[  42% ] [90m[1m_update_scan_actions[22m | ASTER_MOVE_E_LOWER_V5_ATLAS.webp[39m[0m
[  42% ] [90m[1m_update_scan_actions[22m | ASTER_MOVE_N_LOWER_V5_ATLAS.webp[39m[0m
[  42% ] [90m[1m_update_scan_actions[22m | ASTER_MOVE_NE_LOWER_V5_ATLAS.webp[39m[0m
[  42% ] [90m[1m_update_scan_actions[22m | ASTER_MOVE_NW_LOWER_V5_ATLAS.webp[39m[0m
[  42% ] [90m[1m_update_scan_actions[22m | ASTER_MOVE_S_LOWER_V5_ATLAS.webp[39m[0m
[  42% ] [90m[1m_update_scan_actions[22m | ASTER_MOVE_SE_LOWER_V5_ATLAS.webp[39m[0m
[  43% ] [90m[1m_update_scan_actions[22m | ASTER_MOVE_SW_LOWER_V5_ATLAS.webp[39m[0m
[  43% ] [90m[1m_update_scan_actions[22m | ASTER_MOVE_W_LOWER_V5_ATLAS.webp[39m[0m
[  43% ] [90m[1m_update_scan_actions[22m | ASTER_FIRE_E_UPPER_V5_ATLAS.webp[39m[0m
[  43% ] [90m[1m_update_scan_actions[22m | ASTER_FIRE_N_UPPER_V5_ATLAS.webp[39m[0m
[  43% ] [90m[1m_update_scan_actions[22m | ASTER_FIRE_NE_UPPER_V5_ATLAS.webp[39m[0m
[  43% ] [90m[1m_update_scan_actions[22m | ASTER_FIRE_NW_UPPER_V5_ATLAS.webp[39m[0m
[  44% ] [90m[1m_update_scan_actions[22m | ASTER_FIRE_S_UPPER_V5_ATLAS.webp[39m[0m
[  44% ] [90m[1m_update_scan_actions[22m | ASTER_FIRE_SE_UPPER_V5_ATLAS.webp[39m[0m
[  44% ] [90m[1m_update_scan_actions[22m | ASTER_FIRE_SW_UPPER_V5_ATLAS.webp[39m[0m
[  44% ] [90m[1m_update_scan_actions[22m | ASTER_FIRE_W_UPPER_V5_ATLAS.webp[39m[0m
[  44% ] [90m[1m_update_scan_actions[22m | ASTER_IDLE_E_LOWER_V5_ATLAS.webp[39m[0m
[  44% ] [90m[1m_update_scan_actions[22m | ASTER_IDLE_N_LOWER_V5_ATLAS.webp[39m[0m
[  44% ] [90m[1m_update_scan_actions[22m | ASTER_IDLE_NE_LOWER_V5_ATLAS.webp[39m[0m
[  45% ] [90m[1m_update_scan_actions[22m | ASTER_IDLE_NW_LOWER_V5_ATLAS.webp[39m[0m
[  45% ] [90m[1m_update_scan_actions[22m | ASTER_IDLE_S_LOWER_V5_ATLAS.webp[39m[0m
[  45% ] [90m[1m_update_scan_actions[22m | ASTER_IDLE_SE_LOWER_V5_ATLAS.webp[39m[0m
[  45% ] [90m[1m_update_scan_actions[22m | ASTER_IDLE_SW_LOWER_V5_ATLAS.webp[39m[0m
[  45% ] [90m[1m_update_scan_actions[22m | ASTER_IDLE_W_LOWER_V5_ATLAS.webp[39m[0m
[  45% ] [90m[1m_update_scan_actions[22m | ASTER_MOVE_E_LOWER_V5_ATLAS.webp[39m[0m
[  46% ] [90m[1m_update_scan_actions[22m | ASTER_MOVE_N_LOWER_V5_ATLAS.webp[39m[0m
[  46% ] [90m[1m_update_scan_actions[22m | ASTER_MOVE_NE_LOWER_V5_ATLAS.webp[39m[0m
[  46% ] [90m[1m_update_scan_actions[22m | ASTER_MOVE_NW_LOWER_V5_ATLAS.webp[39m[0m
[  46% ] [90m[1m_update_scan_actions[22m | ASTER_MOVE_S_LOWER_V5_ATLAS.webp[39m[0m
[  46% ] [90m[1m_update_scan_actions[22m | ASTER_MOVE_SE_LOWER_V5_ATLAS.webp[39m[0m
[  46% ] [90m[1m_update_scan_actions[22m | ASTER_MOVE_SW_LOWER_V5_ATLAS.webp[39m[0m
[  46% ] [90m[1m_update_scan_actions[22m | ASTER_MOVE_W_LOWER_V5_ATLAS.webp[39m[0m
[  47% ] [90m[1m_update_scan_actions[22m | ASTER_FIRE_E_UPPER_V6_ATLAS.webp[39m[0m
[  47% ] [90m[1m_update_scan_actions[22m | ASTER_FIRE_N_UPPER_V6_ATLAS.webp[39m[0m
[  47% ] [90m[1m_update_scan_actions[22m | ASTER_FIRE_NE_UPPER_V6_ATLAS.webp[39m[0m
[  47% ] [90m[1m_update_scan_actions[22m | ASTER_FIRE_NW_UPPER_V6_ATLAS.webp[39m[0m
[  47% ] [90m[1m_update_scan_actions[22m | ASTER_FIRE_S_UPPER_V6_ATLAS.webp[39m[0m
[  47% ] [90m[1m_update_scan_actions[22m | ASTER_FIRE_SE_UPPER_V6_ATLAS.webp[39m[0m
[  48% ] [90m[1m_update_scan_actions[22m | ASTER_FIRE_SW_UPPER_V6_ATLAS.webp[39m[0m
[  48% ] [90m[1m_update_scan_actions[22m | ASTER_FIRE_W_UPPER_V6_ATLAS.webp[39m[0m
[  48% ] [90m[1m_update_scan_actions[22m | ASTER_IDLE_E_LOWER_V6_ATLAS.webp[39m[0m
[  48% ] [90m[1m_update_scan_actions[22m | ASTER_IDLE_N_LOWER_V6_ATLAS.webp[39m[0m
[  48% ] [90m[1m_update_scan_actions[22m | ASTER_IDLE_NE_LOWER_V6_ATLAS.webp[39m[0m
[  48% ] [90m[1m_update_scan_actions[22m | ASTER_IDLE_NW_LOWER_V6_ATLAS.webp[39m[0m
[  48% ] [90m[1m_update_scan_actions[22m | ASTER_IDLE_S_LOWER_V6_ATLAS.webp[39m[0m
[  49% ] [90m[1m_update_scan_actions[22m | ASTER_IDLE_SE_LOWER_V6_ATLAS.webp[39m[0m
[  49% ] [90m[1m_update_scan_actions[22m | ASTER_IDLE_SW_LOWER_V6_ATLAS.webp[39m[0m
[  49% ] [90m[1m_update_scan_actions[22m | ASTER_IDLE_W_LOWER_V6_ATLAS.webp[39m[0m
[  49% ] [90m[1m_update_scan_actions[22m | ASTER_MOVE_E_LOWER_V6_ATLAS.webp[39m[0m
[  49% ] [90m[1m_update_scan_actions[22m | ASTER_MOVE_N_LOWER_V6_ATLAS.webp[39m[0m
[  49% ] [90m[1m_update_scan_actions[22m | ASTER_MOVE_NE_LOWER_V6_ATLAS.webp[39m[0m
[  50% ] [90m[1m_update_scan_actions[22m | ASTER_MOVE_NW_LOWER_V6_ATLAS.webp[39m[0m
[  50% ] [90m[1m_update_scan_actions[22m | ASTER_MOVE_S_LOWER_V6_ATLAS.webp[39m[0m
[  50% ] [90m[1m_update_scan_actions[22m | ASTER_MOVE_SE_LOWER_V6_ATLAS.webp[39m[0m
[  50% ] [90m[1m_update_scan_actions[22m | ASTER_MOVE_SW_LOWER_V6_ATLAS.webp[39m[0m
[  50% ] [90m[1m_update_scan_actions[22m | ASTER_MOVE_W_LOWER_V6_ATLAS.webp[39m[0m
[  50% ] [90m[1m_update_scan_actions[22m | ASTER_FIRE_E_CLEAN_RGBA.webp[39m[0m
[  50% ] [90m[1m_update_scan_actions[22m | ASTER_FIRE_NE_CLEAN_RGBA.webp[39m[0m
[  51% ] [90m[1m_update_scan_actions[22m | ASTER_FIRE_NW_CLEAN_RGBA.webp[39m[0m
[  51% ] [90m[1m_update_scan_actions[22m | ASTER_FIRE_N_CLEAN_RGBA.webp[39m[0m
[  51% ] [90m[1m_update_scan_actions[22m | ASTER_FIRE_SE_CLEAN_RGBA.webp[39m[0m
[  51% ] [90m[1m_update_scan_actions[22m | ASTER_FIRE_SW_CLEAN_RGBA.webp[39m[0m
[  51% ] [90m[1m_update_scan_actions[22m | ASTER_FIRE_S_CLEAN_RGBA.webp[39m[0m
[  51% ] [90m[1m_update_scan_actions[22m | ASTER_FIRE_W_CLEAN_RGBA.webp[39m[0m
[  52% ] [90m[1m_update_scan_actions[22m | ASTER_FIRE_E_CLEAN_V5_RGBA.webp[39m[0m
[  52% ] [90m[1m_update_scan_actions[22m | ASTER_FIRE_NE_CLEAN_V5_RGBA.webp[39m[0m
[  52% ] [90m[1m_update_scan_actions[22m | ASTER_FIRE_NW_CLEAN_V5_RGBA.webp[39m[0m
[  52% ] [90m[1m_update_scan_actions[22m | ASTER_FIRE_N_CLEAN_V5_RGBA.webp[39m[0m
[  52% ] [90m[1m_update_scan_actions[22m | ASTER_FIRE_SE_CLEAN_V5_RGBA.webp[39m[0m
[  52% ] [90m[1m_update_scan_actions[22m | ASTER_FIRE_SW_CLEAN_V5_RGBA.webp[39m[0m
[  52% ] [90m[1m_update_scan_actions[22m | ASTER_FIRE_S_CLEAN_V5_RGBA.webp[39m[0m
[  53% ] [90m[1m_update_scan_actions[22m | ASTER_FIRE_W_CLEAN_V5_RGBA.webp[39m[0m
[  53% ] [90m[1m_update_scan_actions[22m | ASTER_FIRE_E_RGBA.webp[39m[0m
[  53% ] [90m[1m_update_scan_actions[22m | ASTER_FIRE_NE_RGBA.webp[39m[0m
[  53% ] [90m[1m_update_scan_actions[22m | ASTER_FIRE_NW_RGBA.webp[39m[0m
[  53% ] [90m[1m_update_scan_actions[22m | ASTER_FIRE_N_RGBA.webp[39m[0m
[  53% ] [90m[1m_update_scan_actions[22m | ASTER_FIRE_SE_RGBA.webp[39m[0m
[  54% ] [90m[1m_update_scan_actions[22m | ASTER_FIRE_SW_RGBA.webp[39m[0m
[  54% ] [90m[1m_update_scan_actions[22m | ASTER_FIRE_S_RGBA.webp[39m[0m
[  54% ] [90m[1m_update_scan_actions[22m | ASTER_FIRE_W_RGBA.webp[39m[0m
[  54% ] [90m[1m_update_scan_actions[22m | ASTER_FIRE_E_UPPER_16_NO_SHOULDER_V1_ATLAS.png[39m[0m
[  54% ] [90m[1m_update_scan_actions[22m | ASTER_FIRE_ENE_UPPER_16_NO_SHOULDER_V1_ATLAS.png[39m[0m
[  54% ] [90m[1m_update_scan_actions[22m | ASTER_FIRE_ESE_UPPER_16_NO_SHOULDER_V1_ATLAS.png[39m[0m
[  54% ] [90m[1m_update_scan_actions[22m | ASTER_FIRE_N_UPPER_16_NO_SHOULDER_V1_ATLAS.png[39m[0m
[  55% ] [90m[1m_update_scan_actions[22m | ASTER_FIRE_NE_UPPER_16_NO_SHOULDER_V1_ATLAS.png[39m[0m
[  55% ] [90m[1m_update_scan_actions[22m | ASTER_FIRE_NNE_UPPER_16_NO_SHOULDER_V1_ATLAS.png[39m[0m
[  55% ] [90m[1m_update_scan_actions[22m | ASTER_FIRE_NNW_UPPER_16_NO_SHOULDER_V1_ATLAS.png[39m[0m
[  55% ] [90m[1m_update_scan_actions[22m | ASTER_FIRE_NW_UPPER_16_NO_SHOULDER_V1_ATLAS.png[39m[0m
[  55% ] [90m[1m_update_scan_actions[22m | ASTER_FIRE_S_UPPER_16_NO_SHOULDER_V1_ATLAS.png[39m[0m
[  55% ] [90m[1m_update_scan_actions[22m | ASTER_FIRE_SE_UPPER_16_NO_SHOULDER_V1_ATLAS.png[39m[0m
[  56% ] [90m[1m_update_scan_actions[22m | ASTER_FIRE_SSE_UPPER_16_NO_SHOULDER_V1_ATLAS.png[39m[0m
[  56% ] [90m[1m_update_scan_actions[22m | ASTER_FIRE_SSW_UPPER_16_NO_SHOULDER_V1_ATLAS.png[39m[0m
[  56% ] [90m[1m_update_scan_actions[22m | ASTER_FIRE_SW_UPPER_16_NO_SHOULDER_V1_ATLAS.png[39m[0m
[  56% ] [90m[1m_update_scan_actions[22m | ASTER_FIRE_W_UPPER_16_NO_SHOULDER_V1_ATLAS.png[39m[0m
[  56% ] [90m[1m_update_scan_actions[22m | ASTER_FIRE_WNW_UPPER_16_NO_SHOULDER_V1_ATLAS.png[39m[0m
[  56% ] [90m[1m_update_scan_actions[22m | ASTER_FIRE_WSW_UPPER_16_NO_SHOULDER_V1_ATLAS.png[39m[0m
[  56% ] [90m[1m_update_scan_actions[22m | ASTER_FIRE_E_UPPER_16_NO_SHOULDER_V2_ATLAS.png[39m[0m
[  57% ] [90m[1m_update_scan_actions[22m | ASTER_FIRE_ENE_UPPER_16_NO_SHOULDER_V2_ATLAS.png[39m[0m
[  57% ] [90m[1m_update_scan_actions[22m | ASTER_FIRE_ESE_UPPER_16_NO_SHOULDER_V2_ATLAS.png[39m[0m
[  57% ] [90m[1m_update_scan_actions[22m | ASTER_FIRE_N_UPPER_16_NO_SHOULDER_V2_ATLAS.png[39m[0m
[  57% ] [90m[1m_update_scan_actions[22m | ASTER_FIRE_NE_UPPER_16_NO_SHOULDER_V2_ATLAS.png[39m[0m
[  57% ] [90m[1m_update_scan_actions[22m | ASTER_FIRE_NNE_UPPER_16_NO_SHOULDER_V2_ATLAS.png[39m[0m
[  57% ] [90m[1m_update_scan_actions[22m | ASTER_FIRE_NNW_UPPER_16_NO_SHOULDER_V2_ATLAS.png[39m[0m
[  58% ] [90m[1m_update_scan_actions[22m | ASTER_FIRE_NW_UPPER_16_NO_SHOULDER_V2_ATLAS.png[39m[0m
[  58% ] [90m[1m_update_scan_actions[22m | ASTER_FIRE_S_UPPER_16_NO_SHOULDER_V2_ATLAS.png[39m[0m
[  58% ] [90m[1m_update_scan_actions[22m | ASTER_FIRE_SE_UPPER_16_NO_SHOULDER_V2_ATLAS.png[39m[0m
[  58% ] [90m[1m_update_scan_actions[22m | ASTER_FIRE_SSE_UPPER_16_NO_SHOULDER_V2_ATLAS.png[39m[0m
[  58% ] [90m[1m_update_scan_actions[22m | ASTER_FIRE_SSW_UPPER_16_NO_SHOULDER_V2_ATLAS.png[39m[0m
[  58% ] [90m[1m_update_scan_actions[22m | ASTER_FIRE_SW_UPPER_16_NO_SHOULDER_V2_ATLAS.png[39m[0m
[  58% ] [90m[1m_update_scan_actions[22m | ASTER_FIRE_W_UPPER_16_NO_SHOULDER_V2_ATLAS.png[39m[0m
[  59% ] [90m[1m_update_scan_actions[22m | ASTER_FIRE_WNW_UPPER_16_NO_SHOULDER_V2_ATLAS.png[39m[0m
[  59% ] [90m[1m_update_scan_actions[22m | ASTER_FIRE_WSW_UPPER_16_NO_SHOULDER_V2_ATLAS.png[39m[0m
[  59% ] [90m[1m_update_scan_actions[22m | ASTER_IDLE_E_CLEAN_V5_ATLAS.webp[39m[0m
[  59% ] [90m[1m_update_scan_actions[22m | ASTER_IDLE_N_CLEAN_V5_ATLAS.webp[39m[0m
[  59% ] [90m[1m_update_scan_actions[22m | ASTER_IDLE_NE_CLEAN_V5_ATLAS.webp[39m[0m
[  59% ] [90m[1m_update_scan_actions[22m | ASTER_IDLE_NW_CLEAN_V5_ATLAS.webp[39m[0m
[  60% ] [90m[1m_update_scan_actions[22m | ASTER_IDLE_S_CLEAN_V5_ATLAS.webp[39m[0m
[  60% ] [90m[1m_update_scan_actions[22m | ASTER_IDLE_SE_CLEAN_V5_ATLAS.webp[39m[0m
[  60% ] [90m[1m_update_scan_actions[22m | ASTER_IDLE_SW_CLEAN_V5_ATLAS.webp[39m[0m
[  60% ] [90m[1m_update_scan_actions[22m | ASTER_IDLE_W_CLEAN_V5_ATLAS.webp[39m[0m
[  60% ] [90m[1m_update_scan_actions[22m | ASTER_IDLE_E_CLEAN_V6_ATLAS.webp[39m[0m
[  60% ] [90m[1m_update_scan_actions[22m | ASTER_IDLE_N_CLEAN_V6_ATLAS.webp[39m[0m
[  60% ] [90m[1m_update_scan_actions[22m | ASTER_IDLE_NE_CLEAN_V6_ATLAS.webp[39m[0m
[  61% ] [90m[1m_update_scan_actions[22m | ASTER_IDLE_NW_CLEAN_V6_ATLAS.webp[39m[0m
[  61% ] [90m[1m_update_scan_actions[22m | ASTER_IDLE_S_CLEAN_V6_ATLAS.webp[39m[0m
[  61% ] [90m[1m_update_scan_actions[22m | ASTER_IDLE_SE_CLEAN_V6_ATLAS.webp[39m[0m
[  61% ] [90m[1m_update_scan_actions[22m | ASTER_IDLE_SW_CLEAN_V6_ATLAS.webp[39m[0m
[  61% ] [90m[1m_update_scan_actions[22m | ASTER_IDLE_W_CLEAN_V6_ATLAS.webp[39m[0m
[  61% ] [90m[1m_update_scan_actions[22m | ASTER_IDLE_360_CLEAN_V6_CONTACT.png[39m[0m
[  62% ] [90m[1m_update_scan_actions[22m | ASTER_IDLE_E_360_MVP_ATLAS.webp[39m[0m
[  62% ] [90m[1m_update_scan_actions[22m | ASTER_IDLE_NE_360_MVP_ATLAS.webp[39m[0m
[  62% ] [90m[1m_update_scan_actions[22m | ASTER_IDLE_NW_360_MVP_ATLAS.webp[39m[0m
[  62% ] [90m[1m_update_scan_actions[22m | ASTER_IDLE_N_360_MVP_ATLAS.webp[39m[0m
[  62% ] [90m[1m_update_scan_actions[22m | ASTER_IDLE_SE_360_MVP_ATLAS.webp[39m[0m
[  62% ] [90m[1m_update_scan_actions[22m | ASTER_IDLE_SW_360_MVP_ATLAS.webp[39m[0m
[  62% ] [90m[1m_update_scan_actions[22m | ASTER_IDLE_S_360_MVP_ATLAS.webp[39m[0m
[  63% ] [90m[1m_update_scan_actions[22m | ASTER_IDLE_W_360_MVP_ATLAS.webp[39m[0m
[  63% ] [90m[1m_update_scan_actions[22m | ASTER_MOVE_E_360_MVP_ATLAS.webp[39m[0m
[  63% ] [90m[1m_update_scan_actions[22m | ASTER_MOVE_NE_360_MVP_ATLAS.webp[39m[0m
[  63% ] [90m[1m_update_scan_actions[22m | ASTER_MOVE_NW_360_MVP_ATLAS.webp[39m[0m
[  63% ] [90m[1m_update_scan_actions[22m | ASTER_MOVE_N_360_MVP_ATLAS.webp[39m[0m
[  63% ] [90m[1m_update_scan_actions[22m | ASTER_MOVE_SE_360_MVP_ATLAS.webp[39m[0m
[  64% ] [90m[1m_update_scan_actions[22m | ASTER_MOVE_SW_360_MVP_ATLAS.webp[39m[0m
[  64% ] [90m[1m_update_scan_actions[22m | ASTER_MOVE_S_360_MVP_ATLAS.webp[39m[0m
[  64% ] [90m[1m_update_scan_actions[22m | ASTER_MOVE_W_360_MVP_ATLAS.webp[39m[0m
[  64% ] [90m[1m_update_scan_actions[22m | ASTER_MOVE_N_360_INTERPOLATED_V3_ATLAS.webp[39m[0m
[  64% ] [90m[1m_update_scan_actions[22m | ASTER_MOVE_NE_360_INTERPOLATED_V3_ATLAS.webp[39m[0m
[  64% ] [90m[1m_update_scan_actions[22m | ASTER_MOVE_NW_360_INTERPOLATED_V3_ATLAS.webp[39m[0m
[  64% ] [90m[1m_update_scan_actions[22m | ASTER_MOVE_S_360_INTERPOLATED_V3_ATLAS.webp[39m[0m
[  65% ] [90m[1m_update_scan_actions[22m | ASTER_MOVE_SE_360_INTERPOLATED_V3_ATLAS.webp[39m[0m
[  65% ] [90m[1m_update_scan_actions[22m | ASTER_MOVE_SW_360_INTERPOLATED_V3_ATLAS.webp[39m[0m
[  65% ] [90m[1m_update_scan_actions[22m | ASTER_MOVE_W_360_INTERPOLATED_V3_ATLAS.webp[39m[0m
[  65% ] [90m[1m_update_scan_actions[22m | ASTER_MOVE_E_360_INTERPOLATED_V4_ATLAS.webp[39m[0m
[  65% ] [90m[1m_update_scan_actions[22m | ASTER_MOVE_N_360_INTERPOLATED_V4_ATLAS.webp[39m[0m
[  65% ] [90m[1m_update_scan_actions[22m | ASTER_MOVE_NE_360_INTERPOLATED_V4_ATLAS.webp[39m[0m
[  66% ] [90m[1m_update_scan_actions[22m | ASTER_MOVE_NW_360_INTERPOLATED_V4_ATLAS.webp[39m[0m
[  66% ] [90m[1m_update_scan_actions[22m | ASTER_MOVE_S_360_INTERPOLATED_V4_ATLAS.webp[39m[0m
[  66% ] [90m[1m_update_scan_actions[22m | ASTER_MOVE_SE_360_INTERPOLATED_V4_ATLAS.webp[39m[0m
[  66% ] [90m[1m_update_scan_actions[22m | ASTER_MOVE_SW_360_INTERPOLATED_V4_ATLAS.webp[39m[0m
[  66% ] [90m[1m_update_scan_actions[22m | ASTER_MOVE_W_360_INTERPOLATED_V4_ATLAS.webp[39m[0m
[  66% ] [90m[1m_update_scan_actions[22m | ASTER_MOVE_E_360_UAL_V5_ATLAS.webp[39m[0m
[  66% ] [90m[1m_update_scan_actions[22m | ASTER_MOVE_N_360_UAL_V5_ATLAS.webp[39m[0m
[  67% ] [90m[1m_update_scan_actions[22m | ASTER_MOVE_NE_360_UAL_V5_ATLAS.webp[39m[0m
[  67% ] [90m[1m_update_scan_actions[22m | ASTER_MOVE_NW_360_UAL_V5_ATLAS.webp[39m[0m
[  67% ] [90m[1m_update_scan_actions[22m | ASTER_MOVE_S_360_UAL_V5_ATLAS.webp[39m[0m
[  67% ] [90m[1m_update_scan_actions[22m | ASTER_MOVE_SE_360_UAL_V5_ATLAS.webp[39m[0m
[  67% ] [90m[1m_update_scan_actions[22m | ASTER_MOVE_SW_360_UAL_V5_ATLAS.webp[39m[0m
[  67% ] [90m[1m_update_scan_actions[22m | ASTER_MOVE_W_360_UAL_V5_ATLAS.webp[39m[0m
[  68% ] [90m[1m_update_scan_actions[22m | ASTER_MOVE_E_360_UAL_V6_ATLAS.webp[39m[0m
[  68% ] [90m[1m_update_scan_actions[22m | ASTER_MOVE_N_360_UAL_V6_ATLAS.webp[39m[0m
[  68% ] [90m[1m_update_scan_actions[22m | ASTER_MOVE_NE_360_UAL_V6_ATLAS.webp[39m[0m
[  68% ] [90m[1m_update_scan_actions[22m | ASTER_MOVE_NW_360_UAL_V6_ATLAS.webp[39m[0m
[  68% ] [90m[1m_update_scan_actions[22m | ASTER_MOVE_S_360_UAL_V6_ATLAS.webp[39m[0m
[  68% ] [90m[1m_update_scan_actions[22m | ASTER_MOVE_SE_360_UAL_V6_ATLAS.webp[39m[0m
[  68% ] [90m[1m_update_scan_actions[22m | ASTER_MOVE_SW_360_UAL_V6_ATLAS.webp[39m[0m
[  69% ] [90m[1m_update_scan_actions[22m | ASTER_MOVE_W_360_UAL_V6_ATLAS.webp[39m[0m
[  69% ] [90m[1m_update_scan_actions[22m | ASTER_MOVE_E_360_UAL_V6_ATLAS.webp[39m[0m
[  69% ] [90m[1m_update_scan_actions[22m | ASTER_MOVE_N_360_UAL_V6_ATLAS.webp[39m[0m
[  69% ] [90m[1m_update_scan_actions[22m | ASTER_MOVE_NE_360_UAL_V6_ATLAS.webp[39m[0m
[  69% ] [90m[1m_update_scan_actions[22m | ASTER_MOVE_NW_360_UAL_V6_ATLAS.webp[39m[0m
[  69% ] [90m[1m_update_scan_actions[22m | ASTER_MOVE_S_360_UAL_V6_ATLAS.webp[39m[0m
[  70% ] [90m[1m_update_scan_actions[22m | ASTER_MOVE_SE_360_UAL_V6_ATLAS.webp[39m[0m
[  70% ] [90m[1m_update_scan_actions[22m | ASTER_MOVE_SW_360_UAL_V6_ATLAS.webp[39m[0m
[  70% ] [90m[1m_update_scan_actions[22m | ASTER_MOVE_W_360_UAL_V6_ATLAS.webp[39m[0m
[  70% ] [90m[1m_update_scan_actions[22m | ASTER_MOVE_E_360_MVP_ATLAS.webp[39m[0m
[  70% ] [90m[1m_update_scan_actions[22m | ASTER_MOVE_E_360_MVP_ATLAS.webp[39m[0m
[  70% ] [90m[1m_update_scan_actions[22m | ASTER_STATIC_MASTER_PRE_GATE_RGBA.png[39m[0m
[  70% ] [90m[1m_update_scan_actions[22m | ASTER_TORSO_BRIDGE_E_V1_ATLAS.webp[39m[0m
[  71% ] [90m[1m_update_scan_actions[22m | ASTER_TORSO_BRIDGE_N_V1_ATLAS.webp[39m[0m
[  71% ] [90m[1m_update_scan_actions[22m | ASTER_TORSO_BRIDGE_NE_V1_ATLAS.webp[39m[0m
[  71% ] [90m[1m_update_scan_actions[22m | ASTER_TORSO_BRIDGE_NW_V1_ATLAS.webp[39m[0m
[  71% ] [90m[1m_update_scan_actions[22m | ASTER_TORSO_BRIDGE_S_V1_ATLAS.webp[39m[0m
[  71% ] [90m[1m_update_scan_actions[22m | ASTER_TORSO_BRIDGE_SE_V1_ATLAS.webp[39m[0m
[  71% ] [90m[1m_update_scan_actions[22m | ASTER_TORSO_BRIDGE_SW_V1_ATLAS.webp[39m[0m
[  72% ] [90m[1m_update_scan_actions[22m | ASTER_TORSO_BRIDGE_W_V1_ATLAS.webp[39m[0m
[  72% ] [90m[1m_update_scan_actions[22m | ASTER_COIL_IMPACT_V1_RGBA.webp[39m[0m
[  72% ] [90m[1m_update_scan_actions[22m | ASTER_COIL_IMPACT_V2_ATLAS_RGBA.webp[39m[0m
[  72% ] [90m[1m_update_scan_actions[22m | ASTER_COIL_PROJECTILE_V5_RGBA.webp[39m[0m
[  72% ] [90m[1m_update_scan_actions[22m | ASTER_COIL_PROJECTILE_V6_RGBA.webp[39m[0m
[  72% ] [90m[1m_update_scan_actions[22m | ASTER_MUZZLE_FLASH_E_V1_RGBA.webp[39m[0m
[  72% ] [90m[1m_update_scan_actions[22m | ASTER_MUZZLE_FLASH_E_V2_RGBA.webp[39m[0m
[  73% ] [90m[1m_update_scan_actions[22m | ASTER_WALK_E_IMAGEGEN_V7_ATLAS.png[39m[0m
[  73% ] [90m[1m_update_scan_actions[22m | ASTER_WALK_E_IMAGEGEN_V7_ATLAS.webp[39m[0m
[  73% ] [90m[1m_update_scan_actions[22m | ASTER_WALK_NE_IMAGEGEN_V7_ATLAS.png[39m[0m
[  73% ] [90m[1m_update_scan_actions[22m | ASTER_WALK_NE_IMAGEGEN_V7_ATLAS.webp[39m[0m
[  73% ] [90m[1m_update_scan_actions[22m | ASTER_WALK_NW_IMAGEGEN_V7_ATLAS.png[39m[0m
[  73% ] [90m[1m_update_scan_actions[22m | ASTER_WALK_NW_IMAGEGEN_V7_ATLAS.webp[39m[0m
[  74% ] [90m[1m_update_scan_actions[22m | ASTER_WALK_N_IMAGEGEN_V7_ATLAS.png[39m[0m
[  74% ] [90m[1m_update_scan_actions[22m | ASTER_WALK_N_IMAGEGEN_V7_ATLAS.webp[39m[0m
[  74% ] [90m[1m_update_scan_actions[22m | ASTER_WALK_SE_IMAGEGEN_V7_ATLAS.png[39m[0m
[  74% ] [90m[1m_update_scan_actions[22m | ASTER_WALK_SE_IMAGEGEN_V7_ATLAS.webp[39m[0m
[  74% ] [90m[1m_update_scan_actions[22m | ASTER_WALK_SW_IMAGEGEN_V7_ATLAS.png[39m[0m
[  74% ] [90m[1m_update_scan_actions[22m | ASTER_WALK_SW_IMAGEGEN_V7_ATLAS.webp[39m[0m
[  74% ] [90m[1m_update_scan_actions[22m | ASTER_WALK_S_IMAGEGEN_V7_ATLAS.png[39m[0m
[  75% ] [90m[1m_update_scan_actions[22m | ASTER_WALK_S_IMAGEGEN_V7_ATLAS.webp[39m[0m
[  75% ] [90m[1m_update_scan_actions[22m | ASTER_WALK_W_IMAGEGEN_V7_ATLAS.png[39m[0m
[  75% ] [90m[1m_update_scan_actions[22m | ASTER_WALK_W_IMAGEGEN_V7_ATLAS.webp[39m[0m
[  75% ] [90m[1m_update_scan_actions[22m | fire.png[39m[0m
[  75% ] [90m[1m_update_scan_actions[22m | idle.png[39m[0m
[  75% ] [90m[1m_update_scan_actions[22m | move.png[39m[0m
[  76% ] [90m[1m_update_scan_actions[22m | fire.png[39m[0m
[  76% ] [90m[1m_update_scan_actions[22m | idle.png[39m[0m
[  76% ] [90m[1m_update_scan_actions[22m | move.png[39m[0m
[  76% ] [90m[1m_update_scan_actions[22m | fire.png[39m[0m
[  76% ] [90m[1m_update_scan_actions[22m | idle.png[39m[0m
[  76% ] [90m[1m_update_scan_actions[22m | move.png[39m[0m
[  76% ] [90m[1m_update_scan_actions[22m | fire.png[39m[0m
[  77% ] [90m[1m_update_scan_actions[22m | idle.png[39m[0m
[  77% ] [90m[1m_update_scan_actions[22m | move.png[39m[0m
[  77% ] [90m[1m_update_scan_actions[22m | fire.png[39m[0m
[  77% ] [90m[1m_update_scan_actions[22m | idle.png[39m[0m
[  77% ] [90m[1m_update_scan_actions[22m | move.png[39m[0m
[  77% ] [90m[1m_update_scan_actions[22m | fire.png[39m[0m
[  78% ] [90m[1m_update_scan_actions[22m | idle.png[39m[0m
[  78% ] [90m[1m_update_scan_actions[22m | move.png[39m[0m
[  78% ] [90m[1m_update_scan_actions[22m | fire.png[39m[0m
[  78% ] [90m[1m_update_scan_actions[22m | idle.png[39m[0m
[  78% ] [90m[1m_update_scan_actions[22m | move.png[39m[0m
[  78% ] [90m[1m_update_scan_actions[22m | fire.png[39m[0m
[  78% ] [90m[1m_update_scan_actions[22m | idle.png[39m[0m
[  79% ] [90m[1m_update_scan_actions[22m | move.png[39m[0m
[  79% ] [90m[1m_update_scan_actions[22m | FAST_RUNTIME_CONTACT_1920X1080.png[39m[0m
[  79% ] [90m[1m_update_scan_actions[22m | fire.png[39m[0m
[  79% ] [90m[1m_update_scan_actions[22m | idle.png[39m[0m
[  79% ] [90m[1m_update_scan_actions[22m | move.png[39m[0m
[  79% ] [90m[1m_update_scan_actions[22m | fire.png[39m[0m
[  80% ] [90m[1m_update_scan_actions[22m | idle.png[39m[0m
[  80% ] [90m[1m_update_scan_actions[22m | move.png[39m[0m
[  80% ] [90m[1m_update_scan_actions[22m | fire.png[39m[0m
[  80% ] [90m[1m_update_scan_actions[22m | idle.png[39m[0m
[  80% ] [90m[1m_update_scan_actions[22m | move.png[39m[0m
[  80% ] [90m[1m_update_scan_actions[22m | fire.png[39m[0m
[  80% ] [90m[1m_update_scan_actions[22m | idle.png[39m[0m
[  81% ] [90m[1m_update_scan_actions[22m | move.png[39m[0m
[  81% ] [90m[1m_update_scan_actions[22m | fire.png[39m[0m
[  81% ] [90m[1m_update_scan_actions[22m | idle.png[39m[0m
[  81% ] [90m[1m_update_scan_actions[22m | move.png[39m[0m
[  81% ] [90m[1m_update_scan_actions[22m | fire.png[39m[0m
[  81% ] [90m[1m_update_scan_actions[22m | idle.png[39m[0m
[  82% ] [90m[1m_update_scan_actions[22m | move.png[39m[0m
[  82% ] [90m[1m_update_scan_actions[22m | fire.png[39m[0m
[  82% ] [90m[1m_update_scan_actions[22m | idle.png[39m[0m
[  82% ] [90m[1m_update_scan_actions[22m | move.png[39m[0m
[  82% ] [90m[1m_update_scan_actions[22m | fire.png[39m[0m
[  82% ] [90m[1m_update_scan_actions[22m | idle.png[39m[0m
[  82% ] [90m[1m_update_scan_actions[22m | move.png[39m[0m
[  83% ] [90m[1m_update_scan_actions[22m | FAST_RUNTIME_CONTACT_1920X1080.png[39m[0m
[  83% ] [90m[1m_update_scan_actions[22m | E_idle.web.webp[39m[0m
[  83% ] [90m[1m_update_scan_actions[22m | E_idle.webp[39m[0m
[  83% ] [90m[1m_update_scan_actions[22m | E_walk.web.webp[39m[0m
[  83% ] [90m[1m_update_scan_actions[22m | E_walk.webp[39m[0m
[  83% ] [90m[1m_update_scan_actions[22m | NE_idle.web.webp[39m[0m
[  84% ] [90m[1m_update_scan_actions[22m | NE_idle.webp[39m[0m
[  84% ] [90m[1m_update_scan_actions[22m | NE_walk.web.webp[39m[0m
[  84% ] [90m[1m_update_scan_actions[22m | NE_walk.webp[39m[0m
[  84% ] [90m[1m_update_scan_actions[22m | NW_idle.web.webp[39m[0m
[  84% ] [90m[1m_update_scan_actions[22m | NW_idle.webp[39m[0m
[  84% ] [90m[1m_update_scan_actions[22m | NW_walk.web.webp[39m[0m
[  84% ] [90m[1m_update_scan_actions[22m | NW_walk.webp[39m[0m
[  85% ] [90m[1m_update_scan_actions[22m | N_idle.web.webp[39m[0m
[  85% ] [90m[1m_update_scan_actions[22m | N_idle.webp[39m[0m
[  85% ] [90m[1m_update_scan_actions[22m | N_walk.web.webp[39m[0m
[  85% ] [90m[1m_update_scan_actions[22m | N_walk.webp[39m[0m
[  85% ] [90m[1m_update_scan_actions[22m | portrait.png[39m[0m
[  85% ] [90m[1m_update_scan_actions[22m | SE_idle.web.webp[39m[0m
[  86% ] [90m[1m_update_scan_actions[22m | SE_idle.webp[39m[0m
[  86% ] [90m[1m_update_scan_actions[22m | SE_walk.web.webp[39m[0m
[  86% ] [90m[1m_update_scan_actions[22m | SE_walk.webp[39m[0m
[  86% ] [90m[1m_update_scan_actions[22m | SW_idle.web.webp[39m[0m
[  86% ] [90m[1m_update_scan_actions[22m | SW_idle.webp[39m[0m
[  86% ] [90m[1m_update_scan_actions[22m | SW_walk.web.webp[39m[0m
[  86% ] [90m[1m_update_scan_actions[22m | SW_walk.webp[39m[0m
[  87% ] [90m[1m_update_scan_actions[22m | S_idle.web.webp[39m[0m
[  87% ] [90m[1m_update_scan_actions[22m | S_idle.webp[39m[0m
[  87% ] [90m[1m_update_scan_actions[22m | S_walk.web.webp[39m[0m
[  87% ] [90m[1m_update_scan_actions[22m | S_walk.webp[39m[0m
[  87% ] [90m[1m_update_scan_actions[22m | W_idle.web.webp[39m[0m
[  87% ] [90m[1m_update_scan_actions[22m | W_idle.webp[39m[0m
[  88% ] [90m[1m_update_scan_actions[22m | W_walk.web.webp[39m[0m
[  88% ] [90m[1m_update_scan_actions[22m | W_walk.webp[39m[0m
[  88% ] [90m[1m_update_scan_actions[22m | E_idle.web.webp[39m[0m
[  88% ] [90m[1m_update_scan_actions[22m | E_idle.webp[39m[0m
[  88% ] [90m[1m_update_scan_actions[22m | E_walk.web.webp[39m[0m
[  88% ] [90m[1m_update_scan_actions[22m | E_walk.webp[39m[0m
[  88% ] [90m[1m_update_scan_actions[22m | NE_idle.web.webp[39m[0m
[  89% ] [90m[1m_update_scan_actions[22m | NE_idle.webp[39m[0m
[  89% ] [90m[1m_update_scan_actions[22m | NE_walk.web.webp[39m[0m
[  89% ] [90m[1m_update_scan_actions[22m | NE_walk.webp[39m[0m
[  89% ] [90m[1m_update_scan_actions[22m | NW_idle.web.webp[39m[0m
[  89% ] [90m[1m_update_scan_actions[22m | NW_idle.webp[39m[0m
[  89% ] [90m[1m_update_scan_actions[22m | NW_walk.web.webp[39m[0m
[  90% ] [90m[1m_update_scan_actions[22m | NW_walk.webp[39m[0m
[  90% ] [90m[1m_update_scan_actions[22m | N_idle.web.webp[39m[0m
[  90% ] [90m[1m_update_scan_actions[22m | N_idle.webp[39m[0m
[  90% ] [90m[1m_update_scan_actions[22m | N_walk.web.webp[39m[0m
[  90% ] [90m[1m_update_scan_actions[22m | N_walk.webp[39m[0m
[  90% ] [90m[1m_update_scan_actions[22m | portrait.png[39m[0m
[  90% ] [90m[1m_update_scan_actions[22m | SE_idle.web.webp[39m[0m
[  91% ] [90m[1m_update_scan_actions[22m | SE_idle.webp[39m[0m
[  91% ] [90m[1m_update_scan_actions[22m | SE_walk.web.webp[39m[0m
[  91% ] [90m[1m_update_scan_actions[22m | SE_walk.webp[39m[0m
[  91% ] [90m[1m_update_scan_actions[22m | SW_idle.web.webp[39m[0m
[  91% ] [90m[1m_update_scan_actions[22m | SW_idle.webp[39m[0m
[  91% ] [90m[1m_update_scan_actions[22m | SW_walk.web.webp[39m[0m
[  92% ] [90m[1m_update_scan_actions[22m | SW_walk.webp[39m[0m
[  92% ] [90m[1m_update_scan_actions[22m | S_idle.web.webp[39m[0m
[  92% ] [90m[1m_update_scan_actions[22m | S_idle.webp[39m[0m
[  92% ] [90m[1m_update_scan_actions[22m | S_walk.web.webp[39m[0m
[  92% ] [90m[1m_update_scan_actions[22m | S_walk.webp[39m[0m
[  92% ] [90m[1m_update_scan_actions[22m | W_idle.web.webp[39m[0m
[  92% ] [90m[1m_update_scan_actions[22m | W_idle.webp[39m[0m
[  93% ] [90m[1m_update_scan_actions[22m | W_walk.web.webp[39m[0m
[  93% ] [90m[1m_update_scan_actions[22m | W_walk.webp[39m[0m
[  93% ] [90m[1m_update_scan_actions[22m | E_idle.web.webp[39m[0m
[  93% ] [90m[1m_update_scan_actions[22m | E_idle.webp[39m[0m
[  93% ] [90m[1m_update_scan_actions[22m | E_walk.web.webp[39m[0m
[  93% ] [90m[1m_update_scan_actions[22m | E_walk.webp[39m[0m
[  94% ] [90m[1m_update_scan_actions[22m | NE_idle.web.webp[39m[0m
[  94% ] [90m[1m_update_scan_actions[22m | NE_idle.webp[39m[0m
[  94% ] [90m[1m_update_scan_actions[22m | NE_walk.web.webp[39m[0m
[  94% ] [90m[1m_update_scan_actions[22m | NE_walk.webp[39m[0m
[  94% ] [90m[1m_update_scan_actions[22m | NW_idle.web.webp[39m[0m
[  94% ] [90m[1m_update_scan_actions[22m | NW_idle.webp[39m[0m
[  94% ] [90m[1m_update_scan_actions[22m | NW_walk.web.webp[39m[0m
[  95% ] [90m[1m_update_scan_actions[22m | NW_walk.webp[39m[0m
[  95% ] [90m[1m_update_scan_actions[22m | N_idle.web.webp[39m[0m
[  95% ] [90m[1m_update_scan_actions[22m | N_idle.webp[39m[0m
[  95% ] [90m[1m_update_scan_actions[22m | N_walk.web.webp[39m[0m
[  95% ] [90m[1m_update_scan_actions[22m | N_walk.webp[39m[0m
[  95% ] [90m[1m_update_scan_actions[22m | portrait.png[39m[0m
[  96% ] [90m[1m_update_scan_actions[22m | SE_idle.web.webp[39m[0m
[  96% ] [90m[1m_update_scan_actions[22m | SE_idle.webp[39m[0m
[  96% ] [90m[1m_update_scan_actions[22m | SE_walk.web.webp[39m[0m
[  96% ] [90m[1m_update_scan_actions[22m | SE_walk.webp[39m[0m
[  96% ] [90m[1m_update_scan_actions[22m | SW_idle.web.webp[39m[0m
[  96% ] [90m[1m_update_scan_actions[22m | SW_idle.webp[39m[0m
[  96% ] [90m[1m_update_scan_actions[22m | SW_walk.web.webp[39m[0m
[  97% ] [90m[1m_update_scan_actions[22m | SW_walk.webp[39m[0m
[  97% ] [90m[1m_update_scan_actions[22m | S_idle.web.webp[39m[0m
[  97% ] [90m[1m_update_scan_actions[22m | S_idle.webp[39m[0m
[  97% ] [90m[1m_update_scan_actions[22m | S_walk.web.webp[39m[0m
[  97% ] [90m[1m_update_scan_actions[22m | S_walk.webp[39m[0m
[  97% ] [90m[1m_update_scan_actions[22m | W_idle.web.webp[39m[0m
[  98% ] [90m[1m_update_scan_actions[22m | W_idle.webp[39m[0m
[  98% ] [90m[1m_update_scan_actions[22m | W_walk.web.webp[39m[0m
[  98% ] [90m[1m_update_scan_actions[22m | W_walk.webp[39m[0m
[  98% ] [90m[1m_update_scan_actions[22m | base.mp3[39m[0m
[  98% ] [90m[1m_update_scan_actions[22m | boss.mp3[39m[0m
[  98% ] [90m[1m_update_scan_actions[22m | results.mp3[39m[0m
[  98% ] [90m[1m_update_scan_actions[22m | stage1.mp3[39m[0m
[  99% ] [90m[1m_update_scan_actions[22m | stage2.mp3[39m[0m
[  99% ] [90m[1m_update_scan_actions[22m | stage3.mp3[39m[0m
[  99% ] [90m[1m_update_scan_actions[22m | stage4.mp3[39m[0m
[  99% ] [90m[1m_update_scan_actions[22m | stage5.mp3[39m[0m
[  99% ] [90m[1m_update_scan_actions[22m | title.mp3[39m[0m
[92m[ DONE ][39m [1m_update_scan_actions[22m
[0m
[   0% ] [90m[1mloading_editor_layout[22m | Started 편집기를 불러오는 중 (5 steps)[39m[0m
[   0% ] [90m[1mloading_editor_layout[22m | 편집기 레이아웃을 불러오는 중...[39m[0m
[  16% ] [90m[1mloading_editor_layout[22m | 독을 불러오는 중...[39m[0m
[92m[ DONE ][39m [1mloading_editor_layout[22m
[0m
