Godot Engine v4.7.1.stable.official.a13da4feb - https://godotengine.org
OpenGL API 3.3.0 NVIDIA 591.86 - Compatibility - Using Device: NVIDIA - NVIDIA GeForce RTX 4070 SUPER

Movie Maker mode enabled, recording movie in 1280×720 @ 60 FPS...
M7_RASTER_QUARANTINED identity=aster status=partial chunks=2 encoded=20000 present=15000 declared=94718
STAGE_CAPTURE_FRAME MIS_CH01_05 0/600
STAGE_CAPTURE_FRAME MIS_CH01_05 120/600
STAGE_CAPTURE_FRAME MIS_CH01_05 240/600
STAGE_CAPTURE_FRAME MIS_CH01_05 360/600
STAGE_CAPTURE_FRAME MIS_CH01_05 480/600
STAGE_BATTLE_VIDEO_CAPTURE_COMPLETE mission=MIS_CH01_05 shots=172 seen=["ENM_SITE7_DRONE_01", "ENM_SITE7_MORTAR_01", "ENM_SITE7_PRISM_01", "ENM_SITE7_RAM_01", "ENM_SITE7_BULWARK_01"]
--------------------------------------------------------------------------------
Done recording movie at path: D:\AI 종합 폴더\Games\Sable-circuit\qa\combat_density_20260924\video_124149\stage5\native_mix.avi
610 frames at 60 FPS (movie length: 00:00:10:10), recorded in 00:00:40 (25% of real-time speed).
CPU render time: 1.26 seconds (average: 2.07 ms/frame)
GPU render time: 1.50 seconds (average: 2.45 ms/frame)
Encoding time: 6.77 seconds (average: 11.09 ms/frame)
--------------------------------------------------------------------------------
WARNING: 20 ObjectDB instances were leaked at exit (run with `--verbose` for details).
   at: cleanup (core/object/object.cpp:2536)
ERROR: 10 resources still in use at exit (run with --verbose for details).
   at: clear (core/io/resource.cpp:822)
