== proj_base grid 25 all missions
ROOM MIS_CH01_01 R02_CORRIDOR declared=0 placed=0 []
ROOM MIS_CH01_01 R04_CONTAINMENT declared=0 placed=0 []
ROOM MIS_CH01_02 R02_MAINTENANCE declared=0 placed=0 []
ROOM MIS_CH01_02 R04_QUARANTINE declared=0 placed=0 []
ROOM MIS_CH01_03 R02_DEFENSE declared=1 placed=1 ["ARC_VENT@(4368,-548)"]
ROOM MIS_CH01_03 R04_BULKHEAD declared=0 placed=0 []
ROOM MIS_CH01_04 R02_GATE declared=1 placed=1 ["ARC_VENT@(-830,1573)"]
ROOM MIS_CH01_04 R04_LINE declared=2 placed=2 ["ARC_VENT@(-5951,3669)","ARC_VENT@(-5817,3801)"]
ROOM MIS_CH01_05 R02_DEFENSE declared=2 placed=2 ["ARC_VENT@(4235,-472)","ARC_VENT@(4168,-642)"]
ROOM MIS_CH01_05 R04_ARRAY declared=2 placed=2 ["ARC_VENT@(9333,-2576)","ARC_VENT@(9266,-2745)"]
ROOM MIS_CH01_06 R02_GALLERY declared=2 placed=2 ["ARC_VENT@(4235,-491)","ARC_VENT@(4168,-661)"]
ROOM MIS_CH01_06 R04_PUMPS declared=2 placed=2 ["ARC_VENT@(9279,-2565)","ARC_VENT@(9212,-2735)"]
ROOM MIS_CH01_07 R02_FREEZE declared=2 placed=2 ["ARC_VENT@(-765,1603)","ARC_VENT@(-865,1434)"]
ROOM MIS_CH01_07 R04_COMPRESSORS declared=2 placed=2 ["ARC_VENT@(-5860,3614)","ARC_VENT@(-5789,3791)"]
ROOM MIS_CH01_08 R02_MARSHALLING declared=2 placed=2 ["ARC_VENT@(4374,-488)","ARC_VENT@(4196,-541)"]
ROOM MIS_CH01_08 R04_JUNCTION declared=2 placed=2 ["ARC_VENT@(9953,-2518)","ARC_VENT@(9775,-2464)"]
ROOM MIS_CH01_09 R02_NAVE declared=2 placed=2 ["ARC_VENT@(-789,1564)","ARC_VENT@(-622,1714)"]
ROOM MIS_CH01_09 R04_GALLERY declared=2 placed=2 ["ARC_VENT@(-5969,3569)","ARC_VENT@(-6036,3399)"]
ROOM MIS_CH01_10 R02_RELAY declared=2 placed=2 ["ARC_VENT@(4176,-382)","ARC_VENT@(4042,-513)"]
ROOM MIS_CH01_10 R04_GALLERY declared=2 placed=2 ["ARC_VENT@(9391,-2388)","ARC_VENT@(9426,-2193)"]
HAZARD_ESCAPE_GRID rooms=20 hazards=28 failing_points=0 unreachable_points=0 grid=25.0
== proj_after grid 25 all missions
ROOM MIS_CH01_01 R02_CORRIDOR declared=0 placed=0 []
ROOM MIS_CH01_01 R04_CONTAINMENT declared=0 placed=0 []
ROOM MIS_CH01_02 R02_MAINTENANCE declared=0 placed=0 []
ROOM MIS_CH01_02 R04_QUARANTINE declared=0 placed=0 []
ROOM MIS_CH01_03 R02_DEFENSE declared=1 placed=1 ["ARC_VENT@(4368,-548)"]
ROOM MIS_CH01_03 R04_BULKHEAD declared=0 placed=0 []
ROOM MIS_CH01_04 R02_GATE declared=1 placed=1 ["ARC_VENT@(-830,1573)"]
ROOM MIS_CH01_04 R04_LINE declared=2 placed=2 ["ARC_VENT@(-5951,3669)","ARC_VENT@(-5817,3801)"]
ROOM MIS_CH01_05 R02_DEFENSE declared=2 placed=2 ["ARC_VENT@(4235,-472)","ARC_VENT@(4168,-642)"]
ROOM MIS_CH01_05 R04_ARRAY declared=2 placed=2 ["ARC_VENT@(9333,-2576)","ARC_VENT@(9266,-2745)"]
ROOM MIS_CH01_06 R02_GALLERY declared=2 placed=2 ["ARC_VENT@(4235,-491)","SPORE_CLOUD@(4168,-661)"]
ROOM MIS_CH01_06 R04_PUMPS declared=2 placed=2 ["ARC_VENT@(9279,-2565)","SPORE_CLOUD@(9212,-2735)"]
ROOM MIS_CH01_07 R02_FREEZE declared=2 placed=2 ["ARC_VENT@(-765,1603)","FROST_PLATE@(-865,1434)"]
ROOM MIS_CH01_07 R04_COMPRESSORS declared=2 placed=2 ["ARC_VENT@(-5860,3614)","FROST_PLATE@(-5789,3791)"]
ROOM MIS_CH01_08 R02_MARSHALLING declared=2 placed=2 ["RAIL_LANE@(4409,-452)","ARC_VENT@(4161,-523)"]
ROOM MIS_CH01_08 R04_JUNCTION declared=2 placed=2 ["RAIL_LANE@(9953,-2518)","ARC_VENT@(9704,-2518)"]
ROOM MIS_CH01_09 R02_NAVE declared=2 placed=2 ["ARC_VENT@(-789,1564)","ARC_VENT@(-622,1714)"]
ROOM MIS_CH01_09 R04_GALLERY declared=2 placed=2 ["ARC_VENT@(-5969,3569)","ARC_VENT@(-6036,3399)"]
ROOM MIS_CH01_10 R02_RELAY declared=2 placed=2 ["ARC_VENT@(4176,-382)","ARC_VENT@(4042,-513)"]
ROOM MIS_CH01_10 R04_GALLERY declared=2 placed=2 ["ARC_VENT@(9391,-2388)","ARC_VENT@(9426,-2193)"]
HAZARD_ESCAPE_GRID rooms=20 hazards=28 failing_points=0 unreachable_points=0 grid=25.0
DONE
