AUDIT MIS_CH01_01 R02_CORRIDOR walkable=2972 zero=23 clusters=1 top=[{"bbox":[3700,-301,3832,-277],"cells":23}]
AUDIT MIS_CH01_01 R04_CONTAINMENT walkable=4234 zero=0 clusters=0 top=[]
AUDIT MIS_CH01_01 R05_CORE walkable=3939 zero=0 clusters=0 top=[]
AUDIT MIS_CH01_02 R02_MAINTENANCE walkable=3761 zero=0 clusters=0 top=[]
AUDIT MIS_CH01_02 R04_QUARANTINE walkable=3968 zero=0 clusters=0 top=[]
AUDIT MIS_CH01_02 R05_RELAY walkable=3793 zero=0 clusters=0 top=[]
AUDIT MIS_CH01_03 R02_DEFENSE walkable=3432 zero=0 clusters=0 top=[]
AUDIT MIS_CH01_03 R04_BULKHEAD walkable=3249 zero=0 clusters=0 top=[]
AUDIT MIS_CH01_03 R05_ANCHOR walkable=3740 zero=0 clusters=0 top=[]
AUDIT MIS_CH01_04 R02_GATE walkable=2934 zero=0 clusters=0 top=[]
AUDIT MIS_CH01_04 R04_LINE walkable=3696 zero=0 clusters=0 top=[]
AUDIT MIS_CH01_04 R05_WARDEN walkable=3173 zero=0 clusters=0 top=[]
AUDIT MIS_CH01_05 R02_DEFENSE walkable=3673 zero=0 clusters=0 top=[]
AUDIT MIS_CH01_05 R04_ARRAY walkable=3501 zero=0 clusters=0 top=[]
AUDIT MIS_CH01_05 R05_CARRIER walkable=2760 zero=9 clusters=1 top=[{"bbox":[12222,-3651,12270,-3627],"cells":9}]
AUDIT MIS_CH01_06 R02_GALLERY walkable=3166 zero=0 clusters=0 top=[]
AUDIT MIS_CH01_06 R04_PUMPS walkable=3118 zero=0 clusters=0 top=[]
AUDIT MIS_CH01_06 R05_ATRIUM walkable=3188 zero=0 clusters=0 top=[]
AUDIT MIS_CH01_07 R02_FREEZE walkable=3700 zero=0 clusters=0 top=[]
AUDIT MIS_CH01_07 R04_COMPRESSORS walkable=3045 zero=0 clusters=0 top=[]
AUDIT MIS_CH01_07 R05_VAULT walkable=3911 zero=0 clusters=0 top=[]
AUDIT MIS_CH01_08 R02_MARSHALLING walkable=2996 zero=0 clusters=0 top=[]
AUDIT MIS_CH01_08 R04_JUNCTION walkable=3647 zero=0 clusters=0 top=[]
AUDIT MIS_CH01_08 R05_TERMINAL walkable=4479 zero=0 clusters=0 top=[]
AUDIT MIS_CH01_09 R02_NAVE walkable=3252 zero=0 clusters=0 top=[]
AUDIT MIS_CH01_09 R04_GALLERY walkable=3859 zero=23 clusters=1 top=[{"bbox":[-6079,3844,-5947,3868],"cells":23}]
AUDIT MIS_CH01_09 R05_STACKS walkable=3623 zero=0 clusters=0 top=[]
AUDIT MIS_CH01_10 R02_RELAY walkable=3448 zero=0 clusters=0 top=[]
AUDIT MIS_CH01_10 R04_GALLERY walkable=3456 zero=15 clusters=1 top=[{"bbox":[9418,-2155,9526,-2143],"cells":15}]
AUDIT MIS_CH01_10 R05_CORE walkable=3822 zero=0 clusters=0 top=[]
NAV_POCKET_AUDIT rooms=30 zero_cells=70 cell=12.0
DONE
