NAV_POCKET_ROOM MIS_CH01_01 R02_CORRIDOR walkable=2972 dead=23 clusters=[{"bbox":[3700,-301,3832,-277],"cells":23}]
NAV_POCKET_ROOM MIS_CH01_01 R04_CONTAINMENT walkable=4234 dead=0 clusters=[]
NAV_POCKET_ROOM MIS_CH01_01 R05_CORE walkable=3939 dead=0 clusters=[]
NAV_POCKET_ROOM MIS_CH01_02 R02_MAINTENANCE walkable=3761 dead=0 clusters=[]
NAV_POCKET_ROOM MIS_CH01_02 R04_QUARANTINE walkable=3968 dead=0 clusters=[]
NAV_POCKET_ROOM MIS_CH01_02 R05_RELAY walkable=3793 dead=0 clusters=[]
NAV_POCKET_ROOM MIS_CH01_03 R02_DEFENSE walkable=3432 dead=0 clusters=[]
NAV_POCKET_ROOM MIS_CH01_03 R04_BULKHEAD walkable=3249 dead=0 clusters=[]
NAV_POCKET_ROOM MIS_CH01_03 R05_ANCHOR walkable=3740 dead=0 clusters=[]
NAV_POCKET_ROOM MIS_CH01_04 R02_GATE walkable=2934 dead=0 clusters=[]
NAV_POCKET_ROOM MIS_CH01_04 R04_LINE walkable=3696 dead=0 clusters=[]
NAV_POCKET_ROOM MIS_CH01_04 R05_WARDEN walkable=3173 dead=0 clusters=[]
NAV_POCKET_ROOM MIS_CH01_05 R02_DEFENSE walkable=3673 dead=0 clusters=[]
NAV_POCKET_ROOM MIS_CH01_05 R04_ARRAY walkable=3501 dead=0 clusters=[]
NAV_POCKET_ROOM MIS_CH01_05 R05_CARRIER walkable=2760 dead=9 clusters=[{"bbox":[12222,-3651,12270,-3627],"cells":9}]
NAV_POCKET_ROOM MIS_CH01_06 R02_GALLERY walkable=3166 dead=0 clusters=[]
NAV_POCKET_ROOM MIS_CH01_06 R04_PUMPS walkable=3118 dead=0 clusters=[]
NAV_POCKET_ROOM MIS_CH01_06 R05_ATRIUM walkable=3188 dead=0 clusters=[]
NAV_POCKET_ROOM MIS_CH01_07 R02_FREEZE walkable=3700 dead=0 clusters=[]
NAV_POCKET_ROOM MIS_CH01_07 R04_COMPRESSORS walkable=3045 dead=0 clusters=[]
NAV_POCKET_ROOM MIS_CH01_07 R05_VAULT walkable=3911 dead=0 clusters=[]
NAV_POCKET_ROOM MIS_CH01_08 R02_MARSHALLING walkable=2996 dead=0 clusters=[]
NAV_POCKET_ROOM MIS_CH01_08 R04_JUNCTION walkable=3647 dead=0 clusters=[]
NAV_POCKET_ROOM MIS_CH01_08 R05_TERMINAL walkable=4479 dead=0 clusters=[]
NAV_POCKET_ROOM MIS_CH01_09 R02_NAVE walkable=3252 dead=0 clusters=[]
NAV_POCKET_ROOM MIS_CH01_09 R04_GALLERY walkable=3859 dead=23 clusters=[{"bbox":[-6079,3844,-5947,3868],"cells":23}]
NAV_POCKET_ROOM MIS_CH01_09 R05_STACKS walkable=3623 dead=0 clusters=[]
NAV_POCKET_ROOM MIS_CH01_10 R02_RELAY walkable=3448 dead=0 clusters=[]
NAV_POCKET_ROOM MIS_CH01_10 R04_GALLERY walkable=3456 dead=15 clusters=[{"bbox":[9418,-2155,9526,-2143],"cells":15}]
NAV_POCKET_ROOM MIS_CH01_10 R05_CORE walkable=3822 dead=0 clusters=[]
NAV_POCKET_AUDIT: FAIL (70 dead-end cells in 4 of 30 rooms, cell 12 px)
exit=1 (70 dead cells), wall 72 s serial, main project, 2026-10-03 14:03
